siren_cat_me3_TV_train_qwen2.5:14b - 2025-02-15 18:09:30, 0:0:00:00.000059 - ----------------------------------------------------------------------------------------------------
siren_cat_me3_TV_train_qwen2.5:14b - 2025-02-15 18:09:30, 0:0:00:00.003945 - ## Round 1
siren_cat_me3_TV_train_qwen2.5:14b - 2025-02-15 18:09:30, 0:0:00:41.164564 - ### Analysis of Current Trials

1. **Summarize Performance Metrics**: The current trials have yielded PSNR values ranging from 3.74981 to 15.4874, indicating significant variation in performance based on the selected hyperparameters.

2. **Evaluate Performance Trends for Hyper-Parameters**:
   - For `k2=0.01` and `lr=0.1`, PSNR is 3.74981.
   - For `k2=0.01` and `lr=0.0005`, PSNR significantly improves to 15.4874.
   - For `k2=0.0005` and `lr=0.0005`, PSNR is somewhat lower at 4.46851.

From the above, it's clear that `k2=0.01` paired with a lower learning rate (`lr=0.0005`) seems to perform better compared to higher values of both `k2` and `lr`.

3. **Highlight Promising Hyper-Parameter Combinations**: The combination of `k2=0.01` and `lr=0.0005` yields the highest PSNR value observed so far, suggesting that further exploration around this region in the search space could be beneficial.

### Optimization Recommendation

Based on the analysis:

1. For Trial 4: Suggesting a lower learning rate with a slightly higher k2 value (e.g., `k2=0.001` and `lr=0.0001`). This combination hasn't been tested yet and could provide insights into how varying these parameters impacts performance.
   
   **Reason**: The previous trial showed that reducing the learning rate can improve PSNR, so testing a very low learning rate might yield better results.

2. For Trial 5: Suggesting `k2=0.1` with an intermediate learning rate (`lr=0.01`). This hasn't been explored yet and could be interesting given the previous improvements seen from lowering both parameters.
   
   **Reason**: Given that a lower `lr` and `k2` seems beneficial, testing a higher value of one parameter while keeping another low might reveal new insights.

3. For Trial 6: Testing `k2=0.01` with an intermediate learning rate (`lr=0.01`). This combination hasn't been tested yet.
   
   **Reason**: Since combinations involving `k2=0.01` performed well, testing this again with a different learning rate can further validate the influence of learning rates on performance.

### Experiment Planning

```yaml
trials:
- k2: 0.01
  lr: 0.0005
  PSNR: 15.4874
- k2: 0.0005
  lr: 0.0005
  PSNR: 4.46851
trials:
- k2: 0.001
  lr: 0.0001
- k2: 0.1
  lr: 0.01
- k2: 0.01
  lr: 0.01
```

### Stop Optimization

Answer: No with confidence score: 65

The performance metrics are still improving and have not yet reached a plateau, so it's advisable to continue optimizing the hyperparameters.


siren_cat_me3_TV_train_qwen2.5:14b - 2025-02-15 18:09:30, 0:0:00:41.175435 - ## Round 2
siren_cat_me3_TV_train_qwen2.5:14b - 2025-02-15 18:09:30, 0:0:01:04.616660 - ### Analysis of Current Trials

- **Performance Metrics Summary**:
  - The PSNR values range from a low of 1.38248 to a high of 17.6089.
  - Among the trials, the highest PSNR value is achieved with `k2=0.0001` and `lr=0.0005`.

- **Performance Trends**:
  - There is no clear trend indicating that increasing or decreasing either hyper-parameter consistently improves performance.
  - The combination of `k2=0.0001` and `lr=0.0005` seems to perform better than others in the search space.

- **Promising Hyper-Parameter Combinations**:
  - The most promising combinations so far are those involving `k2=0.0001`, especially when paired with lower learning rates like `lr=0.0005`.

### Optimization Recommendation

Based on the current data, I recommend testing the following hyper-parameter combinations for the next trials:

- Trial 7: `k2 = 0.1` and `lr = 0.001`
- Trial 8: `k2 = 0.001` and `lr = 0.0005`
- Trial 9: `k2 = 0.0005` and `lr = 0.01`

**Reasoning**:
- These combinations explore the search space without repeating any previously tested configurations.
- They aim to test a range of learning rates in conjunction with moderate values of `k2`, given that lower learning rates seem to yield better results but not necessarily across all ranges.

### Experiment Planning

```yaml
trials:
- k2: 0.01
  lr: 0.1
  PSNR: 3.74981
- k2: 0.01
  lr: 0.0005
  PSNR: 15.4874
- k2: 0.1
  lr: 0.001
- k2: 0.001
  lr: 0.0005
- k2: 0.0005
  lr: 0.01
```

### Stop Optimization

Answer: No with confidence score: 0.6


siren_cat_me3_TV_train_qwen2.5:14b - 2025-02-15 18:09:30, 0:0:01:04.626344 - ## Round 3
siren_cat_me3_TV_train_qwen2.5:14b - 2025-02-15 18:09:30, 0:0:01:26.450700 - ### Analysis of Current Trials

1. **Performance Metrics Summary**: The current trials indicate that the highest PSNR value achieved so far is 17.6089, which corresponds to `k2 = 0.0001` and `lr = 0.0001`.

2. **Trends Evaluation**:
   - **Learning Rate (lr)**: The performance generally improves with decreasing learning rates, especially when combined with lower values of k2.
   - **Kernel Size Parameter (k2)**: Performance is highly dependent on the interplay between `k2` and `lr`. Lower values of both parameters tend to yield better results.

3. **Promising Combinations**:
   - The combination of `k2 = 0.0001` with different learning rates shows promising potential for further exploration.
   - Further trials should focus on reducing `lr` while maintaining a balance with `k2`.

### Optimization Recommendation

For the next three trials, I recommend exploring the following hyper-parameter combinations based on the observed trends and ensuring no repetition of completed trials:
- Trial 1: `k2 = 0.0005`, `lr = 0.0001`
   - This trial aims to test a combination with a lower learning rate than those already tested.
- Trial 2: `k2 = 0.0001`, `lr = 0.001`
   - Testing the impact of slightly increasing the learning rate while keeping k2 very low might reveal interesting performance improvements or declines.
- Trial 3: `k2 = 0.001`, `lr = 0.0005`
   - This trial seeks to explore a balance between both parameters where neither is extremely high nor extremely low.

### Experiment Planning

```yaml
trials:
- k2: 0.0005
  lr: 0.0001
- k2: 0.0001
  lr: 0.001
- k2: 0.001
  lr: 0.0005
```

### Stop Optimization

Answer: No with confidence score: 60


siren_cat_me3_TV_train_qwen2.5:14b - 2025-02-15 18:09:30, 0:0:01:26.460406 - ## Round 4
siren_cat_me3_TV_train_qwen2.5:14b - 2025-02-15 18:09:30, 0:0:01:51.851662 - ### Analysis of Current Trials

1. **Performance Metrics Summary**
   - The highest PSNR value observed so far is 17.6089, achieved with `k2 = 0.001` and `lr = 0.0001`.
   - The lowest PSNR value was 1.36817 for the combination of `k2 = 0.1` and `lr = 0.001`.

2. **Performance Trends**
   - Generally, higher values of learning rate (lr) do not seem to correlate with better performance, except for specific low lr-high k2 combinations.
   - The parameter `k2` seems to have a significant impact on PSNR: lower values appear to perform well when paired with appropriately chosen learning rates.

3. **Promising Hyper-Parameter Combinations**
   - High PSNR is observed mostly in trials where both `lr = 0.0005` or `0.001` and `k2 <= 0.001`.
   - The combination of `k2 = 0.001` and `lr = 0.0001` stands out with a PSNR value of 17.6089, suggesting further exploration around these parameter ranges might be beneficial.

### Optimization Recommendation

Based on the analysis:
- Trial 1: Use `k2 = 0.0005` and `lr = 0.0001`. This is a promising combination but hasn't been explored extensively yet.
- Trial 2: Test `k2 = 0.0001` with `lr = 0.0005`. Given the high PSNR values achieved in similar ranges, this should be investigated further for potential improvements or confirmations of current trends.
- Trial 3: Consider `k2 = 0.001` and `lr = 0.0005`, aiming to replicate or extend on the success seen with `k2 = 0.001` and `lr = 0.0001`.

### Experiment Planning

```yaml
trials:
- k2: 0.0005
  lr: 0.0001
- k2: 0.0001
  lr: 0.0005
- k2: 0.001
  lr: 0.0005
```

### Stop Optimization

Answer: No with confidence score: 30%


siren_cat_me3_TV_train_qwen2.5:14b - 2025-02-15 18:09:30, 0:0:01:51.861771 - ## Round 5
siren_cat_me3_TV_train_qwen2.5:14b - 2025-02-15 18:09:30, 0:0:02:14.964859 - ### Analysis of Current Trials

1. **Performance Metrics Summary**:
   - The highest PSNR value observed so far is 17.6089.
   - Multiple combinations of `k2` and `lr` have been tested, with the best performance generally associated with smaller values of both parameters.

2. **Trends Evaluation for Hyper-parameters**:
   - Lower learning rates (`lr`) seem to correlate better with higher PSNR scores compared to larger learning rates.
   - Similar trends are observed for parameter `k2`, where lower values also tend to yield better results.

3. **Promising Combinations**:
   - The combination of `k2 = 0.0001` and `lr = 0.0005` (PSNR: 15.8349) is particularly noteworthy.
   - Another promising pair is `k2 = 0.0001` with `lr = 0.001` yielding a PSNR of 4.04519, which indicates there might be room for further exploration around these values.

### Optimization Recommendation
- **Trial 1**: `k2: 0.001`, `lr: 0.001`
   - Reason: Although this combination hasn't been tested yet and is adjacent to the promising pair `k2 = 0.0001` with `lr = 0.001`.
- **Trial 2**: `k2: 0.0005`, `lr: 0.1`
   - Reason: This combination explores a different range of learning rates while keeping the regularization parameter (`k2`) in an area that could potentially yield better results.
- **Trial 3**: `k2: 0.0001`, `lr: 0.01`
   - Reason: Testing if increasing the learning rate can improve PSNR when using a very small value of `k2`.

### Experiment Planning
trials:
- k2: 0.001
  lr: 0.001
- k2: 0.0005
  lr: 0.1
- k2: 0.0001
  lr: 0.01

### Stop Optimization
Answer: No with confidence score: 30


siren_cat_me3_TV_train_qwen2.5:14b - 2025-02-15 18:09:30, 0:0:02:14.974360 - ## Round 6
siren_cat_me3_TV_train_qwen2.5:14b - 2025-02-15 18:09:30, 0:0:02:42.843336 - ### Analysis of Current Trials

1. **Summarize performance metrics**: The PSNR values range from 1.36817 to 17.6089, indicating significant variation in model performance based on hyper-parameter settings.
2. **Evaluate performance trends for hyper-parameters**:
   - `lr`: Across different values of `k2`, lower learning rates generally lead to better PSNR scores. For instance, the highest PSNR value (17.6089) is associated with `lr = 0.0001` and `k2 = 0.0001`.
   - `k2`: There's no clear linear trend in PSNR values as `k2` decreases or increases, suggesting that the impact of `k2` on model performance may be more complex than a simple gradient relationship.
3. **Highlight promising hyper-parameter combinations**:
   - `lr = 0.0001` and `k2 = 0.0001`: Achieves the highest PSNR score (17.6089).
   - `lr = 0.0005` with either `k2 = 0.0001` or `k2 = 0.001` also shows promising performance, although not as high as the best case.

### Optimization Recommendation

Based on the analysis of the current trials and considering that we need to explore new combinations:

- **Trial 1**: `lr: 0.01`, `k2: 0.0005`
  - This trial aims at exploring a medium range learning rate while testing a relatively low `k2` value which has shown some positive outcomes.
  
- **Trial 2**: `lr: 0.001`, `k2: 0.01`
  - Here, we explore the combination of an intermediate learning rate and a higher `k2` value that hasn't been tested yet together.

- **Trial 3**: `lr: 0.1`, `k2: 0.001`
  - This trial investigates the effect of using both a high `k2` with a relatively low learning rate, which provides a contrast to previous experiments where higher PSNR was observed at lower `k2` and smaller `lr`.

### Experiment Planning

```yaml
trials:
- k2: 0.0005
  lr: 0.01
- k2: 0.01
  lr: 0.001
- k2: 0.001
  lr: 0.1
```

### Stop Optimization

Answer: No with confidence score: 35%

Given the variability in PSNR values and the lack of clear trends, further exploration is necessary to identify potential hyper-parameter settings that could lead to even better performance metrics or confirm current promising findings.


siren_cat_me3_TV_train_qwen2.5:14b - 2025-02-15 18:09:30, 0:0:02:42.853733 - ## Round 7
siren_cat_me3_TV_train_qwen2.5:14b - 2025-02-15 18:09:30, 0:0:03:12.668224 - ### Analysis of Current Trials

1. **Performance Metrics Summary**:
   - The highest PSNR value observed so far is 17.6089, achieved with the hyper-parameters `k2 = 0.0005` and `lr = 0.0001`.
   - The lowest PSNR value observed is 1.36817 for `k2 = 0.0001` and `lr = 0.0005`.

2. **Performance Trends**:
   - A trend indicates that lower values of both `k2` and `lr` tend to yield higher PSNR values.
   - There is a significant increase in performance (PSNR) when the learning rate (`lr`) is very small, around 0.0001 or less.

3. **Promising Hyper-Parameter Combinations**:
   - The combination of `k2 = 0.0005` and `lr = 0.0001` shows a notable performance with PSNR value at 17.6089.
   - Other promising combinations include `k2 = 0.0001` and `lr = 0.0005`, as well as `k2 = 0.0001` and `lr = 0.001`.

### Optimization Recommendation
Based on the analysis, the next set of hyper-parameters to be tested should explore slightly modified combinations that are not identical to any previously tried values and still within the search space provided:

1. **k2: 0.0005**, **lr: 0.001**: Given the trend for better performance with lower `k2` and `lr`, this combination is a promising step towards maximizing PSNR.
2. **k2: 0.001**, **lr: 0.0001**: Since smaller learning rates have shown to yield high PSNR values, testing another small value for `k2` with the same `lr = 0.0001` is reasonable.
3. **k2: 0.0001**, **lr: 0.001**: This combination aims at pushing both hyper-parameters to their smallest values seen in promising combinations, aiming for a further increase in PSNR.

These trials are chosen to explore different configurations near the optimal found so far without repeating any previously attempted settings.

### Experiment Planning
```yaml
trials:
  - k2: 0.0005
    lr: 0.001
  - k2: 0.001
    lr: 0.0001
  - k2: 0.0001
    lr: 0.001
```

### Stop Optimization
Answer: No with confidence score: 35

Reasoning: Although we have found promising combinations, there is still room for exploration within the given search space to ensure that no better configurations are missed.


siren_cat_me3_TV_train_qwen2.5:14b - 2025-02-15 18:09:30, 0:0:03:12.677560 - ## Round 8
siren_cat_me3_TV_train_qwen2.5:14b - 2025-02-15 18:09:30, 0:0:03:42.319355 - ### Analysis of Current Trials

1. **Performance Metrics Summary**: The PSNR values range from 1.36817 to 17.6089, indicating a wide variation in model performance depending on the hyperparameters chosen for `k2` and `lr`.

2. **Trends Evaluation**:
   - For `lr = 0.0005`, increasing `k2` from 0.01 to 0.001 shows decreasing PSNR.
   - The best PSNR value of 17.6089 is achieved with the combination `(k2=0.001, lr=0.0001)`.
   - Higher `lr` values tend to decrease performance significantly regardless of the choice for `k2`.

3. **Promising Hyperparameter Combinations**:
   - `(k2=0.001, lr=0.0001)` has shown a particularly strong PSNR value.
   - Another promising pair is `(k2=0.0005, lr=0.0005)`, though it falls short compared to the top performer.

### Optimization Recommendation

For the next trials, consider exploring areas that have not been tested yet but seem close to optimal or may offer higher performance:

1. **Trial 1**: `k2: 0.001` and `lr: 0.001`
   - Reason: This combination has not been tested, and it falls in a promising range as seen from the high PSNR values at `k2=0.001`.

2. **Trial 2**: `k2: 0.01` and `lr: 0.001`
   - Reason: Although this combination is near to a previously tested pair, varying `k2` can provide insights into the stability of PSNR with respect to changes in this parameter.

3. **Trial 3**: `k2: 0.0005` and `lr: 0.1`
   - Reason: This is an interesting combination because it contrasts a very high learning rate (`lr=0.1`) with a moderate value of `k2`. It might reveal if there's potential in such configurations, considering the high PSNR achieved by some similar but not identical settings.

### Experiment Planning

```yaml
trials:
- k2: 0.001
  lr: 0.001
- k2: 0.01
  lr: 0.001
- k2: 0.0005
  lr: 0.1
```

### Stop Optimization

Answer: No with confidence score: 60

Explanation: The current best PSNR is quite high at 17.6089, but there's still room for exploration in the search space that hasn't been fully exhausted yet. It’s advisable to conduct a few more trials before concluding optimization based on the trends observed so far.


siren_cat_me3_TV_train_qwen2.5:14b - 2025-02-15 18:09:30, 0:0:03:42.330660 - ## Round 9
siren_cat_me3_TV_train_qwen2.5:14b - 2025-02-15 18:09:30, 0:0:04:08.504810 - ### Analysis of Current Trials

1. **Performance Metrics Summary**:
   - The highest PSNR value observed so far is 17.6089 for the hyper-parameter combination (k2=0.001, lr=0.0001).
   - Generally, lower learning rates (lr) tend to perform better compared to higher ones.
   - For k2 values, there seems to be a noticeable trend where k2=0.001 and k2=0.0005 yield better PSNR scores than higher or lower values.

2. **Trends Evaluation**:
   - Higher learning rates do not seem to contribute positively to the PSNR values.
   - There is an optimal range for k2 where it performs best, with a clear peak around 0.001 and 0.0005.
   
3. **Promising Hyper-Parameter Combinations**:
   - The best combinations so far are (k2=0.001, lr=0.0001) and (k2=0.0005, lr=0.0001).

### Optimization Recommendation

Based on the analysis, here are the suggested hyper-parameter settings for the next 3 trials:

- **Trial 4**: k2 = 0.0001, lr = 0.001
  - Reason: This combination has not been tested and is within a range that previously showed good performance.
  
- **Trial 5**: k2 = 0.0005, lr = 0.1
  - Reason: This is an untested combination but given the trends observed with k2=0.0005 and higher learning rates not yielding positive results, this could be a test to see if there's any improvement at the boundary of tested values.

- **Trial 6**: k2 = 0.01, lr = 0.0001
  - Reason: This setting has shown promising performance in previous trials (k2=0.0005 and lr=0.0001) so testing at the higher end of k2 could provide insights on its upper limit.

### Experiment Planning

```yaml
trials:
- k2: 0.0001
  lr: 0.001
- k2: 0.0005
  lr: 0.1
- k2: 0.01
  lr: 0.0001
```

### Stop Optimization

Answer: No
confidence score: 75


siren_cat_me3_TV_train_qwen2.5:14b - 2025-02-15 18:09:30, 0:0:04:08.514394 - ## Round 10
siren_cat_me3_TV_train_qwen2.5:14b - 2025-02-15 18:09:30, 0:0:04:39.684930 - ### Analysis of Current Trials

**1. Summarize performance metrics**

The trials have yielded a range of PSNR (Peak Signal-to-Noise Ratio) values from 1.36817 to 17.6089, with the highest value observed at `k2 = 0.0001` and `lr = 0.0005`.

**2. Evaluate performance trends for hyper-parameters**

- **Learning Rate (lr):** Higher PSNR values are generally achieved when using smaller learning rates (`lr: 0.0001`, `lr: 0.0005`), indicating that lower `lr` tends to produce better results.
  
- **k2:** A similar trend is observed for `k2`. Smaller values of `k2` (such as `0.0001`) have led to higher PSNR scores, while larger values (`0.01`, `0.1`) generally produced lower PSNR.

**3. Highlight promising hyper-parameter combinations**

- The combination of `lr: 0.0005` and `k2: 0.0001` shows a strong performance with PSNR reaching 16.2676.
- Another notable configuration is `lr: 0.0005` and `k2: 0.01`, which achieved a PSNR of 15.4874.

### Optimization Recommendation

Based on the analysis, I recommend focusing on exploring smaller values for both `lr` and `k2`. Here are the suggested hyper-parameters for the next three trials:

1. **Trial 19:** `lr: 0.0001`, `k2: 0.001`
   - Reasoning: This trial explores a lower value of `lr` (already seen to improve PSNR) in combination with another untested small `k2` value.
   
2. **Trial 20:** `lr: 0.0001`, `k2: 0.0005`
   - Reasoning: This trial further tests the lower range of both parameters to ensure no better settings are missed and explores a finer granularity around promising regions.

3. **Trial 21:** `lr: 0.001`, `k2: 0.001`
   - Reasoning: While higher values did not perform well, this trial aims to explore if there is an optimal range for `lr` around `0.001`.

### Experiment Planning

```yaml
trials:
- k2: 0.001
  lr: 0.0001
- k2: 0.0005
  lr: 0.0001
- k2: 0.001
  lr: 0.001
```

### Stop Optimization

Answer: No with confidence score: 0.3
Given the current range of PSNR and the variability across different hyper-parameter combinations, further exploration is warranted to ensure that optimal settings are not overlooked.


siren_cat_me3_TV_train_qwen2.5:14b - 2025-02-15 18:09:30, 0:0:04:39.694895 - ## Round 11
siren_cat_me3_TV_train_qwen2.5:14b - 2025-02-15 18:09:30, 0:0:07:17.705526 - ### Analysis of Current Trials

1. **Performance Metrics Summary**:
   - The highest PSNR value observed so far is 17.6089.
   - The average PSNR across all trials is approximately 5.3 (rounded for simplicity, actual calculation would provide a precise figure).
   
2. **Trends in Hyper-Parameter Performance**:
   - Larger values of `lr` tend to produce lower PSNR values when paired with certain `k2` values.
   - The combination of smaller `lr` and `k2` values appears to yield better results, especially around 0.001 for `lr` and below 0.001 for `k2`.
   
3. **Promising Hyper-Parameter Combinations**:
   - Trials with `k2 = 0.0005`, `lr = 0.0001` (PSNR: 15.8349) and `k2 = 0.0001`, `lr = 0.0005` (PSNR: 16.2676) show high PSNR values.
   - Additionally, combinations of `k2` between 0.0001 to 0.001 with `lr = 0.001` also produced reasonably good results.

### Optimization Recommendation

Based on the analysis:
- **Trial 1**: Choose a combination that has not been tested and is within the high-performing region identified, such as `k2: 0.0005`, `lr: 0.0001`.
- **Trial 2**: Another promising but untested combination could be `k2: 0.0001`, `lr: 0.001`.
- **Trial 3**: A different variation to explore further optimization within the high-performing area might be `k2: 0.001`, `lr: 0.0005`.

These choices aim to maximize PSNR while avoiding redundant tests and exploring new parameter combinations.

### Experiment Planning

```yaml
trials:
- k2: 0.0005
  lr: 0.0001
- k2: 0.0001
  lr: 0.001
- k2: 0.001
  lr: 0.0005
```

### Stop Optimization

Answer: No with confidence score: 60


siren_cat_me3_TV_train_qwen2.5:14b - 2025-02-15 18:09:30, 0:0:07:17.713747 - ## Round 12
siren_cat_me3_TV_train_qwen2.5:14b - 2025-02-15 18:09:30, 0:0:07:44.035662 - ### Analysis of Current Trials

**1. Performance Metrics Summary**
The trials have yielded a variety of PSNR values, ranging from 1.36817 to 17.9517. The highest PSNR value so far is achieved with `k2: 0.0001` and `lr: 0.0001`, resulting in a PSNR of approximately 17.8349.

**2. Performance Trends**
- **Learning Rate (lr)**: A general trend suggests that lower learning rates tend to produce higher PSNR scores compared to their higher counterparts.
- **k2**: Similarly, smaller values for k2 correlate with better performance in terms of PSNR.

**3. Promising Hyper-parameter Combinations**
The best performing combinations are:
1. `k2: 0.0001` and `lr: 0.0005`
2. `k2: 0.0001` and `lr: 0.0001`

### Optimization Recommendation

Based on the analysis, here are the suggested hyper-parameters for the next three trials:
1. **Trial 19**: 
   - k2: 0.0005
   - lr: 0.001
   Reason: This combination has not been tested and lies within an unexplored area of the search space, where a moderate learning rate is paired with the smallest value for k2.
   
2. **Trial 20**: 
   - k2: 0.01
   - lr: 0.001
   Reason: Although similar to some tested combinations, this trial focuses on the impact of k2 at a larger scale while maintaining a moderate learning rate that has shown promise in earlier trials.
   
3. **Trial 21**: 
   - k2: 0.001
   - lr: 0.01
   Reason: This combination tests a less explored area where higher learning rates are paired with mid-range values of k2, potentially offering insights into the interaction between these parameters.

### Experiment Planning

```yaml
trials:
- k2: 0.0005
  lr: 0.001
- k2: 0.01
  lr: 0.001
- k2: 0.001
  lr: 0.01
```

### Stop Optimization

Answer: No with confidence score: 35%

The current results suggest room for improvement and exploration of additional parameter combinations, particularly in unexplored areas of the search space where moderate learning rates could interact with different values of k2 to produce better performance metrics.


siren_cat_me3_TV_train_qwen2.5:14b - 2025-02-15 18:09:30, 0:0:07:44.044528 - ## Round 13
siren_cat_me3_TV_train_qwen2.5:14b - 2025-02-15 18:09:30, 0:0:08:08.281229 - ### Analysis of Current Trials

1. **Performance Metrics Summary**: The PSNR (Peak Signal-to-Noise Ratio) values range from 1.36817 to 17.9517, indicating a wide variance in model performance across different hyper-parameter combinations.

2. **Trends Evaluation**:
   - For `k2` at 0.01 and `lr` at 0.0005, the PSNR is quite high (15.4874).
   - Higher values of `k2` tend to perform poorly with lower `lr`.
   - Lower `lr` values generally yield higher PSNR scores.

3. **Promising Combinations**:
   - `(k2: 0.0001, lr: 0.0005)` and `(k2: 0.01, lr: 0.0005)` show particularly good performance.
   - There seems to be an optimal balance between `lr` and `k2`, where lower values of both yield better PSNR scores.

### Optimization Recommendation

Based on the analysis above:

- **Trial 20**: Suggest `(k2: 0.1, lr: 0.001)` with a rationale that this combination has not been tested yet, and since high `lr` tends to perform poorly at higher values of `k2`, this trial aims to confirm if there is an optimal interaction between these parameters.
- **Trial 21**: Suggest `(k2: 0.001, lr: 0.01)` as it explores the boundary where both low and high PSNR scores are observed, potentially revealing more about parameter interactions at moderate settings.
- **Trial 22**: Suggest `(k2: 0.0005, lr: 0.001)`, given its previous success and aiming to explore if slight adjustments in `lr` under this condition can yield improvements.

### Experiment Planning

```yaml
trials:
- k2: 0.1
  lr: 0.001
- k2: 0.001
  lr: 0.01
- k2: 0.0005
  lr: 0.001
```

### Stop Optimization

Answer: No with confidence score: 70


siren_cat_me3_TV_train_qwen2.5:14b - 2025-02-15 18:09:30, 0:0:08:08.290519 - ## Round 14
siren_cat_me3_TV_train_qwen2.5:14b - 2025-02-15 18:19:12, 0:0:00:00.000060 - ----------------------------------------------------------------------------------------------------
siren_cat_me3_TV_train_qwen2.5:14b - 2025-02-15 18:19:12, 0:0:00:00.003491 - ## Round 1
siren_cat_me3_TV_train_qwen2.5:14b - 2025-02-15 18:19:12, 0:0:00:27.334499 - ### Analysis of Current Trials

1. **Performance Metrics Summary**:
   - The PSNR values range from 1.36817 to 17.9517 across the completed trials.
   - Some combinations show significant improvement in performance, such as k2:0.0001 and lr:0.0005 with a PSNR of 16.2676.

2. **Performance Trends**:
   - The combination of k2:0.0001 and lr:0.0005 shows high performance, indicating that smaller values for both hyper-parameters are beneficial.
   - Increasing the value of learning rate (lr) alone does not seem to improve PSNR significantly if k2 is set to higher values.

3. **Promising Hyper-parameter Combinations**:
   - The highest PSNR achieved so far is 17.9517 with k2:0.0001 and lr:0.001.
   - Other combinations that show good results include those with very low learning rates (lr) such as 0.0005.

### Optimization Recommendation

Based on the analysis, here are recommendations for the next 3 trials:

- **Trial 4**: k2: 0.0005, lr: 0.001
  - Reason: This combination has not been tested yet and is expected to perform well based on previous results with similar hyper-parameter values.
  
- **Trial 5**: k2: 0.0001, lr: 0.01
  - Reason: To explore the effect of increasing learning rate while keeping k2 very low; this combination hasn't been tested and could potentially show interesting results.

- **Trial 6**: k2: 0.01, lr: 0.0001
  - Reason: This trial aims to test if a higher value for k2 can still achieve good performance when the learning rate is very low; it has not been tested yet and might provide insights into hyper-parameter sensitivity.

### Experiment Planning

```yaml
trials:
- k2: 0.0005
  lr: 0.001
- k2: 0.0001
  lr: 0.01
- k2: 0.01
  lr: 0.0001
```

### Stop Optimization

Answer: No with confidence score: 75

Note: The highest PSNR obtained so far is 17.9517, which indicates potential for further optimization given the current search space and performance trends observed in the trials conducted thus far.


siren_cat_me3_TV_train_qwen2.5:14b - 2025-02-15 18:19:12, 0:0:00:27.343696 - ## Round 2
siren_cat_me3_TV_train_qwen2.5:14b - 2025-02-15 18:19:12, 0:0:00:48.368334 - ### Analysis of Current Trials

**Performance Metrics Summary**
- The highest PSNR value observed is 17.6089.
- The lowest PSNR value observed is 1.36817.

**Hyper-parameter Trends Evaluation**
- **lr**: Higher values of `lr` (e.g., 0.1) yield lower PSNR, while lower values (e.g., 0.0005 and 0.0001) show better results.
- **k2**: Values of `k2` ranging from 0.0001 to 0.001 tend to perform well compared to larger values.

**Promising Hyper-parameter Combinations**
- Trials with `lr = 0.0005`, and `k2` between 0.0005 and 0.001 show some of the highest PSNR scores.

### Optimization Recommendation
Based on current performance trends:
1. Trial: `lr = 0.0001, k2 = 0.001`
   - Reason: This combination has not been tested yet, and it lies within a promising range for both hyper-parameters.
2. Trial: `lr = 0.0005, k2 = 0.0001`
   - Reason: The combination of lower values for both hyper-parameters could enhance PSNR performance further.
3. Trial: `lr = 0.001, k2 = 0.0005`
   - Reason: This is an intermediary combination that has not been tested and could provide insights between the extremes.

### Experiment Planning
```yaml
trials:
- k2: 0.001
  lr: 0.0001
- k2: 0.0001
  lr: 0.0005
- k2: 0.0005
  lr: 0.001
```

### Stop Optimization
Answer: No with confidence score: 30


siren_cat_me3_TV_train_qwen2.5:14b - 2025-02-15 18:19:12, 0:0:00:48.375963 - ## Round 3
siren_cat_me3_TV_train_qwen2.5:14b - 2025-02-15 18:19:12, 0:0:01:14.998276 - ### Analysis of Current Trials

1. **Performance Metrics Summary**
   - The PSNR values range from a minimum of 1.36817 to a maximum of 17.9517.
   - A few trials show significantly higher PSNR, suggesting that there may be specific combinations of `k2` and `lr` that lead to better performance.

2. **Performance Trends for Hyper-parameters**
   - Generally, lower values of both `k2` and `lr` seem to correlate with higher PSNR values.
   - A notable exception is the trial where `k2=0.01` and `lr=0.0005`, which had a very high PSNR (15.4874). This suggests that there might be an optimal balance of these parameters rather than simply minimizing them.

3. **Promising Hyper-parameter Combinations**
   - The combination of `k2=0.01` and `lr=0.0005` stands out with a high PSNR value.
   - Other promising combinations include: `k2=0.0005`, `lr=0.0001`; `k2=0.0001`, `lr=0.001`.

### Optimization Recommendation

Based on the analysis, here are recommendations for the next three trials:

- **Trial 1**: Use `k2 = 0.0005` and `lr = 0.001`.
  - Reason: This combination has been tested but with a different `k2` value (`0.0001`). The close values of both parameters suggest this might lead to an even higher PSNR.

- **Trial 2**: Use `k2 = 0.001` and `lr = 0.001`.
  - Reason: Although the PSNR for similar combinations has been relatively high, testing another near-optimal combination could further refine the best values.

- **Trial 3**: Use `k2 = 0.0005` and `lr = 0.0005`.
  - Reason: This is a new combination that bridges two successful scenarios (`k2=0.01, lr=0.0005` with high PSNR) without redundancy.

### Experiment Planning

```yaml
trials:
- k2: 0.0005
  lr: 0.001
- k2: 0.001
  lr: 0.001
- k2: 0.0005
  lr: 0.0005
```

### Stop Optimization

Answer: No with confidence score: 35%


siren_cat_me3_TV_train_qwen2.5:14b - 2025-02-15 18:19:12, 0:0:01:15.008401 - ## Round 4
siren_cat_me3_TV_train_qwen2.5:14b - 2025-02-15 18:19:12, 0:0:01:37.438230 - ### Analysis of Current Trials

#### Performance Metrics Summary:
The trials have been conducted using a range of learning rates (`lr`) and `k2` values, which are hyper-parameters for some optimization algorithm. The performance metric used is PSNR (Peak Signal-to-Noise Ratio), where higher values indicate better performance.

#### Trends Evaluation:
- **Learning Rate (lr):** Trials with lower learning rates generally show significantly higher PSNR scores compared to those with higher learning rates.
- **k2:** A pattern isn't immediately clear, but some combinations of `k2` and `lr` seem to perform well while others do not. For example, `lr = 0.0005` paired with different values of `k2` yields PSNR scores ranging from 4.47 to 16.27.

#### Promising Hyper-Parameter Combinations:
Promising combinations include those where `lr = 0.0005` and `k2 = 0.01`, or `lr = 0.0001` and different values of `k2`. High PSNR scores are observed for these pairs.

### Optimization Recommendation

Based on the analysis, here are recommended hyper-parameter combinations for future trials:
- Trial 21: `k2 = 0.0005`, `lr = 0.001`
- Trial 22: `k2 = 0.0001`, `lr = 0.1` (Given that no other combination of these specific values has been tested, and based on the performance trend where lower `lr` leads to higher PSNR.)
- Trial 23: `k2 = 0.1`, `lr = 0.0005`

### Experiment Planning

```yaml
trials:
- k2: 0.0005
  lr: 0.001
- k2: 0.0001
  lr: 0.1
- k2: 0.1
  lr: 0.0005
```

### Stop Optimization

Answer: No with confidence score: 70%

The current highest PSNR values are not high enough to suggest stopping the optimization process early, indicating potential for further improvements through more trials.


siren_cat_me3_TV_train_qwen2.5:14b - 2025-02-15 18:19:12, 0:0:01:37.447436 - ## Round 5
siren_cat_me3_TV_train_qwen2.5:14b - 2025-02-15 18:19:12, 0:0:02:07.722401 - ### Analysis of Current Trials

- **Performance Metrics Summary**: The PSNR values range from 1.36817 to 17.9517, indicating a significant variation in performance across different hyperparameter combinations.
- **Trend Evaluation**:
  - For `lr` (Learning Rate): Higher learning rates generally lead to lower PSNR scores, suggesting potential overfitting or instability during training. Lower learning rates like 0.0005 and 0.0001 tend to yield better results, indicating a more stable training process.
  - For `k2`: The impact of `k2` on PSNR is not as straightforward; however, lower values (e.g., 0.0001) have shown potential for higher PSNR scores in some cases, while others show mixed performance depending on the value of `lr`.
- **Promising Combinations**:
  - A combination of `k2=0.0005` and `lr=0.0001` yielded a very high PSNR score (15.8349).
  - Another notable combination is `k2=0.0001` with either `lr=0.001` or `lr=0.0005`, showing robust performance across multiple trials.
  
### Optimization Recommendation

For the next three trials, I recommend exploring hyperparameter combinations that have not been tested yet and are within the specified search space:

1. **Trial 1**: k2 = 0.0001, lr = 0.1
   - Reason: This combination has not been tested before and given that `k2=0.0001` generally yields good results (especially with lower learning rates), it's worth testing if higher `lr` can still produce favorable outcomes.
   
2. **Trial 2**: k2 = 0.1, lr = 0.0005
   - Reason: This combination has not been tested and may help understand the impact of a high `k2` value with a relatively low learning rate, which might stabilize training despite the high `k2`.
   
3. **Trial 3**: k2 = 0.01, lr = 0.0001
   - Reason: This combination hasn't been explored and combines a moderate `k2` with an extremely low learning rate that could potentially yield better performance due to its stability.

### Experiment Planning

trials:
- k2: 0.0001
  lr: 0.1
- k2: 0.1
  lr: 0.0005
- k2: 0.01
  lr: 0.0001

### Stop Optimization

Answer: No with confidence score: 65

Given the wide range of PSNR values and promising combinations that have not been tested, further exploration is recommended to potentially uncover even better hyperparameter configurations.


siren_cat_me3_TV_train_qwen2.5:14b - 2025-02-15 18:19:12, 0:0:02:07.736781 - ## Round 6
siren_cat_me3_TV_train_qwen2.5:14b - 2025-02-15 18:19:12, 0:0:02:18.744997 - ### Analysis of Current Trials

1. **Performance Metrics Summary**: The PSNR values range from as low as 1.368 to a high of 17.951 (after rounding). This indicates significant variability in model performance based on the hyperparameters tested.

2. **Trends for Hyper-Parameters**:
   - **Learning Rate (lr)**: There is an observable trend that higher learning rates generally yield lower PSNR values, which could indicate instability or overshooting during training.
   - **k2**: Lower values of k2 tend to correlate with better PSNR outcomes, but not uniformly. For instance, a combination of low lr and moderate k2 (like 0.01) can yield high PSNR.

3. **Promising Hyper-Parameter Combinations**:
   - lr=0.0005 & k2=0.0005: Shows very promising results with a high PSNR score.
   - lr=0.001 & k2=0.0001, and other combinations of low learning rates (0.0001-0.001) paired with moderate to low values of k2 (0.0005-0.001).

### Optimization Recommendation

Based on the current trends observed in PSNR results from previous trials:
- Trial 23: Suggest a new combination of lr=0.0001 and k2=0.001 to explore if lowering learning rate further improves performance.
- Trial 24: Consider testing lr=0.0005 and k2=0.0001, which is close to previous high-performing combinations but slightly different to avoid repetition.
- Trial 25: Try a combination of lr=0.001 and k2=0.01, aiming for a balance between learning rate and regularization strength not yet explored.

### Experiment Planning

```yaml
trials:
- k2: 0.001
  lr: 0.0001
- k2: 0.0001
  lr: 0.0005
- k2: 0.01
  lr: 0.001
```

### Stop Optimization

Answer: No with confidence score: 60


siren_cat_me3_TV_train_qwen2.5:14b - 2025-02-15 18:19:12, 0:0:02:18.754044 - ## Round 7
siren_cat_me3_TV_train_qwen2.5:14b - 2025-02-15 18:19:12, 0:0:02:27.181039 - ### Analysis of Current Trials

1. **Performance Metrics Summary**: The PSNR values range from a minimum of 1.36817 to a maximum of 17.9517 across various combinations of `k2` and `lr`. Generally, higher PSNR indicates better performance.

2. **Trends in Performance**:
   - For `lr = 0.0005`, the PSNR values are relatively high across different `k2` settings.
   - When both `lr` and `k2` are set to smaller values (e.g., 0.0001 or 0.0005), the performance is often better.

3. **Promising Hyper-Parameter Combinations**:
   - The combination of `k2 = 0.0001`, `lr = 0.0005` and `k2 = 0.0001`, `lr = 0.001` are among the best performers with PSNR values around 15-16.
   - Another promising combination is `k2 = 0.0005`, `lr = 0.0005`.

### Optimization Recommendation

Based on the analysis, here's a recommendation for next three trials:

1. **Trial 1**: 
   - `k2: 0.1`
   - `lr: 0.0001` (Since PSNR values are better at smaller learning rates and we haven't tested this exact combination yet)
   
2. **Trial 2**:
   - `k2: 0.001`
   - `lr: 0.0001` (A promising smaller value for both parameters, avoiding previous combinations)

3. **Trial 3**:
   - `k2: 0.01`
   - `lr: 0.001` (Testing an intermediate learning rate with a larger k2 to see if it improves performance).

### Experiment Planning
```yaml
trials:
- k2: 0.1
  lr: 0.0001
- k2: 0.001
  lr: 0.0001
- k2: 0.01
  lr: 0.001
```

### Stop Optimization

Answer: No with confidence score: 75%

Given the current performance levels and potential for further optimization in untested combinations, it's premature to stop the optimization process.


siren_cat_me3_TV_train_qwen2.5:14b - 2025-02-15 18:19:12, 0:0:02:27.189443 - ## Round 8
siren_cat_me3_TV_train_qwen2.5:14b - 2025-02-15 18:19:12, 0:0:02:37.182817 - ### Analysis of Current Trials

1. **Performance Metrics Summary**:
   - The highest PSNR value observed is 17.6089, achieved with `k2 = 0.0005` and `lr = 0.0001`.
   - The lowest PSNR value observed is 1.36817, reached multiple times (with different combinations of `k2` and `lr`).

2. **Performance Trends for Hyper-parameters**:
   - For `lr`, the performance generally increases as `lr` decreases from larger values like 0.1 to smaller ones such as 0.0005.
   - For `k2`, similar trends can be observed, with higher PSNR values achieved when `k2` is set to 0.0001 or 0.0005.

3. **Promising Hyper-parameter Combinations**:
   - High PSNR scores are found in combinations of smaller learning rates (like `lr = 0.0005`, `lr = 0.0001`) and smaller values for `k2` (`k2 = 0.0001`, `k2 = 0.0005`).

### Optimization Recommendation

Based on the analysis, I recommend trying out the following hyper-parameter combinations for the next three trials:

1. Trial: `lr = 0.001` and `k2 = 0.001`
   - Reason: These are values that have not been tried before and lie in a middle range between what has already been tested, potentially offering an unexplored peak.

2. Trial: `lr = 0.001` and `k2 = 0.01`
   - Reason: This combination aims to test the upper limit of `k2` with a medium learning rate to see if higher values of `k2` can yield better results when paired with moderate `lr`.

3. Trial: `lr = 0.0005` and `k2 = 0.1`
   - Reason: This trial is designed to explore the impact of a larger value for `k2` when combined with an already promising smaller learning rate, which might highlight whether larger `k2` values are detrimental or beneficial under certain conditions.

### Experiment Planning

```yaml
trials:
- k2: 0.001
  lr: 0.001
- k2: 0.01
  lr: 0.001
- k2: 0.1
  lr: 0.0005
```

### Stop Optimization

Answer: No with confidence score: 60

Based on the observed PSNR values, there is still room for optimization and exploring untested combinations of hyperparameters within the search space could lead to better results.


siren_cat_me3_TV_train_qwen2.5:14b - 2025-02-15 18:19:12, 0:0:02:37.192197 - ## Round 9
siren_cat_me3_TV_train_qwen2.5:14b - 2025-02-15 18:19:12, 0:0:02:46.008830 - ### Analysis of Current Trials

1. **Performance Metrics Summary**
   - The best PSNR value observed so far is 17.6089, achieved at `k2 = 0.001` and `lr = 0.0001`.
   - The worst PSNR value was observed to be 3.74981 with `k2 = 0.01` and `lr = 0.1`.

2. **Performance Trends for Hyper-parameters**
   - For learning rate (`lr`):
     - Lower values of `lr`, particularly around `0.0005` and `0.0001`, tend to yield better PSNR scores.
     - Higher `lr` values, such as `0.1`, generally result in lower PSNR scores.
   - For hyper-parameter `k2`:
     - Values like `0.001` and `0.0005` are associated with higher PSNR scores compared to `0.01` or `0.1`.

3. **Promising Hyper-Parameter Combinations**
   - Combination of `lr = 0.0005` and various lower values of `k2`, such as `0.0005` or `0.001`.
   - Values around `k2 = 0.0001` also seem to yield high PSNR scores when paired with smaller learning rates.

### Optimization Recommendation

Based on the analysis above, here are recommendations for three new trials:

- Trial 1: Set `lr = 0.0005`, `k2 = 0.0005`. The rationale is that this combination has shown to have a good PSNR score, but more data points at these settings will help confirm their effectiveness.
- Trial 2: Set `lr = 0.001`, `k2 = 0.001`. This trial aims to explore the edge between high and medium learning rates while maintaining a low value for `k2` which tends to perform well.
- Trial 3: Set `lr = 0.0005`, `k2 = 0.001`. This trial explores an intermediate setting for both hyperparameters, aiming to balance exploration of different parameter spaces.

### Experiment Planning

```yaml
trials:
- k2: 0.0005
  lr: 0.0005
- k2: 0.001
  lr: 0.001
- k2: 0.001
  lr: 0.0005
```


siren_cat_me3_TV_train_qwen2.5:14b - 2025-02-15 18:19:12, 0:0:02:46.017381 - ## Round 10
siren_cat_me3_TV_train_qwen2.5:14b - 2025-02-15 18:19:12, 0:0:02:56.132509 - ### Analysis of Current Trials

1. **Performance Metrics Summary**:
   - The highest PSNR value recorded so far is 17.6089, achieved by the hyper-parameter combination `k2=0.0001` and `lr=0.0001`.
   - The lowest PSNR value recorded so far is 1.36817, which was seen for multiple combinations including `(k2=0.1, lr=0.0005)` and `(k2=0.1, lr=0.0001)`, suggesting that higher values of `k2` tend to yield poorer performance when learning rate is small.

2. **Performance Trends for Hyper-Parameters**:
   - Increasing the value of `lr` tends to decrease PSNR if `k2` is relatively large (e.g., 0.01 or 0.1).
   - Decreasing the value of `lr` while keeping `k2` small generally improves PSNR.
   - For smaller values of `k2`, a very low learning rate seems to be crucial for high performance, e.g., `(k2=0.0005, lr=0.0001)`.

3. **Promising Hyper-Parameter Combinations**:
   - `(k2=0.0001, lr=0.0001)`: Highest PSNR recorded so far.
   - `(k2=0.01, lr=0.0005)`, `(k2=0.0005, lr=0.0001)`: Both yield significantly high PSNR values.

### Optimization Recommendation
Based on the analysis above:
- **Trial 1**: `k2: 0.001` and `lr: 0.001`. This combination has a moderate PSNR of 6.41087, suggesting there might be potential for improvement by slight adjustments.
- **Trial 2**: `k2: 0.0005` and `lr: 0.001`. This is the next best choice that hasn't been tested with these exact values yet but has shown promise.
- **Trial 3**: `k2: 0.0001` and `lr: 0.0005`. This aims to explore if a lower learning rate alongside an extremely small k2 could yield even higher PSNR.

### Experiment Planning

```yaml
trials:
- k2: 0.001
  lr: 0.001
- k2: 0.0005
  lr: 0.001
- k2: 0.0001
  lr: 0.0005
```

### Stop Optimization
Answer: No with confidence score: 65

Given the variability in PSNR scores and the potential for finding an even better combination within the search space, further trials are recommended to refine the optimal hyper-parameters more precisely.


siren_cat_me3_TV_train_qwen2.5:14b - 2025-02-15 18:19:12, 0:0:02:56.141730 - ## Round 11
siren_cat_me3_TV_train_qwen2.5:14b - 2025-02-15 18:19:12, 0:0:03:04.950896 - ### Analysis of Current Trials

1. **Performance Metrics Summary**:
   - The highest PSNR value observed so far is 17.6089.
   - Lower learning rates (lr) seem to generally yield higher PSNR values compared to higher lr.
   - For k2, the performance varies more and doesn't show a clear trend when comparing similar lr settings.

2. **Performance Trends**:
   - When lr is set at 0.1, the model performs poorly across different k2 values.
   - Lowering lr to 0.0005 generally improves PSNR, especially with some lower k2 values (e.g., 0.0005).
   - For very low learning rates like 0.0001 and small k2 values such as 0.0001, the model achieves high PSNR.

3. **Promising Hyper-Parameter Combinations**:
   - lr = 0.0001 with k2 = 0.0001
   - lr = 0.0005 with k2 = 0.0001
   - lr = 0.0005 with k2 = 0.001

### Optimization Recommendation
Based on the analysis, I recommend the following hyper-parameters for the next trials:

1. **Trial 4**:
   - lr: 0.01
   - k2: 0.001
   - Reasoning: A medium learning rate with a slightly lower k2 value could potentially balance between exploration and exploitation.

2. **Trial 5**:
   - lr: 0.001
   - k2: 0.1
   - Reasoning: Exploring the impact of higher k2 values at different learning rates that haven't been fully tested yet might reveal further insights.

3. **Trial 6**:
   - lr: 0.0005
   - k2: 0.01
   - Reasoning: A mid-range setting for both hyper-parameters which has shown moderate performance but not extensively explored yet.

### Experiment Planning

```yaml
trials:
- k2: 0.001
  lr: 0.01
- k2: 0.1
  lr: 0.001
- k2: 0.01
  lr: 0.0005
```

### Stop Optimization

Answer: No with confidence score: 45%

There is still potential for discovering better combinations of hyperparameters within the search space provided, particularly focusing on underexplored areas and balancing performance across different configurations.


siren_cat_me3_TV_train_qwen2.5:14b - 2025-02-15 18:19:12, 0:0:03:04.960038 - ## Round 12
siren_cat_me3_TV_train_qwen2.5:14b - 2025-02-15 18:19:12, 0:0:03:15.189814 - ### Analysis of Current Trials

1. **Performance Metrics Summary**:
   - The highest PSNR value observed in the completed trials is 17.6089.
   - The average PSNR across all trials is around 5.4, indicating that there are several configurations with lower performance.

2. **Trends in Hyper-Parameter Performance**:
   - Higher values of `lr` (learning rate) generally perform poorly unless paired with very low values of `k2`.
   - There appears to be a sweet spot where both parameters are set to 0.0005 or similar small values, as indicated by several high PSNR scores around this setting.
   - A consistent trend shows that configurations yielding the best results tend to have `lr` set to smaller values (e.g., 0.0005 or 0.001), and `k2` also relatively low but not necessarily at its smallest value (i.e., 0.0005 or 0.001).

3. **Promising Hyper-Parameter Combinations**:
   - The best performing trial has `lr = 0.0005`, `k2 = 0.0001` with a PSNR of 16.2676.
   - Another strong performer is at `lr = 0.0001`, `k2 = 0.0001` with a PSNR of 15.8349.

### Optimization Recommendation

Based on the trends observed, here are recommendations for the next three trials:

- **Trial 1**: `k2 = 0.001`, `lr = 0.0001`
   - Reason: This configuration explores the lower boundary of `lr` and a mid-range value of `k2`. It aims to capture any potential improvements in PSNR by slightly increasing `k2` while keeping `lr` low.

- **Trial 2**: `k2 = 0.01`, `lr = 0.001`
   - Reason: This trial checks the impact of setting both parameters moderately high, which has not been fully explored in previous trials and could provide insights into performance trends with a less conservative approach towards `k2`.

- **Trial 3**: `k2 = 0.0005`, `lr = 0.1`
   - Reason: This combination tests the interaction between a higher value of `lr` (yet still within our search space) and an optimal setting for `k2`. It could reveal whether there is any hidden potential in this range or if performance deteriorates rapidly with increased learning rates.

### Experiment Planning

```yaml
trials:
- k2: 0.001
  lr: 0.0001
- k2: 0.01
  lr: 0.001
- k2: 0.0005
  lr: 0.1
```

### Stop Optimization

Answer: No with confidence score: 30%


siren_cat_me3_TV_train_qwen2.5:14b - 2025-02-15 18:19:12, 0:0:03:15.199393 - ## Round 13
siren_cat_me3_TV_train_qwen2.5:14b - 2025-02-15 18:19:12, 0:0:03:22.820536 - ### Analysis of Current Trials

- **Performance Metrics Summary**: The highest PSNR value achieved so far is 17.6089, which was obtained with hyperparameters `k2=0.001` and `lr=0.0001`.
- **Trend Evaluation**:
  - For lower learning rates (e.g., lr=0.0005, lr=0.0001), the model tends to perform better.
  - Higher PSNR values are generally seen with smaller `k2` values and when `lr` is set to very small or medium scales rather than large ones.
- **Promising Combinations**:
  - (k2: 0.001, lr: 0.0001) achieves the highest PSNR value.
  - Other promising combinations include (k2: 0.01, lr: 0.0005), and (k2: 0.0001, lr: 0.0005).

### Optimization Recommendation

- Trial 1: `k2=0.0005` & `lr=0.001`
  - **Reason**: The combinations of these values have not been tested yet and are likely to provide a balance between the previous successful trials.
- Trial 2: `k2=0.01` & `lr=0.001`
  - **Reason**: While this combination has been partially explored, increasing `lr` slightly from 0.0005 could further improve PSNR based on observed trends.
- Trial 3: `k2=0.0005` & `lr=0.01`
  - **Reason**: This is a middle-ground test between larger and smaller learning rates, aiming to find an optimal balance that hasn't been fully explored yet.

### Experiment Planning

trials:
- k2: 0.0005
  lr: 0.001
- k2: 0.01
  lr: 0.001
- k2: 0.0005
  lr: 0.01

### Stop Optimization

Answer: No with confidence score: 75%


siren_cat_me3_TV_train_qwen2.5:14b - 2025-02-15 18:19:12, 0:0:03:22.829098 - ## Round 14
siren_cat_me3_TV_train_qwen2.5:14b - 2025-02-15 18:19:12, 0:0:03:32.663419 - ### Analysis of Current Trials

1. **Summarize performance metrics**: The current highest PSNR value is 17.6089, achieved at `k2 = 0.0001` and `lr = 0.0001`. This indicates that lower values in both hyperparameters generally yield better results.

2. **Evaluate performance trends for hyper-parameters**: 
   - For learning rate (`lr`): Lower values of lr generally seem to perform better, but there's a sharp increase from 0.1 to 0.0005, then another drop to 0.0001 before rising again.
   - For k2: Similar trend as `lr`, with the highest PSNR at the smallest value (0.0001) and significant drops when increasing it.

3. **Highlight promising hyper-parameter combinations**: The combinations of `k2 = 0.0005` and `lr = 0.0001` and `k2 = 0.0001, lr = 0.0001` show potential for further exploration due to their high PSNR values.

### Optimization Recommendation

Based on the analysis above:

1. **Trial 1**: Suggest testing `k2: 0.0001`, `lr: 0.001`. This combination has not been tested yet and lies close to a known successful setting (`k2 = 0.0001, lr = 0.0001`), potentially offering an improvement.
   
   Reason: To explore the impact of increasing learning rate slightly while maintaining low k2.

2. **Trial 2**: Suggest testing `k2: 0.0005`, `lr: 0.01`. This combination has not been tested and could provide insight into how moderately high lr affects performance when k2 is set to a middle value.
   
   Reason: To understand the interaction between higher learning rates and mid-range hyperparameters.

3. **Trial 3**: Suggest testing `k2: 0.01`, `lr: 0.0005`. This combination has not been tested yet and could offer insights into the effects of lower k2 with a slightly increased learning rate.
   
   Reason: To explore whether lower k2 combined with a moderate lr can outperform current bests.

### Experiment Planning

```yaml
trials:
- k2: 0.0001
  lr: 0.001
- k2: 0.0005
  lr: 0.01
- k2: 0.01
  lr: 0.0005
```

### Stop Optimization

Answer: No with confidence score: 30%

While there are promising combinations to explore, the PSNR values can still be improved upon without retesting known settings or exceeding current parameters limits.


siren_cat_me3_TV_train_qwen2.5:14b - 2025-02-15 18:19:12, 0:0:03:32.673658 - ## Round 15
siren_cat_me3_TV_train_qwen2.5:14b - 2025-02-15 18:19:12, 0:0:04:12.737190 - ### Analysis of Current Trials

1. **Performance Metrics Summary**:
   - The highest PSNR value achieved so far is 17.6089.
   - Most trials have resulted in low PSNR values, indicating that many hyper-parameter combinations are suboptimal.

2. **Trends Evaluation for Hyper-Parameters**:
   - For `lr` (learning rate):
     - Higher learning rates often result in lower PSNR values except when combined with specific `k2` values.
     - Lower learning rates such as 0.0005 and 0.0001 have shown promise, particularly when paired with a `k2` value of 0.01 or 0.001.
   - For `k2`:
     - Higher `k2` values (e.g., 0.1) generally result in lower PSNR scores except for some specific combinations like `lr = 0.0005`.
     - Lower `k2` values such as 0.01 and 0.001 have performed better, especially when combined with the lowest learning rates.

3. **Promising Hyper-Parameter Combinations**:
   - (lr=0.0005, k2=0.01): PSNR = 15.4874
   - (k2=0.0001, lr=0.0005): PSNR = 16.2676
   - (lr=0.001, k2=0.01): PSNR = 15.9517

### Optimization Recommendation

Based on the analysis above, for the next three trials:

- Trial 1: `k2 = 0.0005`, `lr = 0.0001` - This combination has not been tested and given that lower learning rates are showing better results, this could be a promising setup to explore further.
- Trial 2: `k2 = 0.01`, `lr = 0.001` - Although similar combinations have performed well (e.g., k2=0.01 with lr=0.001), testing this specific combination could potentially yield better results or confirm the consistency of previous findings.
- Trial 3: `k2 = 0.001`, `lr = 0.0005` - This is a promising setup based on similar combinations that have shown good performance.

### Experiment Planning

trials:
- k2: 0.0005
  lr: 0.0001
- k2: 0.01
  lr: 0.001
- k2: 0.001
  lr: 0.0005

### Stop Optimization

Answer: No with confidence score: 60


siren_cat_me3_TV_train_qwen2.5:14b - 2025-02-15 18:19:12, 0:0:04:12.749658 - ## Round 16
siren_cat_me3_TV_train_qwen2.5:14b - 2025-02-15 18:19:12, 0:0:04:21.823808 - ### Analysis of Current Trials

**Performance Metrics Summary:**
- The highest PSNR value observed so far is 17.6089.
- Lower learning rates (lr) and kernel size factors (k2) generally yield higher PSNR values.

**Hyper-parameter Trends Evaluation:**
- Higher values for `k2` often lead to lower PSNR performance, except in some specific cases like when `k2=0.1` and `lr=0.001`.
- Lower learning rates (`lr`) tend to produce better PSNR results compared to higher learning rates.
- The best combination identified is `k2 = 0.0001` and `lr = 0.0005`, achieving a PSNR of 17.6089.

**Promising Hyper-parameter Combinations:**
- `k2=0.0001, lr=0.0005`: This combination yields the highest PSNR value.
- `k2=0.01, lr=0.0005` and `k2=0.0001, lr=0.0001`: These combinations also show relatively high PSNR values.

### Optimization Recommendation

**Next 3 Trials:**
1. **Trial**: `k2 = 0.001`, `lr = 0.01`
   - Reason: The combination of `k2` and `lr` is neither previously tested nor optimal as per current data, but closer to configurations with acceptable performance.
   
2. **Trial**: `k2 = 0.0005`, `lr = 0.001`
   - Reason: This setup has not been tried before and it's a slight modification of the combination that gave the second-best PSNR value (`k2=0.0001, lr=0.0005`).

3. **Trial**: `k2 = 0.01`, `lr = 0.001`
   - Reason: This trial hasn't been completed yet and is a deviation from the best-performing configurations that might provide further insights into performance trends.

### Experiment Planning

```yaml
trials:
- k2: 0.001
  lr: 0.01
- k2: 0.0005
  lr: 0.001
- k2: 0.01
  lr: 0.001
```

### Stop Optimization

Answer: No with confidence score: 60%

There are still promising configurations to test that have not been explored, which may lead to better performance than the current best results.


siren_cat_me3_TV_train_qwen2.5:14b - 2025-02-15 18:19:12, 0:0:04:21.832781 - ## Round 17
siren_cat_me3_TV_train_qwen2.5:14b - 2025-02-15 18:19:12, 0:0:04:30.439019 - ### Analysis of Current Trials

1. **Performance Metrics Summary**:
   - The PSNR values range from 1.36817 to 17.9517, indicating a significant variation in performance across different hyper-parameter settings.
   - The best performing trial so far has `k2 = 0.0001` and `lr = 0.001`, achieving a PSNR of 17.6089.

2. **Performance Trends for Hyper-parameters**:
   - Low values of `lr` (learning rate) generally perform better than higher values, especially when paired with low `k2`.
   - A clear trend shows that smaller learning rates in conjunction with small values of `k2` yield significantly improved PSNR scores.

3. **Promising Hyper-parameter Combinations**:
   - The combination of `lr = 0.001` and `k2 = 0.0001` has shown a very high performance (PSNR: 17.6089).
   - Other promising combinations include `lr = 0.0005`, `k2 = 0.01` (PSNR: 15.4874) and `lr = 0.0005`, `k2 = 0.0001` (PSNR: 16.2676).

### Optimization Recommendation

Based on the analysis, here are the recommendations for the next three trials:
- **Trial 1**: `k2 = 0.001`, `lr = 0.0005`
   - Reason: This combination has not been tested yet and is close to combinations that performed well.
- **Trial 2**: `k2 = 0.0001`, `lr = 0.0001`
   - Reason: Further exploration around the best performing area could lead to better results.
- **Trial 3**: `k2 = 0.0005`, `lr = 0.001`
   - Reason: This combination provides a balanced approach between those that have already performed well.

### Experiment Planning

```yaml
trials:
- k2: 0.001
  lr: 0.0005
- k2: 0.0001
  lr: 0.0001
- k2: 0.0005
  lr: 0.001
```

### Stop Optimization

Answer: No with confidence score: 60


siren_cat_me3_TV_train_qwen2.5:14b - 2025-02-15 18:19:12, 0:0:04:30.447665 - ## Round 18
siren_cat_me3_TV_train_qwen2.5:14b - 2025-02-15 18:19:12, 0:0:04:39.397466 - ### Analysis of Current Trials

1. **Performance Metrics Summary**: The PSNR values range from 1.36817 to 17.9517, indicating a wide variation in performance across different combinations of hyper-parameters `lr` and `k2`. The highest value is around 17.9517 which seems promising.

2. **Performance Trends**: 
   - For learning rate (`lr`), lower values seem to perform better compared to higher ones, with the best PSNR observed for `lr = 0.0005`.
   - For coefficient `k2`, similar trends are observed where the performance is generally better when `k2 = 0.01` and `k2 = 0.0005`.

3. **Promising Hyper-parameter Combinations**:
   - `(lr: 0.0005, k2: 0.01)` with PSNR of 16.2676
   - `(lr: 0.0005, k2: 0.0005)` with PSNR of 15.8349

### Optimization Recommendation
Based on the current analysis:

- Trial 1: `k2 = 0.001`, `lr = 0.001`
   - This combination is close to an optimal region but has not been explored yet and could yield improvements.
   
- Trial 2: `k2 = 0.0001`, `lr = 0.0001`
   - Although this combination has the lowest values for both parameters, it hasn't been tested and might offer a new insight into performance optimization.

- Trial 3: `k2 = 0.01`, `lr = 0.001`
   - This setting is a mix of lower learning rate with a moderate coefficient that could balance out the model training dynamics without overfitting.

### Experiment Planning
```yaml
trials:
- k2: 0.001
  lr: 0.001
- k2: 0.0001
  lr: 0.0001
- k2: 0.01
  lr: 0.001
```

### Stop Optimization
Answer: No with confidence score: 65

The current PSNR values are showing a range of performance, and there is still potential to explore other combinations within the search space that might lead to better results.


siren_cat_me3_TV_train_qwen2.5:14b - 2025-02-15 18:19:12, 0:0:04:39.405866 - ## Round 19
siren_cat_me3_TV_train_qwen2.5:14b - 2025-02-15 18:19:12, 0:0:04:48.856031 - ### Analysis of Current Trials

1. **Performance Metrics Summary**:
   - The highest PSNR value observed is 17.6089, achieved with hyperparameters `k2 = 0.0001` and `lr = 0.0001`.
   - There are numerous combinations with low PSNR values (e.g., below 5), suggesting that some configurations might need further exploration.

2. **Performance Trends for Hyper-Parameters**:
   - A general trend seems to be that smaller learning rates (`lr`) tend to yield higher PSNR scores compared to larger ones, barring exceptions like `k2 = 0.01` and `lr = 0.1`.
   - Values of `k2` in the range [0.0001-0.001] seem to perform better than either very small or large values.

3. **Promising Hyper-parameter Combinations**:
   - The combination of `k2 = 0.0005`, `lr = 0.0005` with a PSNR of 7.27433 and `k2 = 0.01, lr = 0.0005` achieving 15.4874 are promising.
   - Another combination that stands out is `k2 = 0.0001`, `lr = 0.0001` with PSNR of 17.6089, showing potential in fine-tuned settings.

### Optimization Recommendation

Based on the analysis:

- Trial 1: Suggesting a combination that hasn't been tested yet, `k2: 0.1`, `lr: 0.001` with a rationale of exploring high learning rates combined with moderate values.
- Trial 2: Considering another untested configuration, `k2: 0.001`, `lr: 0.01`. This aims at testing the boundary between higher and lower ranges for both parameters to observe performance trends.
- Trial 3: Testing a potential sweet spot identified in analysis, `k2: 0.0005`, `lr: 0.001` aiming for high PSNR values.

### Experiment Planning

```yaml
trials:
- k2: 0.1
  lr: 0.001
- k2: 0.001
  lr: 0.01
- k2: 0.0005
  lr: 0.001
```

### Stop Optimization

Answer: No with confidence score: 60% 

Reasoning: The current PSNR values do not indicate a plateau, and there are still promising untested hyperparameter combinations within the search space that could yield better results.


siren_cat_me3_TV_train_qwen2.5:14b - 2025-02-15 18:19:12, 0:0:04:48.864923 - ## Round 20
siren_cat_me3_TV_train_qwen2.5:14b - 2025-02-15 18:19:12, 0:0:04:57.910479 - ### Analysis of Current Trials

1. **Performance Metrics Summary**: The PSNR values range from 1.36817 to 17.9517, indicating significant variability in performance across different hyperparameter settings.

2. **Trends Evaluation**:
   - For `k2 = 0.0001` and varying learning rates (`lr`), PSNR values are mostly around 15-16, with a few exceptions.
   - When `lr` is set to higher values like 0.1 or 0.01, the performance drops significantly (e.g., PSNR < 4).
   - For lower learning rates (`lr = 0.0005` and `lr = 0.0001`), particularly in combination with `k2 = 0.0005`, better performances are observed.

3. **Promising Hyperparameter Combinations**:
   - The best PSNR score is achieved at `k2: 0.0001, lr: 0.0001` with a value of 17.9517.
   - Other promising combinations include `k2: 0.0005, lr: 0.0001` (PSNR = 15.8349) and `k2: 0.01, lr: 0.0005` (PSNR = 16.2676).

### Optimization Recommendation

Based on the analysis:

- **Trial 1**: `k2: 0.0005`, `lr: 0.001`
  - Reason: Previous trials with similar learning rates but different k2 values showed promising results.
  
- **Trial 2**: `k2: 0.001`, `lr: 0.0001`
  - Reason: The combination of these parameters hasn't been tested, and the adjacent parameter settings yield high PSNR scores.

- **Trial 3**: `k2: 0.0005`, `lr: 0.0005`
  - Reason: Testing this intermediate learning rate with a known effective k2 value could provide insights into further optimization potential.

### Experiment Planning

```yaml
trials:
- k2: 0.0005
  lr: 0.001
- k2: 0.001
  lr: 0.0001
- k2: 0.0005
  lr: 0.0005
```

### Stop Optimization

Answer: No with confidence score: 70


siren_cat_me3_TV_train_qwen2.5:14b - 2025-02-15 18:19:12, 0:0:04:57.919213 - ## Round 21
siren_cat_me3_TV_train_qwen2.5:14b - 2025-02-15 18:19:12, 0:0:05:05.790530 - ### Analysis of Current Trials

1. **Performance Metrics Summary**: The highest PSNR value observed across the trials is 17.8349, achieved with hyper-parameters `k2=0.0005` and `lr=0.0001`. This indicates that smaller values for both parameters tend to yield better performance.

2. **Performance Trends**:
   - For `lr`, the trend shows that larger learning rates (e.g., 0.1) result in lower PSNR, while smaller learning rates (down to 0.0005 and 0.0001) have higher PSNR.
   - Similarly for `k2`, values of 0.0005 and 0.0001 are associated with the best results.

3. **Promising Combinations**: 
   - `k2=0.0005, lr=0.0001`: This pair has a PSNR value of 17.8349.
   - Other notable combinations include `k2=0.0001, lr=0.0005` and `k2=0.0005, lr=0.0005`, both achieving decent PSNR values.

### Optimization Recommendation

Based on the trends observed:

- Trial 1: `k2 = 0.001, lr = 0.001`: This combination has not been tested yet and falls within the search space.
- Trial 2: `k2 = 0.01, lr = 0.001`: This is another potential high-performing configuration that hasn't been evaluated.
- Trial 3: `k2 = 0.0005, lr = 0.01`: To further investigate the impact of higher learning rates on performance when paired with a lower k2 value.

### Experiment Planning

```yaml
trials:
- k2: 0.001
  lr: 0.001
- k2: 0.01
  lr: 0.001
- k2: 0.0005
  lr: 0.01
```

### Stop Optimization

Answer: No with confidence score: 70


siren_cat_me3_TV_train_qwen2.5:14b - 2025-02-15 18:19:12, 0:0:05:05.799186 - ## Round 22
siren_cat_me3_TV_train_qwen2.5:14b - 2025-02-15 18:19:12, 0:0:05:14.888462 - ### Analysis of Current Trials

**1. Summarize Performance Metrics**
The current trials have been conducted with different combinations of `lr` and `k2`, ranging from very low to high values. The performance metric used is PSNR, which varies widely between trials.

- **Highest PSNR:** 17.6089 (Trial with k2 = 0.0005 and lr = 0.0001)
- **Lowest PSNR:** 1.36817 (Multiple trials, including those with k2 and lr set to very small values)

**2. Evaluate Performance Trends for Hyper-Parameters**
- `lr` appears to significantly influence performance; the highest PSNR scores are achieved at lower learning rates.
- `k2` also plays a role in PSNR but its effect is more nuanced, showing better results with medium-high values when combined with low learning rates.

**3. Highlight Promising Hyper-parameter Combinations**
Promising combinations include:
- k2: 0.01 and lr: 0.0005 (PSNR = 15.4874)
- k2: 0.0001 and lr: 0.0005 (PSNR = 15.8349)

### Optimization Recommendation

Based on the analysis, I recommend the following hyper-parameter combinations for the next three trials:

**Trial 1:** `k2: 0.001` and `lr: 0.01`
- Reason: Slightly lower than the highest PSNR trial's k2 but still in a range where performance was high.

**Trial 2:** `k2: 0.01` and `lr: 0.001`
- Reason: A combination not yet tested, aiming to bridge the gap between high and medium-high k2 values with moderate lr for exploration.

**Trial 3:** `k2: 0.1` and `lr: 0.1`
- Reason: Testing an extreme combination that hasn't been covered to understand if there's any potential performance gain at higher settings.

### Experiment Planning
```yaml
trials:
- k2: 0.001
  lr: 0.01
- k2: 0.01
  lr: 0.001
- k2: 0.1
  lr: 0.1
```

### Stop Optimization
Answer: No with confidence score: 35

Explanation:
While there are promising combinations, the potential for finding better configurations still exists within the provided search space and existing results indicate room for improvement. Therefore, further trials should be conducted to optimize hyper-parameters fully.


siren_cat_me3_TV_train_qwen2.5:14b - 2025-02-15 18:19:12, 0:0:05:14.897411 - ## Round 23
siren_cat_me3_TV_train_qwen2.5:14b - 2025-02-15 18:19:12, 0:0:05:23.346982 - ### Analysis of Current Trials

1. **Performance Metrics Summary**:
   - The PSNR values range from 1.36817 to 17.9517, indicating significant variation in performance.
   
2. **Performance Trends for Hyper-parameters**:
   - For `lr`, higher values tend to perform poorly (e.g., lr=0.1), while lower values show better results (especially near the edges of the range like lr=0.0005 and lr=0.0001).
   - For `k2`, similar trends are observed with higher values performing worse than lower ones, except for some specific combinations that yielded high PSNR.
   
3. **Promising Hyper-parameter Combinations**:
   - (lr: 0.0005, k2: 0.01) achieved a PSNR of 15.4874
   - (lr: 0.0001, k2: 0.0005) achieved a PSNR of 15.8349

### Optimization Recommendation

Based on the analysis:
- **Trial 1**: `k2 = 0.0001` and `lr = 0.001`
  - Reason: This combination has not been tested yet and lies in a promising range given previous results.
- **Trial 2**: `k2 = 0.001` and `lr = 0.001`
  - Reason: Although this specific combination was tested, there is potential for further exploration with slightly different values within the same vicinity (for instance, decreasing k2 to explore its lower range).
- **Trial 3**: `k2 = 0.0005` and `lr = 0.1`
  - Reason: This combination has not been tested yet but is strategically placed in an interesting region that could yield better results based on the existing data.

### Experiment Planning

```yaml
trials:
- k2: 0.0001
  lr: 0.001
- k2: 0.001
  lr: 0.001
- k2: 0.0005
  lr: 0.1
```

### Stop Optimization

Answer: No with confidence score: 30%


siren_cat_me3_TV_train_qwen2.5:14b - 2025-02-15 21:04:29, 0:0:00:00.000051 - ----------------------------------------------------------------------------------------------------
siren_cat_me3_TV_train_qwen2.5:14b - 2025-02-15 21:04:29, 0:0:00:00.004655 - ## Round 1
siren_cat_me3_TV_train_qwen2.5:14b - 2025-02-15 21:04:29, 0:0:00:16.721498 - ### Analysis of Current Trials

#### Performance Metrics Summary:
The PSNR values range from 1.36817 to 17.6089 across different combinations of learning rate (lr) and k2.

#### Hyper-parameter Trends Evaluation:
- **Learning Rate (lr):** Higher lr does not necessarily mean better performance, as the best performing trial has a low lr value (0.0005).
- **k2:** Similar to lr, there is no clear trend indicating that higher or lower values of k2 perform better in all cases.

#### Promising Hyper-parameter Combinations:
- The highest PSNR score was obtained with `lr = 0.0001` and `k2 = 0.0005`, achieving a PSNR of 17.6089.
- Another promising combination is `lr = 0.0005` and `k2 = 0.0005`, with a PSNR of 4.46851.

### Optimization Recommendation

Based on the analysis, here are the recommendations for the next three trials:

1. **Trial 1:** lr = 0.01, k2 = 0.0001
   - Reason: This combination hasn't been tested yet and lies within the given search space.
   
2. **Trial 2:** lr = 0.001, k2 = 0.1
   - Reason: This is another untested area that could yield interesting results based on past performance trends.

3. **Trial 3:** lr = 0.001, k2 = 0.0001
   - Reason: Exploring this combination can provide insights into how different levels of lr affect PSNR while keeping k2 constant at lower values where higher PSNRs were observed previously.

### Experiment Planning

```yaml
trials:
- k2: 0.0001
  lr: 0.01
- k2: 0.1
  lr: 0.001
- k2: 0.0001
  lr: 0.001
```

### Stop Optimization

Answer: No with confidence score: 65


