----------------------------------------------------------------------------------------------------
Start Optimization: nnUnet_BTCV_train_qwen2.5:32b
----------------------------------------------------------------------------------------------------
[INFO] Round [3][19], Failed: [0]/[16]
{'description': 'You are a Senior Computer Vision Researcher specializing in 3D Medical Image Segmentation.', 'model': 'nnUNet Revisited', 'task': 'Benchmarking for BTCV dataset.', 'basic_idea': 'Compare CNN-, Transformer-, and Mamba-based architectures using standardized hyperparameters and datasets within nnUNet and Auto3DSeg frameworks.', 'Structure_Description': {'nnU-Net (org.)': 'A self-configuring U-Net framework that adapts its architecture and training pipeline to any given medical imaging dataset.', 'nnU-Net ResEnc M': 'A medium-sized nnU-Net variant incorporating residual encoder blocks for moderate GPU memory.', 'nnU-Net ResEnc L': 'A large nnU-Net variant using residual encoders, designed for high-memory GPU usage.', 'ResEnc L (iso spacing)': 'ResEnc L trained with isotropic spacing (1x1x1) for spatial uniformity.', 'MedNeXt L k3': 'ConvNeXt-based 3D CNN using 3x3x3 convolutions for scalable segmentation.', 'MedNeXt L k5': 'A variation of MedNeXt using 5x5x5 kernels for broader contextual capture.', 'STU-Net S': 'Small version of a scalable U-Net optimized for low-resource settings.', 'STU-Net B': 'Base variant of STU-Net balancing depth and efficiency.', 'STU-Net L': 'Large version of STU-Net with enhanced capacity for complex tasks.', 'SwinUNETR': 'A U-Net backbone using Swin Transformers to model local and global context.', 'SwinUNETR V2': 'Enhanced SwinUNETR with stagewise convolutional integration.', 'nnFormer': 'A hybrid transformer model with interleaved CNN and transformer layers.', 'CoTr': 'Combines CNNs for local encoding and transformers for global modeling.', 'U-Mamba Bot': 'Uses Mamba modules only in the bottleneck of a U-Net.', 'U-Mamba Enc': 'Uses Mamba modules throughout the encoder to enhance hierarchy learning.', 'No-Mamba Base': 'Baseline U-Net without Mamba, used for comparative evaluation.', 'A3DS SegResNet': 'Auto3DSeg-based residual network optimized for segmentation.', 'A3DS DiNTS': 'Auto3DSeg model generated through neural architecture search.', 'A3DS SwinUNETR': 'Auto3DSeg variant of SwinUNETR fine-tuned for 3D segmentation.'}, 'instruction': 'Complete instructions under limited trials.', 'link': 'https://arxiv.org/abs/2404.09556'}
3-find_trials-analyse-cognitive: ### Analysis of Completed Trials

#### Step 1: Summarize Performance Metrics for Completed Trials

The completed trials include three different architectures with varying hyperparameters, all evaluated on the BTCV dataset using Dice score as the performance metric. The results are as follows:

- **SwinUNETR V2**: Achieved a Dice score of 80.85% with a Transformer architecture and a patch size of \(2 \times 2 \times 2\). This model used isotropic spacing (\(1 \times 1 \times 1\)) and was trained for 1000 epochs using the Adam optimizer with a weight decay of \(3e-5\) and a batch size of 2.

- **U-Mamba Bot**: Achieved a Dice score of 83.51% with a U-Net backbone augmented by Mamba modules in the bottleneck, using isotropic spacing (\(1 \times 1 \times 1\)). This model was trained for 1000 epochs using the SGD optimizer and had a weight decay of \(3e-5\) with a batch size of 2.

- **A3DS SwinUNETR**: Achieved a Dice score of 76.54% with a Transformer architecture, but used anisotropic spacing (\(1 \times 0.78 \times 0.78\)) and a larger patch size of \(144 \times 224 \times 224\). This model was trained for 800 epochs using the Adam optimizer with a weight decay of \(3e-5\) and a batch size of 2.

#### Step 2: Evaluate Performance Trends for Hyper-Parameters

The performance trends observed from these trials indicate that:

- **Patch Size**: Larger patch sizes (\(144 \times 224 \times 224\)) did not necessarily lead to better Dice scores, as evidenced by the lower score of A3DS SwinUNETR compared to U-Mamba Bot and SwinUNETR V2 which used smaller or isotropic patch sizes.

- **Spacing**: Isotropic spacing (\(1 \times 1 \times 1\)) seems to perform better than anisotropic spacing, as seen in the higher Dice scores of U-Mamba Bot and SwinUNETR V2 compared to A3DS SwinUNETR.

- **Optimizer**: The choice between Adam and SGD appears to have a significant impact on performance. Specifically, U-Mamba Bot using SGD outperformed both models that used Adam.

- **Training Duration (Epochs)**: Longer training durations (1000 epochs) did not necessarily result in better Dice scores compared to shorter durations (800 epochs), as seen with A3DS SwinUNETR.

#### Step 3: Highlight Promising Hyper-Parameter Combinations

Based on the completed trials, promising hyper-parameter combinations include:

- **Isotropic Spacing**: Using isotropic spacing (\(1 \times 1 \times 1\)) appears to be beneficial for achieving higher Dice scores.
  
- **Optimizer Choice**: SGD seems to perform better than Adam in these trials. This suggests that momentum-based optimization might be more effective for the given architectures.

- **Patch Size and Architecture**: Smaller patch sizes (\(2 \times 2 \times 2\)) or moderate-sized patches (as used by U-Mamba Bot) seem to yield better results compared to larger anisotropic patches. Additionally, incorporating Mamba modules in the bottleneck of a U-Net architecture shows promise.

These insights can guide further experimentation and optimization efforts for achieving higher Dice scores on the BTCV dataset.
3-find_trials-stop-cognitive: **Answer: No**

Justification: While several promising configurations have been tested in the search space, there are still unexplored options such as different patch sizes and spacings for some architectures like SwinUNETR. Additionally, other optimizers or weight decay values could potentially yield better results. Therefore, it is premature to stop optimization.

Confidence score: 0.65
3-find_trials-cognitive: To recommend three promising trials from the provided search space, we need to consider various factors such as architecture type (CNN, Transformer, Hybrid), patch size, spacing, and optimization settings. Here are my recommendations based on these considerations:

1. **Trial Number 9: SwinUNETR**
   - **Reasoning**: This trial uses a transformer-based architecture which has shown significant success in medical image segmentation tasks due to its ability to capture long-range dependencies effectively. The small patch size (2x2x2) allows for fine-grained feature extraction, making it suitable for detailed segmentation tasks.

2. **Trial Number 14: U-Mamba Enc**
   - **Reasoning**: This trial combines the traditional U-Net architecture with Mamba modules which are designed to enhance the model's ability to capture contextual information and improve performance on complex datasets. The use of a standard patch size (128x128x128) is balanced for both computational efficiency and feature extraction.

3. **Trial Number 16: A3DS SegResNet**
   - **Reasoning**: This trial uses a CNN architecture specifically designed by Auto3DSeg, which has been optimized through automated design processes to handle medical image segmentation tasks effectively. The larger patch size (144x224x224) allows for capturing more contextual information and is well-suited for handling large-scale datasets.

### JSON Format:

```json
[
    {"number": 9, "params": {"Structure": "SwinUNETR", "Architecture": "Transformer", "Patch Size": "2x2x2", "Spacing": "1x1x1", "Batch Size": 2, "Epochs": 1000, "Optimizer": "Adam", "Weight Decay": 3e-05}},
    {"number": 14, "params": {"Structure": "U-Mamba Enc", "Architecture": "U-Net + Mamba", "Patch Size": "128x128x128", "Spacing": "1x1x1", "Batch Size": 2, "Epochs": 1000, "Optimizer": "SGD", "Weight Decay": 3e-05}},
    {"number": 16, "params": {"Structure": "A3DS SegResNet", "Architecture": "CNN (Auto3DSeg)", "Patch Size": "144x224x224", "Spacing": "1x0.78x0.78", "Batch Size": 2, "Epochs": 800, "Optimizer": "Adam", "Weight Decay": 3e-05}}
]
```
- [difflib] amnbious matches: ['structure:swinunetr_architecture:transformer_patch size:2x2x2_spacing:1x1x1_batch size:2_epochs:1000_optimizer:adam_weight decay:3e-05'], raw output: structure:swinunetr_architecture:transformer_patch size:2x2x2_spacing:1x1x1_batch size:2_epochs:1000_optimizer:adam_weight decay:3e-05_
- [difflib] amnbious matches: ['structure:u-mamba enc_architecture:u-net + mamba_patch size:128x128x128_spacing:1x1x1_batch size:2_epochs:1000_optimizer:sgd_weight decay:3e-05'], raw output: structure:u-mamba enc_architecture:u-net + mamba_patch size:128x128x128_spacing:1x1x1_batch size:2_epochs:1000_optimizer:sgd_weight decay:3e-05_
- [difflib] amnbious matches: ['structure:a3ds segresnet_architecture:cnn (auto3dseg)_patch size:144x224x224_spacing:1x0.78x0.78_batch size:2_epochs:800_optimizer:adam_weight decay:3e-05'], raw output: structure:a3ds segresnet_architecture:cnn (auto3dseg)_patch size:144x224x224_spacing:1x0.78x0.78_batch size:2_epochs:800_optimizer:adam_weight decay:3e-05_
Number of trials: 3 -> 3, 
Error_trials: [] is non-empty. 
Repeated_trials: 0 is non-empty. 
 []
[INFO] Round [6][19], Failed: [0]/[13]
{'description': 'You are a Senior Computer Vision Researcher specializing in 3D Medical Image Segmentation.', 'model': 'nnUNet Revisited', 'task': 'Benchmarking for BTCV dataset.', 'basic_idea': 'Compare CNN-, Transformer-, and Mamba-based architectures using standardized hyperparameters and datasets within nnUNet and Auto3DSeg frameworks.', 'Structure_Description': {'nnU-Net (org.)': 'A self-configuring U-Net framework that adapts its architecture and training pipeline to any given medical imaging dataset.', 'nnU-Net ResEnc M': 'A medium-sized nnU-Net variant incorporating residual encoder blocks for moderate GPU memory.', 'nnU-Net ResEnc L': 'A large nnU-Net variant using residual encoders, designed for high-memory GPU usage.', 'ResEnc L (iso spacing)': 'ResEnc L trained with isotropic spacing (1x1x1) for spatial uniformity.', 'MedNeXt L k3': 'ConvNeXt-based 3D CNN using 3x3x3 convolutions for scalable segmentation.', 'MedNeXt L k5': 'A variation of MedNeXt using 5x5x5 kernels for broader contextual capture.', 'STU-Net S': 'Small version of a scalable U-Net optimized for low-resource settings.', 'STU-Net B': 'Base variant of STU-Net balancing depth and efficiency.', 'STU-Net L': 'Large version of STU-Net with enhanced capacity for complex tasks.', 'SwinUNETR': 'A U-Net backbone using Swin Transformers to model local and global context.', 'SwinUNETR V2': 'Enhanced SwinUNETR with stagewise convolutional integration.', 'nnFormer': 'A hybrid transformer model with interleaved CNN and transformer layers.', 'CoTr': 'Combines CNNs for local encoding and transformers for global modeling.', 'U-Mamba Bot': 'Uses Mamba modules only in the bottleneck of a U-Net.', 'U-Mamba Enc': 'Uses Mamba modules throughout the encoder to enhance hierarchy learning.', 'No-Mamba Base': 'Baseline U-Net without Mamba, used for comparative evaluation.', 'A3DS SegResNet': 'Auto3DSeg-based residual network optimized for segmentation.', 'A3DS DiNTS': 'Auto3DSeg model generated through neural architecture search.', 'A3DS SwinUNETR': 'Auto3DSeg variant of SwinUNETR fine-tuned for 3D segmentation.'}, 'instruction': 'Complete instructions under limited trials.', 'link': 'https://arxiv.org/abs/2404.09556'}
6-find_trials-analyse-cognitive: ### **Task 1: Analysis of Completed Trials**

#### Step 1: Summarize Performance Metrics for Completed Trials

The completed trials encompass a variety of architectures, including Transformer-based models (SwinUNETR and SwinUNETR V2), U-Net with Mamba modules (U-Mamba Bot and U-Mamba Enc), and Auto3DSeg models (A3DS SegResNet and A3DS SwinUNETR). The Dice scores range from 76.54% to 83.51%, indicating varying levels of segmentation accuracy across different configurations.

- **Transformer-based Models**: 
    - SwinUNETR V2 achieved the highest Dice score among Transformer models with a score of 80.85%.
    - The original SwinUNETR model scored slightly lower at 78.89%.

- **U-Net + Mamba Models**:
    - U-Mamba Bot, which uses Mamba modules only in the bottleneck, achieved an impressive Dice score of 83.51%, making it one of the top performers.
    - U-Mamba Enc, with Mamba modules throughout the encoder, also performed well with a Dice score of 82.41%.

- **Auto3DSeg Models**:
    - A3DS SegResNet achieved a Dice score of 80.69%, indicating strong performance for CNN-based models.
    - A3DS SwinUNETR had the lowest Dice score among all trials at 76.54%.

#### Step 2: Evaluate Performance Trends for Hyper-Parameters

The hyper-parameter configurations across different architectures show some consistent trends:

- **Patch Size**: 
    - Smaller patch sizes (e.g., 2x2x2) were used in Transformer models, while larger patch sizes (128x128x128 and 144x224x224) were employed for U-Net + Mamba and Auto3DSeg models. Larger patches seem to correlate with higher Dice scores.

- **Spacing**:
    - Most trials used isotropic spacing (1x1x1), except A3DS SwinUNETR, which used anisotropic spacing (1x0.78x0.78). The use of isotropic spacing generally led to better performance.

- **Batch Size and Epochs**: 
    - All models were trained with a batch size of 2 and for 1000 epochs (except A3DS SwinUNETR, which was trained for 800 epochs), indicating that these settings are robust across different architectures.

- **Optimizer**:
    - Adam optimizer was used in most trials except U-Mamba Bot and U-Mamba Enc, where SGD was employed. The use of SGD with Mamba modules resulted in higher Dice scores compared to the Adam optimizer.

#### Step 3: Highlight Promising Hyper-Parameter Combinations

Based on the completed trials, several promising hyper-parameter combinations can be identified:

1. **U-Net + Mamba Models**:
    - Using Mamba modules (either in bottleneck or throughout encoder) with SGD as the optimizer and isotropic spacing (1x1x1) yielded high Dice scores.

2. **Transformer-based Models**:
    - SwinUNETR V2, which integrates convolutional layers into a Transformer architecture, performed well with Adam optimizer and smaller patch sizes (2x2x2).

3. **Auto3DSeg Models**:
    - A3DS SegResNet showed strong performance using larger patch sizes (144x224x224) and isotropic spacing.

In summary, the use of Mamba modules with SGD optimizer in U-Net architectures appears to be particularly effective for achieving high Dice scores. Additionally, smaller patch sizes and isotropic spacing are beneficial for Transformer models, while larger patches can enhance performance in CNN-based Auto3DSeg models.
6-find_trials-stop-cognitive: **Task 1 & Task 2 Analysis:** The current search space includes a variety of CNN and Transformer-based architectures with different configurations such as patch sizes, spacings, and batch sizes. However, it does not cover all possible combinations within the defined ranges for these parameters, nor does it include some specific architectures like 'U-Net', 'SegNet', or other variations that might perform better.

**Task 3 Decision:** Answer: No with confidence score: 0.65. The search space has explored a range of configurations but still leaves room for potentially better-performing unexplored options, particularly in terms of architecture diversity and parameter tuning.
6-find_trials-cognitive: To recommend three promising trials based on the provided search space and considering performance trends in medical image segmentation tasks, we need to focus on architectures that have shown robustness across different datasets and configurations. Here are my recommendations:

1. **nnU-Net ResNet L (iso spacing) - Number 4**
   - This configuration uses a large ResNet architecture with isotropic spacing, which is beneficial for maintaining spatial consistency in the segmentation task.
   - The larger patch size of `192x192x192` allows for capturing more context and detail compared to smaller patches.

2. **MedNeXt L k3 - Number 5**
   - MedNeXt with a kernel size of 3 (`k3`) is known for its efficiency in handling high-resolution medical images.
   - The isotropic spacing ensures that the model treats all dimensions equally, which can be crucial for accurate segmentation.

3. **CoTr (Hybrid CNN + TF) - Number 12**
   - Hybrid architectures combining convolutional neural networks with transformers have shown significant improvements in capturing both local and global features.
   - This configuration uses a patch size of `128x128x128` which is balanced for computational efficiency while still providing sufficient context.

These recommendations are based on the balance between model complexity, spatial consistency (isotropic spacing), and architectural innovation that can lead to better segmentation performance.

```json
[
    {"number": 4, "params": {"Structure": "ResEnc L (iso spacing)", "Architecture": "ResNet U-Net (CNN)", "Patch Size": "192x192x192", "Spacing": "1x1x1", "Batch Size": 2, "Epochs": 1000, "Optimizer": "SGD", "Weight Decay": 3e-05}},
    {"number": 5, "params": {"Structure": "MedNeXt L k3", "Architecture": "ConvNeXt (CNN)", "Patch Size": "128x128x128", "Spacing": "1x1x1", "Batch Size": 2, "Epochs": 1000, "Optimizer": "AdamW", "Weight Decay": 3e-05}},
    {"number": 12, "params": {"Structure": "CoTr", "Architecture": "Hybrid CNN + TF", "Patch Size": "128x128x128", "Spacing": "1x1x1", "Batch Size": 2, "Epochs": 1000, "Optimizer": "SGD", "Weight Decay": 3e-05}}
]
```
- [difflib] amnbious matches: ['structure:resenc l (iso spacing)_architecture:resnet u-net (cnn)_patch size:192x192x192_spacing:1x1x1_batch size:2_epochs:1000_optimizer:sgd_weight decay:3e-05'], raw output: structure:resenc l (iso spacing)_architecture:resnet u-net (cnn)_patch size:192x192x192_spacing:1x1x1_batch size:2_epochs:1000_optimizer:sgd_weight decay:3e-05_
- [difflib] amnbious matches: ['structure:mednext l k3_architecture:convnext (cnn)_patch size:128x128x128_spacing:1x1x1_batch size:2_epochs:1000_optimizer:adamw_weight decay:3e-05'], raw output: structure:mednext l k3_architecture:convnext (cnn)_patch size:128x128x128_spacing:1x1x1_batch size:2_epochs:1000_optimizer:adamw_weight decay:3e-05_
- [difflib] amnbious matches: ['structure:cotr_architecture:hybrid cnn + tf_patch size:128x128x128_spacing:1x1x1_batch size:2_epochs:1000_optimizer:sgd_weight decay:3e-05'], raw output: structure:cotr_architecture:hybrid cnn + tf_patch size:128x128x128_spacing:1x1x1_batch size:2_epochs:1000_optimizer:sgd_weight decay:3e-05_
Number of trials: 3 -> 3, 
Error_trials: [] is non-empty. 
Repeated_trials: 0 is non-empty. 
 []
[INFO] Round [9][19], Failed: [0]/[10]
{'description': 'You are a Senior Computer Vision Researcher specializing in 3D Medical Image Segmentation.', 'model': 'nnUNet Revisited', 'task': 'Benchmarking for BTCV dataset.', 'basic_idea': 'Compare CNN-, Transformer-, and Mamba-based architectures using standardized hyperparameters and datasets within nnUNet and Auto3DSeg frameworks.', 'Structure_Description': {'nnU-Net (org.)': 'A self-configuring U-Net framework that adapts its architecture and training pipeline to any given medical imaging dataset.', 'nnU-Net ResEnc M': 'A medium-sized nnU-Net variant incorporating residual encoder blocks for moderate GPU memory.', 'nnU-Net ResEnc L': 'A large nnU-Net variant using residual encoders, designed for high-memory GPU usage.', 'ResEnc L (iso spacing)': 'ResEnc L trained with isotropic spacing (1x1x1) for spatial uniformity.', 'MedNeXt L k3': 'ConvNeXt-based 3D CNN using 3x3x3 convolutions for scalable segmentation.', 'MedNeXt L k5': 'A variation of MedNeXt using 5x5x5 kernels for broader contextual capture.', 'STU-Net S': 'Small version of a scalable U-Net optimized for low-resource settings.', 'STU-Net B': 'Base variant of STU-Net balancing depth and efficiency.', 'STU-Net L': 'Large version of STU-Net with enhanced capacity for complex tasks.', 'SwinUNETR': 'A U-Net backbone using Swin Transformers to model local and global context.', 'SwinUNETR V2': 'Enhanced SwinUNETR with stagewise convolutional integration.', 'nnFormer': 'A hybrid transformer model with interleaved CNN and transformer layers.', 'CoTr': 'Combines CNNs for local encoding and transformers for global modeling.', 'U-Mamba Bot': 'Uses Mamba modules only in the bottleneck of a U-Net.', 'U-Mamba Enc': 'Uses Mamba modules throughout the encoder to enhance hierarchy learning.', 'No-Mamba Base': 'Baseline U-Net without Mamba, used for comparative evaluation.', 'A3DS SegResNet': 'Auto3DSeg-based residual network optimized for segmentation.', 'A3DS DiNTS': 'Auto3DSeg model generated through neural architecture search.', 'A3DS SwinUNETR': 'Auto3DSeg variant of SwinUNETR fine-tuned for 3D segmentation.'}, 'instruction': 'Complete instructions under limited trials.', 'link': 'https://arxiv.org/abs/2404.09556'}
9-find_trials-analyse-cognitive: ### **Task 1: Analysis of Completed Trials**

#### Step 1: Summarize Performance Metrics for Completed Trials

The completed trials encompass a variety of architectures, including CNNs, Transformers, hybrid models, and Mamba-based U-Nets. The Dice scores range from 76.54 to 84.70, indicating the effectiveness of different configurations in segmenting medical images.

- **Transformer-Based Models**: 
    - SwinUNETR V2 achieved a Dice score of 80.85.
    - A3DS SwinUNETR scored 76.54.
    - Standard SwinUNETR had a Dice score of 78.89.
  
- **U-Net + Mamba Models**:
    - U-Mamba Bot achieved a Dice score of 83.51.
    - U-Mamba Enc scored 82.41.

- **Auto3DSeg-Based Models**: 
    - A3DS SegResNet had a Dice score of 80.69.
  
- **CNN-Based Models**:
    - ResEnc L (iso spacing) achieved the highest Dice score among CNNs at 84.01.
    - MedNeXt L k3 scored 84.7, indicating strong performance with ConvNeXt architecture.

- **Hybrid Models**: 
    - CoTr had a Dice score of 81.95.

#### Step 2: Evaluate Performance Trends for Hyper-Parameters

The hyper-parameter configurations show some consistent trends:

- **Patch Size and Spacing**:
    - Larger patch sizes (e.g., 144x224x224) did not necessarily lead to better performance, as seen in A3DS SwinUNETR and A3DS SegResNet.
    - Uniform spacing of 1x1x1 was generally more effective than anisotropic spacing.

- **Batch Size**:
    - All models used a batch size of 2, which suggests that this configuration is suitable for the dataset and model complexity.

- **Epochs**:
    - Most models were trained for 1000 epochs, with A3DS SegResNet and A3DS SwinUNETR being exceptions at 800 epochs. The longer training duration did not significantly impact performance negatively.

- **Optimizers**:
    - SGD was used in several high-performing models (e.g., ResEnc L, U-Mamba Bot), while AdamW showed strong results with MedNeXt L k3.
  
#### Step 3: Highlight Promising Hyper-Parameter Combinations

Based on the performance metrics and trends observed:

1. **ResNet U-Net (CNN) Models**:
    - The ResEnc L model with uniform spacing of 1x1x1 and SGD optimizer achieved a high Dice score, indicating that this combination is promising for further exploration.

2. **ConvNeXt-Based CNNs**:
    - MedNeXt L k3 demonstrated excellent performance using AdamW as the optimizer, suggesting that ConvNeXt architecture with specific optimizers can yield strong results.

3. **U-Net + Mamba Models**:
    - Both U-Mamba Bot and U-Mamba Enc showed high Dice scores when trained with SGD for 1000 epochs, indicating that this combination is effective for enhancing segmentation performance.

4. **Hybrid CNN + Transformer Models**:
    - CoTr's performance suggests that hybrid models can achieve competitive results, particularly with uniform spacing and SGD optimization.

5. **Transformer-Based Models**:
    - While SwinUNETR V2 showed good performance, further tuning of hyper-parameters might be necessary to improve its effectiveness compared to CNN-based models.

In summary, the trials indicate that ResNet U-Nets and ConvNeXt architectures with specific optimizers (SGD or AdamW) are particularly promising for achieving high Dice scores in medical image segmentation tasks. Additionally, uniform spacing and a batch size of 2 appear to be beneficial across different model types.
9-find_trials-stop-cognitive: **Task 1 & Task 2 Analysis:** The configurations tested cover a range of CNN and Transformer-based architectures within the nnUNet and Auto3DSeg frameworks, including variations in patch size, spacing, and architecture type. However, there are still some unexplored options such as different kernel sizes for MedNeXt (e.g., k3 vs k5) and other Mamba-based configurations like U-Mamba Bot or U-Mamba Enc.

**Task 3 Decision:** No with confidence score: 0.6. The current search space has not fully explored all potential architectures, particularly those involving different kernel sizes for CNNs and Mamba modules, which might yield better results. Further exploration is warranted to ensure no promising configurations are missed.
9-find_trials-cognitive: To recommend three promising trials from the provided search space, we need to consider several factors such as architecture type (CNN vs Transformer), patch size, spacing, and other hyperparameters. The goal is to select models that have shown strong performance trends or are likely to perform well based on their design.

### Recommendations:

1. **nnU-Net ResEnc M**
   - **Number**: 1
   - **Params**:
     ```json
     {
       "Structure": "nnU-Net ResEnc M",
       "Architecture": "ResNet U-Net (CNN)",
       "Patch Size": "128x128x128",
       "Spacing": "1x0.78x0.78",
       "Batch Size": 2,
       "Epochs": 1000,
       "Optimizer": "SGD",
       "Weight Decay": 3e-05
     }
     ```
   - **Reasoning**: This model uses residual encoder blocks, which can help in learning deeper representations. The moderate size and the use of SGD optimizer with a small weight decay suggest it is well-suited for balancing complexity and generalization.

2. **nnFormer**
   - **Number**: 11
   - **Params**:
     ```json
     {
       "Structure": "nnFormer",
       "Architecture": "Transformer",
       "Patch Size": "128x128x128",
       "Spacing": "1x1x1",
       "Batch Size": 2,
       "Epochs": 1000,
       "Optimizer": "SGD",
       "Weight Decay": 3e-05
     }
     ```
   - **Reasoning**: The nnFormer architecture leverages transformers, which have shown great success in capturing long-range dependencies and complex patterns. Given the uniform spacing (1x1x1), it is likely to perform well on structured data.

3. **A3DS DiNTS**
   - **Number**: 17
   - **Params**:
     ```json
     {
       "Structure": "A3DS DiNTS",
       "Architecture": "NAS (Auto3DSeg)",
       "Patch Size": "144x224x224",
       "Spacing": "1x0.78x0.78",
       "Batch Size": 2,
       "Epochs": 800,
       "Optimizer": "Adam",
       "Weight Decay": 3e-05
     }
     ```
   - **Reasoning**: This model is designed through neural architecture search (NAS), which can lead to highly optimized architectures for specific tasks. The larger patch size and the use of Adam optimizer suggest it might perform well on more complex or detailed data.

### JSON Format:

```json
[
    {"number": 1, "params": {
        "Structure": "nnU-Net ResEnc M",
        "Architecture": "ResNet U-Net (CNN)",
        "Patch Size": "128x128x128",
        "Spacing": "1x0.78x0.78",
        "Batch Size": 2,
        "Epochs": 1000,
        "Optimizer": "SGD",
        "Weight Decay": 3e-05
    }},
    {"number": 11, "params": {
        "Structure": "nnFormer",
        "Architecture": "Transformer",
        "Patch Size": "128x128x128",
        "Spacing": "1x1x1",
        "Batch Size": 2,
        "Epochs": 1000,
        "Optimizer": "SGD",
        "Weight Decay": 3e-05
    }},
    {"number": 17, "params": {
        "Structure": "A3DS DiNTS",
        "Architecture": "NAS (Auto3DSeg)",
        "Patch Size": "144x224x224",
        "Spacing": "1x0.78x0.78",
        "Batch Size": 2,
        "Epochs": 800,
        "Optimizer": "Adam",
        "Weight Decay": 3e-05
    }}
]
```
- [difflib] amnbious matches: ['structure:nnu-net resenc m_architecture:resnet u-net (cnn)_patch size:128x128x128_spacing:1x0.78x0.78_batch size:2_epochs:1000_optimizer:sgd_weight decay:3e-05'], raw output: structure:nnu-net resenc m_architecture:resnet u-net (cnn)_patch size:128x128x128_spacing:1x0.78x0.78_batch size:2_epochs:1000_optimizer:sgd_weight decay:3e-05_
- [difflib] amnbious matches: ['structure:nnformer_architecture:transformer_patch size:128x128x128_spacing:1x1x1_batch size:2_epochs:1000_optimizer:sgd_weight decay:3e-05'], raw output: structure:nnformer_architecture:transformer_patch size:128x128x128_spacing:1x1x1_batch size:2_epochs:1000_optimizer:sgd_weight decay:3e-05_
- [difflib] amnbious matches: ['structure:a3ds dints_architecture:nas (auto3dseg)_patch size:144x224x224_spacing:1x0.78x0.78_batch size:2_epochs:800_optimizer:adam_weight decay:3e-05'], raw output: structure:a3ds dints_architecture:nas (auto3dseg)_patch size:144x224x224_spacing:1x0.78x0.78_batch size:2_epochs:800_optimizer:adam_weight decay:3e-05_
Number of trials: 3 -> 3, 
Error_trials: [] is non-empty. 
Repeated_trials: 0 is non-empty. 
 []
[INFO] Round [12][19], Failed: [0]/[7]
{'description': 'You are a Senior Computer Vision Researcher specializing in 3D Medical Image Segmentation.', 'model': 'nnUNet Revisited', 'task': 'Benchmarking for BTCV dataset.', 'basic_idea': 'Compare CNN-, Transformer-, and Mamba-based architectures using standardized hyperparameters and datasets within nnUNet and Auto3DSeg frameworks.', 'Structure_Description': {'nnU-Net (org.)': 'A self-configuring U-Net framework that adapts its architecture and training pipeline to any given medical imaging dataset.', 'nnU-Net ResEnc M': 'A medium-sized nnU-Net variant incorporating residual encoder blocks for moderate GPU memory.', 'nnU-Net ResEnc L': 'A large nnU-Net variant using residual encoders, designed for high-memory GPU usage.', 'ResEnc L (iso spacing)': 'ResEnc L trained with isotropic spacing (1x1x1) for spatial uniformity.', 'MedNeXt L k3': 'ConvNeXt-based 3D CNN using 3x3x3 convolutions for scalable segmentation.', 'MedNeXt L k5': 'A variation of MedNeXt using 5x5x5 kernels for broader contextual capture.', 'STU-Net S': 'Small version of a scalable U-Net optimized for low-resource settings.', 'STU-Net B': 'Base variant of STU-Net balancing depth and efficiency.', 'STU-Net L': 'Large version of STU-Net with enhanced capacity for complex tasks.', 'SwinUNETR': 'A U-Net backbone using Swin Transformers to model local and global context.', 'SwinUNETR V2': 'Enhanced SwinUNETR with stagewise convolutional integration.', 'nnFormer': 'A hybrid transformer model with interleaved CNN and transformer layers.', 'CoTr': 'Combines CNNs for local encoding and transformers for global modeling.', 'U-Mamba Bot': 'Uses Mamba modules only in the bottleneck of a U-Net.', 'U-Mamba Enc': 'Uses Mamba modules throughout the encoder to enhance hierarchy learning.', 'No-Mamba Base': 'Baseline U-Net without Mamba, used for comparative evaluation.', 'A3DS SegResNet': 'Auto3DSeg-based residual network optimized for segmentation.', 'A3DS DiNTS': 'Auto3DSeg model generated through neural architecture search.', 'A3DS SwinUNETR': 'Auto3DSeg variant of SwinUNETR fine-tuned for 3D segmentation.'}, 'instruction': 'Complete instructions under limited trials.', 'link': 'https://arxiv.org/abs/2404.09556'}
12-find_trials-analyse-cognitive: ### Task 1: Analysis of Completed Trials

#### Step 1: Summarize Performance Metrics for Completed Trials

The completed trials encompass a variety of architectures, including CNNs, Transformers, hybrid models, and Auto3DSeg-generated networks. The Dice scores range from 76.54 to 84.70, indicating the effectiveness of different model structures in handling the BTCV dataset.

- **Top Performers:**
  - MedNeXt L k3 (Dice: 84.70)
  - ResEnc L (iso spacing) (Dice: 84.01)
  - U-Mamba Enc (Dice: 82.41)

- **Moderate Performers:**
  - nnU-Net ResEnc M (Dice: 83.31)
  - CoTr (Dice: 81.95)
  - A3DS SegResNet (Dice: 80.69)
  - nnFormer (Dice: 80.86)

- **Lower Performers:**
  - A3DS DiNTS (Dice: 78.18)
  - A3DS SegResNet (Dice: 80.69)
  - A3DS DiNTS (Dice: 78.18)

#### Step 2: Evaluate Performance Trends for Hyper-Parameters

**Patch Size and Spacing:**
- Models with a patch size of 128x128x128 generally performed well, especially when the spacing was isotropic (1x1x1). For instance, ResEnc L (iso spacing) achieved a Dice score of 84.01.
- The nnU-Net ResEnc M model with anisotropic spacing (1x0.78x0.78) also performed well (Dice: 83.31), suggesting that the choice of patch size and spacing can be architecture-dependent.

**Optimizer Selection:**
- SGD was predominantly used across models, achieving competitive Dice scores ranging from 84.01 to 80.69.
- AdamW showed a strong performance in MedNeXt L k3 (Dice: 84.70), indicating that the choice of optimizer can significantly impact model performance.

**Epochs and Weight Decay:**
- All models were trained for 1000 epochs, with a consistent weight decay value of 3e-05.
- The uniformity in these hyperparameters suggests that they are not critical differentiators among the top performers. However, it is worth noting that MedNeXt L k3 achieved the highest score using AdamW.

#### Step 3: Highlight Promising Hyper-Parameter Combinations

**Top Performers' Commonalities:**
- **ResNet U-Nets (CNNs):** Both ResEnc L (iso spacing) and nnU-Net ResEnc M performed well, indicating that CNN-based architectures with residual connections are effective.
- **Patch Size:** A patch size of 128x128x128 appears to be optimal for most models. The isotropic spacing (1x1x1) seems beneficial for achieving high Dice scores.

**Promising Combinations:**
- **MedNeXt L k3 with AdamW Optimizer:** This combination achieved the highest Dice score, suggesting that ConvNeXt-based architectures paired with AdamW can be highly effective.
- **ResNet U-Nets with SGD Optimizer and Isotropic Spacing:** Models like ResEnc L (iso spacing) and nnU-Net ResEnc M indicate that using isotropic spacing and SGD optimizer can lead to strong performance.

**Hybrid Models:**
- The CoTr model, which combines CNNs and Transformers, also performed well (Dice: 81.95), suggesting that hybrid architectures might be a promising direction for further exploration.

### Conclusion

The analysis reveals that CNN-based models with residual connections and isotropic spacing tend to perform well on the BTCV dataset. Additionally, the choice of optimizer plays a significant role in model performance, as seen with MedNeXt L k3 using AdamW. Hybrid architectures also show promise but require further investigation. Future trials should explore these promising combinations while considering variations in patch size and spacing for different models.
12-find_trials-stop-cognitive: **Task 1 & Task 2 Analysis:** The current search space includes several configurations across different architectures such as vanilla U-Nets, ResNet U-Nets, and Scaled U-Nets. However, it does not cover all the structures listed in the provided structure description (e.g., Transformer-based models like SwinUNETR or nnFormer are missing). 

**Task 3 Decision:** Answer: No with confidence score: 0.65. The search space has not yet explored promising configurations such as transformer-based architectures and Mamba modules, which could potentially yield better results.

Justification: Given the limited exploration of the search space, particularly in terms of architecture diversity (missing transformers and specific CNN variations), there is a reasonable likelihood that unexplored options might provide superior performance.
12-find_trials-cognitive: To recommend three promising trials from the provided search space, we need to consider several factors such as architecture type (CNN vs Transformer), patch size, spacing, and other hyperparameters. Given that all trials use similar epochs and weight decay values, the primary differentiators are the structure/architecture and spacing.

### Recommendations:

1. **nnU-Net (org.)**
   - **Number**: 0
   - **Params**:
     ```json
     {
       "Structure": "nnU-Net (org.)",
       "Architecture": "Vanilla U-Net (CNN)",
       "Patch Size": "128x128x128",
       "Spacing": "1x0.78x0.78",
       "Batch Size": 2,
       "Epochs": 1000,
       "Optimizer": "SGD",
       "Weight Decay": 3e-05
     }
     ```
   - **Reasoning**: The original nnU-Net is a well-established architecture that has shown strong performance in medical image segmentation tasks. Its adaptive nature and the use of anisotropic spacing (1x0.78x0.78) can help capture fine details effectively.

2. **MedNeXt L k5**
   - **Number**: 2
   - **Params**:
     ```json
     {
       "Structure": "MedNeXt L k5",
       "Architecture": "ConvNeXt (CNN)",
       "Patch Size": "128x128x128",
       "Spacing": "1x1x1",
       "Batch Size": 2,
       "Epochs": 1000,
       "Optimizer": "AdamW",
       "Weight Decay": 3e-05
     }
     ```
   - **Reasoning**: MedNeXt L k5 uses larger kernels (5x5x5) which can capture broader contextual information. The isotropic spacing ensures uniform spatial resolution, potentially leading to better segmentation performance.

3. **No-Mamba Base**
   - **Number**: 15
   - **Params**:
     ```json
     {
       "Structure": "No-Mamba Base",
       "Architecture": "CNN",
       "Patch Size": "128x128x128",
       "Spacing": "1x1x1",
       "Batch Size": 2,
       "Epochs": 1000,
       "Optimizer": "SGD",
       "Weight Decay": 3e-05
     }
     ```
   - **Reasoning**: This trial serves as a baseline without the Mamba modules, which can help in understanding the impact of these modules. The isotropic spacing and standard CNN architecture make it a robust choice for comparison.

### JSON Format:

```json
[
    {"number": 0, "params": {
        "Structure": "nnU-Net (org.)",
        "Architecture": "Vanilla U-Net (CNN)",
        "Patch Size": "128x128x128",
        "Spacing": "1x0.78x0.78",
        "Batch Size": 2,
        "Epochs": 1000,
        "Optimizer": "SGD",
        "Weight Decay": 3e-05
    }},
    {"number": 2, "params": {
        "Structure": "MedNeXt L k5",
        "Architecture": "ConvNeXt (CNN)",
        "Patch Size": "128x128x128",
        "Spacing": "1x1x1",
        "Batch Size": 2,
        "Epochs": 1000,
        "Optimizer": "AdamW",
        "Weight Decay": 3e-05
    }},
    {"number": 15, "params": {
        "Structure": "No-Mamba Base",
        "Architecture": "CNN",
        "Patch Size": "128x128x128",
        "Spacing": "1x1x1",
        "Batch Size": 2,
        "Epochs": 1000,
        "Optimizer": "SGD",
        "Weight Decay": 3e-05
    }}
]
```
- [difflib] amnbious matches: ['structure:nnu-net (org.)_architecture:vanilla u-net (cnn)_patch size:128x128x128_spacing:1x0.78x0.78_batch size:2_epochs:1000_optimizer:sgd_weight decay:3e-05'], raw output: structure:nnu-net (org.)_architecture:vanilla u-net (cnn)_patch size:128x128x128_spacing:1x0.78x0.78_batch size:2_epochs:1000_optimizer:sgd_weight decay:3e-05_
- [difflib] amnbious matches: ['structure:mednext l k5_architecture:convnext (cnn)_patch size:128x128x128_spacing:1x1x1_batch size:2_epochs:1000_optimizer:adamw_weight decay:3e-05'], raw output: structure:mednext l k5_architecture:convnext (cnn)_patch size:128x128x128_spacing:1x1x1_batch size:2_epochs:1000_optimizer:adamw_weight decay:3e-05_
- [difflib] amnbious matches: ['structure:no-mamba base_architecture:cnn_patch size:128x128x128_spacing:1x1x1_batch size:2_epochs:1000_optimizer:sgd_weight decay:3e-05'], raw output: structure:no-mamba base_architecture:cnn_patch size:128x128x128_spacing:1x1x1_batch size:2_epochs:1000_optimizer:sgd_weight decay:3e-05_
Number of trials: 3 -> 3, 
Error_trials: [] is non-empty. 
Repeated_trials: 0 is non-empty. 
 []
[INFO] Round [15][19], Failed: [0]/[4]
{'description': 'You are a Senior Computer Vision Researcher specializing in 3D Medical Image Segmentation.', 'model': 'nnUNet Revisited', 'task': 'Benchmarking for BTCV dataset.', 'basic_idea': 'Compare CNN-, Transformer-, and Mamba-based architectures using standardized hyperparameters and datasets within nnUNet and Auto3DSeg frameworks.', 'Structure_Description': {'nnU-Net (org.)': 'A self-configuring U-Net framework that adapts its architecture and training pipeline to any given medical imaging dataset.', 'nnU-Net ResEnc M': 'A medium-sized nnU-Net variant incorporating residual encoder blocks for moderate GPU memory.', 'nnU-Net ResEnc L': 'A large nnU-Net variant using residual encoders, designed for high-memory GPU usage.', 'ResEnc L (iso spacing)': 'ResEnc L trained with isotropic spacing (1x1x1) for spatial uniformity.', 'MedNeXt L k3': 'ConvNeXt-based 3D CNN using 3x3x3 convolutions for scalable segmentation.', 'MedNeXt L k5': 'A variation of MedNeXt using 5x5x5 kernels for broader contextual capture.', 'STU-Net S': 'Small version of a scalable U-Net optimized for low-resource settings.', 'STU-Net B': 'Base variant of STU-Net balancing depth and efficiency.', 'STU-Net L': 'Large version of STU-Net with enhanced capacity for complex tasks.', 'SwinUNETR': 'A U-Net backbone using Swin Transformers to model local and global context.', 'SwinUNETR V2': 'Enhanced SwinUNETR with stagewise convolutional integration.', 'nnFormer': 'A hybrid transformer model with interleaved CNN and transformer layers.', 'CoTr': 'Combines CNNs for local encoding and transformers for global modeling.', 'U-Mamba Bot': 'Uses Mamba modules only in the bottleneck of a U-Net.', 'U-Mamba Enc': 'Uses Mamba modules throughout the encoder to enhance hierarchy learning.', 'No-Mamba Base': 'Baseline U-Net without Mamba, used for comparative evaluation.', 'A3DS SegResNet': 'Auto3DSeg-based residual network optimized for segmentation.', 'A3DS DiNTS': 'Auto3DSeg model generated through neural architecture search.', 'A3DS SwinUNETR': 'Auto3DSeg variant of SwinUNETR fine-tuned for 3D segmentation.'}, 'instruction': 'Complete instructions under limited trials.', 'link': 'https://arxiv.org/abs/2404.09556'}
15-find_trials-analyse-cognitive: ### Task 1: Analysis of Completed Trials

#### Step 1: Summarize Performance Metrics for Completed Trials

The completed trials encompass a variety of architectures, including Transformers, U-Nets, ConvNeXts, and hybrid models. The Dice scores range from 76.54 to 85.04, indicating significant variability in performance across different configurations.

- **Best Performing Model**: MedNeXt L k5 (Dice: 85.04)
- **Worst Performing Model**: A3DS SwinUNETR (Dice: 76.54)

#### Step 2: Evaluate Performance Trends for Hyper-Parameters

**Architecture Type**:
- CNN-based models generally perform well, with MedNeXt L k5 achieving the highest Dice score of 85.04.
- Transformer architectures show mixed results; nnFormer and SwinUNETR variants have lower scores compared to their CNN counterparts.

**Patch Size and Spacing**:
- Models using a patch size of 128x128x128 with spacing 1x1x1 tend to perform better, as seen in the high Dice scores for nnU-Net ResEnc M (Dice: 83.31) and MedNeXt L k5 (Dice: 85.04).
- Larger patch sizes like 144x224x224 with spacing 1x0.78x0.78 do not necessarily lead to better performance, as evidenced by the lower Dice scores for A3DS SwinUNETR and A3DS SegResNet.

**Optimizer and Weight Decay**:
- AdamW optimizer appears effective in MedNeXt L k5 (Dice: 85.04), suggesting it might be a good choice for CNN-based models.
- SGD is also used effectively, particularly with ResEnc L (Dice: 84.04) and nnU-Net (Dice: 83.08).

**Batch Size and Epochs**:
- A batch size of 2 and 1000 epochs are consistent across all trials, indicating that these settings do not significantly impact performance variability.

#### Step 3: Highlight Promising Hyper-Parameter Combinations

Based on the analysis:

- **MedNeXt L k5 with AdamW Optimizer**: This combination achieved the highest Dice score (85.04), suggesting it is a promising configuration for future trials.
- **Patch Size of 128x128x128 and Spacing 1x1x1**: Models using this patch size and spacing generally perform well, indicating that these settings are beneficial.
- **SGD Optimizer with CNN Architectures**: SGD appears to be effective when used with CNN-based models like nnU-Net ResEnc M (Dice: 83.31) and MedNeXt L k5 (Dice: 85.04).

These insights can guide further experimentation, focusing on refining the architecture type, patch size, spacing, and optimizer choices to achieve higher Dice scores in future trials.
15-find_trials-stop-cognitive: ### Task 1: Review Analysis of Completed Trials

The completed trials show significant variability in performance across different architectures and configurations. The best-performing model is MedNeXt L k5 with a Dice score of 85.04, while the worst is A3DS SwinUNETR with a Dice score of 76.54.

### Task 2: Analysis of Search Space

The search space includes four configurations:
1. nnU-Net ResEnc L with Patch Size '80x256x256' and Spacing '3x0.76x0.76'.
2. STU-Net S, B, and L with Patch Size '128x128x128' and Spacing '1x1x1'.

These configurations are all CNN-based models using the SGD optimizer with a weight decay of 3e-05.

### Task 3: Decide Whether to Stop Optimization

#### Step 1: Analyze Criteria
- **Are all promising configurations already tested in Search Space?**
  - The search space includes only CNN-based architectures and specific patch sizes and spacings. Promising configurations from previous trials, such as MedNeXt L k5 with AdamW optimizer and Patch Size '128x128x128' and Spacing '1x1x1', are not included in the current search space.
- **Are no unexplored options likely to yield better results in Search Space?**
  - Given that previous trials have shown higher performance with different architectures (e.g., MedNeXt L k5) and optimizers (AdamW), it is unlikely that the current search space will yield the best possible results.

#### Step 2: Decide Whether All Conditions Are Met
- **Decision:** No, not all conditions are met. The current search space does not include promising configurations from previous trials.
  
**Answer: No with confidence score: 0.85**

### Justification:
The current search space is limited to specific CNN-based architectures and patch sizes that have not shown the best performance in previous trials. Expanding the search space to include other architectures and optimizers, such as MedNeXt L k5 with AdamW optimizer, could potentially yield better results.
