----------------------------------------------------------------------------------------------------
## Round 1
Response: ### Task 1: Analysis of Current Trials

1. **Summarize Performance Metrics:**
   - Trial 1: (k2=0.01, lr=0.1) resulted in a PSNR of 3.74981.
   - Trial 2: (k2=0.01, lr=0.0005) resulted in a PSNR of 15.4874 (highest).
   - Trial 3: (k2=0.0005, lr=0.0005) resulted in a PSNR of 4.46851.
  
   The highest PSNR observed is 15.4874 which indicates better image quality in Trial 2. The other trials show significantly lower PSNR values.

2. **Evaluate Performance Trends for Hyper-parameters:**
   - The learning rate (lr) has a noteworthy effect on performance. While a higher learning rate (0.1) yielded a poor result (PSNR of 3.74981), reducing it to 0.0005 provided a substantial improvement (PSNR of 15.4874).
   - The k2 values did not have a consistent influence, as the trials with k2 = 0.01 and k2 = 0.0005 show varied results (Trial 1 vs Trial 3).

3. **Highlight Promising Hyper-parameter Combinations:**
   - The combination of (k2=0.01, lr=0.0005) is exceptionally promising due to its high performance. Further trials should explore variations of k2 around 0.01 and lower values of lr.

---

### Task 2: Optimization Recommendation

Based on the analysis, here are the recommended hyper-parameters for the next 3 trials:

1. **Trial 4:**
   - k2: 0.1  
   - lr: 0.0001  
   - **Reason:** Testing a slightly higher k2 with a very small learning rate to investigate if both adjustments can improve PSNR further based on the smoother growth trend observed in previous trials.

2. **Trial 5:**
   - k2: 0.0001  
   - lr: 0.01  
   - **Reason:** Evaluating a low k2 with a moderate learning rate to understand the trade-off between k2 regularization and learning rate effects on segmentation performance.

3. **Trial 6:**
   - k2: 0.1  
   - lr: 0.001  
   - **Reason:** This combination features an increased k2 which might help in edge preservation and a moderate learning rate to scout potential performance improvements without drastic updates.

---

### Task 3: Experiment Planning

Here are the suggested trials in YAML format:

```yaml
trials:
  - trial: 4
    k2: 0.1
    lr: 0.0001
  - trial: 5
    k2: 0.0001
    lr: 0.01
  - trial: 6
    k2: 0.1
    lr: 0.001
```

---

### Task 4: Stop Optimization

Based on the highest PSNR achieved (15.4874) and the observed trend where subsequent alterations have not reliably improved upon this threshold, I recommend:

**Answer: No** with confidence score: 0.85

The current results are promising, but further tuning seems necessary to fully optimize performance, particularly with additional trials that can potentially push PSNR higher.
## Round 2
Response: ### Task 1: Analysis of Current Trials

1. **Summarize Performance Metrics:**
   - The trials conducted so far reflect a PSNR range from 1.36817 to 15.4874. The trials and their corresponding PSNR values are:
     - Trial 1: k2=0.01, lr=0.1, PSNR=3.74981
     - Trial 2: k2=0.01, lr=0.0005, PSNR=15.4874 (highest performance)
     - Trial 3: k2=0.0005, lr=0.0005, PSNR=4.46851
     - Trial 4: k2=0.1, lr=0.0001, PSNR=1.36817
     - Trial 5: k2=0.0001, lr=0.01, PSNR=1.3786
     - Trial 6: k2=0.1, lr=0.001, PSNR=1.36817

2. **Evaluate Performance Trends for Hyper-parameters:**
   - The learning rate (lr) shows a significant variance in PSNR. A lower learning rate (e.g., lr=0.0005) with k2=0.01 yielded the highest PSNR, indicating better convergence or image quality.
   - The k2 value of k2=0.01 also appears beneficial, as it achieved the highest PSNR while other higher or lower values paired with different learning rates produced lower results.

3. **Highlight Promising Hyper-parameter Combinations:**
   - The combination of **k2=0.01 and lr=0.0005** is particularly promising, achieving the best performance so far (PSNR = 15.4874).
   - Other combinations such as **k2=0.01 with various learning rates** could be explored further as they show potential.

### Task 2: Optimization Recommendation

Based on the analysis of current trials, here are recommendations for the next 3 trials:

1. **Trial 7:**
   - **lr = 0.0001**, **k2 = 0.01**
   - **Reason:** Leveraging the best k2 value previously explored while testing a new (lower) learning rate that is expected to converge well.

2. **Trial 8:**
   - **lr = 0.001**, **k2 = 0.0005**
   - **Reason:** both parameters are low but distinct from previous trials, aimed at exploring a promising region of the hyper-parameter space.

3. **Trial 9:**
   - **lr = 0.0005**, **k2 = 0.1**
   - **Reason:** The combination diversifies k2 and attempts to understand how a slightly higher k2 value impacts the results with an established effective learning rate.

### Task 3: Experiment Planning

```yaml
trials:
  - trial: 7
    k2: 0.01
    lr: 0.0001
  - trial: 8
    k2: 0.0005
    lr: 0.001
  - trial: 9
    k2: 0.1
    lr: 0.0005
```

### Task 4: Stop Optimization

Given the highest PSNR from the trials is 15.4874, it shows promise in performance. However, whether to stop optimization would typically depend on a defined performance threshold. For context, 15.4874 is a substantial PSNR value indicating good image quality. However, without a specified threshold, it is challenging to definitively say if further trials should be rejected based on the current results.

**Answer: No with confidence score: 0.85** (I recommend continuing exploration due to potential improvements in PSNR).
## Round 3
Response: ### Task 1: Analysis of Current Trials

1. **Summarize performance metrics:**
   - The PSNR (Peak Signal-to-Noise Ratio) values from the completed trials are as follows:
     1. Trial 1: (k2: 0.01, lr: 0.1) → PSNR: 3.74981
     2. Trial 2: (k2: 0.01, lr: 0.0005) → PSNR: 15.4874
     3. Trial 3: (k2: 0.0005, lr: 0.0005) → PSNR: 4.46851
     4. Trial 4: (k2: 0.1, lr: 0.0001) → PSNR: 1.36817
     5. Trial 5: (k2: 0.0001, lr: 0.01) → PSNR: 1.3786
     6. Trial 6: (k2: 0.1, lr: 0.001) → PSNR: 1.36817
     7. Trial 7: (k2: 0.01, lr: 0.0001) → PSNR: 16.2676
     8. Trial 8: (k2: 0.0005, lr: 0.001) → PSNR: 4.57776
     9. Trial 9: (k2: 0.1, lr: 0.0005) → PSNR: 1.36817

2. **Evaluate performance trends for hyper-parameters:**
   - **Learning Rate (lr) Analysis:**
     - A lower learning rate (0.0005) seems to perform well, evidenced by Trial 2 (PSNR: 15.4874) and Trial 7 (PSNR: 16.2676).
     - Higher learning rates (like 0.1 and 0.01) tend to perform poorly, especially in early trials.
   - **k2 Analysis:**
     - The combination of k2 = 0.01 showed promising results with both lr = 0.0005 and lr = 0.0001, leading to higher PSNR values.
     - Other values of k2 yielded lower PSNR, especially when used with higher learning rates (e.g., k2 = 0.1).

3. **Highlight promising hyper-parameter combinations:**
   - **Most promising combinations based on PSNR:**
     - (k2: 0.01, lr: 0.0005) → PSNR: 15.4874
     - (k2: 0.01, lr: 0.0001) → PSNR: 16.2676
   - These combinations display a clear trend of improved performance with lower values of learning rate while using k2 = 0.01.

---

### Task 2: Optimization Recommendation

Based on the analysis above, I recommend the following hyper-parameters for the next trials:

1. **Trial 10:** 
   - k2: **0.0001**
   - lr: **0.0005**
   - **Reason:** Explore increasing k2 slightly from 0.00001 while maintaining a low learning rate, which previously showed improved PSNR values in trials.

2. **Trial 11:**
   - k2: **0.0005**
   - lr: **0.01**
   - **Reason:** Investigating the combination of k2 = 0.0005 with a higher learning rate; however, not highly expected to outperform previous top values, but valuable for understanding trend shifts.

3. **Trial 12:**
   - k2: **0.01**
   - lr: **0.001**
   - **Reason:** Revisit the middle ground of the learning rate while keeping k2 at its most successful value from earlier trials (0.01) to see if the result still holds.

---

### Task 3: Experiment Planning

Now converting the optimization recommendations into YAML format for the suggested trials:

```yaml
trials:
  - trial: 10
    k2: 0.0001
    lr: 0.0005
  - trial: 11
    k2: 0.0005
    lr: 0.01
  - trial: 12
    k2: 0.01
    lr: 0.001
```

---

### Task 4: Stop Optimization

Evaluating the current PSNR values, the highest reported is from Trial 7 (PSNR: 16.2676). Without a defined threshold, the performance appears to be improving. Since further exploration may yield higher PSNR values, I would suggest continuing with optimization.

**Answer: No with confidence score: 0.85**
## Round 4
Response: ### Analysis of Current Trials

1. **Summarize Performance Metrics**:
   - The trials produced varying PSNR (Peak Signal-to-Noise Ratio) values, indicating differentiated performance:
     - Highest PSNR achieved in trial 7 with `k2 = 0.01` and `lr = 0.0001`: **16.2676**
     - Next highest was in trial 12 with `k2 = 0.01` and `lr = 0.001`: **15.9517**
     - Lowest PSNR recorded was in trial 4 (`k2 = 0.1` and `lr = 0.0001`): **1.36817**

2. **Evaluate Performance Trends for Hyper-Parameters**:
   - The learning rate (lr) appears to have a significant impact on performance:
     - Lower learning rates (`0.001`, `0.0005`, `0.0001`) seem to yield better results when combined with `k2 = 0.01`.
     - Higher learning rates like `0.1` consistently yield lower PSNR values, regardless of the `k2` value.
   - The value for `k2` also seems crucial:
     - `k2 = 0.01` shows the best performance overall when paired with appropriately low learning rates.
     - Higher `k2` values (`0.1`) do not perform well with a variety of learning rates.

3. **Highlight Promising Hyper-Parameter Combinations**:
   - The combination of `k2 = 0.01` and learning rates of `0.0001` and `0.001` are promising, yielding the highest PSNR values.
   - It would be prudent to explore further lower learning rate options alongside `k2 = 0.01` based on observed performance.

### Optimization Recommendation

Based on the analysis, here are the recommended hyper-parameters for the next 3 trials:

1. **Trial 13**:  
   - `k2`: 0.01  
   - `lr`: 0.0001  
   - **Reason**: Achieved promising results in Trial 7, likely to continue improving PSNR. 

2. **Trial 14**:  
   - `k2`: 0.001  
   - `lr`: 0.01  
   - **Reason**: Testing slightly higher `k2` with existing lr might yield balanced results, considering it hasn’t been explored much yet.

3. **Trial 15**:  
   - `k2`: 0.0005  
   - `lr`: 0.0001  
   - **Reason**: Maintains a low learning rate while testing against `k2 = 0.0005`, potentially improving the stability and generalized performance.

### Experiment Planning

Here are the YAML formatted suggestions for the next trials:

```yaml
- trial: 13
  k2: 0.01
  lr: 0.0001
- trial: 14
  k2: 0.001
  lr: 0.01
- trial: 15
  k2: 0.0005
  lr: 0.0001
```

### Stop Optimization

Given the performance trends and the highest PSNR attained (16.2676), it appears that results can be improved notably but still rely on careful tuning. However, if results from the further trials exceed a high threshold, stopping may be warranted.

**Answer: No** with confidence score: 0.8 (as it appears results could still improve with further tuning).

Please let me know if you need any further clarification or additional assistance!
## Round 5
Response: ### Analysis of Current Trials
1. **Summary of Performance Metrics**:
   - The completed trials yielded varied PSNR values, indicating significant differences in segmentation performance based on the chosen hyper-parameter configurations.
   - PSNR values range from a low of approximately 1.36817 to a high of around 16.2676.

2. **Performance Trends for Hyper-Parameters**:
   - **Learning Rate (lr)**: 
     - Higher learning rates (e.g., 0.1) show poor performance (PSNR = 3.74981). Rates around 0.0001 to 0.001 seem more effective, achieving better PSNR scores, particularly 0.0005 (PSNR = 15.4874) and 0.001 (PSNR = 15.9517).
   - **Regularization Parameter (k2)**: 
     - Lower values of k2 demonstrate better results (0.01 resulting in PSNR = 16.2676, 0.0001 leading to lower scores). Higher values (such as 0.1) did not perform well across trials. 

3. **Promising Hyper-Parameter Combinations**:
   - The combination of `k2 = 0.01` and `lr = 0.0001` yielded a promising PSNR score (16.2676).
   - The combination of `k2 = 0.01` with `lr = 0.001` also achieved a competitive PSNR score (15.9517).

### Optimization Recommendation
Based on the analysis of the completed trials, I recommend the following hyper-parameter combinations for the next three trials:

1. **Trial 13**: 
   - **k2**: 0.0005
   - **lr**: 0.0001
   - **Reason**: The combination explores a lower regularization strength coupled with a low learning rate, which might improve the balance between complexity and performance.

2. **Trial 14**: 
   - **k2**: 0.0001
   - **lr**: 0.01
   - **Reason**: This combination re-evaluates a higher learning rate but with minimal regularization. The last configurations with low k2 have shown promising results with a more refined search when paired with moderate learning rates.

3. **Trial 15**: 
   - **k2**: 0.1
   - **lr**: 0.001
   - **Reason**: This explores a setting with moderate learning rate and higher regularization. It should help in understanding the performance boundaries when using a stronger edge-aware prior with a gradual learning pace.

### Experiment Planning
Here are the YAML specifications for the next three recommended trials:

```yaml
- trial: 13
  k2: 0.0005
  lr: 0.0001

- trial: 14
  k2: 0.0001
  lr: 0.01

- trial: 15
  k2: 0.1
  lr: 0.001
```

### Stop Optimization
Given the current performance metrics, particularly with the PSNR results breaching the typical expectations of segmentation tasks, it seems that the models are performing adequately well. If a demonstrated benchmark is met, the optimization can be considered for cessation. 

Answer: No with confidence score: 0.85
## Round 6
Response: ### Task 1: Analysis of Current Trials

1. **Summarize Performance Metrics**:
   - The trials have yielded varying PSNR values, ranging from 1.36817 to 16.2676.
   - Notably higher values are observed for `lr = 0.0005` with `k2 = 0.01` (PSNR: 15.4874) and `lr = 0.001` with `k2 = 0.01` (PSNR: 15.9517).

2. **Evaluate Performance Trends for Hyper-parameters**:
   - **Learning Rate (`lr`)**:
     - High learning rates (0.1) generally led to lower PSNR scores, indicating instability or overshooting during training.
     - Lower learning rates (0.0005 and 0.001) appear more favorable, especially paired with `k2 = 0.01`.
   - **Regularization Parameter (`k2`)**:
     - Moderate values of `k2` (0.01 and 0.0005) tend to produce better results than high values (0.1) or very low values (0.0001).
     - The combination of `k2 = 0.01` and `lr = 0.0001` yielded one of the lowest PSNR scores, suggesting inefficient regularization.

3. **Highlight Promising Hyper-parameter Combinations**:
   - **Best combinations identified**:
     - `k2 = 0.01`, `lr = 0.0005` (PSNR: 15.4874)
     - `k2 = 0.01`, `lr = 0.001` (PSNR: 15.9517)
   - Both combinations utilizing `k2 = 0.01` demonstrate promise and consistency in achieving higher PSNR.

### Task 2: Optimization Recommendation

Considering the previous trials, I will propose three new trials based on the remaining combinations from the search space that have not been tested.

1. **Trial Proposal 1**:
   - **k2**: 0.0001
   - **lr**: 0.001
   - **Reason**: Exploring a lower regularization parameter with a moderately low learning rate to test potential improvements in PSNR.

2. **Trial Proposal 2**:
   - **k2**: 0.0005
   - **lr**: 0.01
   - **Reason**: This combination will probe the interaction of higher learning rates with a moderate regularization parameter, which shows promise based on earlier trials.

3. **Trial Proposal 3**:
   - **k2**: 0.1
   - **lr**: 0.001
   - **Reason**: Testing the combination of a higher regularization variable alongside a lower learning rate may provide insights into stability and better segmenting.

### Task 3: Experiment Planning

After establishing the recommendations, I will convert them into YAML format as follows:

```yaml
- trial: 13
  k2: 0.0001
  lr: 0.001
- trial: 14
  k2: 0.0005
  lr: 0.01
- trial: 15
  k2: 0.1
  lr: 0.001
```

### Task 4: Stop Optimization

As the PSNR values from trials 11 and 12 (1.37036 and 15.9517) indicate that we have achieved a reasonable level of performance, I will confidently suggest to stop further optimization if we observe that the high performance exceeds a satisfactory threshold.

**Answer**: Yes with confidence score: 0.85
## Round 7
Response: ### Task 1: Analysis of Current Trials

1. **Summarize performance metrics:**
   - The performance of the trials is measured in terms of PSNR (Peak Signal to Noise Ratio). Here are the results:
     - Trial 1: (k2=0.01, lr=0.1) → PSNR: 3.74981
     - Trial 2: (k2=0.01, lr=0.0005) → PSNR: 15.4874
     - Trial 3: (k2=0.0005, lr=0.0005) → PSNR: 4.46851
     - Trial 4: (k2=0.1, lr=0.0001) → PSNR: 1.36817
     - Trial 5: (k2=0.0001, lr=0.01) → PSNR: 1.3786
     - Trial 6: (k2=0.1, lr=0.001) → PSNR: 1.36817
     - Trial 7: (k2=0.01, lr=0.0001) → PSNR: 16.2676
     - Trial 8: (k2=0.0005, lr=0.001) → PSNR: 4.57776
     - Trial 9: (k2=0.1, lr=0.0005) → PSNR: 1.36817
     - Trial 10: (k2=0.0001, lr=0.0005) → PSNR: 3.61025
     - Trial 11: (k2=0.0005, lr=0.01) → PSNR: 1.37036
     - Trial 12: (k2=0.01, lr=0.001) → PSNR: 15.9517

   - The highest PSNR values recorded are:
     - Trial 7: PSNR = 16.2676
     - Trial 12: PSNR = 15.9517
     - Trial 2: PSNR = 15.4874

2. **Evaluate performance trends for hyper-parameters:**
   - **Learning Rate (lr):**
     - Lower learning rates (0.0001, 0.0005) often produced lower PSNR values. 0.01 gave mixed results.
     - A learning rate of 0.0005 gave a comparatively high PSNR in trial 2 and lower in other configurations.
   - **k2:**
     - A middle value of k2 (0.01) appears to perform best with lr=0.0005 (trial 2) and lr=0.001 (trial 12).
     - k2=0.1 consistently yields low PSNR values across various trials.

3. **Highlight promising hyper-parameter combinations:**
   - Most promising combinations based on PSNR:
     - (k2=0.01, lr=0.0001) with PSNR = 16.2676
     - (k2=0.01, lr=0.001) with PSNR = 15.9517
     - (k2=0.01, lr=0.0005) with PSNR = 15.4874

### Task 2: Optimization Recommendation
Based on the analysis of the current trials, I recommend the following combinations for the next 3 trials:

1. **Trial 13:**
   - **k2 = 0.0001**
   - **lr = 0.0001**
   - **Reason:** While this is a smaller scale for both parameters, it has not been tested together, and lower k2 values could help improve spatial details based on previous observations.

2. **Trial 14:**
   - **k2 = 0.0005**
   - **lr = 0.01**
   - **Reason:** A higher learning rate with a middle k2 value might yield contrasting effects and potentially uncover better learning dynamics unseen with other combinations.

3. **Trial 15:**
   - **k2 = 0.1**
   - **lr = 0.01**
   - **Reason:** Testing higher k2 again with an adaptive learning rate may give insights into its response under different conditions, despite previous trials yielding lower PSNR.

### Task 3: Experiment Planning (YAML Format)
```yaml
trials:
  - trial: 13
    k2: 0.0001
    lr: 0.0001
  - trial: 14
    k2: 0.0005
    lr: 0.01
  - trial: 15
    k2: 0.1
    lr: 0.01
```

### Task 4: Stop Optimization
Assuming that the threshold for satisfactory results is not explicitly defined here, it can be inferred that we might have solutions that hold significant promise, but it is essential to confirm through further iterations.

**Answer: No with confidence score: 0.75** 

This indicates that while we have seen promising results, further optimization is likely needed to push beyond the boundaries of the current performance.
## Round 8
Response: ### Task 1: Analysis of Current Trials

1. **Summarize performance metrics:**
   - The PSNR (Peak Signal-to-Noise Ratio) values from the completed trials demonstrate a range from approximately 1.36817 to 16.2676. The highest achieved PSNR is 16.2676 at `k2 = 0.01` and `lr = 0.0001`.

2. **Evaluate performance trends for hyper-parameters:**
   - **Learning Rate (lr):** The best performance is observed with a lower learning rate (0.0001 and 0.0005). Higher values like 0.1 and 0.01 generally yield poorer PSNR.
   - **k2 values:** The best k2 value (0.01) produces better results compared to both extremes (0.1 and 0.0001) and shows potential with lower values for better segmentation performance.

3. **Highlight promising hyper-parameter combinations:**
   - **Combination 1:** `k2 = 0.01`, `lr = 0.0001` produced a PSNR of 16.2676.
   - **Combination 2:** `k2 = 0.01`, `lr = 0.001` led to a PSNR of 15.9517.
   - **Combination 3:** The combination of parameters tried with low values of `k2 = 0.0001` and `lr = 0.0005` yielded moderate results and suggests low k2 values might be beneficial.

---

### Task 2: Optimization Recommendation

Based on the analysis of current trials, here are the recommended hyper-parameters for the next three trials:

1. **Trial 16**
   - `k2 = 0.0001`
   - `lr = 0.001`
   - **Reason:** This combination was close to achieving strong PSNR performance in previous trials. Testing it thoroughly can yield insights.

2. **Trial 17**
   - `k2 = 0.0005`
   - `lr = 0.0001`
   - **Reason:** Lower learning rates with this k2 value may further enhance segmentation performance, as previous trials show mixed results suggesting potential gain.

3. **Trial 18**
   - `k2 = 0.01`
   - `lr = 0.0005`
   - **Reason:** This combination previously yielded high PSNR and should be evaluated with fresh trials, ensuring rigorous examination.

---

### Task 3: Experiment Planning

Next, I will convert the optimization recommendations to the YAML format.

```yaml
- trial: 16
  k2: 0.0001
  lr: 0.001

- trial: 17
  k2: 0.0005
  lr: 0.0001

- trial: 18
  k2: 0.01
  lr: 0.0005
```

---

### Task 4: Stop Optimization

In analyzing the performance metrics and the progression thus far, the results have not yet surpassed a clear high-performance threshold, with the maximum PSNR recorded at 16.2676.

**Answer:** No with confidence score: 0.75

While they are promising, further trials are necessary to fine-tune the hyper-parameters and confirm if higher PSNR can be consistently achieved.
## Round 9
Response: ### Task 1: Analysis of Current Trials

1. **Summarize Performance Metrics:**
   - The PSNR values from the completed trials vary significantly, with the highest recorded PSNR being 16.2676 (Trial 7).
   - Several trials produced PSNR values below 5, indicating insufficient performance potentially due to suboptimal hyper-parameter settings.
   - The values suggest that finer tuning of hyper-parameters can lead to better results, particularly in the region of low learning rates and selected values of `k2`.

2. **Evaluate Performance Trends for Hyper-parameters:**
   - The learning rate (`lr`):
     - Higher learning rates (0.1 and 0.01) generally resulted in low PSNR values (Trials 1, 4, 5, and 15).
     - Lower learning rates (0.0005, 0.001) yielded better PSNRs, particularly at `k2 = 0.01` and `k2 = 0.0001`.
     
   - The parameter `k2`:
     - Lower values of `k2` seem to favor higher PSNR scores. For example, `k2 = 0.01` and `0.0005` resulted in two of the top PSNR results (Trial 7 and 12).
     - Higher values of `k2`, specifically `0.1`, did not perform well across trials.

3. **Highlight Promising Hyper-parameter Combinations:**
   - Trial 7 `(k2=0.01, lr=0.0001)` has shown the best performance with a PSNR of 16.2676.
   - Trial 12 `(k2=0.01, lr=0.001)` also has a high PSNR of 15.9517, suggesting this combination could consistently yield good results.
   - The range of low learning rates paired with a `k2` of `0.01` has been particularly effective.

---

### Task 2: Optimization Recommendation
To further explore the hyper-parameter space based on analysis, we recommend the following three trials:

1. **Trial 16:**
   - **k2:** 0.001
   - **lr:** 0.01
   - **Reason:** While `0.01` was not optimal with higher `k2`, it offers potential synergy when paired with a medium `k2` to balance the impact on the edge-aware prior.

2. **Trial 17:**
   - **k2:** 0.0005
   - **lr:** 0.0001
   - **Reason:** Given the previous performance with lower `k2`, this configuration allows exploration at a very low learning rate to stabilize performance further, potentially reaching a local maximum.

3. **Trial 18:**
   - **k2:** 0.0001
   - **lr:** 0.0005
   - **Reason:** This hyper-parameter combination has not been tested and allows for assessment of finer regularization with a low learning rate based on existing encouraging results involving small `k2`.

---

### Task 3: Experiment Planning
Based on the recommendations, the YAML format for the suggested trials will be as follows:

```yaml
trials:
  - trial: 16
    k2: 0.001
    lr: 0.01
  - trial: 17
    k2: 0.0005
    lr: 0.0001
  - trial: 18
    k2: 0.0001
    lr: 0.0005
```

---

### Task 4: Stop Optimization
After analyzing the current performance metrics and trends, the next trials are expected to yield better insights into the ideal hyper-parameter combinations. However, if we assume a threshold PSNR for stopping is set at around `15`, and we have produced PSNR values exceeding this, we conclude:

Answer: No with confidence score: 0.85 

This score reflects a reasonable certainty that the exploration still has potential for improvement and adaptive learning outcomes.
## Round 10
Response: ### Task 1: Analysis of Current Trials

1. **Summarize Performance Metrics**
   - The trials evaluated produce varying Peak Signal-to-Noise Ratio (PSNR) values, indicating different levels of performance in self-supervised single image segmentation. The highest PSNR values are observed at specific combinations of `k2` and `lr`:
     - **Best performing trials**:
       - Trial 2: `k2 = 0.0005`, `lr = 0.0005`, PSNR = 15.4874
       - Trial 7: `k2 = 0.01`, `lr = 0.0001`, PSNR = 16.2676
       - Trial 12: `k2 = 0.01`, `lr = 0.001`, PSNR = 15.9517
       - Trial 17: `k2 = 0.0005`, `lr = 0.0001`, PSNR = 15.8349

2. **Evaluate Performance Trends for Hyper-parameters**
   - **Learning Rate (lr)**:
     - A lower learning rate generally appears to yield better results across trials. The best PSNR values can be associated with lower values of `lr`, particularly `0.0001` and `0.0005`.
   - **k2 values**:
     - The trials with `k2` values of `0.01` and `0.0005` seem to produce higher PSNR scores, suggesting that these values likely contribute to the network's ability to learn image segmentation effectively.

3. **Highlight Promising Hyper-parameter Combinations**
   - Promising combinations are:
     - `k2 = 0.0005`, `lr = 0.0001` (Trial 17)
     - `k2 = 0.01`, `lr = 0.0001` (Trial 7)
     - `k2 = 0.01`, `lr = 0.001` (Trial 12)
   - These combinations yield the highest PSNR scores and thus indicate potential for further trials.

### Task 2: Optimization Recommendation

Recommended hyper-parameter combinations for the next three trials:

1. **Trial 19**
   - **k2**: 0.0001
   - **lr**: 0.001
   - **Reason**: Since `k2 = 0.0001` has not been extensively tested with `lr = 0.001`, it could provide insights into the model's behavior in this configuration, possibly improving PSNR.

2. **Trial 20**
   - **k2**: 0.0005
   - **lr**: 0.01
   - **Reason**: This combination leverages the previously shown success of `k2 = 0.0005`. Testing it with a higher `lr` of `0.01` can reveal whether a faster convergence rate can still yield high-quality segmentations.

3. **Trial 21**
   - **k2**: 0.1
   - **lr**: 0.0005
   - **Reason**: Testing `k2 = 0.1` with a lower learning rate may provide important information regarding robustness and the potential for better edge-aware learning capabilities in the model.

### Task 3: Experiment Planning

Converting the recommendations to YAML format according to the provided trial's format:

```yaml
trials:
  - trial: 19
    k2: 0.0001
    lr: 0.001
  - trial: 20
    k2: 0.0005
    lr: 0.01
  - trial: 21
    k2: 0.1
    lr: 0.0005
```

### Task 4: Stop Optimization

Based on the analysis of PSNR scores from previous trials, where the maximum observed PSNR was around 16.2676, we can decide on continuing or ceasing optimization depending on specific thresholds. Assuming the threshold for rejecting additional trials would be a PSNR around 17 or higher:

**Answer:** No, with confidence score: 0.85

This confidence score reflects the consistent results from current trials indicating a diminishing return on further testing without significant upgrades in the hyper-parameter spaces.
## Round 11
Response: ### Analysis of Current Trials

1. **Performance Metrics Summary**:
   - The best PSNR achieved in the trials is **16.2676** using parameters \( k2 = 0.01 \) and \( lr = 0.0001 \).
   - There are varying PSNR results across different combinations ranging from a low of **1.36817** to a high of **16.2676**, indicating a potential strong dependency of performance on the selected hyper-parameter values.

2. **Performance Trends for Hyper-Parameters**:
   - **Learning Rate (lr)**:
     - Higher values of lr (0.1) resulted in consistently low PSNR, indicating instability or overshooting.
     - Lower values, especially \( lr = 0.0001 \), appear to yield better performance.
   - **k2**:
     - Lower values of k2 (0.0001, 0.0005) have resulted in a few of the better-performing trials, notably \( k2 = 0.01 \) paired with \( lr = 0.0001 \) showing great results.

3. **Promising Hyper-Parameter Combinations**:
   - The combination \( k2 = 0.01 \), \( lr = 0.0001 \) achieved a high PSNR (16.2676), making it one of the most promising combinations.
   - The combination \( k2 = 0.0005 \), \( lr = 0.0005 \) returned lower PSNR values consistently and may require different hyper-parameters.

### Optimization Recommendation

Based on the analysis of the current trials, I recommend the following hyper-parameter trials for the next 3 experiments:

1. **Trial 22**:
   - **k2 = 0.1**
   - **lr = 0.0001**
   - **Reason**: This combination has not been tested yet, and while \( k2 = 0.1 \) previously resulted in low effectiveness with higher lr, testing it with a lower lr may yield improved results.

2. **Trial 23**:
   - **k2 = 0.01**
   - **lr = 0.001**
   - **Reason**: Both \( k2 = 0.01 \) and \( lr = 0.001 \) performed relatively well in previous trials. Their interaction has not yet been tested and may provide significant improvements.

3. **Trial 24**:
   - **k2 = 0.0001**
   - **lr = 0.01**
   - **Reason**: Lowering \( k2 \) while increasing \( lr \) has shown the capacity to explore an under-represented domain in the hyper-parameter space and offers a chance to stabilize performance.

### Experiment Planning

The suggested trials converted to YAML format will be as follows:

```yaml
- trial: 22
  k2: 0.1
  lr: 0.0001

- trial: 23
  k2: 0.01
  lr: 0.001

- trial: 24
  k2: 0.0001
  lr: 0.01
```

### Stop Optimization

Given the results, where the best PSNR achieved (16.2676) is higher than many previous attempts but still somewhat moderate, further experiments may yield more improvements. However, if internal thresholds or performance benchmarks suggest that this value is satisfactory given the context of the task, the optimization could be deemed complete.

**Answer: No with confidence score: 0.85** (Confidence level is moderate as the potential for improvement exists based on current performance metrics.)
## Round 12
Response: ### Task 1: Analysis of Current Trials
1. **Summary of Performance Metrics**: The PSNR values achieved across the completed trials range significantly, from as low as 1.36817 to as high as 16.2676. This indicates variability in model performance based on different hyper-parameter settings.
   
2. **Performance Trends**:
   - **Learning Rate (lr)**:
     - Higher learning rates (0.1, 0.01) generally performed poorly, as indicated by low PSNR values (e.g., 3.74981, 1.38248).
     - Moderate learning rates around 0.0005 yielded better results, particularly when combined with lower k2 values.
   - **k2 Regularization**:
     - Lower k2 values (0.0001, 0.0005) seem to enhance PSNR in certain configurations, while higher values (0.1) tend to contribute to lower PSNR.
     - Besides, a combination of low k2 (0.01) with moderate learning rates (0.0005, 0.001) saw high PSNR values like 15.4874 and 15.9517.

3. **Promising Hyper-parameter Combinations**:
   - (k2: 0.01, lr: 0.0005) leading to PSNR = 15.4874.
   - (k2: 0.01, lr: 0.001) leading to PSNR = 15.9517.
   - These settings should be further explored due to their consistent performance in improving PSNR.

### Task 2: Optimization Recommendation
- Based on the analysis, I recommend the following hyper-parameter combinations for the next trials:

1. **Trial 22**: (k2: 0.0001, lr: 0.001)
   - Reason: This combination is expected to enhance PSNR based on performance trends noted with low k2 and moderate learning rates.

2. **Trial 23**: (k2: 0.001, lr: 0.0005)
   - Reason: While not extensively evaluated in prior trials, this configuration maintains a balance and could lead to new optimization pathways by exploring previously less utilized k2.

3. **Trial 24**: (k2: 0.0005, lr: 0.0001)
   - Reason: A previously evaluated combination that exhibited a solid performance ceiling; testing it again under slightly different conditions could yield beneficial insights.

### Task 3: Experiment Planning
```yaml
- trial: 22
  k2: 0.0001
  lr: 0.001
- trial: 23
  k2: 0.001
  lr: 0.0005
- trial: 24
  k2: 0.0005
  lr: 0.0001
```

### Task 4: Stop Optimization
Answer: No with confidence score: 0.85
## Round 13
Response: ### Task 1: Analysis of Current Trials
1. **Summarize performance metrics**:
   - The results of the 21 completed trials yield a range of PSNR (Peak Signal-to-Noise Ratio) values between approximately 1.36817 and 16.2676.
   - The highest PSNR observed is 16.2676, achieved with `k2 = 0.01` and `lr = 0.0001`, indicating a potentially effective parameter combination that results in better segmentation performance.

2. **Evaluate performance trends for hyper-parameters**:
   - Learning Rate (lr):
     - Higher learning rates (0.1, 0.01) generally resulted in lower PSNR across different trials.
     - Lower learning rates (0.0005, 0.0001) exhibited better performance, with PSNR 15.4874 and 16.2676 achieved with `lr = 0.0005` and `lr = 0.0001`, respectively.
   - Regularization Strength (k2):
     - Intermediate values of `k2` (0.01 and 0.0005) appear to be more beneficial compared to high values like 0.1, which results in consistently lower metrics. 
     - However, the best performing trial used `k2 = 0.01`.

3. **Highlight promising hyper-parameter combinations**:
   - **Best Performing**: `k2 = 0.01`, `lr = 0.0001`, with PSNR = 16.2676.
   - Others worth noting:
     - `k2 = 0.0005`, `lr = 0.0005` produced a PSNR of 15.4874.
     - `k2 = 0.01`, `lr = 0.001` yielded a PSNR of 15.9517.

### Task 2: Optimization Recommendation
Based on the analysis of the current trials, I recommend the following hyper-parameter combinations for the next 3 trials:

1. **Trial 22**: `k2 = 0.0005`, `lr = 0.1`
   - Reason: Explore a high learning rate with a moderate regularization term which might help discover new regions in the segmentation error landscape.

2. **Trial 23**: `k2 = 0.01`, `lr = 0.01`
   - Reason: Continue leveraging the effective `k2` while slightly adjusting `lr` to observe how it interacts with a different learning rate that previously showed no significant success.

3. **Trial 24**: `k2 = 0.1`, `lr = 0.0001`
   - Reason: To test if an increase in the regularization strength might still yield good results when coupled with a very low learning rate.

### Task 3: Experiment Planning
Converting Optimization Recommendation to YAML format according to the specified trial's format:

```yaml
trials:
  - trial: 22
    k2: 0.0005
    lr: 0.1
  - trial: 23
    k2: 0.01
    lr: 0.01
  - trial: 24
    k2: 0.1
    lr: 0.0001
```

### Task 4: Stop Optimization
After analyzing the results, I consider the PSNR results and the current state of trials. Given that the highest PSNR achieved during the trials surpassed typical thresholds for similar tasks, I strongly believe that further optimization might not yield significant improvements.

Answer: Yes with confidence score: 0.85
----------------------------------------------------------------------------------------------------
## Round 1
**Task: Analysis of Current Trials**

1. **Summarize performance metrics:**
   - Trial 1 (k2=0.01, lr=0.1): PSNR = 3.74981
   - Trial 2 (k2=0.01, lr=0.0005): PSNR = 15.4874
   - Trial 3 (k2=0.0005, lr=0.0005): PSNR = 4.46851

2. **Evaluate performance trends for hyper-parameters:**
   - The learning rate (lr) has a significant impact on PSNR, as evidenced by the large difference between lr=0.1 and lr=0.0005 in Trial 1 and Trial 2. Lower learning rates appear to perform better, particularly lr=0.0005.
   - The k2 parameter also affects performance, but its combinations with the learning rates are crucial. The combination of k2=0.01 and lr=0.0005 yielded the highest PSNR.

3. **Highlight promising hyper-parameter combinations:**
   - The combination of (k2=0.01, lr=0.0005) is the most promising based on the results, showing a significantly better PSNR compared to the other combinations tested.

**Task: Optimization Recommendation**

Based on the hyper-parameter analysis, here are the recommended hyper-parameters for the next 3 trials:

1. Trial 4:
   - k2: 0.0001
   - lr: 0.0001
   - Reason: Exploring lower bounds for both hyper-parameters might yield better results given that lower lr has shown better performance in previous trials.

2. Trial 5:
   - k2: 0.01
   - lr: 0.001
   - Reason: This combination reuses a known good value for k2 (0.01) while trying a middle value for lr (0.001), which may balance convergence speed and stability.

3. Trial 6:
   - k2: 0.0001
   - lr: 0.01
   - Reason: Attempting to see if a slightly higher lr combined with a very low k2 affects PSNR positively.

**Task: Experiment Planning**

```yaml
trials:
- k2: 0.0001
  lr: 0.0001
- k2: 0.01
  lr: 0.001
- k2: 0.0001
  lr: 0.01
```

**Task: Stop Optimization**

Answer: No with confidence score: 0.95
## Round 2
1. **Analysis of Current Trials:**
   - **Performance Metrics Summary:**
     - The highest PSNR recorded is 15.9517 with a configuration of `k2 = 0.01` and `lr = 0.001`. This indicates reasonable performance in terms of image reconstruction quality.
     - The lowest PSNR noted is 1.3786 with `k2 = 0.0001` and `lr = 0.01`, which suggests poor reconstruction capabilities under this combination.

   - **Performance Trends for Hyper-parameters:**
     - Higher learning rates (like `0.1` or `0.01`) tend to show poor performance (PSNR values of 3.74981 and 1.3786 respectively). 
     - Lower values of `k2`, particularly `0.0001` produced suboptimal results, whereas `k2` values of `0.01` yielded better outcomes with varying learning rates.

   - **Promising Hyper-parameter Combinations:**
     - The combination of `k2 = 0.01` and `lr = 0.001` has shown a strong performance with a PSNR of 15.9517. 
     - The pair `k2 = 0.01` and `lr = 0.0005` also performed well with a PSNR of 15.4874.

2. **Optimization Recommendation:**
   - **Recommended Hyper-parameters for Next Trials:**
     - Trial 1: `k2 = 0.001`, `lr = 0.1` - This configuration is aimed at testing a medium value for `k2` with a high learning rate to see if there are improvements over the current poor performers.
     - Trial 2: `k2 = 0.0005`, `lr = 0.01` - This test maintains a middle area for `k2` while reducing the learning rate, possibly stabilizing training.
     - Trial 3: `k2 = 0.0001`, `lr = 0.0001` - By retaining low values for both parameters, we can assess if there is any residual effect on performance when these parameters are taken to their lowest settings.

3. **Experiment Planning:**
```yaml
trials:
- k2: 0.001
  lr: 0.1
- k2: 0.0005
  lr: 0.01
- k2: 0.0001
  lr: 0.0001
```

4. **Stop Optimization:**
Answer: No with confidence score: 0.85
## Round 3
1. **Analysis of Current Trials:**
   - **Performance Metrics Summary:**
     - The PSNR (Peak Signal-to-Noise Ratio) values from the completed trials range from 1.37036 to 15.9517.
   - **Evaluation of Performance Trends:**
     - Lower learning rates (lr = 0.0005 and lr = 0.001) coupled with k2 values (0.01) seem to produce the highest PSNR values (15.4874 and 15.9517 respectively).
     - Higher lr values (0.1) generally yield lower PSNR scores.
   - **Promising Hyper-Parameter Combinations:**
     - The combination (k2 = 0.01, lr = 0.001) is particularly promising as it achieved the highest PSNR of 15.9517.
     - (k2 = 0.01, lr = 0.0005) also produced strong results, albeit slightly lower.

2. **Optimization Recommendation:**
   - Trial 1: (k2 = 0.1, lr = 0.0005) - Testing a higher k2 to see if it improves the PSNR while keeping the low learning rate which previously performed well.
   - Trial 2: (k2 = 0.0005, lr = 0.01) - A combination where we test a moderate learning rate with a lower k2, which may allow a balance between exploration and exploitation of the loss landscape.
   - Trial 3: (k2 = 0.001, lr = 0.0001) - This represents a very small learning rate and an intermediate k2, allowing a more fine-tuned optimization process to check for improvement in PSNR.

3. **Experiment Planning:**
```yaml
trials:
- k2: 0.1
  lr: 0.0005
- k2: 0.0005
  lr: 0.01
- k2: 0.001
  lr: 0.0001
```

4. **Stop Optimization:**
Answer: No with confidence score: 0.85
## Round 4
**Task 1: Analysis of Current Trials**

1. **Summarize performance metrics:**
   - The trials show a range of PSNR values, with the highest PSNR recorded being 17.6089 and the lowest at 1.36817. 
   - Notably, trials with lr = 0.0005 and k2 values of different magnitudes tend to perform better, particularly with variations around lr = 0.001 and k2 = 0.0001 and k2 = 0.001.

2. **Evaluate performance trends for hyper-parameters:**
   - As the learning rate (lr) decreases, there appears to be a trend towards higher PSNR values, particularly around lr = 0.0001 and lr = 0.0005.
   - For k2, values between 0.0001 and 0.001 tend to yield better results, while the higher values (e.g., k2 = 0.1) correlate with lower performance.

3. **Highlight promising hyper-parameter combinations:**
   - The combinations (k2: 0.001, lr: 0.0001) and (k2: 0.0001, lr: 0.001) show promising results with high PSNR values relative to other trials.

---

**Task 2: Optimization Recommendation**

Based on the results obtained from the completed trials, I recommend the following hyper-parameter combinations for the next trials:

1. Trial with k2: 0.0001 and lr: 0.01.
   - This combination utilizes the lower k2 values that previously provided better results, while also testing a new learning rate to find an optimal balance.
   
2. Trial with k2: 0.1 and lr: 0.001.
   - This incorporates a higher k2 with a moderate learning rate that hasn't been tested yet. It allows exploration of how a high k2 impacts model performance.

3. Trial with k2: 0.0005 and lr: 0.1.
   - This tests a higher learning rate with low k2, diverging from trends observed previously but allowing assessment of performance robustness under changes in parameters.

---

**Task 3: Experiment Planning**

```yaml
trials:
- k2: 0.0001
  lr: 0.01
- k2: 0.1
  lr: 0.001
- k2: 0.0005
  lr: 0.1
```

---

**Task 4: Stop Optimization**

Answer: No with confidence score: 0.85
## Round 5
1. **Analysis of Current Trials**  
   - **Performance Metrics Summary**:  
     - The highest PSNR achieved is 17.6089 with hyper-parameters (k2: 0.001, lr: 0.0001).
     - Significant variation in PSNR values indicates the sensitivity of model performance to hyper-parameter settings.
  
   - **Performance Trends for Hyper-parameters**:  
     - Increasing learning rates (0.1, 0.01) generally resulted in lower PSNR scores, suggesting that higher rates may lead to instability during training.
     - Lower values of k2 (0.0001, 0.0005) appear to correlate with higher PSNR values when paired with lower learning rates (e.g., lr: 0.0001), which suggests that a more subtle regularization effect contributes positively to edge preservation.
  
   - **Promising Hyper-parameter Combinations**:  
     - (k2: 0.001, lr: 0.0001) with PSNR of 17.6089 stands out as the best performing combination thus far.
     - (k2: 0.01, lr: 0.001) yields a reasonable PSNR of 15.9517.

2. **Optimization Recommendation**  
   Based on the analysis of previous trials, we can recommend the following hyper-parameters for the next 3 trials:  
   - **Trial 1**: k2 = 0.1, lr = 0.001  
     Reason: This combination has not yet been tested, and it will explore the effect of higher k2 with a mid-range learning rate which could promote stability.  
   - **Trial 2**: k2 = 0.0005, lr = 0.01  
     Reason: Exploring a preservation effect with slightly improved learning rate targeting may yield better results based on existing trends.
   - **Trial 3**: k2 = 0.0001, lr = 0.1  
     Reason: This is another unexplored combination that may highlight how a higher learning rate interacts with regularization when k2 is low.

3. **Experiment Planning**  
```yaml
trials:
- k2: 0.1
  lr: 0.001
- k2: 0.0005
  lr: 0.01
- k2: 0.0001
  lr: 0.1
```

4. **Stop Optimization**  
Answer: No with confidence score: 0.85
## Round 6
### Task: Analysis of Current Trials

1. **Summarize performance metrics:**
   - The trials have yielded a range of Peak Signal-to-Noise Ratio (PSNR) values from approximately 1.37 to 17.61.
   - The highest PSNR achieved is 17.6089, while the lowest is 1.36817.

2. **Evaluate performance trends for hyper-parameters:**
   - **Learning Rate (lr)**: Higher learning rates (0.1) generally resulted in lower PSNR. The effective learning rates appear to be notably lower (0.0005 and 0.001), providing a sweet spot for model performance.
   - **Regularization Parameter (k2)**: The performance varies for different k2 values, with 0.001 leading to a significantly high PSNR (17.6089). Additionally, smaller k2 values (0.0001 and 0.0005) seem to perform better than larger values (0.1).

3. **Highlight promising hyper-parameter combinations:**
   - The combination of `k2 = 0.001` and `lr = 0.0001` produced the best PSNR (17.6089).
   - Also noteworthy is `k2 = 0.0005` tested with a learning rate of `lr = 0.001`, which achieved a solid PSNR (15.9517).

### Task: Optimization Recommendation

1. **Next Suggested Trials:**
   - **Trial 1**: `k2 = 0.0001`, `lr = 0.001`
     - Reason: This combination hasn't been tested yet and both parameters were previously observed to produce higher PSNR.
   - **Trial 2**: `k2 = 0.0005`, `lr = 0.0001`
     - Reason: This combination has shown some promise; lower learning rate with moderate regularization could yield good results.
   - **Trial 3**: `k2 = 0.1`, `lr = 0.0001`
     - Reason: Testing higher k2 again with a significantly lower learning rate to see if it can balance performance.

### Task: Experiment Planning

trials:
- k2: 0.0001
  lr: 0.001
- k2: 0.0005
  lr: 0.0001
- k2: 0.1
  lr: 0.0001

### Task: Stop Optimization

Answer: No with confidence score: 0.85
