siren_cameraman_FH_train_llama3.3:70b - 2025-02-15 16:41:59, 0:0:00:00.000059 - ----------------------------------------------------------------------------------------------------
siren_cameraman_FH_train_llama3.3:70b - 2025-02-15 16:41:59, 0:0:00:00.004081 - ## Round 1
siren_cameraman_FH_train_llama3.3:70b - 2025-02-15 17:23:01, 0:0:00:00.000065 - ----------------------------------------------------------------------------------------------------
siren_cameraman_FH_train_llama3.3:70b - 2025-02-15 17:23:01, 0:0:00:00.003629 - ## Round 1
siren_cameraman_FH_train_llama3.3:70b - 2025-02-15 17:23:01, 0:0:01:33.815425 - To address each task in the provided instructions, let's break down the analysis and recommendations step by step.

### Analysis of Current Trials

1. **Summarize performance metrics**: The current trials show a range of PSNR (Peak Signal-to-Noise Ratio) values from approximately 5 to 20. Specifically:
   - Trial with `k2=0.01` and `lr=0.1` has a PSNR of about 4.97.
   - Trial with `k2=0.01` and `lr=0.0005` has a PSNR of about 16.52.
   - Trial with `k2=0.0005` and `lr=0.0005` has the highest PSNR at about 20.11.

2. **Evaluate performance trends for hyper-parameters**: From the completed trials, it's noticeable that:
   - A lower learning rate (`lr`) seems to result in a higher PSNR.
   - The combination of `k2=0.0005` and `lr=0.0005` yields the highest PSNR among the trials conducted so far.

3. **Highlight promising hyper-parameter combinations**: Based on the trend, combinations with lower learning rates (`lr`) seem more promising, especially when combined with a smaller value of `k2`.

### Optimization Recommendation

Given the analysis and the constraints (suggested trials cannot be in completed trials, cannot re-test the same hyper-parameters, and must come from the given search space), here are recommendations for the next 3 trials:

1. **Trial**: 
   - `k2`: 0.001
   - `lr`: 0.01
   - Reason: This combination explores a middle ground for `k2` with a moderate learning rate, which hasn't been tested yet.

2. **Trial**:
   - `k2`: 0.0001
   - `lr`: 0.001
   - Reason: Following the trend of lower values performing better, this trial tests an even smaller value for both `k2` and `lr`.

3. **Trial**:
   - `k2`: 0.01
   - `lr`: 0.0001
   - Reason: This tests a higher `k2` value with the smallest learning rate to see if the learning rate's impact can overcome less optimal `k2` values.

### Experiment Planning

Here are the recommended trials in YAML format:

```yaml
trials:
- k2: 0.001
  lr: 0.01
- k2: 0.0001
  lr: 0.001
- k2: 0.01
  lr: 0.0001
```

### Stop Optimization

Given that one of the trials has already achieved a PSNR of approximately 20, which is relatively high without knowing the specific threshold, and considering the constraints and goals of optimization (which typically aim to maximize performance metrics like PSNR), it might be reasonable to consider stopping further optimization if this value meets or exceeds the desired threshold. However, without a specified threshold for what constitutes "high" results, we proceed with caution.

Answer: No with confidence score: 0.6


siren_cameraman_FH_train_llama3.3:70b - 2025-02-15 17:23:01, 0:0:01:33.828154 - ## Round 2
siren_cameraman_FH_train_llama3.3:70b - 2025-02-15 17:23:01, 0:0:02:53.355638 - To address the instructions provided, let's break down the tasks:

### Analysis of Current Trials

1. **Summarize performance metrics**: The current trials have PSNR values ranging from 4.97294 to 23.6519.
2. **Evaluate performance trends for hyper-parameters**:
   - For `lr`, lower values tend to result in higher PSNR (e.g., `lr=0.0005` and `lr=0.001` with `k2=0.0005` and `k2=0.0001`, respectively, give high PSNR).
   - For `k2`, smaller values also seem to lead to better performance in terms of PSNR when combined with appropriate learning rates.
3. **Highlight promising hyper-parameter combinations**:
   - The combination of `k2=0.0001` and `lr=0.001` shows a high PSNR value, indicating it's a promising set of hyper-parameters.

### Optimization Recommendation

Based on the analysis:
- We should avoid re-testing the same hyper-parameters.
- Smaller values of both `k2` and `lr` seem to perform better in terms of PSNR.

Recommendations for the next 3 trials (ensuring they are not from completed trials):
1. **Trial 1**: `k2=0.0005`, `lr=0.01`. This combination hasn't been tested yet, and since smaller `k2` values performed well, testing it with a moderate `lr` could yield interesting results.
2. **Trial 2**: `k2=0.001`, `lr=0.0001`. Given the success of small `k2` and `lr` values separately, combining them might lead to high performance.
3. **Trial 3**: `k2=0.01`, `lr=0.0001`. This tests a higher `k2` value with one of the smallest `lr` values, providing insight into how these parameters interact.

Reasoning:
- These combinations explore different aspects of the search space without repeating previous trials.
- They aim to leverage the observed trends (smaller `k2` and `lr` values leading to better performance) while introducing variations to understand their impact more thoroughly.

### Experiment Planning

```yaml
trials:
- k2: 0.0005
  lr: 0.01
  PSNR: null
- k2: 0.001
  lr: 0.0001
  PSNR: null
- k2: 0.01
  lr: 0.0001
  PSNR: null
```

### Stop Optimization

Given the highest PSNR achieved is 23.6519, which seems high but without a specified threshold, it's challenging to definitively say whether optimization should stop. However, considering typical scenarios where such thresholds are not clearly defined and assuming that the goal is to achieve the best possible performance within reasonable computational constraints:

Answer: No with confidence score: 0.6

This answer reflects a moderate level of confidence in continuing optimization due to the lack of a clear stopping threshold and the potential for further improvement, balanced against the already achieved high PSNR value.


siren_cameraman_FH_train_llama3.3:70b - 2025-02-15 17:23:01, 0:0:02:53.366152 - ## Round 3
siren_cameraman_FH_train_llama3.3:70b - 2025-02-15 17:23:01, 0:0:04:07.468557 - To address the instructions provided, let's break down the tasks step by step.

### Task 1: Analysis of Current Trials

1. **Summarize performance metrics**: The current trials show a range of PSNR values from approximately 4.97 to 23.65. The highest PSNR value is 23.6519 for `k2 = 0.0001` and `lr = 0.001`, indicating the best combination found so far.

2. **Evaluate performance trends for hyper-parameters**: 
   - For `lr`, lower values tend to result in higher PSNR values, as seen with combinations like (`k2 = 0.01`, `lr = 0.0005`) and (`k2 = 0.001`, `lr = 0.0001`).
   - For `k2`, smaller values also seem to lead to better performance, but the interaction with `lr` is crucial.

3. **Highlight promising hyper-parameter combinations**:
   - Combinations that involve lower values of both `k2` and `lr` tend to perform well.
   - The combination (`k2 = 0.0001`, `lr = 0.001`) shows the highest PSNR value among all trials.

### Task 2: Optimization Recommendation

Given the analysis, for the next 3 trials, we should explore combinations that are likely to improve upon the current best performance but have not been tried before:

- **Trial 1**: (`k2 = 0.0001`, `lr = 0.01`) - This combination maintains a low `k2` value (which has shown promise) and increases `lr` slightly from its lowest setting.
- **Trial 2**: (`k2 = 0.001`, `lr = 0.0001`) - Here, we decrease `lr` to its smallest value while keeping `k2` at a moderate level that has shown potential in previous trials.
- **Trial 3**: (`k2 = 0.0005`, `lr = 0.0001`) - This combination tries another low `k2` value with the lowest `lr`, aiming to find if this interaction yields high performance.

These suggestions adhere to the requirements by proposing new combinations not previously tested and exploring different hyper-parameter interactions based on observed trends.

### Task 3: Experiment Planning

```yaml
trials:
- k2: 0.0001
  lr: 0.01
- k2: 0.001
  lr: 0.0001
- k2: 0.0005
  lr: 0.0001
```

### Task 4: Stop Optimization

Given that the highest PSNR achieved is approximately 23.65, which might be considered high depending on the context and specific requirements of the task (since a threshold isn't specified), we could argue to stop optimization if this value meets or exceeds expected performance thresholds.

Answer: Yes with confidence score: 0.8


