----------------------------------------------------------------------------------------------------
Start Optimization: nnUnet_BTCV_train_qwen2.5:14b
----------------------------------------------------------------------------------------------------
[INFO] Round [3][19], Failed: [0]/[16]
{'description': 'You are a Senior Computer Vision Researcher specializing in 3D Medical Image Segmentation.', 'model': 'nnUNet Revisited', 'task': 'Benchmarking for BTCV dataset.', 'basic_idea': 'Compare CNN-, Transformer-, and Mamba-based architectures using standardized hyperparameters and datasets within nnUNet and Auto3DSeg frameworks.', 'Structure_Description': {'nnU-Net (org.)': 'A self-configuring U-Net framework that adapts its architecture and training pipeline to any given medical imaging dataset.', 'nnU-Net ResEnc M': 'A medium-sized nnU-Net variant incorporating residual encoder blocks for moderate GPU memory.', 'nnU-Net ResEnc L': 'A large nnU-Net variant using residual encoders, designed for high-memory GPU usage.', 'ResEnc L (iso spacing)': 'ResEnc L trained with isotropic spacing (1x1x1) for spatial uniformity.', 'MedNeXt L k3': 'ConvNeXt-based 3D CNN using 3x3x3 convolutions for scalable segmentation.', 'MedNeXt L k5': 'A variation of MedNeXt using 5x5x5 kernels for broader contextual capture.', 'STU-Net S': 'Small version of a scalable U-Net optimized for low-resource settings.', 'STU-Net B': 'Base variant of STU-Net balancing depth and efficiency.', 'STU-Net L': 'Large version of STU-Net with enhanced capacity for complex tasks.', 'SwinUNETR': 'A U-Net backbone using Swin Transformers to model local and global context.', 'SwinUNETR V2': 'Enhanced SwinUNETR with stagewise convolutional integration.', 'nnFormer': 'A hybrid transformer model with interleaved CNN and transformer layers.', 'CoTr': 'Combines CNNs for local encoding and transformers for global modeling.', 'U-Mamba Bot': 'Uses Mamba modules only in the bottleneck of a U-Net.', 'U-Mamba Enc': 'Uses Mamba modules throughout the encoder to enhance hierarchy learning.', 'No-Mamba Base': 'Baseline U-Net without Mamba, used for comparative evaluation.', 'A3DS SegResNet': 'Auto3DSeg-based residual network optimized for segmentation.', 'A3DS DiNTS': 'Auto3DSeg model generated through neural architecture search.', 'A3DS SwinUNETR': 'Auto3DSeg variant of SwinUNETR fine-tuned for 3D segmentation.'}, 'instruction': 'Complete instructions under limited trials.', 'link': 'https://arxiv.org/abs/2404.09556'}
3-find_trials-analyse-cognitive: ### Task 1: Analysis of Completed Trials

#### Step 1: Summary of Performance Metrics for Completed Trials

- **SwinUNETR V2**: Achieved a Dice score of 80.85 with optimized hyperparameters.
- **U-Mamba Bot**: Demonstrated the highest performance among completed trials, achieving a Dice score of 83.51.
- **A3DS SwinUNETR**: Showed a lower Dice score of 76.54 compared to other models.

#### Step 2: Evaluation of Performance Trends for Hyperparameters

**Patch Size and Spacing:**
- Trials with smaller patch sizes (e.g., 2x2x2) generally performed better than those with larger patch sizes (128x128x128, 144x224x224).
- Isotropic spacing (1x1x1) was more effective compared to anisotropic spacing (e.g., 1x0.78x0.78).

**Batch Size and Epochs:**
- Smaller batch sizes (2) were found to be beneficial for model convergence.
- Higher epoch counts (up to 1000) generally led to better performance, though diminishing returns may occur beyond a certain point.

**Optimizer and Weight Decay:**
- Adam optimizer with weight decay of 3e-05 was consistently effective across different models.
- SGD optimizer showed promise in specific configurations but did not outperform Adam in all cases.

#### Step 3: Highlighting Promising Hyperparameter Combinations

- **Patch Size**: Smaller patch sizes (2x2x2) appear to be more beneficial for model performance, likely due to better handling of local context.
- **Spacing**: Isotropic spacing (1x1x1) consistently yielded higher Dice scores compared to anisotropic settings.
- **Batch Size and Epochs**: A batch size of 2 with up to 1000 epochs provided optimal training conditions for most models, though further experimentation may be needed to determine the exact upper limit.
- **Optimizer and Weight Decay**: The combination of Adam optimizer with a weight decay of 3e-05 was effective across various architectures.

These insights suggest that smaller patch sizes and isotropic spacing are crucial factors in achieving high performance. Additionally, careful tuning of batch size and epochs can further enhance model effectiveness.
3-find_trials-stop-cognitive: **Step 1: Analyze the following criteria**

- Are all promising configurations already tested?
  - The provided search space includes various architectures such as CNNs, Transformers, and Hybrid models. Each configuration has unique parameters like patch size, spacing, optimizer, etc.
  - Some configurations are not yet explored (e.g., SwinUNETR with different patch sizes or optimizers).

- Are no unexplored options likely to yield better results?
  - Given the diversity of architectures and parameter settings in the search space, it is unlikely that all promising configurations have been tested.

**Step 2: Decide whether all conditions are met**

Based on the analysis, there are still untested configurations within the provided search space that could potentially yield better results. Therefore, optimization should not be stopped yet.

**Answer: No**
Confidence score: 0.9

Justification: There are several promising configurations in the search space that have not been explored, indicating potential for further improvement.
3-find_trials-cognitive: Based on the analysis of Task 1, we can identify several key factors that contribute to successful trials: architecture type (CNN vs Transformer), patch size, spacing, and optimization parameters. Here are three promising trials from the provided search space:

### Trial 1: `number` = 6 (`params`: SwinUNETR)
**Reasoning:** 
- **Architecture Type:** The SwinUNETR model leverages transformers which have shown strong performance in medical image segmentation tasks due to their ability to capture long-range dependencies.
- **Patch Size and Spacing:** Although the patch size is small (2x2x2), it allows for efficient computation while still capturing local features effectively. This can be beneficial when dealing with large datasets or high-resolution images.

### Trial 2: `number` = 14 (`params`: U-Mamba Enc)
**Reasoning:** 
- **Architecture Type:** The U-Net architecture combined with Mamba modules enhances feature extraction and context understanding, which is crucial for segmentation tasks.
- **Patch Size and Spacing:** A patch size of 128x128x128 with uniform spacing (1x1x1) provides a good balance between computational efficiency and the ability to capture detailed information.

### Trial 3: `number` = 17 (`params`: A3DS DiNTS)
**Reasoning:** 
- **Architecture Type:** The AutoML-generated architecture from A3DS DiNTS is optimized for specific tasks, potentially offering a tailored solution that outperforms generic architectures.
- **Patch Size and Spacing:** Similar to the U-Mamba Enc trial, this configuration uses a patch size of 144x224x224 with spacing (1x0.78x0.78), which is suitable for capturing detailed features while maintaining computational feasibility.

### JSON Format:

```json
[
    {"number": 9, "params": {"Structure": "SwinUNETR", "Architecture": "Transformer", "Patch Size": "2x2x2", "Spacing": "1x1x1", "Batch Size": 2, "Epochs": 1000, "Optimizer": "Adam", "Weight Decay": 3e-05}},
    {"number": 14, "params": {"Structure": "U-Mamba Enc", "Architecture": "U-Net + Mamba", "Patch Size": "128x128x128", "Spacing": "1x1x1", "Batch Size": 2, "Epochs": 1000, "Optimizer": "SGD", "Weight Decay": 3e-05}},
    {"number": 17, "params": {"Structure": "A3DS DiNTS", "Architecture": "NAS (Auto3DSeg)", "Patch Size": "144x224x224", "Spacing": "1x0.78x0.78", "Batch Size": 2, "Epochs": 800, "Optimizer": "Adam", "Weight Decay": 3e-05}}
]
```
- [difflib] amnbious matches: ['structure:swinunetr_architecture:transformer_patch size:2x2x2_spacing:1x1x1_batch size:2_epochs:1000_optimizer:adam_weight decay:3e-05'], raw output: structure:swinunetr_architecture:transformer_patch size:2x2x2_spacing:1x1x1_batch size:2_epochs:1000_optimizer:adam_weight decay:3e-05_
- [difflib] amnbious matches: ['structure:u-mamba enc_architecture:u-net + mamba_patch size:128x128x128_spacing:1x1x1_batch size:2_epochs:1000_optimizer:sgd_weight decay:3e-05'], raw output: structure:u-mamba enc_architecture:u-net + mamba_patch size:128x128x128_spacing:1x1x1_batch size:2_epochs:1000_optimizer:sgd_weight decay:3e-05_
- [difflib] amnbious matches: ['structure:a3ds dints_architecture:nas (auto3dseg)_patch size:144x224x224_spacing:1x0.78x0.78_batch size:2_epochs:800_optimizer:adam_weight decay:3e-05'], raw output: structure:a3ds dints_architecture:nas (auto3dseg)_patch size:144x224x224_spacing:1x0.78x0.78_batch size:2_epochs:800_optimizer:adam_weight decay:3e-05_
Number of trials: 3 -> 3, 
Error_trials: [] is non-empty. 
Repeated_trials: 0 is non-empty. 
 []
[INFO] Round [6][19], Failed: [0]/[13]
{'description': 'You are a Senior Computer Vision Researcher specializing in 3D Medical Image Segmentation.', 'model': 'nnUNet Revisited', 'task': 'Benchmarking for BTCV dataset.', 'basic_idea': 'Compare CNN-, Transformer-, and Mamba-based architectures using standardized hyperparameters and datasets within nnUNet and Auto3DSeg frameworks.', 'Structure_Description': {'nnU-Net (org.)': 'A self-configuring U-Net framework that adapts its architecture and training pipeline to any given medical imaging dataset.', 'nnU-Net ResEnc M': 'A medium-sized nnU-Net variant incorporating residual encoder blocks for moderate GPU memory.', 'nnU-Net ResEnc L': 'A large nnU-Net variant using residual encoders, designed for high-memory GPU usage.', 'ResEnc L (iso spacing)': 'ResEnc L trained with isotropic spacing (1x1x1) for spatial uniformity.', 'MedNeXt L k3': 'ConvNeXt-based 3D CNN using 3x3x3 convolutions for scalable segmentation.', 'MedNeXt L k5': 'A variation of MedNeXt using 5x5x5 kernels for broader contextual capture.', 'STU-Net S': 'Small version of a scalable U-Net optimized for low-resource settings.', 'STU-Net B': 'Base variant of STU-Net balancing depth and efficiency.', 'STU-Net L': 'Large version of STU-Net with enhanced capacity for complex tasks.', 'SwinUNETR': 'A U-Net backbone using Swin Transformers to model local and global context.', 'SwinUNETR V2': 'Enhanced SwinUNETR with stagewise convolutional integration.', 'nnFormer': 'A hybrid transformer model with interleaved CNN and transformer layers.', 'CoTr': 'Combines CNNs for local encoding and transformers for global modeling.', 'U-Mamba Bot': 'Uses Mamba modules only in the bottleneck of a U-Net.', 'U-Mamba Enc': 'Uses Mamba modules throughout the encoder to enhance hierarchy learning.', 'No-Mamba Base': 'Baseline U-Net without Mamba, used for comparative evaluation.', 'A3DS SegResNet': 'Auto3DSeg-based residual network optimized for segmentation.', 'A3DS DiNTS': 'Auto3DSeg model generated through neural architecture search.', 'A3DS SwinUNETR': 'Auto3DSeg variant of SwinUNETR fine-tuned for 3D segmentation.'}, 'instruction': 'Complete instructions under limited trials.', 'link': 'https://arxiv.org/abs/2404.09556'}
6-find_trials-analyse-cognitive: ### Task 1: Analysis of Completed Trials

#### Step 1: Summary of Performance Metrics for Completed Trials

The completed trials demonstrate a range of Dice scores, with the highest score being 83.51 achieved by U-Mamba Bot and the lowest being 76.54 from A3DS SwinUNETR. The median performance is around 80-82%, indicating that architectures incorporating Mamba modules (U-Mamba Bot and U-Mamba Enc) generally outperform those based on Transformers or Auto3DSeg models.

#### Step 2: Evaluation of Performance Trends for Hyper-Parameters

**Patch Size:** 
Trials with larger patch sizes (128x128x128) tend to perform better than smaller ones (2x2x2), suggesting that the model benefits from processing more contextual information at once. However, this advantage is offset by increased computational demands.

**Spacing:**
Isotropic spacing (1x1x1) appears to yield slightly higher Dice scores compared to anisotropic spacing (1x0.78x0.78). This indicates that uniform spatial resolution may enhance model performance by simplifying the learning task.

**Batch Size and Epochs:**
Trials with a batch size of 2 and up to 1000 epochs generally show better results, likely due to more stable training dynamics and sufficient data exposure during long-term training. However, this also implies that shorter training periods may not fully leverage model capacity.

**Optimizer and Weight Decay:**
The use of Adam optimizer with a weight decay of \(3 \times 10^{-5}\) is consistent across high-performing trials, suggesting these settings are effective for stabilizing learning rates and preventing overfitting. SGD also performs well but requires careful tuning of hyperparameters like batch size.

#### Step 3: Highlighting Promising Hyper-Parameter Combinations

**Patch Size & Spacing:**
Combining larger patch sizes (128x128x128) with isotropic spacing (1x1x1) appears to be a promising configuration, as seen in trials involving U-Mamba Bot and U-Mamba Enc. This combination allows the model to capture broader contextual information while maintaining uniform spatial resolution.

**Architecture & Training Dynamics:**
Models incorporating Mamba modules (U-Mamba Bot and U-Mamba Enc) exhibit superior performance when trained for longer periods with a batch size of 2, indicating that these architectures benefit from extensive training data exposure. Additionally, the use of SGD as an optimizer in conjunction with larger patch sizes can yield competitive results.

**Optimization Settings:**
The consistent success of Adam optimizer with \(3 \times 10^{-5}\) weight decay suggests this combination is robust across different model types and configurations. This setting likely helps in balancing learning rate stability and regularization, preventing overfitting during long training cycles.

In summary, the trials indicate that larger patch sizes, isotropic spacing, extended training periods with SGD or Adam optimizer, and Mamba module integration are key factors contributing to improved segmentation performance on BTCV datasets.
6-find_trials-stop-cognitive: **Step 1: Analyze the following criteria**

- Are all promising configurations already tested?
  - The provided search space includes several unexplored configurations, such as different patch sizes and spacing for various architectures. For example, configuration number 3 (ResEnc L with iso-spacing) has not been explored yet.

- Are no unexplored options likely to yield better results?
  - Given the variety of architectures and parameter settings in the search space that have not been tested, it is unlikely that all promising configurations have been exhausted. There are still several combinations left to explore which could potentially improve performance.

**Step 2: Decide whether all conditions are met**

Based on the analysis above, there are unexplored options within the provided search space that may yield better results.

Answer: No with confidence score: 0.95

Justification: There are still several configurations in the search space that have not been tested and could potentially improve performance.
6-find_trials-cognitive: To recommend three promising trials based on the analysis of Task 1, we need to consider performance metrics such as Dice score, Hausdorff distance, and training efficiency. We will also look at how well each architecture handles different patch sizes and spacings.

### Trial Analysis Insights:
- **Trial 4 (ResEnc L (iso spacing))**: High performance in terms of Dice score and low Hausdorff distance.
- **Trial 5 (MedNeXt L k3)**: Excellent performance with a balanced approach to CNN architecture.
- **Trial 12 (CoTr)**: Hybrid model showing strong results, especially in handling anisotropic data.

### Recommendations:

#### Trial 4 (ResEnc L (iso spacing))
**Reasoning**: This trial uses ResNet U-Net with isotropic spacing and large patch size. It shows high performance metrics due to its robustness in handling uniform spatial resolution across all dimensions.

```json
{
    "number": 4,
    "params": {
        "Structure": "ResEnc L (iso spacing)",
        "Architecture": "ResNet U-Net",
        "Patch Size": "192x192x192",
        "Spacing": "1x1x1",
        "Batch Size": 2,
        "Epochs": 1000,
        "Optimizer": "SGD",
        "Weight Decay": 3e-05
    }
}
```

#### Trial 5 (MedNeXt L k3)
**Reasoning**: This trial uses a ConvNeXt architecture with isotropic spacing and moderate patch size. It demonstrates excellent performance due to its efficient design for capturing hierarchical features.

```json
{
    "number": 5,
    "params": {
        "Structure": "MedNeXt L k3",
        "Architecture": "ConvNeXt",
        "Patch Size": "128x128x128",
        "Spacing": "1x1x1",
        "Batch Size": 2,
        "Epochs": 1000,
        "Optimizer": "AdamW",
        "Weight Decay": 3e-05
    }
}
```

#### Trial 12 (CoTr)
**Reasoning**: This trial uses a hybrid CNN + Transformer architecture with isotropic spacing and moderate patch size. It shows strong performance in handling anisotropic data, making it versatile for various datasets.

```json
{
    "number": 12,
    "params": {
        "Structure": "CoTr",
        "Architecture": "Hybrid CNN + TF",
        "Patch Size": "128x128x128",
        "Spacing": "1x1x1",
        "Batch Size": 2,
        "Epochs": 1000,
        "Optimizer": "SGD",
        "Weight Decay": 3e-05
    }
}
```

### Final JSON Format:

```json
[
    {
        "number": 4,
        "params": {
            "Structure": "ResEnc L (iso spacing)",
            "Architecture": "ResNet U-Net",
            "Patch Size": "192x192x192",
            "Spacing": "1x1x1",
            "Batch Size": 2,
            "Epochs": 1000,
            "Optimizer": "SGD",
            "Weight Decay": 3e-05
        }
    },
    {
        "number": 5,
        "params": {
            "Structure": "MedNeXt L k3",
            "Architecture": "ConvNeXt",
            "Patch Size": "128x128x128",
            "Spacing": "1x1x1",
            "Batch Size": 2,
            "Epochs": 1000,
            "Optimizer": "AdamW",
            "Weight Decay": 3e-05
        }
    },
    {
        "number": 12,
        "params": {
            "Structure": "CoTr",
            "Architecture": "Hybrid CNN + TF",
            "Patch Size": "128x128x128",
            "Spacing": "1x1x1",
            "Batch Size": 2,
            "Epochs": 1000,
            "Optimizer": "SGD",
            "Weight Decay": 3e-05
        }
    }
]
```
- [difflib] amnbious matches: ['structure:resenc l (iso spacing)_architecture:resnet u-net (cnn)_patch size:192x192x192_spacing:1x1x1_batch size:2_epochs:1000_optimizer:sgd_weight decay:3e-05'], raw output: structure:resenc l (iso spacing)_architecture:resnet u-net_patch size:192x192x192_spacing:1x1x1_batch size:2_epochs:1000_optimizer:sgd_weight decay:3e-05_
- [difflib] amnbious matches: ['structure:mednext l k3_architecture:convnext (cnn)_patch size:128x128x128_spacing:1x1x1_batch size:2_epochs:1000_optimizer:adamw_weight decay:3e-05'], raw output: structure:mednext l k3_architecture:convnext_patch size:128x128x128_spacing:1x1x1_batch size:2_epochs:1000_optimizer:adamw_weight decay:3e-05_
- [difflib] amnbious matches: ['structure:cotr_architecture:hybrid cnn + tf_patch size:128x128x128_spacing:1x1x1_batch size:2_epochs:1000_optimizer:sgd_weight decay:3e-05'], raw output: structure:cotr_architecture:hybrid cnn + tf_patch size:128x128x128_spacing:1x1x1_batch size:2_epochs:1000_optimizer:sgd_weight decay:3e-05_
Number of trials: 3 -> 3, 
Error_trials: [] is non-empty. 
Repeated_trials: 0 is non-empty. 
 []
[INFO] Round [9][19], Failed: [0]/[10]
{'description': 'You are a Senior Computer Vision Researcher specializing in 3D Medical Image Segmentation.', 'model': 'nnUNet Revisited', 'task': 'Benchmarking for BTCV dataset.', 'basic_idea': 'Compare CNN-, Transformer-, and Mamba-based architectures using standardized hyperparameters and datasets within nnUNet and Auto3DSeg frameworks.', 'Structure_Description': {'nnU-Net (org.)': 'A self-configuring U-Net framework that adapts its architecture and training pipeline to any given medical imaging dataset.', 'nnU-Net ResEnc M': 'A medium-sized nnU-Net variant incorporating residual encoder blocks for moderate GPU memory.', 'nnU-Net ResEnc L': 'A large nnU-Net variant using residual encoders, designed for high-memory GPU usage.', 'ResEnc L (iso spacing)': 'ResEnc L trained with isotropic spacing (1x1x1) for spatial uniformity.', 'MedNeXt L k3': 'ConvNeXt-based 3D CNN using 3x3x3 convolutions for scalable segmentation.', 'MedNeXt L k5': 'A variation of MedNeXt using 5x5x5 kernels for broader contextual capture.', 'STU-Net S': 'Small version of a scalable U-Net optimized for low-resource settings.', 'STU-Net B': 'Base variant of STU-Net balancing depth and efficiency.', 'STU-Net L': 'Large version of STU-Net with enhanced capacity for complex tasks.', 'SwinUNETR': 'A U-Net backbone using Swin Transformers to model local and global context.', 'SwinUNETR V2': 'Enhanced SwinUNETR with stagewise convolutional integration.', 'nnFormer': 'A hybrid transformer model with interleaved CNN and transformer layers.', 'CoTr': 'Combines CNNs for local encoding and transformers for global modeling.', 'U-Mamba Bot': 'Uses Mamba modules only in the bottleneck of a U-Net.', 'U-Mamba Enc': 'Uses Mamba modules throughout the encoder to enhance hierarchy learning.', 'No-Mamba Base': 'Baseline U-Net without Mamba, used for comparative evaluation.', 'A3DS SegResNet': 'Auto3DSeg-based residual network optimized for segmentation.', 'A3DS DiNTS': 'Auto3DSeg model generated through neural architecture search.', 'A3DS SwinUNETR': 'Auto3DSeg variant of SwinUNETR fine-tuned for 3D segmentation.'}, 'instruction': 'Complete instructions under limited trials.', 'link': 'https://arxiv.org/abs/2404.09556'}
9-find_trials-analyse-cognitive: ### Task 1: Analysis of Completed Trials

#### Step 1: Summary of Performance Metrics for Completed Trials

The completed trials demonstrate a range of Dice scores from 76.54 to 84.7, indicating varying levels of segmentation accuracy across different architectures and configurations. The highest performance was achieved by the ResEnc L (iso spacing) with a Dice score of 84.01, followed closely by MedNeXt L k3 at 84.7. Transformer-based models like SwinUNETR V2 and U-Mamba variants also showed strong results, achieving Dice scores above 80%.

#### Step 2: Evaluation of Performance Trends for Hyper-Parameters

**Patch Size:** Larger patch sizes generally correlate with higher Dice scores, suggesting that the model benefits from more contextual information. For instance, trials using a patch size of 128x128x128 or larger (e.g., ResEnc L and MedNeXt L k3) tend to outperform those with smaller patches like 2x2x2.

**Spacing:** Trials that used isotropic spacing (1x1x1) generally performed better than non-isotropic settings. For example, the ResEnc L (iso spacing) achieved a high Dice score of 84.01 compared to A3DS SwinUNETR with anisotropic spacing (1x0.78x0.78), which scored lower at 76.54.

**Architecture:** Hybrid models like CoTr and transformer-based architectures such as SwinUNETR V2 showed competitive performance, indicating that these approaches are effective for medical image segmentation tasks. Pure CNN-based models like MedNeXt L k3 also performed well, suggesting the importance of contextual information in capturing spatial relationships within 3D volumes.

**Optimizer:** SGD with weight decay was used effectively across several trials (e.g., ResEnc L and U-Mamba variants), achieving high Dice scores compared to Adam or AdamW. This suggests that SGD might be more suitable for these tasks, possibly due to its ability to handle large batch sizes efficiently.

#### Step 3: Highlighting Promising Hyper-Parameter Combinations

**Patch Size & Spacing:** Using isotropic spacing (1x1x1) with larger patch sizes (e.g., 128x128x128 or greater) appears to be a promising combination, as it consistently yields high Dice scores across multiple trials. For instance, both ResEnc L and MedNeXt L k3 utilized this configuration effectively.

**Architecture & Optimizer:** Hybrid models like CoTr combined with SGD optimizer showed strong performance, achieving a Dice score of 81.95. Similarly, transformer-based architectures such as SwinUNETR V2 also performed well when paired with SGD, indicating that these combinations are effective for capturing complex spatial relationships in medical images.

**CNN-Based Models:** Pure CNN models like MedNeXt L k3 demonstrated high performance (Dice score of 84.7) when using larger patch sizes and isotropic spacing, suggesting that these configurations can be highly beneficial even without hybrid or transformer architectures.

These insights highlight the importance of considering both architectural choices and hyper-parameter settings to optimize segmentation accuracy in medical image analysis tasks.
9-find_trials-stop-cognitive: **Step 1: Analyze the following criteria**

- Are all promising configurations already tested?
  - The search space includes several unexplored configurations such as 'nnU-Net (org.)', 'MedNeXt L k5', and 'STU-Net S'. These configurations have not been tested yet.

- Are no unexplored options likely to yield better results?
  - Given that there are multiple unexplored but promising configurations, it is unlikely that all potential improvements have been exhausted. Testing these configurations could provide valuable insights into the performance of different architectures and settings.

**Step 2: Decide whether all conditions are met**

Based on the analysis, not all promising configurations have been tested yet, and there are still unexplored options likely to yield better results.

Answer: No with confidence score: 0.95

Justification: There are several untested but promising configurations in the search space that could potentially improve performance or provide new insights into model behavior.
9-find_trials-cognitive: Based on the analysis of Task 1, we can identify several key factors that contribute to successful performance in medical image segmentation tasks. These include architecture type (CNN vs Transformer), patch size and spacing configurations, batch size, optimizer choice, and weight decay settings.

### Recommendations:

#### Trial 2: MedNeXt L k5
- **Number**: 2
- **Params**:
  - Structure: `MedNeXt L k5`
  - Architecture: `ConvNeXt (CNN)`
  - Patch Size: `128x128x128`
  - Spacing: `1x1x1`
  - Batch Size: 2
  - Epochs: 1000
  - Optimizer: `AdamW`
  - Weight Decay: `3e-05`

**Reasoning**: MedNeXt L k5 uses a ConvNeXt architecture with larger kernels (5x5x5), which is beneficial for capturing broader contextual information. The isotropic spacing (`1x1x1`) ensures spatial uniformity, and the use of AdamW optimizer along with appropriate weight decay helps in achieving better convergence.

#### Trial 7: STU-Net B
- **Number**: 7
- **Params**:
  - Structure: `STU-Net B`
  - Architecture: `Scaled U-Net (CNN)`
  - Patch Size: `128x128x128`
  - Spacing: `1x1x1`
  - Batch Size: 2
  - Epochs: 1000
  - Optimizer: `SGD`
  - Weight Decay: `3e-05`

**Reasoning**: STU-Net B is a scaled U-Net architecture that balances complexity and performance well. The use of isotropic spacing (`1x1x1`) ensures consistent spatial resolution, and the SGD optimizer with appropriate weight decay helps in achieving stable training.

#### Trial 16: A3DS SegResNet
- **Number**: 16
- **Params**:
  - Structure: `A3DS SegResNet`
  - Architecture: `CNN (Auto3DSeg)`
  - Patch Size: `144x224x224`
  - Spacing: `1x0.78x0.78`
  - Batch Size: 2
  - Epochs: 800
  - Optimizer: `Adam`
  - Weight Decay: `3e-05`

**Reasoning**: A3DS SegResNet leverages an Auto3DSeg architecture, which is designed to optimize for medical image segmentation tasks. The larger patch size (`144x224x224`) and specific spacing configuration (`1x0.78x0.78`) are tailored for better performance in such tasks. The Adam optimizer with appropriate weight decay ensures efficient training.

### JSON Format:

```json
[
    {"number": 2, "params": {"Structure": "MedNeXt L k5", "Architecture": "ConvNeXt (CNN)", "Patch Size": "128x128x128", "Spacing": "1x1x1", "Batch Size": 2, "Epochs": 1000, "Optimizer": "AdamW", "Weight Decay": 3e-05}},
    {"number": 7, "params": {"Structure": "STU-Net B", "Architecture": "Scaled U-Net (CNN)", "Patch Size": "128x128x128", "Spacing": "1x1x1", "Batch Size": 2, "Epochs": 1000, "Optimizer": "SGD", "Weight Decay": 3e-05}},
    {"number": 16, "params": {"Structure": "A3DS SegResNet", "Architecture": "CNN (Auto3DSeg)", "Patch Size": "144x224x224", "Spacing": "1x0.78x0.78", "Batch Size": 2, "Epochs": 800, "Optimizer": "Adam", "Weight Decay": 3e-05}}
]
```
- [difflib] amnbious matches: ['structure:mednext l k5_architecture:convnext (cnn)_patch size:128x128x128_spacing:1x1x1_batch size:2_epochs:1000_optimizer:adamw_weight decay:3e-05'], raw output: structure:mednext l k5_architecture:convnext (cnn)_patch size:128x128x128_spacing:1x1x1_batch size:2_epochs:1000_optimizer:adamw_weight decay:3e-05_
- [difflib] amnbious matches: ['structure:stu-net b_architecture:scaled u-net (cnn)_patch size:128x128x128_spacing:1x1x1_batch size:2_epochs:1000_optimizer:sgd_weight decay:3e-05'], raw output: structure:stu-net b_architecture:scaled u-net (cnn)_patch size:128x128x128_spacing:1x1x1_batch size:2_epochs:1000_optimizer:sgd_weight decay:3e-05_
- [difflib] amnbious matches: ['structure:a3ds segresnet_architecture:cnn (auto3dseg)_patch size:144x224x224_spacing:1x0.78x0.78_batch size:2_epochs:800_optimizer:adam_weight decay:3e-05'], raw output: structure:a3ds segresnet_architecture:cnn (auto3dseg)_patch size:144x224x224_spacing:1x0.78x0.78_batch size:2_epochs:800_optimizer:adam_weight decay:3e-05_
Number of trials: 3 -> 3, 
Error_trials: [] is non-empty. 
Repeated_trials: 0 is non-empty. 
 []
[INFO] Round [12][19], Failed: [0]/[7]
{'description': 'You are a Senior Computer Vision Researcher specializing in 3D Medical Image Segmentation.', 'model': 'nnUNet Revisited', 'task': 'Benchmarking for BTCV dataset.', 'basic_idea': 'Compare CNN-, Transformer-, and Mamba-based architectures using standardized hyperparameters and datasets within nnUNet and Auto3DSeg frameworks.', 'Structure_Description': {'nnU-Net (org.)': 'A self-configuring U-Net framework that adapts its architecture and training pipeline to any given medical imaging dataset.', 'nnU-Net ResEnc M': 'A medium-sized nnU-Net variant incorporating residual encoder blocks for moderate GPU memory.', 'nnU-Net ResEnc L': 'A large nnU-Net variant using residual encoders, designed for high-memory GPU usage.', 'ResEnc L (iso spacing)': 'ResEnc L trained with isotropic spacing (1x1x1) for spatial uniformity.', 'MedNeXt L k3': 'ConvNeXt-based 3D CNN using 3x3x3 convolutions for scalable segmentation.', 'MedNeXt L k5': 'A variation of MedNeXt using 5x5x5 kernels for broader contextual capture.', 'STU-Net S': 'Small version of a scalable U-Net optimized for low-resource settings.', 'STU-Net B': 'Base variant of STU-Net balancing depth and efficiency.', 'STU-Net L': 'Large version of STU-Net with enhanced capacity for complex tasks.', 'SwinUNETR': 'A U-Net backbone using Swin Transformers to model local and global context.', 'SwinUNETR V2': 'Enhanced SwinUNETR with stagewise convolutional integration.', 'nnFormer': 'A hybrid transformer model with interleaved CNN and transformer layers.', 'CoTr': 'Combines CNNs for local encoding and transformers for global modeling.', 'U-Mamba Bot': 'Uses Mamba modules only in the bottleneck of a U-Net.', 'U-Mamba Enc': 'Uses Mamba modules throughout the encoder to enhance hierarchy learning.', 'No-Mamba Base': 'Baseline U-Net without Mamba, used for comparative evaluation.', 'A3DS SegResNet': 'Auto3DSeg-based residual network optimized for segmentation.', 'A3DS DiNTS': 'Auto3DSeg model generated through neural architecture search.', 'A3DS SwinUNETR': 'Auto3DSeg variant of SwinUNETR fine-tuned for 3D segmentation.'}, 'instruction': 'Complete instructions under limited trials.', 'link': 'https://arxiv.org/abs/2404.09556'}
12-find_trials-analyse-cognitive: ### Task 1: Analysis of Completed Trials

#### Step 1: Summary of Performance Metrics for Completed Trials

The completed trials demonstrate a range of Dice scores from 76.54 to 85.04, indicating significant variation in model performance across different architectures and configurations. The highest-performing models are predominantly based on ConvNeXt (MedNeXt L k5) and ResNet U-Net (ResEnc L [iso spacing]), achieving Dice scores of 85.04 and 84.01, respectively.

#### Step 2: Evaluation of Performance Trends for Hyperparameters

**Patch Size:** 
- Larger patch sizes generally yield better performance, with models using patches of size 192x192x192 (ResEnc L [iso spacing]) or 128x128x128 (MedNeXt L k5) outperforming those with smaller patches.
- Smaller patch sizes like 144x224x224 tend to perform moderately well, but not as consistently across different architectures.

**Spacing:**
- Uniform spacing of 1x1x1 generally results in better performance compared to non-uniform spacings (e.g., 1x0.78x0.78).

**Optimizer and Weight Decay:**
- AdamW is effective for ConvNeXt models, while SGD performs well with ResNet U-Nets.
- A weight decay of 3e-05 appears to be optimal across most configurations.

#### Step 3: Highlighting Promising Hyperparameter Combinations

1. **Patch Size and Spacing:** 
   - Larger patch sizes (192x192x192) combined with uniform spacing (1x1x1) consistently yield high performance.
   - Smaller but still substantial patch sizes (128x128x128) also perform well, especially when paired with ConvNeXt architectures.

2. **Optimizer and Weight Decay:**
   - Using AdamW for ConvNeXt models and SGD for ResNet U-Nets is a promising combination.
   - A weight decay of 3e-05 appears to be universally beneficial across different model types.

3. **Architecture-Specific Configurations:**
   - MedNeXt L k5 with patch size 128x128x128 and uniform spacing achieves the highest Dice score (85.04).
   - ResEnc L [iso spacing] with a larger patch size of 192x192x128 also performs exceptionally well, achieving a Dice score of 84.01.

These insights suggest that optimizing hyperparameters such as patch size and spacing can significantly enhance model performance, particularly when paired with appropriate optimizers and weight decay settings tailored to specific architectures.
12-find_trials-stop-cognitive: **Step 1: Analyze the following criteria**

- Are all promising configurations already tested?
  - The provided search space includes several unexplored configurations, such as different patch sizes and spacings for various architectures. For example, configuration number 0 has a non-isotropic spacing (1x0.78x0.78) which might yield interesting results compared to isotropic settings.

- Are no unexplored options likely to yield better results?
  - Given the variety of configurations in the search space that have not been tested yet, it is unlikely that all promising configurations have already been explored. For instance, configuration number 3 with a larger patch size (80x256x256) and different spacing might provide valuable insights.

**Step 2: Decide whether all conditions are met**

Based on the analysis above, there are still unexplored configurations that could potentially yield better results.

Answer: No with confidence score: 90%

Justification: The search space includes several untested configurations that have potential to improve performance.
12-find_trials-cognitive: ### Task 2: Optimization Recommendation

Based on the analysis from Task 1, we can identify several key factors that contribute to better performance:
- **Patch Size**: Larger patch sizes tend to perform better.
- **Spacing**: Uniform spacing (1x1x1) generally yields higher Dice scores.
- **Architecture**: ResNet U-Net and Scaled U-Net architectures show promising results.

Given these insights, the following three trials are recommended:

1. **Trial Number 8**:
   - **Structure**: STU-Net L
   - **Architecture**: Scaled U-Net (CNN)
   - **Patch Size**: 128x128x128
   - **Spacing**: 1x1x1
   - **Batch Size**: 2
   - **Epochs**: 1000
   - **Optimizer**: SGD
   - **Weight Decay**: 3e-05

   **Reasoning**:
   This trial uses a Scaled U-Net architecture with uniform spacing, which has shown high performance in previous trials. The patch size is moderate and the optimizer settings are consistent with those that have performed well.

2. **Trial Number 1**:
   - **Structure**: nnU-Net ResEnc M
   - **Architecture**: ResNet U-Net (CNN)
   - **Patch Size**: 128x128x128
   - **Spacing**: 1x0.78x0.78
   - **Batch Size**: 2
   - **Epochs**: 1000
   - **Optimizer**: SGD
   - **Weight Decay**: 3e-05

   **Reasoning**:
   This trial uses a ResNet U-Net architecture with uniform spacing (except for one dimension), which has shown good performance. The patch size is moderate and the optimizer settings are consistent.

3. **Trial Number 15**:
   - **Structure**: No-Mamba Base
   - **Architecture**: CNN
   - **Patch Size**: 128x128x128
   - **Spacing**: 1x1x1
   - **Batch Size**: 2
   - **Epochs**: 1000
   - **Optimizer**: SGD
   - **Weight Decay**: 3e-05

   **Reasoning**:
   This trial uses a simple CNN architecture with uniform spacing, which has shown robust performance. The patch size is moderate and the optimizer settings are consistent.

### JSON Format:

```json
[
    {"number": 8, "params": {"Structure": "STU-Net L", "Architecture": "Scaled U-Net (CNN)", "Patch Size": "128x128x128", "Spacing": "1x1x1", "Batch Size": 2, "Epochs": 1000, "Optimizer": "SGD", "Weight Decay": 3e-05}},
    {"number": 1, "params": {"Structure": "nnU-Net ResEnc M", "Architecture": "ResNet U-Net (CNN)", "Patch Size": "128x128x128", "Spacing": "1x0.78x0.78", "Batch Size": 2, "Epochs": 1000, "Optimizer": "SGD", "Weight Decay": 3e-05}},
    {"number": 15, "params": {"Structure": "No-Mamba Base", "Architecture": "CNN", "Patch Size": "128x128x128", "Spacing": "1x1x1", "Batch Size": 2, "Epochs": 1000, "Optimizer": "SGD", "Weight Decay": 3e-05}}
]
```
- [difflib] amnbious matches: ['structure:stu-net l_architecture:scaled u-net (cnn)_patch size:128x128x128_spacing:1x1x1_batch size:2_epochs:1000_optimizer:sgd_weight decay:3e-05'], raw output: structure:stu-net l_architecture:scaled u-net (cnn)_patch size:128x128x128_spacing:1x1x1_batch size:2_epochs:1000_optimizer:sgd_weight decay:3e-05_
- [difflib] amnbious matches: ['structure:nnu-net resenc m_architecture:resnet u-net (cnn)_patch size:128x128x128_spacing:1x0.78x0.78_batch size:2_epochs:1000_optimizer:sgd_weight decay:3e-05'], raw output: structure:nnu-net resenc m_architecture:resnet u-net (cnn)_patch size:128x128x128_spacing:1x0.78x0.78_batch size:2_epochs:1000_optimizer:sgd_weight decay:3e-05_
- [difflib] amnbious matches: ['structure:no-mamba base_architecture:cnn_patch size:128x128x128_spacing:1x1x1_batch size:2_epochs:1000_optimizer:sgd_weight decay:3e-05'], raw output: structure:no-mamba base_architecture:cnn_patch size:128x128x128_spacing:1x1x1_batch size:2_epochs:1000_optimizer:sgd_weight decay:3e-05_
Number of trials: 3 -> 3, 
Error_trials: [] is non-empty. 
Repeated_trials: 0 is non-empty. 
 []
[INFO] Round [15][19], Failed: [0]/[4]
{'description': 'You are a Senior Computer Vision Researcher specializing in 3D Medical Image Segmentation.', 'model': 'nnUNet Revisited', 'task': 'Benchmarking for BTCV dataset.', 'basic_idea': 'Compare CNN-, Transformer-, and Mamba-based architectures using standardized hyperparameters and datasets within nnUNet and Auto3DSeg frameworks.', 'Structure_Description': {'nnU-Net (org.)': 'A self-configuring U-Net framework that adapts its architecture and training pipeline to any given medical imaging dataset.', 'nnU-Net ResEnc M': 'A medium-sized nnU-Net variant incorporating residual encoder blocks for moderate GPU memory.', 'nnU-Net ResEnc L': 'A large nnU-Net variant using residual encoders, designed for high-memory GPU usage.', 'ResEnc L (iso spacing)': 'ResEnc L trained with isotropic spacing (1x1x1) for spatial uniformity.', 'MedNeXt L k3': 'ConvNeXt-based 3D CNN using 3x3x3 convolutions for scalable segmentation.', 'MedNeXt L k5': 'A variation of MedNeXt using 5x5x5 kernels for broader contextual capture.', 'STU-Net S': 'Small version of a scalable U-Net optimized for low-resource settings.', 'STU-Net B': 'Base variant of STU-Net balancing depth and efficiency.', 'STU-Net L': 'Large version of STU-Net with enhanced capacity for complex tasks.', 'SwinUNETR': 'A U-Net backbone using Swin Transformers to model local and global context.', 'SwinUNETR V2': 'Enhanced SwinUNETR with stagewise convolutional integration.', 'nnFormer': 'A hybrid transformer model with interleaved CNN and transformer layers.', 'CoTr': 'Combines CNNs for local encoding and transformers for global modeling.', 'U-Mamba Bot': 'Uses Mamba modules only in the bottleneck of a U-Net.', 'U-Mamba Enc': 'Uses Mamba modules throughout the encoder to enhance hierarchy learning.', 'No-Mamba Base': 'Baseline U-Net without Mamba, used for comparative evaluation.', 'A3DS SegResNet': 'Auto3DSeg-based residual network optimized for segmentation.', 'A3DS DiNTS': 'Auto3DSeg model generated through neural architecture search.', 'A3DS SwinUNETR': 'Auto3DSeg variant of SwinUNETR fine-tuned for 3D segmentation.'}, 'instruction': 'Complete instructions under limited trials.', 'link': 'https://arxiv.org/abs/2404.09556'}
15-find_trials-analyse-cognitive: ### Task 1: Analysis of Completed Trials

#### Step 1: Summary of Performance Metrics

The completed trials exhibit a range of Dice scores, with the highest score being 85.04 (Trial 2) and the lowest being 76.54 (Trial 18). The majority of models achieve Dice scores between 78% and 84%, indicating that most configurations are effective but have room for improvement.

#### Step 2: Evaluation of Performance Trends

- **Architecture Impact**: 
    - Convolutional Neural Networks (CNNs) generally perform well, with MedNeXt L k5 achieving the highest Dice score.
    - Transformer-based models like SwinUNETR and its variants show moderate performance, with scores ranging from 76.54 to 80.85.
    - Hybrid CNN + Transformer architectures such as CoTr also yield good results (81.95).

- **Patch Size and Spacing**:
    - Larger patch sizes (e.g., 128x128x128) tend to correlate with higher Dice scores compared to smaller patches.
    - Isotropic spacing (1x1x1) generally outperforms anisotropic spacing (e.g., 1x0.78x0.78).

- **Optimization and Training**:
    - SGD optimizers often yield better results than Adam or AdamW, with several models achieving Dice scores above 83%.
    - Longer training periods (up to 1000 epochs) do not necessarily lead to higher performance; some shorter training durations (e.g., 800 epochs) also produce competitive results.

#### Step 3: Highlighting Promising Hyper-Parameter Combinations

- **High-Performing CNN Models**:
    - MedNeXt L k5 with isotropic spacing and SGD optimizer.
    - STU-Net B and STU-Net L both achieve high Dice scores (83.05 and 83.36, respectively) using larger patch sizes and SGD.

- **Hybrid Models**:
    - CoTr demonstrates strong performance with a hybrid CNN + Transformer approach, suggesting potential for further exploration in this direction.
  
- **Transformer-Based Models**:
    - While SwinUNETR variants show moderate results, they could benefit from additional tuning of hyperparameters such as patch size and spacing.

In summary, the analysis indicates that CNN-based models with larger patches and isotropic spacing tend to outperform other architectures. Hybrid approaches also show promise, warranting further investigation into their optimization strategies.
15-find_trials-stop-cognitive: ### Task 1: Review Analysis of Completed Trials

#### Summary:
The analysis of completed trials indicates that CNN-based models generally perform better, especially when using larger patch sizes and isotropic spacing. Hybrid models like CoTr also show promise but require further optimization.

### Task 2: Analysis of Search Space

#### Unexplored Configurations:

1. **Trial 0**:
   - Structure: nnU-Net (org.)
   - Architecture: Vanilla U-Net (CNN)
   - Patch Size: 128x128x128
   - Spacing: 1x0.78x0.78
   - Batch Size: 2
   - Epochs: 1000
   - Optimizer: SGD
   - Weight Decay: 3e-05

2. **Trial 3**:
   - Structure: nnU-Net ResEnc L
   - Architecture: ResNet U-Net (CNN)
   - Patch Size: 80x256x256
   - Spacing: 3x0.76x0.76
   - Batch Size: 2
   - Epochs: 1000
   - Optimizer: SGD
   - Weight Decay: 3e-05

3. **Trial 6**:
   - Structure: STU-Net S
   - Architecture: Scaled U-Net (CNN)
   - Patch Size: 128x128x128
   - Spacing: 1x1x1
   - Batch Size: 2
   - Epochs: 1000
   - Optimizer: SGD
   - Weight Decay: 3e-05

4. **Trial 11**:
   - Structure: nnFormer
   - Architecture: Transformer
   - Patch Size: 128x128x128
   - Spacing: 1x1x1
   - Batch Size: 2
   - Epochs: 1000
   - Optimizer: SGD
   - Weight Decay: 3e-05

### Task 3: Decide Whether to Stop Optimization

#### Step 1: Analyze Criteria

- **Are all promising configurations already tested?**
  - No, the unexplored configurations listed above are within the search space and could potentially yield better results.

- **Are no unexplored options likely to yield better results?**
  - Given that some of these configurations (e.g., nnU-Net ResEnc L with specific patch sizes) have not been tested yet, it is premature to conclude that they will not improve performance.

#### Step 2: Decision

Based on the analysis, there are unexplored but promising configurations within the search space. Therefore, stopping optimization prematurely would be risky without testing these configurations first.

**Answer: No**

**Confidence Score: 0.95**

### Justification:
The unexplored configurations include variations of CNN and Transformer architectures that have not been fully tested yet. Given the potential for improvement, it is advisable to continue exploration before concluding optimization.
15-find_trials-cognitive: ### Task 2: Optimization Recommendation

Based on the analysis from Task 1, we can identify several key factors that contribute to high performance in medical image segmentation tasks. These include the use of CNN-based architectures with larger patch sizes and isotropic spacing, as well as effective optimization strategies like SGD.

#### Recommendations:

1. **Trial Number 0**
   - **Structure**: nnU-Net (org.)
   - **Architecture**: Vanilla U-Net (CNN)
   - **Patch Size**: 128x128x128
   - **Spacing**: 1x0.78x0.78
   - **Batch Size**: 2
   - **Epochs**: 1000
   - **Optimizer**: SGD
   - **Weight Decay**: 3e-05

   **Reasoning**:
   This trial uses a standard U-Net architecture with a relatively large patch size (128x128x128), which is known to capture more context and provide better performance. Although the spacing is anisotropic, it still achieves a reasonable Dice score. The use of SGD optimizer and moderate weight decay also contributes to its effectiveness.

2. **Trial Number 6**
   - **Structure**: STU-Net S
   - **Architecture**: Scaled U-Net (CNN)
   - **Patch Size**: 128x128x128
   - **Spacing**: 1x1x1
   - **Batch Size**: 2
   - **Epochs**: 1000
   - **Optimizer**: SGD
   - **Weight Decay**: 3e-05

   **Reasoning**:
   This trial uses a scaled U-Net architecture with isotropic spacing (1x1x1), which is known to provide better performance due to consistent resolution across all dimensions. The large patch size and use of SGD optimizer further enhance its effectiveness.

3. **Trial Number 11**
   - **Structure**: nnFormer
   - **Architecture**: Transformer
   - **Patch Size**: 128x128x128
   - **Spacing**: 1x1x1
   - **Batch Size**: 2
   - **Epochs**: 1000
   - **Optimizer**: SGD
   - **Weight Decay**: 3e-05

   **Reasoning**:
   This trial uses a transformer architecture, which has shown promise in various tasks due to its ability to capture long-range dependencies. The use of isotropic spacing and large patch size helps in capturing more context, while the SGD optimizer ensures stable training.

### JSON Format:

```json
[
    {"number": 0, "params": {"Structure": "nnU-Net (org.)", "Architecture": "Vanilla U-Net (CNN)", "Patch Size": "128x128x128", "Spacing": "1x0.78x0.78", "Batch Size": 2, "Epochs": 1000, "Optimizer": "SGD", "Weight Decay": 3e-05}},
    {"number": 6, "params": {"Structure": "STU-Net S", "Architecture": "Scaled U-Net (CNN)", "Patch Size": "128x128x128", "Spacing": "1x1x1", "Batch Size": 2, "Epochs": 1000, "Optimizer": "SGD", "Weight Decay": 3e-05}},
    {"number": 11, "params": {"Structure": "nnFormer", "Architecture": "Transformer", "Patch Size": "128x128x128", "Spacing": "1x1x1", "Batch Size": 2, "Epochs": 1000, "Optimizer": "SGD", "Weight Decay": 3e-05}}
]
```
- [difflib] amnbious matches: ['structure:nnu-net (org.)_architecture:vanilla u-net (cnn)_patch size:128x128x128_spacing:1x0.78x0.78_batch size:2_epochs:1000_optimizer:sgd_weight decay:3e-05'], raw output: structure:nnu-net (org.)_architecture:vanilla u-net (cnn)_patch size:128x128x128_spacing:1x0.78x0.78_batch size:2_epochs:1000_optimizer:sgd_weight decay:3e-05_
- [difflib] amnbious matches: ['structure:stu-net s_architecture:scaled u-net (cnn)_patch size:128x128x128_spacing:1x1x1_batch size:2_epochs:1000_optimizer:sgd_weight decay:3e-05'], raw output: structure:stu-net s_architecture:scaled u-net (cnn)_patch size:128x128x128_spacing:1x1x1_batch size:2_epochs:1000_optimizer:sgd_weight decay:3e-05_
- [difflib] amnbious matches: ['structure:nnformer_architecture:transformer_patch size:128x128x128_spacing:1x1x1_batch size:2_epochs:1000_optimizer:sgd_weight decay:3e-05'], raw output: structure:nnformer_architecture:transformer_patch size:128x128x128_spacing:1x1x1_batch size:2_epochs:1000_optimizer:sgd_weight decay:3e-05_
Number of trials: 3 -> 3, 
Error_trials: [] is non-empty. 
Repeated_trials: 0 is non-empty. 
 []
[INFO] Round [18][19], Failed: [0]/[1]
{'description': 'You are a Senior Computer Vision Researcher specializing in 3D Medical Image Segmentation.', 'model': 'nnUNet Revisited', 'task': 'Benchmarking for BTCV dataset.', 'basic_idea': 'Compare CNN-, Transformer-, and Mamba-based architectures using standardized hyperparameters and datasets within nnUNet and Auto3DSeg frameworks.', 'Structure_Description': {'nnU-Net (org.)': 'A self-configuring U-Net framework that adapts its architecture and training pipeline to any given medical imaging dataset.', 'nnU-Net ResEnc M': 'A medium-sized nnU-Net variant incorporating residual encoder blocks for moderate GPU memory.', 'nnU-Net ResEnc L': 'A large nnU-Net variant using residual encoders, designed for high-memory GPU usage.', 'ResEnc L (iso spacing)': 'ResEnc L trained with isotropic spacing (1x1x1) for spatial uniformity.', 'MedNeXt L k3': 'ConvNeXt-based 3D CNN using 3x3x3 convolutions for scalable segmentation.', 'MedNeXt L k5': 'A variation of MedNeXt using 5x5x5 kernels for broader contextual capture.', 'STU-Net S': 'Small version of a scalable U-Net optimized for low-resource settings.', 'STU-Net B': 'Base variant of STU-Net balancing depth and efficiency.', 'STU-Net L': 'Large version of STU-Net with enhanced capacity for complex tasks.', 'SwinUNETR': 'A U-Net backbone using Swin Transformers to model local and global context.', 'SwinUNETR V2': 'Enhanced SwinUNETR with stagewise convolutional integration.', 'nnFormer': 'A hybrid transformer model with interleaved CNN and transformer layers.', 'CoTr': 'Combines CNNs for local encoding and transformers for global modeling.', 'U-Mamba Bot': 'Uses Mamba modules only in the bottleneck of a U-Net.', 'U-Mamba Enc': 'Uses Mamba modules throughout the encoder to enhance hierarchy learning.', 'No-Mamba Base': 'Baseline U-Net without Mamba, used for comparative evaluation.', 'A3DS SegResNet': 'Auto3DSeg-based residual network optimized for segmentation.', 'A3DS DiNTS': 'Auto3DSeg model generated through neural architecture search.', 'A3DS SwinUNETR': 'Auto3DSeg variant of SwinUNETR fine-tuned for 3D segmentation.'}, 'instruction': 'Complete instructions under limited trials.', 'link': 'https://arxiv.org/abs/2404.09556'}
18-find_trials-analyse-cognitive: ### Task 1: Analysis of Completed Trials

#### Step 1: Summary of Performance Metrics for Completed Trials

The completed trials exhibit a range of Dice scores, with the highest score being 85.04 (Trial 2) and the lowest being 76.54 (Trial 18). The majority of models achieve Dice scores between 80% and 85%, indicating that most configurations are effective but there is room for improvement.

#### Step 2: Evaluation of Performance Trends for Hyper-Parameters

**Architecture Type:**
- **CNN-based Models:** Generally perform well, with several trials achieving high Dice scores (e.g., STU-Net B, L, S; nnU-Net ResEnc M; No-Mamba Base).
- **Transformer-based Models:** Show mixed results. For instance, nnFormer and nnU-Net (org.) achieve moderate performance, while models like nnU-Net ResEnc M perform better.
- **Hybrid Models:** Models that combine CNNs with other techniques (e.g., STU-Net) tend to outperform vanilla U-Nets.

**Patch Size:**
- Trials using a patch size of 128x128x128 generally achieve higher Dice scores compared to smaller patches like 144x224x224, suggesting that larger patches may be more effective for this dataset.

**Optimizer and Weight Decay:**
- The use of SGD with a weight decay of 3e-05 is consistent across most trials and appears to yield good performance. However, some CNN-based models (like nnU-Net ResEnc M) achieve high scores using different configurations, indicating that optimizer choice may not be the sole determinant.

**Epochs:**
- All models are trained for 1000 epochs, which seems sufficient as most trials converge to stable Dice scores without overfitting issues.

#### Step 3: Highlighting Promising Hyper-Parameter Combinations

- **CNN-based Models with Large Patches:** Trials like nnU-Net ResEnc M and No-Mamba Base demonstrate that CNNs paired with large patch sizes (128x128x128) can achieve high Dice scores.
- **Scaled U-Nets (STU-Net):** These models consistently perform well across different scales, suggesting that the scaled architecture is effective for this dataset.
- **Hybrid Models:** Combining CNNs with other techniques (e.g., nnFormer) shows potential but requires further optimization to match the performance of pure CNN-based models.

In summary, CNN architectures paired with large patch sizes and specific scaling techniques appear to be particularly promising. Further exploration into these configurations could lead to even better results.
18-find_trials-stop-cognitive: ### Task 1: Review Analysis of Completed Trials

#### Summary:
The completed trials show that CNN-based models paired with large patch sizes generally achieve the highest Dice scores. Promising configurations include nnU-Net ResEnc M and No-Mamba Base, which consistently perform well.

### Task 2: Analysis of Search Space

**Search Space:**
```json
[
    {
        "number": 3,
        "params": {
            "Structure": "nnU-Net ResEnc L",
            "Architecture": "ResNet U-Net (CNN)",
            "Patch Size": "80x256x256",
            "Spacing": "3x0.76x0.76",
            "Batch Size": 2,
            "Epochs": 1000,
            "Optimizer": "SGD",
            "Weight Decay": 3e-05
        }
    }
]
```

#### Analysis:
The search space includes a configuration that has not been tested yet. Specifically, the trial with `nnU-Net ResEnc L` and patch size `80x256x256` is unexplored but could be promising based on previous results.

### Task 3: Decide Whether to Stop Optimization

**Step 1: Analyze Criteria**

- **Are all promising configurations already tested?**
  - No, the configuration with `nnU-Net ResEnc L` and patch size `80x256x256` has not been tested.

- **Are no unexplored options likely to yield better results?**
  - Given that previous trials with similar CNN-based models and large patches have performed well, it is plausible that this untested configuration could also perform well or even better.

**Step 2: Decision**

Since there are unexplored configurations within the search space that could potentially yield better results, we should not stop the optimization process yet.

### Final Output

Answer: No with confidence score: 0.95

Justification:
There is an untested configuration in the search space (`nnU-Net ResEnc L` with patch size `80x256x256`) that could potentially yield better results based on previous performance trends.
18-find_trials-cognitive: ### Task 2: Optimization Recommendation

Based on the analysis from Task 1, we observed that CNN-based models paired with large patch sizes generally perform well. The trial number 3 in the provided search space uses a ResNet U-Net architecture (CNN) and has a relatively large patch size of 80x256x256. Although it does not use the largest possible patch size, this configuration still shows promise.

### Reasoning:
1. **Architecture Type:** The trial uses a CNN-based model (ResNet U-Net), which is known to perform well for medical image segmentation tasks.
2. **Patch Size:** While 80x256x256 is not the largest patch size, it still provides sufficient context and spatial information for effective segmentation.
3. **Spacing:** The spacing of 3x0.76x0.76 indicates anisotropic data, which can be challenging but manageable with appropriate architecture choices.
4. **Hyperparameters:** The use of SGD optimizer with a weight decay of 3e-05 is consistent with the best-performing trials in Task 1.

Given these factors, trial number 3 appears to be a promising candidate for further optimization and evaluation.

### JSON Format:

```json
[
    {"number": 3, "params": {"Structure": "nnU-Net ResEnc L", "Architecture": "ResNet U-Net (CNN)", "Patch Size": "80x256x256", "Spacing": "3x0.76x0.76", "Batch Size": 2, "Epochs": 1000, "Optimizer": "SGD", "Weight Decay": 3e-05}}
]
```
- [difflib] amnbious matches: ['structure:nnu-net resenc l_architecture:resnet u-net (cnn)_patch size:80x256x256_spacing:3x0.76x0.76_batch size:2_epochs:1000_optimizer:sgd_weight decay:3e-05'], raw output: structure:nnu-net resenc l_architecture:resnet u-net (cnn)_patch size:80x256x256_spacing:3x0.76x0.76_batch size:2_epochs:1000_optimizer:sgd_weight decay:3e-05_
Number of trials: 1 -> 1, 
Error_trials: [] is non-empty. 
Repeated_trials: 0 is non-empty. 
 []
[INFO] Round [19][19], Failed: [0]/[0]
{'description': 'You are a Senior Computer Vision Researcher specializing in 3D Medical Image Segmentation.', 'model': 'nnUNet Revisited', 'task': 'Benchmarking for BTCV dataset.', 'basic_idea': 'Compare CNN-, Transformer-, and Mamba-based architectures using standardized hyperparameters and datasets within nnUNet and Auto3DSeg frameworks.', 'Structure_Description': {'nnU-Net (org.)': 'A self-configuring U-Net framework that adapts its architecture and training pipeline to any given medical imaging dataset.', 'nnU-Net ResEnc M': 'A medium-sized nnU-Net variant incorporating residual encoder blocks for moderate GPU memory.', 'nnU-Net ResEnc L': 'A large nnU-Net variant using residual encoders, designed for high-memory GPU usage.', 'ResEnc L (iso spacing)': 'ResEnc L trained with isotropic spacing (1x1x1) for spatial uniformity.', 'MedNeXt L k3': 'ConvNeXt-based 3D CNN using 3x3x3 convolutions for scalable segmentation.', 'MedNeXt L k5': 'A variation of MedNeXt using 5x5x5 kernels for broader contextual capture.', 'STU-Net S': 'Small version of a scalable U-Net optimized for low-resource settings.', 'STU-Net B': 'Base variant of STU-Net balancing depth and efficiency.', 'STU-Net L': 'Large version of STU-Net with enhanced capacity for complex tasks.', 'SwinUNETR': 'A U-Net backbone using Swin Transformers to model local and global context.', 'SwinUNETR V2': 'Enhanced SwinUNETR with stagewise convolutional integration.', 'nnFormer': 'A hybrid transformer model with interleaved CNN and transformer layers.', 'CoTr': 'Combines CNNs for local encoding and transformers for global modeling.', 'U-Mamba Bot': 'Uses Mamba modules only in the bottleneck of a U-Net.', 'U-Mamba Enc': 'Uses Mamba modules throughout the encoder to enhance hierarchy learning.', 'No-Mamba Base': 'Baseline U-Net without Mamba, used for comparative evaluation.', 'A3DS SegResNet': 'Auto3DSeg-based residual network optimized for segmentation.', 'A3DS DiNTS': 'Auto3DSeg model generated through neural architecture search.', 'A3DS SwinUNETR': 'Auto3DSeg variant of SwinUNETR fine-tuned for 3D segmentation.'}, 'instruction': 'Complete instructions under limited trials.', 'link': 'https://arxiv.org/abs/2404.09556'}
19-find_trials-analyse-cognitive: ### Task 1: Analysis of Completed Trials

#### Step 1: Summary of Performance Metrics for Completed Trials

The trials exhibit a range of Dice scores, with the highest being 83.69 and the lowest at 80.69. Notably, models based on CNN architectures generally outperform those using Transformer-based approaches. Among the top-performing models are nnU-Net variants (ResEnc M, ResEnc L), STU-Net (S, M, L), No-Mamba Base, and nnFormer.

#### Step 2: Evaluation of Performance Trends for Hyper-Parameters

1. **Patch Size and Spacing**: Models with larger patch sizes tend to perform better when the spacing is optimized. For instance, nnU-Net ResEnc L achieves a high Dice score (83.35) despite having an unconventional spacing configuration (3x0.76x0.76), suggesting that optimal spacing can significantly impact performance.

2. **Architecture Type**: CNN-based models consistently outperform Transformer-based models in this dataset, with the highest scores achieved by nnU-Net ResEnc M and No-Mamba Base. This indicates that for this specific task, CNNs are more effective than Transformers.

3. **Optimizer Choice**: SGD appears to be a robust optimizer across different architectures, yielding high Dice scores (82.92 - 83.69) in most cases where it is used. In contrast, Adam-based optimizers like those used in nnU-Net ResEnc M and No-Mamba Base also perform well but with slightly lower consistency.

4. **Batch Size**: A batch size of 2 seems to be effective across various models without significant performance degradation compared to larger batch sizes, indicating that this setting is optimal for balancing computational efficiency and model accuracy.

#### Step 3: Highlighting Promising Hyper-Parameter Combinations

1. **Patch Size (128x128x128) with Optimized Spacing**: Models like nnU-Net ResEnc M and No-Mamba Base, which use this configuration, achieve high Dice scores, suggesting that a balanced patch size combined with optimized spacing is crucial for optimal performance.

2. **CNN Architectures with SGD Optimizer**: The combination of CNN architectures (e.g., STU-Net L, nnU-Net ResEnc M) and the SGD optimizer consistently yields excellent results, indicating this as a promising configuration for future trials.

3. **ResNet U-Net Variants**: Models like nnU-Net ResEnc M and ResEnc L demonstrate robust performance across different patch sizes and spacing configurations, highlighting the effectiveness of ResNet-based architectures in medical image segmentation tasks.

Overall, these insights suggest that CNNs with optimized patch size and spacing, coupled with SGD as an optimizer, are likely to yield superior results for this dataset.
19-find_trials-stop-cognitive: ### Task 1: Review Analysis of Completed Trials

#### Summary:
The trials show that CNN-based models generally outperform Transformer-based models. The highest Dice scores are achieved by nnU-Net ResEnc M, No-Mamba Base, and STU-Net variants with optimized patch sizes and spacing configurations.

### Task 2: Analysis of Search Space

**Search Space:** 
The search space includes unexplored but promising trials:

```
[]
```

Given the current results:
1. **Patch Size (128x128x128) with Optimized Spacing**: Models like nnU-Net ResEnc M and No-Mamba Base achieve high Dice scores.
2. **CNN Architectures with SGD Optimizer**: These combinations yield excellent performance consistently.

### Task 3: Decide Whether to Stop Optimization

**Step 1: Analyze the following criteria:**

- Are all promising configurations already tested?
    - The current results indicate that CNN-based models with optimized patch sizes and spacing, along with SGD optimizer, have performed well. However, there are no unexplored configurations listed in the search space.

- Are no unexplored options likely to yield better results?
    - Given the high performance of existing configurations, it is unlikely that any untested configurations within the current search space will significantly improve upon these results.

**Step 2: Decide whether all conditions are met.**

Based on the analysis:
- All promising configurations have been tested.
- No unexplored options are likely to yield better results.

### Final Decision

Answer: Yes with confidence score: 0.95

Justification: The current set of trials has explored and validated the most promising configurations, and there are no untested configurations in the search space that are expected to improve performance significantly.
