----------------------------------------------------------------------------------------------------
Start Optimization: mae_train_qwen2.5:32b
----------------------------------------------------------------------------------------------------
[INFO] Round [3][20], Failed: [0]/[3]
{'description': 'You are a Senior Computer Vision Researcher specializing in ablation study (with grid)', 'model': 'Masked Autoencoder inspired by BERT and GPT', 'task': 'Image Classification', 'basic_idea': 'Masked Autoencoders (MAE) are a self-supervised learning method for vision tasks where a large portion of image patches are randomly masked, and the model learns to reconstruct the missing patches. The encoder processes only visible patches, making it efficient, while a lightweight decoder reconstructs the full image. This approach enables the model to learn rich visual representations without labeled data.', 'straregy': {'linear probing': "the pretrained MAE encoder is frozen and only a linear classifier is trained on top of its features. This tests how well the encoder's learned representations transfer to downstream tasks without further tuning.", 'fine-tuning': 'the entire MAE model, including the encoder, is updated during training on the target task. '}, 'instruction': 'Complete instructions under limited trials', 'link': 'https://openaccess.thecvf.com/content/CVPR2022/papers/He_Masked_Autoencoders_Are_Scalable_Vision_Learners_CVPR_2022_paper.pdf'}
3-find_trials-analyse-cognitive: ### **Task 1: Analysis of Completed Trials**

#### Step 1: Summarize Performance Metrics for Completed Trials

The completed trials have yielded the following validation accuracies:
- Trial 13 with a masking ratio of 40% and fine-tuning strategy achieved an accuracy of 84.7%.
- Trial 11 with a masking ratio of 20% and fine-tuning strategy achieved an accuracy of 83.4%.
- Trial 17 with a masking ratio of 75% and fine-tuning strategy achieved the highest accuracy at 84.9%.

#### Step 2: Evaluate Performance Trends for Hyper-Parameters

The trials indicate that higher masking ratios generally lead to better performance in terms of validation accuracy:
- The trial with the lowest masking ratio (20%) resulted in the lowest accuracy (83.4%).
- Trials with higher masking ratios (40% and 75%) achieved accuracies above 84%, suggesting a positive correlation between masking ratio and model performance.

#### Step 3: Highlight Promising Hyper-Parameter Combinations

The combination of a high masking ratio (e.g., 75%) paired with the fine-tuning strategy appears to be particularly effective, as evidenced by the highest validation accuracy observed in Trial 17. This suggests that allowing the model to learn from more masked patches can enhance its ability to reconstruct and generalize visual features effectively.

### Insights

- **Masking Ratio Impact**: Higher masking ratios seem to improve performance, possibly because they force the model to rely on a smaller set of visible patches for reconstruction, thereby enhancing its robustness.
  
- **Fine-Tuning Effectiveness**: The fine-tuning strategy consistently yielded high accuracies across different masking ratios, indicating that updating both the encoder and decoder during training can significantly boost performance.

### Next Steps

Given these insights, future trials could explore even higher masking ratios or investigate intermediate values to find an optimal balance. Additionally, experimenting with other strategies like linear probing might provide further comparative insights into model transferability without fine-tuning.
3-find_trials-stop-cognitive: ### Task 1: Analysis of Completed Trials

#### Step 1: Summarize Performance Metrics for Completed Trials

The completed trials have yielded the following validation accuracies:
- Trial 13 with a masking ratio of 40% and fine-tuning strategy achieved an accuracy of 84.7%.
- Trial 11 with a masking ratio of 20% and fine-tuning strategy achieved an accuracy of 83.4%.
- Trial 17 with a masking ratio of 75% and fine-tuning strategy achieved the highest accuracy at 84.9%.

#### Step 2: Evaluate Performance Trends for Hyper-Parameters

The trials indicate that higher masking ratios generally lead to better performance in terms of validation accuracy:
- The trial with the lowest masking ratio (20%) resulted in the lowest accuracy (83.4%).
- Trials with higher masking ratios (40% and 75%) yielded higher accuracies, indicating a positive trend.

#### Step 3: Next Steps

Given these insights, future trials could explore even higher masking ratios or intermediate values to find an optimal balance. Additionally, experimenting with the linear probing strategy might provide further comparative insights into model transferability without fine-tuning.

### Task 2: Analysis of Search Space

The following **Search Space** contains unexplored but promising trials:

```json
[
    {'number': 0, 'params': {'masking_ratio': 10, 'strategy': 'linear probing'}},
    {'number': 1, 'params': {'masking_ratio': 20, 'strategy': 'linear probing'}},
    {'number': 2, 'params': {'masking_ratio': 30, 'strategy': 'linear probing'}},
    {'number': 3, 'params': {'masking_ratio': 40, 'strategy': 'linear probing'}},
    {'number': 4, 'params': {'masking_ratio': 50, 'strategy': 'linear probing'}},
    {'number': 5, 'params': {'masking_ratio': 60, 'strategy': 'linear probing'}},
    {'number': 6, 'params': {'masking_ratio': 70, 'strategy': 'linear probing'}},
    {'number': 7, 'params': {'masking_ratio': 75, 'strategy': 'linear probing'}},
    {'number': 8, 'params': {'masking_ratio': 80, 'strategy': 'linear probing'}},
    {'number': 9, 'params': {'masking_ratio': 90, 'strategy': 'linear probing'}},
    {'number': 10, 'params': {'masking_ratio': 10, 'strategy': 'fine-tuning'}},
    {'number': 12, 'params': {'masking_ratio': 30, 'strategy': 'fine-tuning'}},
    {'number': 14, 'params': {'masking_ratio': 50, 'strategy': 'fine-tuning'}},
    {'number': 15, 'params': {'masking_ratio': 60, 'strategy': 'fine-tuning'}},
    {'number': 16, 'params': {'masking_ratio': 70, 'strategy': 'fine-tuning'}},
    {'number': 18, 'params': {'masking_ratio': 80, 'strategy': 'fine-tuning'}},
    {'number': 19, 'params': {'masking_ratio': 90, 'strategy': 'fine-tuning'}}
]
```

### Task 3: Decide Whether to Stop Optimization

#### Step 1: Analyze the Following Criteria

- **Are all promising configurations already tested?**
  - No, there are still unexplored configurations in both linear probing and fine-tuning strategies.
  
- **Are no unexplored options likely to yield better results?**
  - Given the positive trend observed with higher masking ratios, it is possible that some unexplored configurations could yield even better results.

- **Has the metric `validation accuracy` improved significantly over the first three trials?**
  - The validation accuracy has shown a significant improvement from 83.4% to 84.9%, indicating that further exploration might still be beneficial.

#### Step 2: Decide Whether All Conditions Are Met

Based on the analysis, not all conditions are met. There are unexplored configurations and potential for better results.

**Answer: No with confidence score: 0.7**

Justification: While there has been a significant improvement in validation accuracy, there are still promising unexplored configurations that could potentially yield even better results. Therefore, it is advisable to continue the optimization process.
3-find_trials-cognitive: ### Task 2: Optimization Recommendation

Based on the analysis from Task 1 and the provided search space, here are three promising trials to recommend for further exploration:

1. **Trial Number 7**: `{'masking_ratio': 75, 'strategy': 'linear probing'}`
   - **Reasoning**: The fine-tuning strategy with a high masking ratio (e.g., 75%) has shown the best performance in previous trials. Exploring the linear probing strategy at this masking ratio can provide insights into how well the model generalizes without further training.

2. **Trial Number 14**: `{'masking_ratio': 50, 'strategy': 'fine-tuning'}`
   - **Reasoning**: The fine-tuning strategy has consistently yielded high accuracies across different masking ratios. A moderate masking ratio like 50% might strike a balance between robustness and performance, potentially leading to better generalization.

3. **Trial Number 18**: `{'masking_ratio': 80, 'strategy': 'fine-tuning'}`
   - **Reasoning**: Given the positive correlation observed between higher masking ratios and improved performance, exploring an even higher ratio (80%) with fine-tuning can help determine if there is a ceiling to this trend or if further improvements are possible.

### JSON Format:

```json
[
    {"number": 7, "params": {"masking_ratio": 75, "strategy": "linear probing"}},
    {"number": 14, "params": {"masking_ratio": 50, "strategy": "fine-tuning"}},
    {"number": 18, "params": {"masking_ratio": 80, "strategy": "fine-tuning"}}
]
```
- [difflib] amnbious matches: ['masking_ratio:75_strategy:linear probing'], raw output: masking_ratio:75_strategy:linear probing_
- [difflib] amnbious matches: ['masking_ratio:50_strategy:fine-tuning'], raw output: masking_ratio:50_strategy:fine-tuning_
- [difflib] amnbious matches: ['masking_ratio:80_strategy:fine-tuning'], raw output: masking_ratio:80_strategy:fine-tuning_
Number of trials: 3 -> 3, 
Error_trials: [] is non-empty. 
Repeated_trials: 0 is non-empty. 
 []
[INFO] Round [6][20], Failed: [0]/[3]
{'description': 'You are a Senior Computer Vision Researcher specializing in ablation study (with grid)', 'model': 'Masked Autoencoder inspired by BERT and GPT', 'task': 'Image Classification', 'basic_idea': 'Masked Autoencoders (MAE) are a self-supervised learning method for vision tasks where a large portion of image patches are randomly masked, and the model learns to reconstruct the missing patches. The encoder processes only visible patches, making it efficient, while a lightweight decoder reconstructs the full image. This approach enables the model to learn rich visual representations without labeled data.', 'straregy': {'linear probing': "the pretrained MAE encoder is frozen and only a linear classifier is trained on top of its features. This tests how well the encoder's learned representations transfer to downstream tasks without further tuning.", 'fine-tuning': 'the entire MAE model, including the encoder, is updated during training on the target task. '}, 'instruction': 'Complete instructions under limited trials', 'link': 'https://openaccess.thecvf.com/content/CVPR2022/papers/He_Masked_Autoencoders_Are_Scalable_Vision_Learners_CVPR_2022_paper.pdf'}
6-find_trials-analyse-cognitive: ### **Task 1: Analysis of Completed Trials**

#### Step 1: Summarize Performance Metrics for Completed Trials

The completed trials have yielded the following validation accuracies:
- Trial 13 with a masking ratio of 40% and fine-tuning strategy achieved an accuracy of 84.7%.
- Trial 11 with a masking ratio of 20% and fine-tuning strategy achieved an accuracy of 83.4%.
- Trial 17 with a masking ratio of 75% and fine-tuning strategy achieved an accuracy of 84.9%.
- Trial 7 with a masking ratio of 75% and linear probing strategy achieved an accuracy of 73.5%.
- Trial 14 with a masking ratio of 50% and fine-tuning strategy achieved an accuracy of 84.9%.
- Trial 18 with a masking ratio of 80% and fine-tuning strategy achieved an accuracy of 84.5%.

#### Step 2: Evaluate Performance Trends for Hyper-Parameters

**Masking Ratio Analysis:**
- Higher masking ratios (75%, 80%) generally perform better than lower ones (20%), with the highest accuracies observed at 75% and 50%. This suggests that a moderate to high level of masking is beneficial for learning robust visual representations.
  
**Strategy Comparison:**
- Fine-tuning consistently outperforms linear probing. The fine-tuning strategy achieves validation accuracies ranging from 83.4% to 84.9%, while the linear probing approach only reaches 73.5%. This indicates that updating the entire MAE model during training on the target task is more effective than just using a linear classifier.

#### Step 3: Highlight Promising Hyper-Parameter Combinations

**Promising Masking Ratios and Strategies:**
- The combination of a masking ratio around 75% with fine-tuning strategy appears to be particularly promising, achieving high validation accuracies (84.9%). This suggests that this configuration allows the model to effectively learn from partially masked images while also adapting well to downstream tasks.
  
**General Trends and Insights:**
- The results indicate a positive correlation between higher masking ratios and improved performance when using fine-tuning. However, there is a slight drop in accuracy at 80% compared to 75%, suggesting that the optimal masking ratio might be around 75%.

In summary, the trials suggest that a moderate to high masking ratio (around 75%) combined with a fine-tuning strategy yields the best performance for image classification tasks.
6-find_trials-stop-cognitive: ### Task 2: Analysis of Search Space

The following configurations within the given search space have not been tested:

- Masking ratios from 10% to 90% with linear probing strategy.
- Specific masking ratios (10%, 30%, 60%, 70%, and 90%) with fine-tuning strategy.

### Task 3: Decide Whether to Stop Optimization

**Step 1: Analyze the following criteria:**

- **Are all promising configurations already tested?**
  - No, there are still unexplored configurations within the search space that could potentially yield better results.
  
- **Are no unexplored options likely to yield better results?**
  - Given the trend observed in the trials (higher masking ratios with fine-tuning yielding higher accuracies), it is possible that some of the untested configurations, particularly those around 75% masking ratio with fine-tuning, could still improve performance.

- **Has the metric `validation accuracy` improved significantly over the first three trials?**
  - The validation accuracy has shown a significant improvement from lower to higher masking ratios when using the fine-tuning strategy. However, there is no clear indication that further improvements are unlikely given the unexplored configurations.

**Step 2: Decide whether all conditions are met.**

Based on the analysis:

- Not all promising configurations have been tested.
- There are still unexplored options likely to yield better results.
- The validation accuracy has shown significant improvement, but there is potential for further gains with untested configurations.

Therefore, **all** criteria in Step 1 are not satisfied.

Answer: No with confidence score: 0.7

Justification: While the current trials suggest that higher masking ratios and fine-tuning yield better results, there are still promising unexplored configurations within the search space that could potentially improve performance further. Thus, it is advisable to continue testing these configurations before concluding the optimization process.
6-find_trials-cognitive: ### Task 2: Optimization Recommendation

Based on the analysis from Task 1 and the provided search space, here are three promising trials to recommend for further optimization:

#### Trial 16:
- **Number:** 16
- **Params:** {'masking_ratio': 70, 'strategy': 'fine-tuning'}

**Reasoning:**
The analysis indicates that a moderate to high masking ratio (around 75%) combined with fine-tuning yields the best performance. Trial 16 has a masking ratio of 70%, which is close to the optimal range identified in Task 1, and it uses the fine-tuning strategy, which consistently outperforms linear probing.

#### Trial 19:
- **Number:** 19
- **Params:** {'masking_ratio': 90, 'strategy': 'fine-tuning'}

**Reasoning:**
Although there was a slight drop in accuracy at 80% masking ratio compared to 75%, it is still worth exploring higher masking ratios. Trial 19 has the highest masking ratio (90%) with fine-tuning, which could potentially yield better performance given that high masking ratios generally perform well.

#### Trial 12:
- **Number:** 12
- **Params:** {'masking_ratio': 30, 'strategy': 'fine-tuning'}

**Reasoning:**
While higher masking ratios tend to perform better, it is also important to explore a range of values. Trial 12 has a lower masking ratio (30%) with fine-tuning, which can help understand the performance at different levels and ensure that we are not missing any potential sweet spots.

### JSON Format:

```json
[
    {"number": 16, "params": {"masking_ratio": 70, "strategy": "fine-tuning"}},
    {"number": 19, "params": {"masking_ratio": 90, "strategy": "fine-tuning"}},
    {"number": 12, "params": {"masking_ratio": 30, "strategy": "fine-tuning"}}
]
```
- [difflib] amnbious matches: ['masking_ratio:70_strategy:fine-tuning'], raw output: masking_ratio:70_strategy:fine-tuning_
- [difflib] amnbious matches: ['masking_ratio:90_strategy:fine-tuning'], raw output: masking_ratio:90_strategy:fine-tuning_
- [difflib] amnbious matches: ['masking_ratio:30_strategy:fine-tuning'], raw output: masking_ratio:30_strategy:fine-tuning_
Number of trials: 3 -> 3, 
Error_trials: [] is non-empty. 
Repeated_trials: 0 is non-empty. 
 []
[INFO] Round [9][20], Failed: [0]/[3]
{'description': 'You are a Senior Computer Vision Researcher specializing in ablation study (with grid)', 'model': 'Masked Autoencoder inspired by BERT and GPT', 'task': 'Image Classification', 'basic_idea': 'Masked Autoencoders (MAE) are a self-supervised learning method for vision tasks where a large portion of image patches are randomly masked, and the model learns to reconstruct the missing patches. The encoder processes only visible patches, making it efficient, while a lightweight decoder reconstructs the full image. This approach enables the model to learn rich visual representations without labeled data.', 'straregy': {'linear probing': "the pretrained MAE encoder is frozen and only a linear classifier is trained on top of its features. This tests how well the encoder's learned representations transfer to downstream tasks without further tuning.", 'fine-tuning': 'the entire MAE model, including the encoder, is updated during training on the target task. '}, 'instruction': 'Complete instructions under limited trials', 'link': 'https://openaccess.thecvf.com/content/CVPR2022/papers/He_Masked_Autoencoders_Are_Scalable_Vision_Learners_CVPR_2022_paper.pdf'}
9-find_trials-analyse-cognitive: ### **Task 1: Analysis of Completed Trials**

#### Step 1: Summarize Performance Metrics for Completed Trials

The completed trials have yielded validation accuracies ranging from 73.5% to 84.9%. The highest accuracy achieved is 84.9%, which was observed in three different trials (trials 14, 16, and 17). The lowest accuracy of 73.5% was obtained with a masking ratio of 75% using the linear probing strategy.

#### Step 2: Evaluate Performance Trends for Hyper-Parameters

**Masking Ratio Impact on Fine-Tuning Strategy:**
- Trials with fine-tuning strategy show that higher masking ratios generally lead to better performance, peaking at around 84.9% accuracy for masking ratios of 70%, 75%, and 50%. 
- Lower masking ratios (20%, 30%) yield slightly lower accuracies in the range of 83.4%.

**Linear Probing Strategy:**
- The linear probing strategy with a high masking ratio (75%) resulted in significantly lower accuracy at 73.5% compared to fine-tuning strategies.

#### Step 3: Highlight Promising Hyper-Parameter Combinations

Promising hyper-parameter combinations for achieving higher validation accuracies include:
- **Fine-Tuning Strategy:** 
    - Masking ratios of 50%, 70%, and 75% consistently yield the highest accuracy at 84.9%. These configurations suggest that a moderate to high masking ratio combined with fine-tuning is effective.
  
- **Linear Probing Strategy:**
    - The linear probing strategy did not perform well in this set of trials, indicating that further tuning or different hyperparameters might be necessary for better performance.

### Summary Insights

1. **Fine-Tuning Strategy Dominance:** 
   - Fine-tuning with moderate to high masking ratios (50%, 70%, and 75%) consistently outperforms other configurations.
   
2. **Linear Probing Limitation:**
   - The linear probing strategy, despite its simplicity, did not yield competitive results compared to fine-tuning.

3. **Masking Ratio Sensitivity:** 
   - Higher masking ratios (up to 80%) generally lead to better performance when combined with the fine-tuning strategy, but beyond this point (e.g., 90%), accuracy starts to drop slightly.

These insights suggest that further exploration of fine-tuning strategies with moderate to high masking ratios could be beneficial for achieving higher validation accuracies in image classification tasks.
9-find_trials-stop-cognitive: ### Task 2: Analysis of Search Space

The search space contains several unexplored configurations for both the linear probing and fine-tuning strategies. Specifically, there are untested masking ratios ranging from 10% to 90% with the linear probing strategy, as well as some untested masking ratios (10%, 60%) with the fine-tuning strategy.

### Task 3: Decide Whether to Stop Optimization

**Step 1: Analyze the Following Criteria**

- **Are all promising configurations already tested?**
  - No, there are still several unexplored configurations in the search space.
  
- **Are no unexplored options likely to yield better results?**
  - Given that some masking ratios and strategies have not been tested, it is possible that these unexplored configurations could yield better results.

- **Has the metric `validation accuracy` improved significantly over the first three trials?**
  - The validation accuracy has shown improvements with moderate to high masking ratios (50%, 70%, 75%) using the fine-tuning strategy, but there is still room for exploration within the search space.

**Step 2: Decide Whether All Conditions Are Met**

Based on the analysis above:

- Not all promising configurations have been tested.
- There are unexplored options that could potentially yield better results.
- The validation accuracy has shown improvements, but further exploration might lead to even better performance.

Therefore, **all conditions are not met**. 

### Final Answer

Answer: No with confidence score: 0.75

Justification: While some configurations have yielded good results, there are still unexplored options within the search space that could potentially yield better validation accuracy. Further exploration is warranted to ensure optimal performance.
9-find_trials-cognitive: ### Task 2: Optimization Recommendation

Based on the analysis from Task 1 and the provided search space, here are three promising trials to recommend for further exploration. The recommendations are guided by the insights that fine-tuning with moderate to high masking ratios generally yields better performance.

#### Reasoning:

1. **Trial Number 10 (Fine-Tuning Strategy with Masking Ratio of 10%)**
   - Although a lower masking ratio, this trial might still provide useful information on how the model performs at the lower end of the spectrum when fine-tuned.
   
2. **Trial Number 15 (Fine-Tuning Strategy with Masking Ratio of 60%)**
   - This configuration falls within the moderate to high range of masking ratios that showed promising results in previous trials, suggesting it could yield competitive performance.

3. **Trial Number 4 (Linear Probing Strategy with Masking Ratio of 50%)**
   - While linear probing did not perform as well overall, exploring a moderate masking ratio might still provide insights into the model's behavior under different conditions.

### JSON Format:

```json
[
    {"number": 10, "params": {"masking_ratio": 10, "strategy": "fine-tuning"}},
    {"number": 15, "params": {"masking_ratio": 60, "strategy": "fine-tuning"}},
    {"number": 4, "params": {"masking_ratio": 50, "strategy": "linear probing"}}
]
```
- [difflib] amnbious matches: ['masking_ratio:10_strategy:fine-tuning'], raw output: masking_ratio:10_strategy:fine-tuning_
- [difflib] amnbious matches: ['masking_ratio:60_strategy:fine-tuning'], raw output: masking_ratio:60_strategy:fine-tuning_
- [difflib] amnbious matches: ['masking_ratio:50_strategy:linear probing'], raw output: masking_ratio:50_strategy:linear probing_
Number of trials: 3 -> 3, 
Error_trials: [] is non-empty. 
Repeated_trials: 0 is non-empty. 
 []
[INFO] Round [12][20], Failed: [0]/[3]
{'description': 'You are a Senior Computer Vision Researcher specializing in ablation study (with grid)', 'model': 'Masked Autoencoder inspired by BERT and GPT', 'task': 'Image Classification', 'basic_idea': 'Masked Autoencoders (MAE) are a self-supervised learning method for vision tasks where a large portion of image patches are randomly masked, and the model learns to reconstruct the missing patches. The encoder processes only visible patches, making it efficient, while a lightweight decoder reconstructs the full image. This approach enables the model to learn rich visual representations without labeled data.', 'straregy': {'linear probing': "the pretrained MAE encoder is frozen and only a linear classifier is trained on top of its features. This tests how well the encoder's learned representations transfer to downstream tasks without further tuning.", 'fine-tuning': 'the entire MAE model, including the encoder, is updated during training on the target task. '}, 'instruction': 'Complete instructions under limited trials', 'link': 'https://openaccess.thecvf.com/content/CVPR2022/papers/He_Masked_Autoencoders_Are_Scalable_Vision_Learners_CVPR_2022_paper.pdf'}
12-find_trials-analyse-cognitive: ### **Task 1: Analysis of Completed Trials**

#### Step 1: Summarize Performance Metrics for Completed Trials

The completed trials encompass a range of masking ratios from 10% to 90%, with both fine-tuning and linear probing strategies. The highest validation accuracy achieved is 85.0, observed at a masking ratio of 60% using the fine-tuning strategy. Conversely, the lowest validation accuracy was 69.9, seen when applying linear probing with a masking ratio of 50%.

#### Step 2: Evaluate Performance Trends for Hyper-Parameters

**Masking Ratio and Fine-Tuning Strategy:**
The trials indicate that higher masking ratios generally lead to better performance when using fine-tuning. Specifically, the validation accuracies peak around 84.9% to 85.0% with masking ratios ranging from 60% to 75%. Lower masking ratios (10%, 20%, and 30%) yield slightly lower accuracies in the range of 83.2% to 83.4%.

**Masking Ratio and Linear Probing Strategy:**
In contrast, linear probing shows a significant drop in performance with higher masking ratios. The validation accuracy for linear probing is notably lower at 73.5% when the masking ratio is set to 75%, compared to 69.9% at 50%.

#### Step 3: Highlight Promising Hyper-Parameter Combinations

**Fine-Tuning Strategy:**
The most promising hyper-parameter combinations are those with higher masking ratios (60%-75%) and fine-tuning strategy, which consistently achieve the highest validation accuracies ranging from 84.9% to 85.0%. These configurations suggest that a substantial portion of masked patches can be beneficial for learning robust visual representations when the entire model is updated during training.

**Linear Probing Strategy:**
For linear probing, lower masking ratios might be more suitable as higher masking ratios lead to significantly reduced performance. However, given the overall lower accuracies observed with this strategy (73.5% and 69.9%), it appears that fine-tuning is a superior approach for leveraging the learned representations from MAE.

### Summary of Insights

- **Fine-Tuning Strategy:** Higher masking ratios (60%-75%) yield the best performance, indicating that substantial masked patches can enhance learning.
- **Linear Probing Strategy:** Lower masking ratios are preferable but still result in lower accuracies compared to fine-tuning. This suggests that further tuning is necessary for optimal performance.

These insights provide a clear direction for future trials and suggest focusing on higher masking ratios with the fine-tuning strategy for improved image classification accuracy.
12-find_trials-stop-cognitive: ### Task 2: Analysis of Search Space

The search space contains several unexplored configurations for the linear probing strategy at various masking ratios. Specifically, these include:

- Masking ratio of 10% with linear probing.
- Masking ratio of 20% with linear probing.
- Masking ratio of 30% with linear probing.
- Masking ratio of 40% with linear probing.
- Masking ratio of 60% with linear probing.
- Masking ratio of 70% with linear probing.
- Masking ratio of 80% with linear probing.
- Masking ratio of 90% with linear probing.

### Task 3: Decide Whether to Stop Optimization

**Step 1: Analyze the following criteria:**

- **Are all promising configurations already tested?**
  - No, there are still unexplored configurations for the linear probing strategy at various masking ratios.
  
- **Are no unexplored options likely to yield better results?**
  - Given that we have not yet explored several configurations with lower masking ratios (10%, 20%, 30%, and 40%) under the linear probing strategy, it is possible that these could still yield better results.

- **Has the metric `validation accuracy` improved significantly over the first three trials?**
  - The validation accuracy has shown some improvement with higher masking ratios for fine-tuning (84.9% to 85.0%), but there are no results yet from lower masking ratios under linear probing, which could potentially yield better performance.

**Step 2: Decide whether all conditions are met.**

Based on the above analysis:

- Not all promising configurations have been tested.
- There is a possibility that unexplored options might yield better results.
- The validation accuracy has shown some improvement but not significantly enough to conclude that further exploration is unnecessary.

Therefore, **all** criteria in Step 1 are not satisfied. 

### Final Answer

Answer: No with confidence score: 0.75

Justification: There are still unexplored configurations for the linear probing strategy at various masking ratios, and these could potentially yield better results. Therefore, it is premature to stop the optimization process.
12-find_trials-cognitive: ### Task 2: Optimization Recommendation

Based on the analysis from Task 1 and the provided search space, here are three promising trials recommended for further exploration. The recommendations are guided by the insights that higher masking ratios generally yield better performance with fine-tuning, while lower masking ratios might be more suitable for linear probing.

#### Reasoning:

1. **Trial Number: 0**
   - **Params:** `{'masking_ratio': 10, 'strategy': 'linear probing'}`
   - **Reasoning:** Although the overall performance of linear probing is lower compared to fine-tuning, a low masking ratio (10%) might still provide some benefit. This trial can help understand if there's any improvement in accuracy with minimal masked patches.

2. **Trial Number: 3**
   - **Params:** `{'masking_ratio': 40, 'strategy': 'linear probing'}`
   - **Reasoning:** A moderate masking ratio (40%) might strike a balance between retaining enough information and introducing some level of challenge for the model to learn from. This trial can help determine if there's an optimal point where linear probing performs reasonably well.

3. **Trial Number: 5**
   - **Params:** `{'masking_ratio': 60, 'strategy': 'linear probing'}`
   - **Reasoning:** A higher masking ratio (60%) aligns with the insights from Task 1 that substantial masked patches can enhance learning when combined with fine-tuning. However, it's worth exploring if this ratio also shows any improvement in linear probing.

### JSON Format:

```json
[
    {"number": 0, "params": {"masking_ratio": 10, "strategy": "linear probing"}},
    {"number": 3, "params": {"masking_ratio": 40, "strategy": "linear probing"}},
    {"number": 5, "params": {"masking_ratio": 60, "strategy": "linear probing"}}
]
```
- [difflib] amnbious matches: ['masking_ratio:10_strategy:linear probing'], raw output: masking_ratio:10_strategy:linear probing_
- [difflib] amnbious matches: ['masking_ratio:40_strategy:linear probing'], raw output: masking_ratio:40_strategy:linear probing_
- [difflib] amnbious matches: ['masking_ratio:60_strategy:linear probing'], raw output: masking_ratio:60_strategy:linear probing_
Number of trials: 3 -> 3, 
Error_trials: [] is non-empty. 
Repeated_trials: 0 is non-empty. 
 []
[INFO] Round [15][20], Failed: [0]/[3]
{'description': 'You are a Senior Computer Vision Researcher specializing in ablation study (with grid)', 'model': 'Masked Autoencoder inspired by BERT and GPT', 'task': 'Image Classification', 'basic_idea': 'Masked Autoencoders (MAE) are a self-supervised learning method for vision tasks where a large portion of image patches are randomly masked, and the model learns to reconstruct the missing patches. The encoder processes only visible patches, making it efficient, while a lightweight decoder reconstructs the full image. This approach enables the model to learn rich visual representations without labeled data.', 'straregy': {'linear probing': "the pretrained MAE encoder is frozen and only a linear classifier is trained on top of its features. This tests how well the encoder's learned representations transfer to downstream tasks without further tuning.", 'fine-tuning': 'the entire MAE model, including the encoder, is updated during training on the target task. '}, 'instruction': 'Complete instructions under limited trials', 'link': 'https://openaccess.thecvf.com/content/CVPR2022/papers/He_Masked_Autoencoders_Are_Scalable_Vision_Learners_CVPR_2022_paper.pdf'}
15-find_trials-analyse-cognitive: ### **Task 1: Analysis of Completed Trials**

#### Step 1: Summarize Performance Metrics for Completed Trials

The completed trials encompass a range of masking ratios (from 10% to 90%) and two strategies: fine-tuning and linear probing. The validation accuracies span from 54.6% to 85.0%. Notably, the highest accuracy achieved is 85.0%, which was obtained with a masking ratio of 60% using the fine-tuning strategy.

#### Step 2: Evaluate Performance Trends for Hyper-Parameters

**Masking Ratio and Fine-Tuning Strategy:**
- Trials with higher masking ratios (70%, 75%, 80%) generally yield high validation accuracies, ranging from 84.5% to 84.9%. This suggests that a substantial portion of the image being masked can still lead to effective learning.
- The highest accuracy (85.0%) was achieved with a masking ratio of 60%, indicating an optimal balance between visible and masked patches.

**Masking Ratio and Linear Probing Strategy:**
- For linear probing, lower masking ratios tend to yield better results compared to higher ones. Specifically:
  - A masking ratio of 10% resulted in the lowest accuracy (54.6%), suggesting that too few masked patches may not provide enough challenge for the model.
  - Higher masking ratios (75%) led to relatively poor performance (73.5%).

**Strategy Comparison:**
- Fine-tuning consistently outperforms linear probing across all masking ratios tested, with validation accuracies ranging from 83.2% to 85.0%. In contrast, the best accuracy for linear probing was only 73.5%.

#### Step 3: Highlight Promising Hyper-Parameter Combinations

**Fine-Tuning Strategy:**
- The combination of a masking ratio around 60%-75% with fine-tuning appears to be particularly promising, as it consistently yields high validation accuracies (84.9% and above).

**Linear Probing Strategy:**
- For linear probing, lower masking ratios (around 10%) perform poorly, while moderate masking ratios (e.g., 60%) yield the best results among this strategy.

### Summary of Insights

The analysis reveals that fine-tuning is more effective than linear probing for image classification tasks using Masked Autoencoders. The optimal masking ratio appears to be around 60%-75% when employing the fine-tuning strategy, as it maximizes validation accuracy while maintaining computational efficiency. Linear probing shows diminishing returns with higher masking ratios and performs best at moderate levels of masking (around 60%).
15-find_trials-stop-cognitive: ### Task 2: Analysis of Search Space

The search space contains several unexplored configurations for the linear probing strategy:
- Masking ratios of 20%, 30%, 70%, 80%, and 90%.

These configurations have not been tested yet, but based on previous trends, they could potentially yield better results. Specifically, lower masking ratios (e.g., 20% and 30%) might perform well for linear probing.

### Task 3: Decide Whether to Stop Optimization

**Step 1: Analyze the Following Criteria**

- **Are all promising configurations already tested?**
  - No, there are still unexplored configurations in the search space.
  
- **Are no unexplored options likely to yield better results?**
  - Given that lower masking ratios have shown promise for linear probing, it is possible that some of these untested configurations could yield better results.

- **Has the metric `validation accuracy` improved significantly over the first three trials?**
  - The validation accuracies span from 54.6% to 85.0%, indicating significant improvements across different masking ratios and strategies.

**Step 2: Decide Whether All Conditions Are Met**

Since not all promising configurations have been tested, it is premature to stop the optimization process. There are still unexplored options that could potentially yield better results.

### Final Decision

Answer: No with confidence score: 0.75

Justification: While there has been significant improvement in validation accuracy, several promising configurations for linear probing remain untested, and these could potentially yield even better results. Therefore, it is advisable to continue the optimization process.
15-find_trials-cognitive: ### Task 2: Optimization Recommendation

Based on the analysis from Task 1 and the provided search space, here are three promising trials to recommend for further optimization.

#### Reasoning for Recommendations:

1. **Trial Number 2 (masking_ratio: 30%, strategy: linear probing)**
   - From our analysis, lower masking ratios tend to yield better results with the linear probing strategy. A masking ratio of 30% is a moderate value that should provide enough challenge without overwhelming the model.
   
2. **Trial Number 6 (masking_ratio: 70%, strategy: linear probing)**
   - Although higher masking ratios generally perform poorly with linear probing, it's still worth testing to see if there are any unexpected improvements or insights. A masking ratio of 70% is a good middle ground between moderate and high values.

3. **Trial Number 9 (masking_ratio: 90%, strategy: linear probing)**
   - This trial will help us understand the upper limit of performance with linear probing. While higher masking ratios typically perform poorly, it's important to test this extreme value to confirm our observations from previous trials.

### JSON Format:

```json
[
    {"number": 2, "params": {"masking_ratio": 30, "strategy": "linear probing"}},
    {"number": 6, "params": {"masking_ratio": 70, "strategy": "linear probing"}},
    {"number": 9, "params": {"masking_ratio": 90, "strategy": "linear probing"}}
]
```
- [difflib] amnbious matches: ['masking_ratio:30_strategy:linear probing'], raw output: masking_ratio:30_strategy:linear probing_
- [difflib] amnbious matches: ['masking_ratio:70_strategy:linear probing'], raw output: masking_ratio:70_strategy:linear probing_
- [difflib] amnbious matches: ['masking_ratio:90_strategy:linear probing'], raw output: masking_ratio:90_strategy:linear probing_
Number of trials: 3 -> 3, 
Error_trials: [] is non-empty. 
Repeated_trials: 0 is non-empty. 
 []
[INFO] Round [18][20], Failed: [0]/[3]
{'description': 'You are a Senior Computer Vision Researcher specializing in ablation study (with grid)', 'model': 'Masked Autoencoder inspired by BERT and GPT', 'task': 'Image Classification', 'basic_idea': 'Masked Autoencoders (MAE) are a self-supervised learning method for vision tasks where a large portion of image patches are randomly masked, and the model learns to reconstruct the missing patches. The encoder processes only visible patches, making it efficient, while a lightweight decoder reconstructs the full image. This approach enables the model to learn rich visual representations without labeled data.', 'straregy': {'linear probing': "the pretrained MAE encoder is frozen and only a linear classifier is trained on top of its features. This tests how well the encoder's learned representations transfer to downstream tasks without further tuning.", 'fine-tuning': 'the entire MAE model, including the encoder, is updated during training on the target task. '}, 'instruction': 'Complete instructions under limited trials', 'link': 'https://openaccess.thecvf.com/content/CVPR2022/papers/He_Masked_Autoencoders_Are_Scalable_Vision_Learners_CVPR_2022_paper.pdf'}
18-find_trials-analyse-cognitive: ### **Task 1: Analysis of Completed Trials**

#### Step 1: Summarize Performance Metrics for Completed Trials

The completed trials encompass a range of masking ratios (from 10% to 90%) and two strategies: fine-tuning and linear probing. The validation accuracies span from approximately 54.6% to 85.0%. 

#### Step 2: Evaluate Performance Trends for Hyper-Parameters

**Masking Ratio Impact on Fine-Tuning Strategy:**
- Higher masking ratios generally yield better performance, with the highest accuracy (85.0%) observed at a 60% masking ratio.
- The validation accuracies are relatively consistent across higher masking ratios (70%, 75%, and 60%), all achieving around 84.9% to 85.0%.

**Masking Ratio Impact on Linear Probing Strategy:**
- Lower masking ratios tend to perform better in linear probing, with the highest accuracy (73.2%) at a 70% masking ratio.
- The performance drops significantly for lower masking ratios, such as 10%, where the validation accuracy is only 54.6%.

**Strategy Comparison:**
- Fine-tuning consistently outperforms linear probing across all masking ratios tested.
- Linear probing shows a gradual improvement in performance with increasing masking ratios up to around 70% before declining.

#### Step 3: Highlight Promising Hyper-Parameter Combinations

**Fine-Tuning Strategy:**
- The combination of fine-tuning with higher masking ratios (60%, 70%, and 75%) is particularly promising, achieving the highest validation accuracies in this strategy.
- Specifically, a 60% masking ratio yields the best performance at 85.0%.

**Linear Probing Strategy:**
- For linear probing, a moderate to high masking ratio (around 70%) seems optimal, with a peak accuracy of 73.2%.
- Lower masking ratios are less effective for this strategy.

### Summary

The analysis indicates that the fine-tuning strategy is more robust and achieves higher validation accuracies across various masking ratios compared to linear probing. Among the tested configurations, a 60% masking ratio with fine-tuning emerges as the most promising combination, achieving an impressive validation accuracy of 85.0%. For linear probing, moderate to high masking ratios (around 70%) are recommended for better performance.
18-find_trials-stop-cognitive: ### Task 2: Analysis of Search Space

The search space contains unexplored but potentially promising trials:
- Trial 1: `{'masking_ratio': 20, 'strategy': 'linear probing'}`
- Trial 8: `{'masking_ratio': 80, 'strategy': 'linear probing'}`

### Task 3: Decide Whether to Stop Optimization

**Step 1: Analyze the Following Criteria**

1. **Are all promising configurations already tested?**
   - No, there are still unexplored configurations (e.g., masking ratio of 20% and 80% with linear probing).

2. **Are no unexplored options likely to yield better results?**
   - Given the trends observed in the completed trials, it is possible that these unexplored configurations could provide additional insights or even better performance.

3. **Has the metric `validation accuracy` improved significantly over the first three trials?**
   - The validation accuracies have shown significant improvements across different masking ratios and strategies, indicating that further exploration might still yield better results.

**Step 2: Decide Whether All Conditions Are Met**

Based on the analysis:
- Not all promising configurations are tested.
- Unexplored options could potentially yield better results.
- Validation accuracy has shown significant improvement over initial trials.

Therefore, **all conditions are not met**, and we should continue exploring the search space to ensure no better configurations are missed.

### Final Answer

**Answer: No with confidence score: 0.8**

Justification: There are still unexplored configurations that could potentially yield better results, and validation accuracy has shown significant improvements in initial trials, indicating further exploration is warranted.
18-find_trials-cognitive: ### Task 2: Optimization Recommendation

Based on the analysis from Task 1 and the provided search space, here are two promising trials to recommend:

#### Trial 1:
- **Number**: 8
- **Params**:
  - `masking_ratio`: 80%
  - `strategy`: linear probing

**Reasoning**:
From the analysis in Task 1, we observed that for the linear probing strategy, moderate to high masking ratios (around 70%) are recommended. Although 80% is slightly higher than 70%, it still falls within the range where performance tends to be better compared to lower masking ratios. Given the limited options in the search space, this trial is a reasonable choice for further exploration.

#### Trial 2:
- **Number**: 1
- **Params**:
  - `masking_ratio`: 20%
  - `strategy`: linear probing

**Reasoning**:
While higher masking ratios generally perform better for fine-tuning, the analysis also indicated that lower masking ratios can still be effective in certain scenarios. Given the limited options and the need to explore different configurations, this trial with a lower masking ratio (20%) is worth investigating further to understand its performance characteristics.

### Summary

The recommended trials are based on the insights from Task 1 and the provided search space. These trials aim to cover both higher and lower masking ratios within the linear probing strategy to gain a comprehensive understanding of their performance.

```json
[
    {"number": 8, "params": {"masking_ratio": 80, "strategy": "linear probing"}},
    {"number": 1, "params": {"masking_ratio": 20, "strategy": "linear probing"}}
]
```
- [difflib] amnbious matches: ['masking_ratio:80_strategy:linear probing'], raw output: masking_ratio:80_strategy:linear probing_
- [difflib] amnbious matches: ['masking_ratio:20_strategy:linear probing'], raw output: masking_ratio:20_strategy:linear probing_
Number of trials: 2 -> 2, 
Error_trials: [] is non-empty. 
Repeated_trials: 0 is non-empty. 
 []
[INFO] Round [20][20], Failed: [0]/[3]
{'description': 'You are a Senior Computer Vision Researcher specializing in ablation study (with grid)', 'model': 'Masked Autoencoder inspired by BERT and GPT', 'task': 'Image Classification', 'basic_idea': 'Masked Autoencoders (MAE) are a self-supervised learning method for vision tasks where a large portion of image patches are randomly masked, and the model learns to reconstruct the missing patches. The encoder processes only visible patches, making it efficient, while a lightweight decoder reconstructs the full image. This approach enables the model to learn rich visual representations without labeled data.', 'straregy': {'linear probing': "the pretrained MAE encoder is frozen and only a linear classifier is trained on top of its features. This tests how well the encoder's learned representations transfer to downstream tasks without further tuning.", 'fine-tuning': 'the entire MAE model, including the encoder, is updated during training on the target task. '}, 'instruction': 'Complete instructions under limited trials', 'link': 'https://openaccess.thecvf.com/content/CVPR2022/papers/He_Masked_Autoencoders_Are_Scalable_Vision_Learners_CVPR_2022_paper.pdf'}
20-find_trials-analyse-cognitive: ### **Task 1: Analysis of Completed Trials**

#### Step 1: Summarize Performance Metrics for Completed Trials

The completed trials encompass a range of masking ratios (from 10% to 90%) and two strategies: fine-tuning and linear probing. The validation accuracies span from approximately 54.6% to 85.0%. 

#### Step 2: Evaluate Performance Trends for Hyper-Parameters

**Masking Ratio Impact on Fine-Tuning Strategy:**
- Higher masking ratios generally yield better performance, with the highest accuracy (85.0%) observed at a masking ratio of 60%.
- Masking ratios between 40% and 90% consistently achieve accuracies above 83%, indicating that moderate to high levels of masking are beneficial for fine-tuning.

**Masking Ratio Impact on Linear Probing Strategy:**
- The linear probing strategy shows a more varied performance, with the highest accuracy (73.5%) at a masking ratio of 75%.
- Lower masking ratios tend to result in lower accuracies; for instance, a masking ratio of 10% yields only 54.6%.

**Strategy Comparison:**
- Fine-tuning consistently outperforms linear probing across all masking ratios tested.
- The gap between the two strategies is most pronounced at lower masking ratios (e.g., 10%, where fine-tuning achieves 83.2% and linear probing achieves only 54.6%).

#### Step 3: Highlight Promising Hyper-Parameter Combinations

**Fine-Tuning Strategy:**
- The combination of a high masking ratio (around 60%) with the fine-tuning strategy appears to be particularly effective, achieving the highest validation accuracy observed in these trials.
- Other promising combinations include masking ratios between 40% and 80%, which consistently yield accuracies above 83%.

**Linear Probing Strategy:**
- While less effective overall compared to fine-tuning, linear probing shows some promise at higher masking ratios (e.g., 75% and 80%), achieving accuracies around 71.8%.
- Lower masking ratios are generally not recommended for the linear probing strategy due to significantly lower performance.

### Summary of Key Insights

- **Fine-Tuning Strategy:** High masking ratios (60%) yield optimal results, with consistent high accuracy across a range of moderate to high masking levels.
- **Linear Probing Strategy:** Higher masking ratios (75% and 80%) are more effective compared to lower ones but still underperform the fine-tuning strategy.

These insights suggest that for achieving the best performance in image classification tasks using Masked Autoencoders, a fine-tuning approach with moderate to high masking ratios is recommended.
20-find_trials-stop-cognitive: ### Task 2: Analysis of Search Space

The search space provided indicates that there are no unexplored but promising trials left to test. This suggests that all potentially beneficial configurations within the given range have already been evaluated.

### Task 3: Decide Whether to Stop Optimization

**Step 1: Analyze the Following Criteria**

- **Are All Promising Configurations Already Tested?**
  - Yes, based on the provided search space, there are no unexplored promising trials.
  
- **Are No Unexplored Options Likely to Yield Better Results?**
  - Given that all configurations within the specified range have been tested and the highest validation accuracy is already achieved at a masking ratio of 60% with fine-tuning, it is unlikely that any untested configuration will yield better results.

- **Has the Metric `Validation Accuracy` Improved Significantly Over the First Three Trials?**
  - Yes, the validation accuracy has shown significant improvement over the first three trials. For example, at a masking ratio of 60%, fine-tuning achieved an accuracy of 85.0%, which is notably higher than the initial trials.

**Step 2: Decide Whether All Conditions Are Met**

Since all criteria in Step 1 are satisfied:

Answer: Yes with confidence score: 95%.

Justification: All promising configurations have been tested, and no unexplored options are likely to yield better results. The validation accuracy has shown significant improvement over the initial trials.

```plaintext
Answer: Yes with confidence score: 95%.
```
