----------------------------------------------------------------------------------------------------
Start Optimization: nnUnet_BTCV_train_llama3.3:70b
----------------------------------------------------------------------------------------------------
[INFO] Round [3][19], Failed: [0]/[16]
{'description': 'You are a Senior Computer Vision Researcher specializing in 3D Medical Image Segmentation.', 'model': 'nnUNet Revisited', 'task': 'Benchmarking for BTCV dataset.', 'basic_idea': 'Compare CNN-, Transformer-, and Mamba-based architectures using standardized hyperparameters and datasets within nnUNet and Auto3DSeg frameworks.', 'Structure_Description': {'nnU-Net (org.)': 'A self-configuring U-Net framework that adapts its architecture and training pipeline to any given medical imaging dataset.', 'nnU-Net ResEnc M': 'A medium-sized nnU-Net variant incorporating residual encoder blocks for moderate GPU memory.', 'nnU-Net ResEnc L': 'A large nnU-Net variant using residual encoders, designed for high-memory GPU usage.', 'ResEnc L (iso spacing)': 'ResEnc L trained with isotropic spacing (1x1x1) for spatial uniformity.', 'MedNeXt L k3': 'ConvNeXt-based 3D CNN using 3x3x3 convolutions for scalable segmentation.', 'MedNeXt L k5': 'A variation of MedNeXt using 5x5x5 kernels for broader contextual capture.', 'STU-Net S': 'Small version of a scalable U-Net optimized for low-resource settings.', 'STU-Net B': 'Base variant of STU-Net balancing depth and efficiency.', 'STU-Net L': 'Large version of STU-Net with enhanced capacity for complex tasks.', 'SwinUNETR': 'A U-Net backbone using Swin Transformers to model local and global context.', 'SwinUNETR V2': 'Enhanced SwinUNETR with stagewise convolutional integration.', 'nnFormer': 'A hybrid transformer model with interleaved CNN and transformer layers.', 'CoTr': 'Combines CNNs for local encoding and transformers for global modeling.', 'U-Mamba Bot': 'Uses Mamba modules only in the bottleneck of a U-Net.', 'U-Mamba Enc': 'Uses Mamba modules throughout the encoder to enhance hierarchy learning.', 'No-Mamba Base': 'Baseline U-Net without Mamba, used for comparative evaluation.', 'A3DS SegResNet': 'Auto3DSeg-based residual network optimized for segmentation.', 'A3DS DiNTS': 'Auto3DSeg model generated through neural architecture search.', 'A3DS SwinUNETR': 'Auto3DSeg variant of SwinUNETR fine-tuned for 3D segmentation.'}, 'instruction': 'Complete instructions under limited trials.', 'link': 'https://arxiv.org/abs/2404.09556'}
3-find_trials-analyse-cognitive: ### Task 1: Analysis of Completed Trials

#### Step 1: Summarize Performance Metrics for Completed Trials

The completed trials showcase a range of performance metrics, with Dice scores varying from 76.54 to 83.51. This indicates that the choice of architecture and hyperparameters significantly impacts the model's segmentation accuracy on the BTCV dataset.

- **Highest Performing Model**: The U-Mamba Bot structure achieved the highest Dice score of 83.51, suggesting that incorporating Mamba modules into a U-Net backbone can be highly effective.
- **Transformer-Based Models**: Both SwinUNETR V2 and A3DS SwinUNETR, which are based on transformer architectures, showed promising results but with notable differences in their performance (80.85 for SwinUNETR V2 and 76.54 for A3DS SwinUNETR). This suggests that while transformers can be beneficial, their performance is sensitive to the specific implementation and hyperparameters.

#### Step 2: Evaluate Performance Trends for Hyper-Parameters

Evaluating the trends in hyperparameter settings across the trials reveals several insights:
- **Patch Size**: Larger patch sizes (e.g., 128x128x128 used in U-Mamba Bot) seem to correlate with higher performance, potentially because they allow the model to capture more contextual information.
- **Spacing**: The use of isotropic spacing (1x1x1) in SwinUNETR V2 and U-Mamba Bot trials may contribute to their relatively high performance, as it ensures uniform sampling across all dimensions. In contrast, anisotropic spacing (1x0.78x0.78) in A3DS SwinUNETR might limit its ability to fully capture spatial relationships.
- **Optimizer and Weight Decay**: Both Adam and SGD optimizers were used with a weight decay of 3e-05. The choice between these optimizers did not seem to drastically affect the performance, given that U-Mamba Bot (using SGD) achieved the highest Dice score, while SwinUNETR V2 (using Adam) also performed well.

#### Step 3: Highlight Promising Hyper-Parameter Combinations

Based on the analysis, several hyperparameter combinations appear promising for future trials:
- **Large Patch Sizes with Isotropic Spacing**: This combination seems to enhance model performance by allowing for better contextual understanding and uniform spatial sampling.
- **Mamba Integration in U-Net Architectures**: The success of U-Mamba Bot suggests that incorporating Mamba modules, especially in the bottleneck or throughout the encoder, could be a fruitful approach for improving segmentation accuracy.
- **Transformer-Based Architectures with Optimized Hyperparameters**: While transformer models showed variability in performance, optimizing their hyperparameters (such as patch size and spacing) could lead to significant improvements in Dice scores.

These insights can guide the design of future trials, aiming to further refine hyperparameter settings and architectural choices to achieve higher segmentation accuracy on the BTCV dataset.
3-find_trials-stop-cognitive: To determine whether to stop the optimization process, we must analyze if all promising configurations have been tested and if there are no unexplored options likely to yield better results. Given the diverse range of architectures and parameters in the provided search space, including various CNN, Transformer, and hybrid models with different patch sizes, spacings, optimizers, and weight decays, it's clear that not all possible combinations have been explored.

Answer: No with confidence score: 0.8. 

Justification: The presence of multiple untested configurations within the defined search space, such as different optimizer and learning rate combinations for each model architecture, suggests that there could be unexplored options capable of yielding better results, thus warranting continued optimization.
3-find_trials-cognitive: To recommend promising trials based on the analysis of performance trends and insights from Task 1, we need to consider various factors such as architecture diversity, optimization algorithms, and hyperparameter settings. Given the constraints and the goal to optimize, here are three recommendations with their reasoning:

1. **Trial Number 9: SwinUNETR**
   - Reasoning: This trial utilizes a Transformer-based architecture, which has shown significant promise in recent deep learning advancements, especially in tasks requiring complex feature extraction and understanding, such as medical imaging. The use of Adam optimizer and a weight decay of 3e-05 suggests a careful approach to avoiding overfitting while allowing for adaptive learning rates.

2. **Trial Number 16: A3DS SegResNet**
   - Reasoning: This trial employs an Auto3DSeg framework with a CNN architecture, optimized by Adam with a weight decay of 3e-05. The specific patch size and spacing suggest it's tailored for certain types of data, potentially offering better performance on tasks where spatial hierarchies are crucial. The use of 800 epochs indicates a focus on convergence without overly extensive training.

3. **Trial Number 5: STU-Net S**
   - Reasoning: Representing a scaled U-Net architecture with SGD optimizer and a standard weight decay, this trial offers a balance between simplicity and the capacity for complex feature learning. The choice of patch size and spacing (1x1x1) along with 1000 epochs suggests an attempt to thoroughly learn from the data without premature convergence.

These recommendations aim to cover a range of architectural approaches (Transformer, CNN, and hybrid/scaled architectures) and optimization strategies, providing a diverse set of trials that could potentially perform well across different tasks or datasets.


```json
[
    {"number": 9, "params": {"Structure": "SwinUNETR", "Architecture": "Transformer", "Patch Size": "2x2x2", "Spacing": "1x1x1", "Batch Size": 2, "Epochs": 1000, "Optimizer": "Adam", "Weight Decay": 3e-05}},
    {"number": 16, "params": {"Structure": "A3DS SegResNet", "Architecture": "CNN (Auto3DSeg)", "Patch Size": "144x224x224", "Spacing": "1x0.78x0.78", "Batch Size": 2, "Epochs": 800, "Optimizer": "Adam", "Weight Decay": 3e-05}},
    {"number": 5, "params": {"Structure": "STU-Net S", "Architecture": "Scaled U-Net (CNN)", "Patch Size": "128x128x128", "Spacing": "1x1x1", "Batch Size": 2, "Epochs": 1000, "Optimizer": "SGD", "Weight Decay": 3e-05}}
]
```
- [difflib] amnbious matches: ['structure:swinunetr_architecture:transformer_patch size:2x2x2_spacing:1x1x1_batch size:2_epochs:1000_optimizer:adam_weight decay:3e-05'], raw output: structure:swinunetr_architecture:transformer_patch size:2x2x2_spacing:1x1x1_batch size:2_epochs:1000_optimizer:adam_weight decay:3e-05_
- [difflib] amnbious matches: ['structure:a3ds segresnet_architecture:cnn (auto3dseg)_patch size:144x224x224_spacing:1x0.78x0.78_batch size:2_epochs:800_optimizer:adam_weight decay:3e-05'], raw output: structure:a3ds segresnet_architecture:cnn (auto3dseg)_patch size:144x224x224_spacing:1x0.78x0.78_batch size:2_epochs:800_optimizer:adam_weight decay:3e-05_
- [difflib] amnbious matches: ['structure:stu-net s_architecture:scaled u-net (cnn)_patch size:128x128x128_spacing:1x1x1_batch size:2_epochs:1000_optimizer:sgd_weight decay:3e-05'], raw output: structure:stu-net s_architecture:scaled u-net (cnn)_patch size:128x128x128_spacing:1x1x1_batch size:2_epochs:1000_optimizer:sgd_weight decay:3e-05_
Number of trials: 3 -> 3, 
Error_trials: [] is non-empty. 
Repeated_trials: 0 is non-empty. 
 []
[INFO] Round [6][19], Failed: [0]/[13]
{'description': 'You are a Senior Computer Vision Researcher specializing in 3D Medical Image Segmentation.', 'model': 'nnUNet Revisited', 'task': 'Benchmarking for BTCV dataset.', 'basic_idea': 'Compare CNN-, Transformer-, and Mamba-based architectures using standardized hyperparameters and datasets within nnUNet and Auto3DSeg frameworks.', 'Structure_Description': {'nnU-Net (org.)': 'A self-configuring U-Net framework that adapts its architecture and training pipeline to any given medical imaging dataset.', 'nnU-Net ResEnc M': 'A medium-sized nnU-Net variant incorporating residual encoder blocks for moderate GPU memory.', 'nnU-Net ResEnc L': 'A large nnU-Net variant using residual encoders, designed for high-memory GPU usage.', 'ResEnc L (iso spacing)': 'ResEnc L trained with isotropic spacing (1x1x1) for spatial uniformity.', 'MedNeXt L k3': 'ConvNeXt-based 3D CNN using 3x3x3 convolutions for scalable segmentation.', 'MedNeXt L k5': 'A variation of MedNeXt using 5x5x5 kernels for broader contextual capture.', 'STU-Net S': 'Small version of a scalable U-Net optimized for low-resource settings.', 'STU-Net B': 'Base variant of STU-Net balancing depth and efficiency.', 'STU-Net L': 'Large version of STU-Net with enhanced capacity for complex tasks.', 'SwinUNETR': 'A U-Net backbone using Swin Transformers to model local and global context.', 'SwinUNETR V2': 'Enhanced SwinUNETR with stagewise convolutional integration.', 'nnFormer': 'A hybrid transformer model with interleaved CNN and transformer layers.', 'CoTr': 'Combines CNNs for local encoding and transformers for global modeling.', 'U-Mamba Bot': 'Uses Mamba modules only in the bottleneck of a U-Net.', 'U-Mamba Enc': 'Uses Mamba modules throughout the encoder to enhance hierarchy learning.', 'No-Mamba Base': 'Baseline U-Net without Mamba, used for comparative evaluation.', 'A3DS SegResNet': 'Auto3DSeg-based residual network optimized for segmentation.', 'A3DS DiNTS': 'Auto3DSeg model generated through neural architecture search.', 'A3DS SwinUNETR': 'Auto3DSeg variant of SwinUNETR fine-tuned for 3D segmentation.'}, 'instruction': 'Complete instructions under limited trials.', 'link': 'https://arxiv.org/abs/2404.09556'}
6-find_trials-analyse-cognitive: ### Task 1: Analysis of Completed Trials

#### Step 1: Summarize Performance Metrics for Completed Trials

The completed trials showcase a range of performance metrics, with Dice scores varying from 76.54 to 83.51. The highest performing model is U-Mamba Bot with a Dice score of 83.51, indicating superior segmentation capabilities compared to other architectures. On the other end of the spectrum, A3DS SwinUNETR achieved the lowest Dice score of 76.54, suggesting potential for improvement in its configuration or training process.

#### Step 2: Evaluate Performance Trends for Hyper-parameters

- **Architecture Influence**: Models based on Transformer architectures (SwinUNETR, SwinUNETR V2, and A3DS SwinUNETR) show a mixed performance, with scores ranging from 76.54 to 80.85. This variability suggests that while Transformers can be highly effective, their performance is significantly influenced by other hyper-parameters such as patch size and spacing.
  
- **Optimizer Impact**: The choice of optimizer (Adam vs. SGD) seems to have a notable impact on the model's performance. Adam is used in trials with both higher and lower Dice scores, but SGD is associated with one of the highest performing models (U-Mamba Bot), indicating its potential effectiveness in certain configurations.
  
- **Patch Size and Spacing**: Larger patch sizes (e.g., 128x128x128, 144x224x224) are often associated with higher performance models (U-Mamba Bot, A3DS SegResNet), suggesting that capturing more context can improve segmentation accuracy. However, the impact of spacing is less clear, with both isotropic (1x1x1) and anisotropic spacings (1x0.78x0.78) yielding high performances in different models.

#### Step 3: Highlight Promising Hyper-parameter Combinations

- **U-Mamba Bot Configuration**: The combination of U-Mamba Bot architecture with a patch size of 128x128x128, isotropic spacing of 1x1x1, batch size of 2, 1000 epochs, SGD optimizer, and a weight decay of 3e-05 stands out as particularly effective, achieving the highest Dice score of 83.51.
  
- **Transformer-Based Models with Adam**: While not the top performers, Transformer-based models (like SwinUNETR and its variants) using Adam as the optimizer show potential, especially when considering their performance range (76.54 to 80.85). Fine-tuning these models with different patch sizes or optimizers could lead to improved results.
  
- **Large Patch Sizes with CNN Architectures**: The use of large patch sizes (e.g., 128x128x128) with CNN-based architectures like STU-Net S yields a high Dice score of 82.92, suggesting that traditional CNN approaches can still offer competitive performance when properly configured.

These observations highlight the complexity of optimizing hyper-parameters for 3D medical image segmentation tasks and underscore the need for careful consideration of architectural choices, patch sizes, optimizers, and other training parameters to achieve optimal results.
6-find_trials-stop-cognitive: To determine whether to stop the optimization process, we must analyze if all promising configurations within the given search space have been tested and if no unexplored options are likely to yield better results. Given the variety of architectures and parameters in the search space, including CNN-, Transformer-, and Mamba-based models with different patch sizes, spacings, optimizers, and weight decays, it seems unlikely that all potentially promising configurations have been exhaustively explored.

Answer: No with confidence score: 0.7.
6-find_trials-cognitive: To recommend promising trials based on the analysis of completed trials and performance trends, we need to consider several factors such as architecture diversity, patch size, spacing, optimizer, and weight decay. Given the constraints and the goal to optimize for the BTCV dataset within the nnUNet and Auto3DSeg frameworks, here are three recommendations:

1. **Trial Number 2**:
   - **Reasoning**: This trial uses 'MedNeXt L k5' with a ConvNeXt architecture, which is known for its efficiency in capturing broader contextual information due to its larger kernel size (5x5x5). The use of AdamW as the optimizer and a weight decay of 3e-05 can help in stabilizing the training process. Isotropic spacing (1x1x1) ensures uniform sampling, which is beneficial for many medical imaging tasks.

2. **Trial Number 11**:
   - **Reasoning**: The 'nnFormer' with a Transformer architecture offers a unique approach by leveraging self-attention mechanisms, which can be particularly effective in modeling long-range dependencies within images. This could provide complementary insights compared to traditional CNN-based approaches. The use of SGD as the optimizer and a standard weight decay might require careful tuning but offers a straightforward optimization path.

3. **Trial Number 17**:
   - **Reasoning**: 'A3DS DiNTS' with a NAS (Auto3DSeg) architecture represents a cutting-edge approach by utilizing neural architecture search to find an optimal model design for the specific task at hand. The slightly different patch size (144x224x224) and non-isotropic spacing (1x0.78x0.78) might offer better adaptation to the dataset's characteristics, especially when combined with Adam optimizer and a reduced number of epochs (800), potentially leading to faster convergence.

These recommendations aim to cover a range of architectural innovations and optimization strategies present in the search space, providing a balanced approach towards finding an optimal solution for the BTCV dataset.


```json
[
    {"number": 2, "params": {"Structure": "MedNeXt L k5", "Architecture": "ConvNeXt (CNN)", "Patch Size": "128x128x128", "Spacing": "1x1x1", "Batch Size": 2, "Epochs": 1000, "Optimizer": "AdamW", "Weight Decay": 3e-05}},
    {"number": 11, "params": {"Structure": "nnFormer", "Architecture": "Transformer", "Patch Size": "128x128x128", "Spacing": "1x1x1", "Batch Size": 2, "Epochs": 1000, "Optimizer": "SGD", "Weight Decay": 3e-05}},
    {"number": 17, "params": {"Structure": "A3DS DiNTS", "Architecture": "NAS (Auto3DSeg)", "Patch Size": "144x224x224", "Spacing": "1x0.78x0.78", "Batch Size": 2, "Epochs": 800, "Optimizer": "Adam", "Weight Decay": 3e-05}}
]
```
- [difflib] amnbious matches: ['structure:mednext l k5_architecture:convnext (cnn)_patch size:128x128x128_spacing:1x1x1_batch size:2_epochs:1000_optimizer:adamw_weight decay:3e-05'], raw output: structure:mednext l k5_architecture:convnext (cnn)_patch size:128x128x128_spacing:1x1x1_batch size:2_epochs:1000_optimizer:adamw_weight decay:3e-05_
- [difflib] amnbious matches: ['structure:nnformer_architecture:transformer_patch size:128x128x128_spacing:1x1x1_batch size:2_epochs:1000_optimizer:sgd_weight decay:3e-05'], raw output: structure:nnformer_architecture:transformer_patch size:128x128x128_spacing:1x1x1_batch size:2_epochs:1000_optimizer:sgd_weight decay:3e-05_
- [difflib] amnbious matches: ['structure:a3ds dints_architecture:nas (auto3dseg)_patch size:144x224x224_spacing:1x0.78x0.78_batch size:2_epochs:800_optimizer:adam_weight decay:3e-05'], raw output: structure:a3ds dints_architecture:nas (auto3dseg)_patch size:144x224x224_spacing:1x0.78x0.78_batch size:2_epochs:800_optimizer:adam_weight decay:3e-05_
Number of trials: 3 -> 3, 
Error_trials: [] is non-empty. 
Repeated_trials: 0 is non-empty. 
 []
[INFO] Round [9][19], Failed: [0]/[10]
{'description': 'You are a Senior Computer Vision Researcher specializing in 3D Medical Image Segmentation.', 'model': 'nnUNet Revisited', 'task': 'Benchmarking for BTCV dataset.', 'basic_idea': 'Compare CNN-, Transformer-, and Mamba-based architectures using standardized hyperparameters and datasets within nnUNet and Auto3DSeg frameworks.', 'Structure_Description': {'nnU-Net (org.)': 'A self-configuring U-Net framework that adapts its architecture and training pipeline to any given medical imaging dataset.', 'nnU-Net ResEnc M': 'A medium-sized nnU-Net variant incorporating residual encoder blocks for moderate GPU memory.', 'nnU-Net ResEnc L': 'A large nnU-Net variant using residual encoders, designed for high-memory GPU usage.', 'ResEnc L (iso spacing)': 'ResEnc L trained with isotropic spacing (1x1x1) for spatial uniformity.', 'MedNeXt L k3': 'ConvNeXt-based 3D CNN using 3x3x3 convolutions for scalable segmentation.', 'MedNeXt L k5': 'A variation of MedNeXt using 5x5x5 kernels for broader contextual capture.', 'STU-Net S': 'Small version of a scalable U-Net optimized for low-resource settings.', 'STU-Net B': 'Base variant of STU-Net balancing depth and efficiency.', 'STU-Net L': 'Large version of STU-Net with enhanced capacity for complex tasks.', 'SwinUNETR': 'A U-Net backbone using Swin Transformers to model local and global context.', 'SwinUNETR V2': 'Enhanced SwinUNETR with stagewise convolutional integration.', 'nnFormer': 'A hybrid transformer model with interleaved CNN and transformer layers.', 'CoTr': 'Combines CNNs for local encoding and transformers for global modeling.', 'U-Mamba Bot': 'Uses Mamba modules only in the bottleneck of a U-Net.', 'U-Mamba Enc': 'Uses Mamba modules throughout the encoder to enhance hierarchy learning.', 'No-Mamba Base': 'Baseline U-Net without Mamba, used for comparative evaluation.', 'A3DS SegResNet': 'Auto3DSeg-based residual network optimized for segmentation.', 'A3DS DiNTS': 'Auto3DSeg model generated through neural architecture search.', 'A3DS SwinUNETR': 'Auto3DSeg variant of SwinUNETR fine-tuned for 3D segmentation.'}, 'instruction': 'Complete instructions under limited trials.', 'link': 'https://arxiv.org/abs/2404.09556'}
9-find_trials-analyse-cognitive: ### Task 1: Analysis of Completed Trials

#### Step 1: Summarize Performance Metrics for Completed Trials

The completed trials showcase a range of architectures, including CNNs (ConvNeXt, U-Net variants), Transformers (SwinUNETR, nnFormer), and hybrid models (U-Mamba Bot). The performance metrics, measured by Dice scores, vary significantly across these trials. The highest Dice score achieved is 85.04 by MedNeXt L k5, indicating superior segmentation performance in the BTCV dataset. On the other end of the spectrum, A3DS SwinUNETR achieves a Dice score of 76.54, which, while lower, still demonstrates competitive performance given its transformer-based architecture and specific hyperparameter settings.

#### Step 2: Evaluate Performance Trends for Hyper-parameters

Evaluating the trends in hyper-parameters reveals several insights:
- **Patch Size and Spacing**: Larger patch sizes (e.g., 128x128x128, 144x224x224) tend to perform better across different architectures, possibly due to capturing more contextual information. Isotropic spacing (1x1x1) seems beneficial for models like SwinUNETR V2 and U-Mamba Bot, but anisotropic spacing (1x0.78x0.78) also yields competitive results with appropriate models (A3DS SegResNet, A3DS DiNTS).
- **Batch Size and Epochs**: A batch size of 2 is consistent across all trials, suggesting that this might be an optimal or constrained setting due to GPU memory limitations. The number of epochs varies between 800 and 1000, with some models (like MedNeXt L k5) achieving high performance at 1000 epochs.
- **Optimizers and Weight Decay**: Both Adam and SGD optimizers are used, with Adam being more prevalent and often associated with higher Dice scores. The weight decay is consistently set to 3e-05 across all trials, indicating its potential as a universally effective regularization strength for these models.

#### Step 3: Highlight Promising Hyper-parameter Combinations

Several hyper-parameter combinations stand out:
- **MedNeXt L k5** with AdamW optimizer and 1000 epochs demonstrates the highest Dice score, suggesting that larger kernel sizes (5x5x5) in CNNs can be highly effective.
- **U-Mamba Bot** achieves a high Dice score of 83.51, indicating that incorporating Mamba modules into U-Net bottlenecks can significantly enhance performance.
- **SwinUNETR V2** and **nnFormer**, both transformer-based models, show competitive performance with Dice scores above 78%, highlighting the potential of transformer architectures in medical image segmentation when appropriately configured.

These observations suggest that future trials could benefit from exploring larger patch sizes, optimizing the choice of optimizer based on model architecture, and further investigating the role of Mamba modules in enhancing U-Net performance. Additionally, comparing the efficacy of different kernel sizes in CNNs and the impact of anisotropic vs. isotropic spacing on transformer-based models could provide valuable insights for improving segmentation accuracy in the BTCV dataset.
9-find_trials-stop-cognitive: To determine whether to stop the optimization process, we analyze the given search space and the conditions provided. Since there are unexplored but promising trials within the defined search space, such as various architectures and hyperparameter settings that have not been tested, it indicates that not all potentially better configurations have been evaluated.

Answer: No with confidence score: 0.8.
9-find_trials-cognitive: To recommend promising trials based on the analysis of completed trials and performance trends, we need to consider several factors such as architecture diversity, patch size, spacing, optimizer, and weight decay. Given the constraints and the goal to optimize for the BTCV dataset within the nnUNet and Auto3DSeg frameworks, here are three recommendations:

1. **Trial Number 5**: This trial uses 'MedNeXt L k3' with a ConvNeXt (CNN) architecture. The choice of ConvNeXt, which is known for its efficiency and performance in various vision tasks, along with the use of AdamW optimizer and a weight decay of 3e-05, makes it an interesting candidate. The isotropic spacing ('1x1x1') and moderate patch size ('128x128x128') are also favorable for capturing detailed features without overly increasing computational requirements.

2. **Trial Number 8**: This trial employs 'STU-Net L', a Scaled U-Net (CNN) architecture, which is designed to handle complex tasks with its enhanced capacity. The use of SGD as the optimizer and a weight decay of 3e-05, along with a batch size of 2 and epochs set to 1000, provides a robust setup for training. The patch size ('128x128x128') and spacing ('1x1x1') are similar to those in Trial 5, suggesting a good balance between detail capture and computational efficiency.

3. **Trial Number 14**: This trial utilizes 'U-Mamba Enc', combining U-Net with Mamba modules throughout the encoder. This hybrid approach can potentially leverage the strengths of both CNNs (for local feature extraction) and Mamba modules (for more complex, possibly global feature interactions). With SGD as the optimizer, a weight decay of 3e-05, and identical patch size and spacing to Trials 5 and 8, this trial offers an innovative architectural approach that could yield superior performance on the BTCV dataset.

These recommendations are based on the diversity of architectures (ConvNeXt, Scaled U-Net, and U-Net + Mamba), which can help in identifying the most suitable model for the task at hand. Each recommended trial has a unique aspect—whether it's the architecture, optimizer, or the inclusion of innovative modules like Mamba—that could lead to better performance on the BTCV dataset.

```json
[
    {"number": 5, "params": {"Structure": "MedNeXt L k3", "Architecture": "ConvNeXt (CNN)", "Patch Size": "128x128x128", "Spacing": "1x1x1", "Batch Size": 2, "Epochs": 1000, "Optimizer": "AdamW", "Weight Decay": 3e-05}},
    {"number": 8, "params": {"Structure": "STU-Net L", "Architecture": "Scaled U-Net (CNN)", "Patch Size": "128x128x128", "Spacing": "1x1x1", "Batch Size": 2, "Epochs": 1000, "Optimizer": "SGD", "Weight Decay": 3e-05}},
    {"number": 14, "params": {"Structure": "U-Mamba Enc", "Architecture": "U-Net + Mamba", "Patch Size": "128x128x128", "Spacing": "1x1x1", "Batch Size": 2, "Epochs": 1000, "Optimizer": "SGD", "Weight Decay": 3e-05}}
]
```
- [difflib] amnbious matches: ['structure:mednext l k3_architecture:convnext (cnn)_patch size:128x128x128_spacing:1x1x1_batch size:2_epochs:1000_optimizer:adamw_weight decay:3e-05'], raw output: structure:mednext l k3_architecture:convnext (cnn)_patch size:128x128x128_spacing:1x1x1_batch size:2_epochs:1000_optimizer:adamw_weight decay:3e-05_
- [difflib] amnbious matches: ['structure:stu-net l_architecture:scaled u-net (cnn)_patch size:128x128x128_spacing:1x1x1_batch size:2_epochs:1000_optimizer:sgd_weight decay:3e-05'], raw output: structure:stu-net l_architecture:scaled u-net (cnn)_patch size:128x128x128_spacing:1x1x1_batch size:2_epochs:1000_optimizer:sgd_weight decay:3e-05_
- [difflib] amnbious matches: ['structure:u-mamba enc_architecture:u-net + mamba_patch size:128x128x128_spacing:1x1x1_batch size:2_epochs:1000_optimizer:sgd_weight decay:3e-05'], raw output: structure:u-mamba enc_architecture:u-net + mamba_patch size:128x128x128_spacing:1x1x1_batch size:2_epochs:1000_optimizer:sgd_weight decay:3e-05_
Number of trials: 3 -> 3, 
Error_trials: [] is non-empty. 
Repeated_trials: 0 is non-empty. 
 []
[INFO] Round [12][19], Failed: [0]/[7]
{'description': 'You are a Senior Computer Vision Researcher specializing in 3D Medical Image Segmentation.', 'model': 'nnUNet Revisited', 'task': 'Benchmarking for BTCV dataset.', 'basic_idea': 'Compare CNN-, Transformer-, and Mamba-based architectures using standardized hyperparameters and datasets within nnUNet and Auto3DSeg frameworks.', 'Structure_Description': {'nnU-Net (org.)': 'A self-configuring U-Net framework that adapts its architecture and training pipeline to any given medical imaging dataset.', 'nnU-Net ResEnc M': 'A medium-sized nnU-Net variant incorporating residual encoder blocks for moderate GPU memory.', 'nnU-Net ResEnc L': 'A large nnU-Net variant using residual encoders, designed for high-memory GPU usage.', 'ResEnc L (iso spacing)': 'ResEnc L trained with isotropic spacing (1x1x1) for spatial uniformity.', 'MedNeXt L k3': 'ConvNeXt-based 3D CNN using 3x3x3 convolutions for scalable segmentation.', 'MedNeXt L k5': 'A variation of MedNeXt using 5x5x5 kernels for broader contextual capture.', 'STU-Net S': 'Small version of a scalable U-Net optimized for low-resource settings.', 'STU-Net B': 'Base variant of STU-Net balancing depth and efficiency.', 'STU-Net L': 'Large version of STU-Net with enhanced capacity for complex tasks.', 'SwinUNETR': 'A U-Net backbone using Swin Transformers to model local and global context.', 'SwinUNETR V2': 'Enhanced SwinUNETR with stagewise convolutional integration.', 'nnFormer': 'A hybrid transformer model with interleaved CNN and transformer layers.', 'CoTr': 'Combines CNNs for local encoding and transformers for global modeling.', 'U-Mamba Bot': 'Uses Mamba modules only in the bottleneck of a U-Net.', 'U-Mamba Enc': 'Uses Mamba modules throughout the encoder to enhance hierarchy learning.', 'No-Mamba Base': 'Baseline U-Net without Mamba, used for comparative evaluation.', 'A3DS SegResNet': 'Auto3DSeg-based residual network optimized for segmentation.', 'A3DS DiNTS': 'Auto3DSeg model generated through neural architecture search.', 'A3DS SwinUNETR': 'Auto3DSeg variant of SwinUNETR fine-tuned for 3D segmentation.'}, 'instruction': 'Complete instructions under limited trials.', 'link': 'https://arxiv.org/abs/2404.09556'}
12-find_trials-analyse-cognitive: ### Task 1: Analysis of Completed Trials

#### Step 1: Summarize Performance Metrics for Completed Trials

The completed trials showcase a range of architectures, including CNNs (ConvNeXt, Scaled U-Nets), Transformers (SwinUNETR, nnFormer), and hybrid models (U-Mamba Bot, U-Mamba Enc). The performance metrics, measured by Dice scores, vary significantly across these trials. The highest Dice score achieved is 85.04 by MedNeXt L k5, indicating superior segmentation performance in the BTCV dataset. Conversely, the lowest score of 76.54 was obtained by A3DS SwinUNETR, suggesting room for optimization.

#### Step 2: Evaluate Performance Trends for Hyper-parameters

Several hyper-parameter trends emerge from the analysis:
- **Patch Size and Spacing**: Larger patch sizes (e.g., 128x128x128) tend to perform better than smaller ones (e.g., 2x2x2), possibly due to capturing more contextual information. Isotropic spacing (1x1x1) seems to yield higher Dice scores compared to anisotropic spacings (1x0.78x0.78).
- **Optimizers and Weight Decay**: Both Adam and SGD optimizers are used, with AdamW being utilized in some cases. The weight decay is consistently set at 3e-05 across all trials, suggesting its effectiveness or the lack of exploration in this hyper-parameter.
- **Epochs**: All models were trained for either 1000 epochs or 800 epochs, with the former potentially allowing for more convergence but also risking overfitting.

#### Step 3: Highlight Promising Hyper-parameter Combinations

Promising combinations include:
- **MedNeXt L k5** with a patch size of 128x128x128, AdamW optimizer, and weight decay of 3e-05, achieving the highest Dice score.
- **STU-Net S** and **STU-Net L**, which demonstrate that scaled U-Nets can perform well with appropriate hyper-parameters (patch size of 128x128x128 and SGD optimizer).
- **U-Mamba Bot** and **U-Mamba Enc**, showing potential for hybrid models, especially when combined with a patch size of 128x128x128 and an SGD optimizer.

### Unique Insights

- The choice of architecture significantly impacts performance, with CNN-based models (especially ConvNeXt variants) showing strong results.
- Hyper-parameter tuning, particularly regarding patch size, spacing, and the choice of optimizer, plays a crucial role in achieving high Dice scores.
- There's a noticeable absence of extensive hyper-parameter tuning for learning rates and batch sizes, which could further optimize model performance.

### Future Directions

Given these insights, future trials should focus on:
- Extensive hyper-parameter tuning, including learning rates and batch sizes.
- Exploring the impact of different optimizers and their schedules on performance.
- Investigating the effects of data augmentation and preprocessing techniques on segmentation accuracy.
12-find_trials-stop-cognitive: To determine whether to stop the optimization process, we analyze the given criteria. 

Firstly, not all promising configurations have been tested, as indicated by the presence of unexplored but potentially beneficial trials within the defined search space. 

Secondly, there are indeed unexplored options that could potentially yield better results, such as different patch sizes, spacings, and architectures that have not been fully examined.

Given these considerations, it's clear that not all conditions for stopping the optimization process are met. 

Answer: No with confidence score: 0.8. 

The justification is that the search space still contains untested configurations that could lead to improved outcomes, making it premature to halt the optimization process.
12-find_trials-cognitive: To recommend promising trials based on the analysis of completed trials and performance trends, we focus on key factors such as architecture, patch size, spacing, optimizer, and weight decay. The goal is to select models that have shown potential in achieving high Dice scores or those that offer a unique combination of parameters which could lead to improved performance.

1. **Trial Number 0**: This trial utilizes the 'nnU-Net (org.)' structure with a vanilla U-Net (CNN) architecture, a patch size of '128x128x128', and a spacing of '1x0.78x0.78'. The use of SGD as the optimizer and a weight decay of 3e-05 are common choices that have been successful in various deep learning tasks. This trial serves as a baseline for comparison with other, more complex architectures.

2. **Trial Number 4**: The 'ResEnc L (iso spacing)' structure with a ResNet U-Net (CNN) architecture is an attractive choice due to its use of residual connections which can help in deeper networks and improve learning. A patch size of '192x192x192' and isotropic spacing of '1x1x1' could provide better feature extraction capabilities, especially in scenarios where detailed spatial information is crucial.

3. **Trial Number 12**: The 'CoTr' structure, classified as a Hybrid CNN + TF architecture, offers a unique approach by combining the strengths of both convolutional neural networks (CNNs) and transformer (TF) models. This combination can potentially leverage the spatial hierarchies learned by CNNs and the attention mechanisms of transformers to improve performance on complex tasks. The use of '128x128x128' patch size, '1x1x1' spacing, SGD optimizer, and 3e-05 weight decay provides a balanced setup for exploration.

These recommendations are based on the diversity of architectures, the potential benefits of specific parameter choices (like patch size and spacing), and the inclusion of both traditional CNN-based approaches and more innovative hybrid models.


```json
[
    {"number": 0, "params": {"Structure": "nnU-Net (org.)", "Architecture": "Vanilla U-Net (CNN)", "Patch Size": "128x128x128", "Spacing": "1x0.78x0.78", "Batch Size": 2, "Epochs": 1000, "Optimizer": "SGD", "Weight Decay": 3e-05}},
    {"number": 4, "params": {"Structure": "ResEnc L (iso spacing)", "Architecture": "ResNet U-Net (CNN)", "Patch Size": "192x192x192", "Spacing": "1x1x1", "Batch Size": 2, "Epochs": 1000, "Optimizer": "SGD", "Weight Decay": 3e-05}},
    {"number": 12, "params": {"Structure": "CoTr", "Architecture": "Hybrid CNN + TF", "Patch Size": "128x128x128", "Spacing": "1x1x1", "Batch Size": 2, "Epochs": 1000, "Optimizer": "SGD", "Weight Decay": 3e-05}}
]
```
- [difflib] amnbious matches: ['structure:nnu-net (org.)_architecture:vanilla u-net (cnn)_patch size:128x128x128_spacing:1x0.78x0.78_batch size:2_epochs:1000_optimizer:sgd_weight decay:3e-05'], raw output: structure:nnu-net (org.)_architecture:vanilla u-net (cnn)_patch size:128x128x128_spacing:1x0.78x0.78_batch size:2_epochs:1000_optimizer:sgd_weight decay:3e-05_
- [difflib] amnbious matches: ['structure:resenc l (iso spacing)_architecture:resnet u-net (cnn)_patch size:192x192x192_spacing:1x1x1_batch size:2_epochs:1000_optimizer:sgd_weight decay:3e-05'], raw output: structure:resenc l (iso spacing)_architecture:resnet u-net (cnn)_patch size:192x192x192_spacing:1x1x1_batch size:2_epochs:1000_optimizer:sgd_weight decay:3e-05_
- [difflib] amnbious matches: ['structure:cotr_architecture:hybrid cnn + tf_patch size:128x128x128_spacing:1x1x1_batch size:2_epochs:1000_optimizer:sgd_weight decay:3e-05'], raw output: structure:cotr_architecture:hybrid cnn + tf_patch size:128x128x128_spacing:1x1x1_batch size:2_epochs:1000_optimizer:sgd_weight decay:3e-05_
Number of trials: 3 -> 3, 
Error_trials: [] is non-empty. 
Repeated_trials: 0 is non-empty. 
 []
[INFO] Round [15][19], Failed: [0]/[4]
{'description': 'You are a Senior Computer Vision Researcher specializing in 3D Medical Image Segmentation.', 'model': 'nnUNet Revisited', 'task': 'Benchmarking for BTCV dataset.', 'basic_idea': 'Compare CNN-, Transformer-, and Mamba-based architectures using standardized hyperparameters and datasets within nnUNet and Auto3DSeg frameworks.', 'Structure_Description': {'nnU-Net (org.)': 'A self-configuring U-Net framework that adapts its architecture and training pipeline to any given medical imaging dataset.', 'nnU-Net ResEnc M': 'A medium-sized nnU-Net variant incorporating residual encoder blocks for moderate GPU memory.', 'nnU-Net ResEnc L': 'A large nnU-Net variant using residual encoders, designed for high-memory GPU usage.', 'ResEnc L (iso spacing)': 'ResEnc L trained with isotropic spacing (1x1x1) for spatial uniformity.', 'MedNeXt L k3': 'ConvNeXt-based 3D CNN using 3x3x3 convolutions for scalable segmentation.', 'MedNeXt L k5': 'A variation of MedNeXt using 5x5x5 kernels for broader contextual capture.', 'STU-Net S': 'Small version of a scalable U-Net optimized for low-resource settings.', 'STU-Net B': 'Base variant of STU-Net balancing depth and efficiency.', 'STU-Net L': 'Large version of STU-Net with enhanced capacity for complex tasks.', 'SwinUNETR': 'A U-Net backbone using Swin Transformers to model local and global context.', 'SwinUNETR V2': 'Enhanced SwinUNETR with stagewise convolutional integration.', 'nnFormer': 'A hybrid transformer model with interleaved CNN and transformer layers.', 'CoTr': 'Combines CNNs for local encoding and transformers for global modeling.', 'U-Mamba Bot': 'Uses Mamba modules only in the bottleneck of a U-Net.', 'U-Mamba Enc': 'Uses Mamba modules throughout the encoder to enhance hierarchy learning.', 'No-Mamba Base': 'Baseline U-Net without Mamba, used for comparative evaluation.', 'A3DS SegResNet': 'Auto3DSeg-based residual network optimized for segmentation.', 'A3DS DiNTS': 'Auto3DSeg model generated through neural architecture search.', 'A3DS SwinUNETR': 'Auto3DSeg variant of SwinUNETR fine-tuned for 3D segmentation.'}, 'instruction': 'Complete instructions under limited trials.', 'link': 'https://arxiv.org/abs/2404.09556'}
15-find_trials-analyse-cognitive: ### Task 1: Analysis of Completed Trials

#### Step 1: Summarize Performance Metrics for Completed Trials

The completed trials showcase a range of performance metrics, with Dice scores varying from 78.18% to 85.04%. The top-performing models are MedNeXt L k5 (85.04%), MedNeXt L k3 (84.7%), and ResEnc L (iso spacing) (84.01%), all of which utilize CNN architectures, specifically ConvNeXt and ResNet U-Net variants. These high scores indicate that these models are particularly effective in segmenting medical images.

#### Step 2: Evaluate Performance Trends for Hyper-parameters

- **Architecture**: CNN-based models (MedNeXt L k5, MedNeXt L k3, STU-Net S, STU-Net L) tend to perform better than Transformer or hybrid models. However, U-Mamba Enc and U-Mamba Bot, which incorporate Mamba into a U-Net framework, show competitive performance, suggesting that the integration of different architectural elements can lead to robust outcomes.
  
- **Patch Size**: Models with larger patch sizes (e.g., 192x192x192 for ResEnc L) do not necessarily outperform those with standard patch sizes (128x128x128), indicating that the optimal patch size may depend on the specific architecture and dataset.

- **Optimizer**: Both AdamW and SGD are used across top-performing models, with no clear trend suggesting one is superior to the other in terms of Dice score. This implies that optimizer choice might be less critical than other hyperparameters for these architectures.

- **Spacing**: Isotropic spacing (1x1x1) seems to be slightly more favorable, as seen in ResEnc L (iso spacing), but models with anisotropic spacing (like nnU-Net org.) still achieve high performance. This suggests that while isotropic spacing might offer slight advantages, it's not a decisive factor.

#### Step 3: Highlight Promising Hyper-parameter Combinations

1. **ConvNeXt Architecture**: The use of ConvNeXt (as in MedNeXt L k5 and MedNeXt L k3) with AdamW optimizer and a patch size of 128x128x128 appears to be particularly effective, achieving the highest Dice scores.

2. **ResNet U-Net with Isotropic Spacing**: The combination of ResNet U-Net architecture (like in ResEnc L) with isotropic spacing (1x1x1) and a larger patch size (192x192x192) also yields high performance, suggesting that this setup can effectively leverage spatial information.

3. **Hybrid Architectures**: Models like CoTr, which combine CNN and Transformer elements, show promising results (Dice score of 81.95%), indicating that hybrid approaches can offer balanced performance and might be worth further exploration for specific tasks or datasets.

4. **U-Net Variants with Mamba**: Incorporating Mamba into U-Net frameworks (as in U-Mamba Enc and U-Mamba Bot) demonstrates competitive performance, highlighting the potential of integrating novel elements into established architectures to enhance segmentation capabilities.

These observations suggest that while certain architectural choices and hyperparameters tend to correlate with higher performance, the optimal configuration is likely task-specific. Further experimentation and fine-tuning based on these trends could lead to even better outcomes in medical image segmentation tasks.
15-find_trials-stop-cognitive: To determine whether to stop the optimization process, we analyze the given criteria. 

The search space includes unexplored but promising trials, such as different configurations of nnU-Net ResEnc M, nnU-Net ResEnc L, STU-Net B, and No-Mamba Base, indicating that not all promising configurations have been tested.

Answer: No with confidence score: 0.8.


Justification: Since there are unexplored configurations within the defined search space that could potentially yield better results, it's prudent to continue the optimization process to fully evaluate these options.
15-find_trials-cognitive: Based on the analysis of completed trials and performance trends observed in Task 1, we can identify promising configurations that are likely to yield high-performance results in medical image segmentation tasks. The recommendations are guided by the insights gained from evaluating the effects of different architectures, patch sizes, spacings, optimizers, and other hyperparameters on the model's performance.

1. **Recommendation for Trial Number 1**:
   - **Number**: 1
   - **Params**: {'Structure': 'nnU-Net ResEnc M', 'Architecture': 'ResNet U-Net (CNN)', 'Patch Size': '128x128x128', 'Spacing': '1x0.78x0.78', 'Batch Size': 2, 'Epochs': 1000, 'Optimizer': 'SGD', 'Weight Decay': 3e-05}
   - **Reasoning**: This configuration utilizes a medium-sized ResNet U-Net with a balanced patch size and anisotropic spacing, which has shown to be effective in capturing both local and global features in medical images. The use of SGD as the optimizer with a moderate weight decay suggests a stable training process.

2. **Recommendation for Trial Number 2**:
   - **Number**: 3
   - **Params**: {'Structure': 'nnU-Net ResEnc L', 'Architecture': 'ResNet U-Net (CNN)', 'Patch Size': '80x256x256', 'Spacing': '3x0.76x0.76', 'Batch Size': 2, 'Epochs': 1000, 'Optimizer': 'SGD', 'Weight Decay': 3e-05}
   - **Reasoning**: This trial employs a larger ResNet U-Net structure with a unique patch size and spacing configuration, which could potentially offer better feature extraction capabilities, especially in images with varied spatial resolutions. The larger model size and specific patch size might require careful tuning but could lead to superior performance.

3. **Recommendation for Trial Number 3**:
   - **Number**: 7
   - **Params**: {'Structure': 'STU-Net B', 'Architecture': 'Scaled U-Net (CNN)', 'Patch Size': '128x128x128', 'Spacing': '1x1x1', 'Batch Size': 2, 'Epochs': 1000, 'Optimizer': 'SGD', 'Weight Decay': 3e-05}
   - **Reasoning**: The Scaled U-Net (CNN) architecture with isotropic spacing and a standard patch size offers a balanced approach to image segmentation. This configuration is likely to provide a good trade-off between computational efficiency and model capacity, making it suitable for a wide range of medical imaging tasks.

These recommendations are based on the diversity of architectures, patch sizes, and spacings, aiming to cover a broad spectrum of potential performance profiles.


```json
[
    {"number": 1, "params": {'Structure': 'nnU-Net ResEnc M', 'Architecture': 'ResNet U-Net (CNN)', 'Patch Size': '128x128x128', 'Spacing': '1x0.78x0.78', 'Batch Size': 2, 'Epochs': 1000, 'Optimizer': 'SGD', 'Weight Decay': 3e-05}},
    {"number": 3, "params": {'Structure': 'nnU-Net ResEnc L', 'Architecture': 'ResNet U-Net (CNN)', 'Patch Size': '80x256x256', 'Spacing': '3x0.76x0.76', 'Batch Size': 2, 'Epochs': 1000, 'Optimizer': 'SGD', 'Weight Decay': 3e-05}},
    {"number": 7, "params": {'Structure': 'STU-Net B', 'Architecture': 'Scaled U-Net (CNN)', 'Patch Size': '128x128x128', 'Spacing': '1x1x1', 'Batch Size': 2, 'Epochs': 1000, 'Optimizer': 'SGD', 'Weight Decay': 3e-05}}
]
```
- [difflib] amnbious matches: ['structure:nnu-net resenc m_architecture:resnet u-net (cnn)_patch size:128x128x128_spacing:1x0.78x0.78_batch size:2_epochs:1000_optimizer:sgd_weight decay:3e-05'], raw output: structure:nnu-net resenc m_architecture:resnet u-net (cnn)_patch size:128x128x128_spacing:1x0.78x0.78_batch size:2_epochs:1000_optimizer:sgd_weight decay:3e-05_
- [difflib] amnbious matches: ['structure:nnu-net resenc l_architecture:resnet u-net (cnn)_patch size:80x256x256_spacing:3x0.76x0.76_batch size:2_epochs:1000_optimizer:sgd_weight decay:3e-05'], raw output: structure:nnu-net resenc l_architecture:resnet u-net (cnn)_patch size:80x256x256_spacing:3x0.76x0.76_batch size:2_epochs:1000_optimizer:sgd_weight decay:3e-05_
- [difflib] amnbious matches: ['structure:stu-net b_architecture:scaled u-net (cnn)_patch size:128x128x128_spacing:1x1x1_batch size:2_epochs:1000_optimizer:sgd_weight decay:3e-05'], raw output: structure:stu-net b_architecture:scaled u-net (cnn)_patch size:128x128x128_spacing:1x1x1_batch size:2_epochs:1000_optimizer:sgd_weight decay:3e-05_
Number of trials: 3 -> 3, 
Error_trials: [] is non-empty. 
Repeated_trials: 0 is non-empty. 
 []
[INFO] Round [18][19], Failed: [0]/[1]
{'description': 'You are a Senior Computer Vision Researcher specializing in 3D Medical Image Segmentation.', 'model': 'nnUNet Revisited', 'task': 'Benchmarking for BTCV dataset.', 'basic_idea': 'Compare CNN-, Transformer-, and Mamba-based architectures using standardized hyperparameters and datasets within nnUNet and Auto3DSeg frameworks.', 'Structure_Description': {'nnU-Net (org.)': 'A self-configuring U-Net framework that adapts its architecture and training pipeline to any given medical imaging dataset.', 'nnU-Net ResEnc M': 'A medium-sized nnU-Net variant incorporating residual encoder blocks for moderate GPU memory.', 'nnU-Net ResEnc L': 'A large nnU-Net variant using residual encoders, designed for high-memory GPU usage.', 'ResEnc L (iso spacing)': 'ResEnc L trained with isotropic spacing (1x1x1) for spatial uniformity.', 'MedNeXt L k3': 'ConvNeXt-based 3D CNN using 3x3x3 convolutions for scalable segmentation.', 'MedNeXt L k5': 'A variation of MedNeXt using 5x5x5 kernels for broader contextual capture.', 'STU-Net S': 'Small version of a scalable U-Net optimized for low-resource settings.', 'STU-Net B': 'Base variant of STU-Net balancing depth and efficiency.', 'STU-Net L': 'Large version of STU-Net with enhanced capacity for complex tasks.', 'SwinUNETR': 'A U-Net backbone using Swin Transformers to model local and global context.', 'SwinUNETR V2': 'Enhanced SwinUNETR with stagewise convolutional integration.', 'nnFormer': 'A hybrid transformer model with interleaved CNN and transformer layers.', 'CoTr': 'Combines CNNs for local encoding and transformers for global modeling.', 'U-Mamba Bot': 'Uses Mamba modules only in the bottleneck of a U-Net.', 'U-Mamba Enc': 'Uses Mamba modules throughout the encoder to enhance hierarchy learning.', 'No-Mamba Base': 'Baseline U-Net without Mamba, used for comparative evaluation.', 'A3DS SegResNet': 'Auto3DSeg-based residual network optimized for segmentation.', 'A3DS DiNTS': 'Auto3DSeg model generated through neural architecture search.', 'A3DS SwinUNETR': 'Auto3DSeg variant of SwinUNETR fine-tuned for 3D segmentation.'}, 'instruction': 'Complete instructions under limited trials.', 'link': 'https://arxiv.org/abs/2404.09556'}
18-find_trials-analyse-cognitive: ### Task 1: Analysis of Completed Trials

#### Step 1: Summarize Performance Metrics for Completed Trials

The completed trials involve various neural network architectures, including Transformer-based models (e.g., SwinUNETR V2, nnFormer), CNN-based models (e.g., MedNeXt L k5, STU-Net S), and hybrid models (e.g., CoTr). The performance of these models is evaluated using the Dice coefficient, which ranges from 76.54 to 85.04 across all trials.

- **Best Performing Model**: The MedNeXt L k5 model achieves the highest Dice score of 85.04.
- **Average Performance**: The average Dice score across all trials is approximately 82.35, indicating a relatively high level of performance among the models tested.
- **Variability in Performance**: There is noticeable variability in performance, with some models (like A3DS SwinUNETR) scoring as low as 76.54, suggesting that architecture and hyperparameter choices significantly impact model effectiveness.

#### Step 2: Evaluate Performance Trends for Hyper-parameters

Analyzing the hyperparameters reveals several trends:
- **Architecture**: Transformer-based architectures tend to perform well, but the best performance is achieved by a CNN-based model (MedNeXt L k5), suggesting that both architecture types have potential.
- **Patch Size and Spacing**: Larger patch sizes (e.g., 192x192x192) do not necessarily lead to better performance. Models with smaller patch sizes (e.g., 128x128x128) but appropriate spacing achieve high Dice scores, indicating the importance of balancing these parameters based on the model's architecture.
- **Optimizer and Weight Decay**: The choice of optimizer (mostly SGD in these trials) and weight decay (uniformly 3e-05) does not seem to drastically affect performance across different architectures, suggesting that these hyperparameters might be less critical than others (like architecture and patch size) for achieving high performance.

#### Step 3: Highlight Promising Hyper-parameter Combinations

Several combinations stand out:
- **MedNeXt L k5 with SGD Optimizer and Weight Decay of 3e-05**: Achieves the highest Dice score, indicating that this combination is particularly effective.
- **Transformer-based Models with Appropriate Patch Sizes**: While not the best performers, models like nnFormer show promise, especially when considering their potential for improvement with further hyperparameter tuning.
- **Hybrid Architectures**: Models combining CNN and Transformer elements (like CoTr) demonstrate competitive performance, suggesting that exploring hybrid approaches could yield significant improvements.

### Conclusion

The analysis highlights the importance of carefully selecting neural network architectures and tuning hyperparameters to achieve optimal performance. While certain trends emerge, such as the potential of CNN-based models and the impact of patch size and spacing, the variability in results underscores the need for thorough experimentation and consideration of model-specific characteristics. Further research could focus on refining promising architectures and exploring additional hyperparameter combinations to enhance performance.
18-find_trials-stop-cognitive: To determine whether to stop the optimization process, we analyze the given criteria. Since there are unexplored configurations within the defined search space, such as the 'No-Mamba Base' with specific hyperparameters, it indicates that not all promising configurations have been tested.

Answer: No with confidence score: 0.8. 

Justification: The presence of untested configurations within the search space suggests potential for improvement, making it premature to stop the optimization process.
18-find_trials-cognitive: Based on the analysis of Task 1, which involved reviewing the performance trends and highlights from the completed trials, a promising trial can be recommended for further optimization. The key factors considered in this recommendation include the architecture type, patch size, spacing, batch size, epochs, optimizer, and weight decay.

Given the constraints and the goal to optimize performance, the recommendation is guided by the insights gained from Task 1. Although the detailed analysis of Task 1 is not provided here due to the runtime error in the previous response, we can infer that a balanced approach considering both model complexity and computational efficiency would be beneficial.

The recommended trial is based on the existing Search Space provided, without introducing new values or modifying the existing ones. The choice of `No-Mamba Base` with `CNN` architecture, patch size of `128x128x128`, spacing of `1x1x1`, batch size of 2, epochs of 1000, `SGD` optimizer, and weight decay of `3e-05` seems like a reasonable starting point for optimization. This setup balances model capacity with computational resources, which is crucial for achieving good performance without overfitting or underutilizing the available data.

Therefore, the recommended trial is:

```json
[
    {"number": 15, "params": {"Structure": "No-Mamba Base", "Architecture": "CNN", "Patch Size": "128x128x128", "Spacing": "1x1x1", "Batch Size": 2, "Epochs": 1000, "Optimizer": "SGD", "Weight Decay": 3e-05}}
]
```
- [difflib] amnbious matches: ['structure:no-mamba base_architecture:cnn_patch size:128x128x128_spacing:1x1x1_batch size:2_epochs:1000_optimizer:sgd_weight decay:3e-05'], raw output: structure:no-mamba base_architecture:cnn_patch size:128x128x128_spacing:1x1x1_batch size:2_epochs:1000_optimizer:sgd_weight decay:3e-05_
Number of trials: 1 -> 1, 
Error_trials: [] is non-empty. 
Repeated_trials: 0 is non-empty. 
 []
[INFO] Round [19][19], Failed: [0]/[0]
{'description': 'You are a Senior Computer Vision Researcher specializing in 3D Medical Image Segmentation.', 'model': 'nnUNet Revisited', 'task': 'Benchmarking for BTCV dataset.', 'basic_idea': 'Compare CNN-, Transformer-, and Mamba-based architectures using standardized hyperparameters and datasets within nnUNet and Auto3DSeg frameworks.', 'Structure_Description': {'nnU-Net (org.)': 'A self-configuring U-Net framework that adapts its architecture and training pipeline to any given medical imaging dataset.', 'nnU-Net ResEnc M': 'A medium-sized nnU-Net variant incorporating residual encoder blocks for moderate GPU memory.', 'nnU-Net ResEnc L': 'A large nnU-Net variant using residual encoders, designed for high-memory GPU usage.', 'ResEnc L (iso spacing)': 'ResEnc L trained with isotropic spacing (1x1x1) for spatial uniformity.', 'MedNeXt L k3': 'ConvNeXt-based 3D CNN using 3x3x3 convolutions for scalable segmentation.', 'MedNeXt L k5': 'A variation of MedNeXt using 5x5x5 kernels for broader contextual capture.', 'STU-Net S': 'Small version of a scalable U-Net optimized for low-resource settings.', 'STU-Net B': 'Base variant of STU-Net balancing depth and efficiency.', 'STU-Net L': 'Large version of STU-Net with enhanced capacity for complex tasks.', 'SwinUNETR': 'A U-Net backbone using Swin Transformers to model local and global context.', 'SwinUNETR V2': 'Enhanced SwinUNETR with stagewise convolutional integration.', 'nnFormer': 'A hybrid transformer model with interleaved CNN and transformer layers.', 'CoTr': 'Combines CNNs for local encoding and transformers for global modeling.', 'U-Mamba Bot': 'Uses Mamba modules only in the bottleneck of a U-Net.', 'U-Mamba Enc': 'Uses Mamba modules throughout the encoder to enhance hierarchy learning.', 'No-Mamba Base': 'Baseline U-Net without Mamba, used for comparative evaluation.', 'A3DS SegResNet': 'Auto3DSeg-based residual network optimized for segmentation.', 'A3DS DiNTS': 'Auto3DSeg model generated through neural architecture search.', 'A3DS SwinUNETR': 'Auto3DSeg variant of SwinUNETR fine-tuned for 3D segmentation.'}, 'instruction': 'Complete instructions under limited trials.', 'link': 'https://arxiv.org/abs/2404.09556'}
19-find_trials-analyse-cognitive: ### Task 1: Analysis of Completed Trials

#### Step 1: Summarize Performance Metrics for Completed Trials

The completed trials involve various neural network architectures, including Transformer-based models (e.g., SwinUNETR V2, nnFormer), CNN-based models (e.g., MedNeXt L k5, STU-Net S), and hybrid models (e.g., CoTr). The performance of these models is measured by the Dice score, which ranges from 76.54 to 85.04 across all trials.

- **Highest Performing Models**: The top three models with the highest Dice scores are MedNeXt L k5 (85.04), MedNeXt L k3 (84.7), and ResEnc L (iso spacing) (84.01). These models are all based on CNN architectures, specifically ConvNeXt for MedNeXt models and ResNet U-Net for the ResEnc model.
  
- **Average Performance**: The average Dice score across all trials is approximately 83.2, indicating a general level of performance among the tested models.

#### Step 2: Evaluate Performance Trends for Hyper-parameters

Evaluating the trends in hyper-parameter settings and their impact on performance:

- **Optimizer**: Most models use the SGD optimizer, with no significant deviation in performance based on the optimizer choice alone.
  
- **Batch Size**: All trials used a batch size of 2, making it impossible to evaluate the effect of varying batch sizes on performance within this dataset.
  
- **Epochs**: All models were trained for 1000 epochs. The uniformity in the number of epochs means that differences in performance cannot be attributed to variations in training duration.

- **Patch Size and Spacing**: There's a variety in patch sizes (e.g., 128x128x128, 192x192x192) and spacings (e.g., 1x1x1, 1x0.78x0.78). However, no clear trend emerges that links specific patch sizes or spacings with superior performance across different architectures.

#### Step 3: Highlight Promising Hyper-parameter Combinations

Given the data, several hyper-parameter combinations and architectural choices show promise:

- **ConvNeXt Architectures**: Models based on ConvNeXt (MedNeXt L k5 and MedNeXt L k3) achieve the highest Dice scores, suggesting that this architecture is particularly effective for the task at hand.
  
- **ResNet U-Net Variants**: ResEnc models, which are variants of ResNet U-Net, also perform well, indicating the potential of incorporating residual connections into U-Net architectures.

- **Hybrid Approaches**: While not among the top performers, hybrid models like CoTr suggest that combining different architectural elements (CNN + Transformer) could offer a path to improved performance with further optimization.

In conclusion, while specific hyper-parameter settings show promise, particularly in the context of certain architectures, the uniformity in some settings (e.g., batch size, epochs) limits the ability to draw broad conclusions about their impact. Further experimentation with varied hyper-parameters and a focus on architectural innovations could lead to enhanced performance.
19-find_trials-stop-cognitive: Given the empty search space for unexplored but promising trials, it indicates that all potential configurations have been considered. However, without explicit confirmation that all these configurations have been tested and evaluated, there's an implicit suggestion that further exploration might be warranted.

Answer: No with confidence score: 0.6
19-find_trials-cognitive: ## Step 1: Review of Task 1 Analysis
Given that the Search Space is empty, there are no trials to analyze. Therefore, the analysis of performance trends, highlights, and insights cannot be conducted.

## Step 2: Optimization Recommendation
Since there are no existing trials or parameters in the Search Space to evaluate, recommend or optimize, the recommendation must reflect this absence of data.

## Step 3: Reasoning for Recommendations
The reasoning behind the recommendations is straightforward: without any trials or parameters provided in the Search Space, it's impossible to identify promising trials or suggest optimizations. The process relies on existing data to make informed decisions, and in this case, no such data exists.

The final answer is: 

```json
[
]
```
Number of trials: 0 -> 0, 
Error_trials: [] is non-empty. 
Repeated_trials: 0 is non-empty. 
 []
