----------------------------------------------------------------------------------------------------
## Round 1
### Task 1: Analysis of Current Trials

1. **Summarize performance metrics**:
   - Trial 1: (k2 = 0.01, lr = 0.1) - PSNR = 3.74981
   - Trial 2: (k2 = 0.01, lr = 0.0005) - PSNR = 15.4874
   - Trial 3: (k2 = 0.0005, lr = 0.0005) - PSNR = 4.46851

   From these trials, we can see that the second trial achieved the highest PSNR of 15.4874, indicating better performance compared to the other two combinations.

2. **Evaluate performance trends for hyper-parameters**:
   - The hyper-parameter `k2`: 
     - Lower values seem to be beneficial, as the only improved performance came with k2 = 0.01 and k2 = 0.0005 in different instances.
   - The learning rate `lr`:
     - A learning rate of 0.0005 yielded the best performance in both trials 2 and 3, suggesting a lower learning rate may generally provide improved stability and performance.

3. **Highlight promising hyper-parameter combinations**:
   - The combination from trial 2 (k2 = 0.01, lr = 0.0005) is the most promising, achieving the highest PSNR. Adjusting k2 further away from 0.01 and testing additional lower learning rates lower than 0.0005 could yield better results.

### Task 2: Optimization Recommendation

Based on the analysis, I recommend the following next trials:

1. **Trial 4**: (k2 = 0.0001, lr = 0.0005) - This combination keeps the learning rate consistent but tests a highly regularized k2 value, which may improve edge-aware attributes.
2. **Trial 5**: (k2 = 0.01, lr = 0.001) - We will check a slightly higher learning rate with the previously successful k2.
3. **Trial 6**: (k2 = 0.0001, lr = 0.1) - Testing the impact of a very small k2 with a higher learning rate to check for divergence behavior.

### Task 3: Experiment Planning

The recommended next trials in YAML format are as follows:

```yaml
trials:
  - name: "Trial 4"
    k2: 0.0001
    lr: 0.0005
  - name: "Trial 5"
    k2: 0.01
    lr: 0.001
  - name: "Trial 6"
    k2: 0.0001
    lr: 0.1
```

### Task 4: Stop Optimization

Given the performance metrics, with the highest PSNR at 15.4874, we have not yet reached an optimal threshold to stop. However, we are still in the process of exploring the hyper-parameter space effectively.

Answer: No with confidence score: 0.85
## Round 2
### 1. Analysis of Current Trials

**Summary of Performance Metrics:**
- **Trial 1:** k2 = 0.01, lr = 0.1, PSNR = 3.74981
- **Trial 2:** k2 = 0.01, lr = 0.0005, PSNR = 15.4874
- **Trial 3:** k2 = 0.0005, lr = 0.0005, PSNR = 4.46851
- **Trial 4:** k2 = 0.0001, lr = 0.0005, PSNR = 3.61025
- **Trial 5:** k2 = 0.01, lr = 0.001, PSNR = 15.9517
- **Trial 6:** k2 = 0.0001, lr = 0.1, PSNR = 3.73421

**Evaluation of Performance Trends for Hyper-parameters:**
- The learning rate (lr) of 0.0005 combined with k2 values of 0.01 and 0.001 yielded the highest PSNR values (15.4874 and 15.9517 respectively). 
- A lower k2 (0.0001) does not seem to produce favorable results, shown by the low PSNR across multiple trials (3.61025 and 3.73421).
- The highest PSNR values were achieved with k2 = 0.01 where the learning rate was lowered to values like 0.001 or 0.0005. This may indicate a dependence of performance on both parameters working together optimally.

**Highlight of Promising Hyper-parameter Combinations:**
- **k2 = 0.01 and lr = 0.001:** Trial 5 (PSNR = 15.9517)
- **k2 = 0.01 and lr = 0.0005:** Trial 2 (PSNR = 15.4874)
- Both combinations indicate that high performance can be achieved with a k2 value of 0.01 under lower learning rates.

---

### 2. Optimization Recommendation

Based on the analysis, I recommend the following hyper-parameters for the next three trials:

1. **Trial 7:** k2 = 0.001, lr = 0.0001
   - **Reason**: Exploring a medium k2 with a very low learning rate might stabilize training and potentially yield better results, as it has not been explored yet.

2. **Trial 8:** k2 = 0.0005, lr = 0.01
   - **Reason**: It's valuable to examine how a higher learning rate might influence the results with a slightly more aggressive regularization parameter.

3. **Trial 9:** k2 = 0.0001, lr = 0.001
   - **Reason**: This combination is a middle-ground approach that has not been tested yet, allowing for evaluation of a lower k2 with a medium learning rate.

---

### 3. Experiment Planning (YAML Format)

```yaml
trials:
  - name: Trial 7
    k2: 0.001
    lr: 0.0001
  - name: Trial 8
    k2: 0.0005
    lr: 0.01
  - name: Trial 9
    k2: 0.0001
    lr: 0.001
```

---

### 4. Stop Optimization

Based on the results from the completed trials, the highest PSNR achieved was approximately 15.9517. Given the promising nature of these findings, I would recommend continuing optimization to explore further hyper-parameter combinations to potentially exceed this threshold.

**Answer: No with confidence score: 0.75** 

This reflects a moderate confidence in the potential for improvement with the recommended trials. Consequently, stopping optimization may be premature, considering that we still have untested hyper-parameter combinations in the designated search space.
## Round 3
### Summary of Current Trials

1. **Performance Metrics:**
   - The trials conducted revealed varying PSNR (Peak Signal-to-Noise Ratio) values, indicating the effectiveness of different hyper-parameter combinations.
   - PSNR values range from 1.37036 to 17.6089, showing significant disparities in performance.

2. **Performance Trends for Hyper-parameters:**
   - **Learning Rate (lr):**
     - A learning rate of **0.001** combined with **k2=0.01** yielded higher PSNR (15.9517), indicating effective learning progression.
     - Higher learning rates (0.1) generally resulted in lower PSNR values (e.g., 3.73421 and 3.74981), suggesting instability in the optimization process.
   - **Regularization Parameter (k2):**
     - A k2 value of **0.001** achieved notably high performance (17.6089) when paired with a lower learning rate (0.0001).
     - Lower k2 values (0.0001 and 0.0005) often correlated with lower PSNR results, indicating they might not effectively regularize the model under current settings.

3. **Promising Hyper-parameter Combinations:**
   - **(k2 = 0.001, lr = 0.0001)**: Achieved the highest PSNR (17.6089).
   - **(k2 = 0.01, lr = 0.001)**: Also demonstrated strong results with a PSNR of 15.9517.
   - Both combinations suggest that moderate to low learning rates paired with k2 values at 0.001 or 0.01 provide significant edge in performance.

### Optimization Recommendations

Based on the analysis of current trials, here are recommended hyper-parameter combinations for the next 3 trials:

1. **Trial 10:**
   - **k2**: 0.001
   - **lr**: 0.0005
   - **Reason**: Building on the performance trends, this combination maintains a high regularization influence with a moderate learning rate that has shown some success in previous trials (15.4874).

2. **Trial 11:**
   - **k2**: 0.01
   - **lr**: 0.0001
   - **Reason**: This combination will test the effects of a low learning rate with a slightly higher regularization strength, leveraging the notable generalization properties of SIREN.

3. **Trial 12:**
   - **k2**: 0.0005
   - **lr**: 0.01
   - **Reason**: This trial aims to evaluate whether a moderate regularization can work well with a slightly higher learning rate, thereby testing the boundary conditions for performance.

### Experiment Planning

Here are the recommendations in YAML format:

```yaml
trials:
  - name: Trial 10
    k2: 0.001
    lr: 0.0005
  - name: Trial 11
    k2: 0.01
    lr: 0.0001
  - name: Trial 12
    k2: 0.0005
    lr: 0.01
```

### Stop Optimization

Given the variable results, particularly the high performance of certain combinations (e.g., PSNR of 17.6089), it could be premature to halt optimization at this point. It is advisable to conduct more trials to explore the parameter space further. 

**Answer: No with confidence score: 0.85**
## Round 4
### **Analysis of Current Trials**

1. **Performance Metrics Summary:**
   - The trials evaluated various combinations of learning rates (lr) and the k2 parameter. The Peak Signal-to-Noise Ratio (PSNR) values reflect the performance of the configurations.
   - Notable PSNR values:
     - Trial 5: lr = 0.001, k2 = 0.01, PSNR = 15.9517
     - Trial 7: lr = 0.0001, k2 = 0.001, PSNR = 17.6089
     - Trial 11: lr = 0.0001, k2 = 0.01, PSNR = 16.2676
   - The highest PSNR is observed in Trial 7 (17.6089), suggesting this hyper-parameter configuration may be effective for segmentation tasks.

2. **Performance Trends for Hyper-parameters:**
   - Lower learning rates (0.001 and below) seem to contribute positively, especially in combination with the k2 values at 0.001 and 0.01.
   - The k2 parameter showcases better performance in the lower range (0.01, 0.001, and down to 0.0001) when paired with appropriate learning rates.
   - Higher learning rates (0.1 and 0.01) did not yield satisfactory PSNR values, indicating potential instability leading to poorer model fitting.

3. **Promising Hyper-parameter Combinations:**
   - As previously noted, trials using:
     - **lr = 0.0001, k2 = 0.001** (Trial 7) leads to a PSNR of 17.6089.
     - **lr = 0.001, k2 = 0.01** (Trial 5) yields a PSNR of 15.9517.
     - **lr = 0.0001, k2 = 0.01** (Trial 11) also shows promise with a PSNR of 16.2676.

### **Optimization Recommendation**

Based on the analysis, the following hyper-parameter combinations are recommended for the next 3 trials focusing on maximizing PSNR while avoiding previously tested combinations:

1. **Trial 13:**
   - **k2:** 0.0005
   - **lr:** 0.01
   - **Reason:** While both the k2 and lr parameters have been tested before, this combination has not been evaluated together. The slight increase in lr from 0.0005 to 0.01 offers a potential exploration of performance at higher rates.

2. **Trial 14:**
   - **k2:** 0.0001
   - **lr:** 0.01
   - **Reason:** This combination utilizes the lr of 0.01 with k2 set to its lowest possible value. Though it has been tested, the performance could yield new insights when varied with edge-aware regularization.

3. **Trial 15:**
   - **k2:** 0.001
   - **lr:** 0.0005
   - **Reason:** Despite the settings having been combined previously, this specifics make for an interesting cross-exploration, especially considering edge-awareness with a minimized decay in learning rate.

### **Experiment Planning in YAML Format**

```yaml
- trial:
    name: Trial 13
    k2: 0.0005
    lr: 0.01

- trial:
    name: Trial 14
    k2: 0.0001
    lr: 0.01

- trial:
    name: Trial 15
    k2: 0.001
    lr: 0.0005
```

### **Stop Optimization Decision**

Given that the highest PSNR achieved is significantly above typical thresholds for segmentation tasks, we can conclude that further trials may not yield substantially improved results.

**Answer:** Yes with confidence score: 0.85
## Round 5
### Task 1: Analysis of Current Trials

1. **Summarize performance metrics**:
   - The PSNR (Peak Signal-to-Noise Ratio) values from the trials indicate varying performance. The highest PSNR recorded is 17.6089 from Trial 7, while the lowest is 1.37036 from Trial 8 and Trial 12. The results show a significant variation in performance based on hyper-parameter combinations.

2. **Evaluate performance trends for hyper-parameters**:
   - **Learning Rate (lr)**:
     - Higher learning rates (0.1, 0.01) generally lead to lower PSNR values, suggesting instability or divergence. The most effective learning rates seem to be around 0.001 and 0.0005, which yielded some of the highest PSNR values.
   - **Regularization Parameter (k2)**:
     - Moderate k2 values (0.01 and 0.001) have shown better performance with higher PSNR outcomes. The lower values (0.0001, 0.0005) have generally not performed as well, indicating that excessive regularization may inhibit learning or result in over-smoothing.

3. **Highlight promising hyper-parameter combinations**:
   - **Trial 7**: (k2: 0.001, lr: 0.0001) - PSNR: 17.6089
   - **Trial 5**: (k2: 0.01, lr: 0.001) - PSNR: 15.9517
   - **Trial 11**: (k2: 0.01, lr: 0.0001) - PSNR: 16.2676
   - These combinations produced the best results and seem the most promising for further experimentation.

---

### Task 2: Optimization Recommendation

Based on the analysis, I recommend the following hyper-parameter combinations for the next 3 trials:

1. **Trial 13**: 
   - **k2**: 0.1 
   - **lr**: 0.001
   - **Reason**: To assess whether increasing k2 significantly affects performance positively, given previous trials indicated better PSNR while using lower values. The adjustment keeps the learning rate constant, which showed strong results.

2. **Trial 14**: 
   - **k2**: 0.0001 
   - **lr**: 0.01
   - **Reason**: Testing lower k2 values with a slightly increased learning rate could help identify if the performance can be improved despite varying regularization. The previous trials showed poor performance at these values, which may require further testing.

3. **Trial 15**: 
   - **k2**: 0.1 
   - **lr**: 0.0005
   - **Reason**: This combination allows us to explore the impact of higher regularization combined with a moderate learning rate, given that the moderate learning rate has worked in earlier trials.

---

### Task 3: Experiment Planning

Converting the optimization recommendations to YAML format according to the trial's format:

```yaml
trials:
  - name: Trial 13
    k2: 0.1
    lr: 0.001
  - name: Trial 14
    k2: 0.0001
    lr: 0.01
  - name: Trial 15
    k2: 0.1
    lr: 0.0005
```

---

### Task 4: Stop Optimization

Given the best recorded PSNR is 17.6089, it indicates that while performance can be improved, there's still variance in outcomes. However, if this is considerably higher than the threshold for the specific application in question (not specified), it could suggest stopping.

**Answer**: No with confidence score: 0.85

Reasoning: While promising results have been noted, exploration of additional hyper-parameters could yield improvements and understanding of the model's limits given the current performance landscape.
## Round 6
### Task 1: Analysis of Current Trials

1. **Summarize Performance Metrics:**
   - Completed trials have shown a diverse range of PSNR values:
     - Highest observed PSNR: 17.6089 in **Trial 7** with `k2 = 0.001` and `lr = 0.0001`.
     - Trials fluctuating considerably with `PSNR` values ranging from below 4 to above 15 across different hyper-parameter settings.

2. **Evaluate Performance Trends for Hyper-parameters:**
   - **Learning Rate (lr):**
     - Higher learning rates (`0.1` and `0.01`) mostly yielded lower PSNR values, suggesting instability.
     - Mid-range learning rates (`0.001`, `0.0005`, and `0.0001`) appeared more favorable, with notable performance in trials marked by `lr = 0.001`.
   
   - **Regularization Parameter (k2):**
     - Lower values of `k2` (like `0.0001` or `0.001`) have yielded better outcomes more consistently than higher values (`0.1`).
     - Specifically, `k2 = 0.001` and `lr = 0.0001` emerged as one of the winners, with significant PSNR improvement.

3. **Highlight Promising Hyper-parameter Combinations:**
   - **Trial 5:** (`k2 = 0.01`, `lr = 0.001`) achieved PSNR = 15.9517.
   - **Trial 11:** (`k2 = 0.01`, `lr = 0.0001`) achieved PSNR = 16.2676.
   - **Trial 7:** (`k2 = 0.001`, `lr = 0.0001`) achieved a peak PSNR = 17.6089.
    
---

### Task 2: Optimization Recommendation

**Recommended Trials:**

1. **Trial 16:**
   - `k2 = 0.0005`
   - `lr = 0.001`
   - **Reason:** This combination aims to balance regularization with potentially improved convergence stability from the mid-range learning rate. Previous trials indicate `lr = 0.001` paired with a lower `k2` may yield promising results.

2. **Trial 17:**
   - `k2 = 0.1`
   - `lr = 0.001`
   - **Reason:** Testing at this higher value of `k2` combined with a moderate learning rate might uncover if the previous poor performance seen with `k2 = 0.1` can be improved when coupled with a better learning rate. A more aggressive regularization could be beneficial.

3. **Trial 18:**
   - `k2 = 0.0005`
   - `lr = 0.0001`
   - **Reason:** Aiming to test how a very low learning rate can play out with a low regularization parameter. This could provide insight into convergence behaviors with different settings aimed at stability.

---

### Task 3: Experiment Planning

**Configuration in YAML format:**

```yaml
- trial_name: Trial 16
  k2: 0.0005
  lr: 0.001

- trial_name: Trial 17
  k2: 0.1
  lr: 0.001

- trial_name: Trial 18
  k2: 0.0005
  lr: 0.0001
```

---

### Task 4: Stop Optimization

**Evaluation of Results:**
Given the highest PSNR recorded is above 17, which seems to be a promising threshold from a functional perspective, further trials can be deemed unnecessary unless strategic improvement is needed.

**Answer:** Yes with confidence score: 0.85
## Round 7
### Task 1: Analysis of Current Trials

#### Performance Metrics Summary:
- **Trial Results**:
  1. Trial 1: k2 = 0.01, lr = 0.1, PSNR = 3.74981
  2. Trial 2: k2 = 0.01, lr = 0.0005, PSNR = 15.4874
  3. Trial 3: k2 = 0.0005, lr = 0.0005, PSNR = 4.46851
  4. Trial 4: k2 = 0.0001, lr = 0.0005, PSNR = 3.61025
  5. Trial 5: k2 = 0.01, lr = 0.001, PSNR = 15.9517
  6. Trial 6: k2 = 0.0001, lr = 0.1, PSNR = 3.73421
  7. Trial 7: k2 = 0.001, lr = 0.0001, PSNR = 17.6089
  8. Trial 8: k2 = 0.0005, lr = 0.01, PSNR = 1.37036
  9. Trial 9: k2 = 0.0001, lr = 0.001, PSNR = 4.04519
  10. Trial 10: k2 = 0.001, lr = 0.0005, PSNR = 7.27433
  11. Trial 11: k2 = 0.01, lr = 0.0001, PSNR = 16.2676
  12. Trial 12: k2 = 0.0005, lr = 0.01, PSNR = 1.37036
  13. Trial 13: k2 = 0.1, lr = 0.001, PSNR = 1.36817
  14. Trial 14: k2 = 0.0001, lr = 0.01, PSNR = 1.3786
  15. Trial 15: k2 = 0.1, lr = 0.0005, PSNR = 1.36817

#### Performance Trends Evaluation:
- The highest PSNR achieved is 17.6089 in Trial 7 (k2 = 0.001, lr = 0.0001).
- Low learning rates (e.g., lr = 0.0001) seem to deliver better PSNR in combination with k2 = 0.001 (Trial 7).
- Trials with k2 = 0.01 generally produced moderate results (e.g., Trials 2, 5, and 11) compared to combinations using lower values of k2.
- Higher values of lr (i.e., 0.1) have not been productive, yielding poor PSNR across all trials where they were employed.

#### Promising Hyper-parameter Combinations:
- k2 = 0.001 and lr = 0.0001 is the most promising combination, achieving the highest PSNR.
- k2 = 0.01 and lr = 0.0005 produced competitive performance (Trial 2).
- Lower values of k2 with a low lr may exhibit better performance, thus combinations below k2 = 0.001 with potentially different learning rates merit further exploration.

---

### Task 2: Optimization Recommendation

Based on the analysis of the trials, the following recommendations are made for 3 new trials:

1. **Trial 16**: 
   - **k2**: 0.0005 
   - **lr**: 0.001 
   - **Reason**: This combination has not been tested and maintains a reasonably low learning rate to optimize training, potentially leading to better convergence without overshooting minima.

2. **Trial 17**: 
   - **k2**: 0.001 
   - **lr**: 0.01 
   - **Reason**: To explore the performance impact of higher learning rates on a moderate k2; it may yield different dynamics in the training process.

3. **Trial 18**: 
   - **k2**: 0.0001 
   - **lr**: 0.0001 
   - **Reason**: To test the hypothesis that very low k2 with a low learning rate may not only stabilize training but also improve performance by reducing noise during optimization.

---

### Task 3: Experiment Planning

Converting the recommendations to YAML format according to the trial structure:

```yaml
trials:
  - name: Trial 16
    k2: 0.0005
    lr: 0.001
  - name: Trial 17
    k2: 0.001
    lr: 0.01
  - name: Trial 18
    k2: 0.0001
    lr: 0.0001
```

---

### Task 4: Stop Optimization

Considering the highest PSNR achieved (17.6089), and with further trials poised to explore optimal configurations without exceeding previous results, we can continue the investigations.

Answer: No with confidence score: 0.85
## Round 8
### Task 1: Analysis of Current Trials

1. **Performance Metrics Summary**:
   - Completed Trials: 18
   - Range of PSNR values: 1.36817 to 17.6089
   - Maximum PSNR achieved: 17.6089 (Trial 7, k2=0.001, lr=0.0001)
   - Minimum PSNR achieved: 1.36817 (Trial 13, k2=0.1, lr=0.001)

2. **Performance Trends for Hyper-parameters**:
   - **Learning Rate (lr)**: Higher learning rates (e.g., 0.1) consistently produced low PSNR (< 5). Values of 0.001, 0.0005, and 0.0001 generally led to better performances.
   - **k2**: A k2 value of 0.001 seems promising with a high PSNR of 17.6089. Lower values like 0.0001 and 0.0005 produced varying results with mixed PSNRs, with the highest being 4.57776. A k2 of 0.01 was often unproductive as well.

3. **Promising Hyper-parameter Combinations**:
   - Best performers include (Trial 7, k2=0.001, lr=0.0001) and (Trial 5, k2=0.01, lr=0.001).
   - The pair (k2=0.0001, lr=0.0005) yielded moderate results but aligns with the diminishing returns on high learning rates for generalization.

### Task 2: Optimization Recommendation
Based on the performance metrics and trends, I recommend the following three trials:

1. **Trial 19**:
   - **k2**: 0.001
   - **lr**: 0.0001
   - **Reason**: This combination was successful in the past and can potentially lead to improved performance by fine-tuning with different learning rates.

2. **Trial 20**:
   - **k2**: 0.0005
   - **lr**: 0.001
   - **Reason**: Given that previous trials with (k2=0.0005, lr=0.001) resulted in PSNRs around 4.57776, testing this combination again might yield better results with a prolonged train duration.

3. **Trial 21**:
   - **k2**: 0.1
   - **lr**: 0.0001
   - **Reason**: Although k2=0.1 performed poorly at higher learning rates, lowering lr to 0.0001 might exploit the potential of this k2 value, enhancing edge recognition without overshooting.

### Task 3: Experiment Planning
The recommended trials in YAML format according to the specified format:

```yaml
- Trial 19:
    k2: 0.001
    lr: 0.0001
- Trial 20:
    k2: 0.0005
    lr: 0.001
- Trial 21:
    k2: 0.1
    lr: 0.0001
```

### Task 4: Stop Optimization
Based on the maximum PSNR achieved being 17.6089, it indicates the model is approaching optimal performance. Given the nature of the problem and current results, it has reached a satisfactory quality.

**Answer: Yes** with confidence score: **0.85**
## Round 9
### Task 1: Analysis of Current Trials

#### 1. Summarize performance metrics
The PSNR (Peak Signal-to-Noise Ratio) values obtained from the trials are as follows:

- Trial 1: k2=0.01, lr=0.1 → PSNR: 3.74981
- Trial 2: k2=0.01, lr=0.0005 → PSNR: 15.4874
- Trial 3: k2=0.0005, lr=0.0005 → PSNR: 4.46851
- Trial 4: k2=0.0001, lr=0.0005 → PSNR: 3.61025
- Trial 5: k2=0.01, lr=0.001 → PSNR: 15.9517
- Trial 6: k2=0.0001, lr=0.1 → PSNR: 3.73421
- Trial 7: k2=0.001, lr=0.0001 → PSNR: 17.6089
- Trial 8: k2=0.0005, lr=0.01 → PSNR: 1.37036
- Trial 9: k2=0.0001, lr=0.001 → PSNR: 4.04519
- Trial 10: k2=0.001, lr=0.0005 → PSNR: 7.27433
- Trial 11: k2=0.01, lr=0.0001 → PSNR: 16.2676
- Trial 12: k2=0.0005, lr=0.01 → PSNR: 1.37036
- Trial 13: k2=0.1, lr=0.001 → PSNR: 1.36817
- Trial 14: k2=0.0001, lr=0.01 → PSNR: 1.3786
- Trial 15: k2=0.1, lr=0.0005 → PSNR: 1.36817
- Trial 16: k2=0.0005, lr=0.001 → PSNR: 4.57776
- Trial 17: k2=0.001, lr=0.01 → PSNR: 1.37256
- Trial 18: k2=0.0001, lr=0.0001 → PSNR: 3.69427

#### 2. Evaluate performance trends for hyper-parameters
- **Learning Rate (lr)**:
  - Higher values (e.g., 0.1) seem to reduce PSNR significantly.
  - The ranges between 0.001 and 0.0001 seem to produce more promising results, with lr=0.0005 and lr=0.001 yielding the highest PSNR values.

- **Regularization Strength (k2)**:
  - Lower k2 values (e.g., 0.0001 and 0.0005) generally resulted in low PSNR values, whereas mid-range values (0.01) particularly combined with lower learning rates showed favorable results.

#### 3. Highlight promising hyper-parameter combinations
- Highest performing combination: **k2=0.001, lr=0.0001** → PSNR: 17.6089
- Other notable combinations: 
  - **k2=0.01, lr=0.001** → PSNR: 15.9517
  - **k2=0.01, lr=0.0005** → PSNR: 15.4874
  - **k2=0.01, lr=0.0001** → PSNR: 16.2676

### Task 2: Optimization Recommendation
Based on the trends observed in the trials, the following hyper-parameter combinations are suggested for the next trials:

1. **Trial 19: k2=0.001, lr=0.0001**
   - Reason: This combination yielded the highest PSNR (17.6089) thus far, suggesting strong performance.

2. **Trial 20: k2=0.01, lr=0.0001**
   - Reason: Maintains a lower learning rate while exploring one of the stronger k2 candidates from successful trials.

3. **Trial 21: k2=0.0005, lr=0.0001**
   - Reason: This combination hasn't been tested yet with a low learning rate and represents one of the lower k2 values.

### Task 3: Experiment Planning (YAML Format)
```yaml
trials:
  - name: Trial 19
    k2: 0.001
    lr: 0.0001

  - name: Trial 20
    k2: 0.01
    lr: 0.0001

  - name: Trial 21
    k2: 0.0005
    lr: 0.0001
```

### Task 4: Stop Optimization
Since the highest PSNR achieved in the trials is 17.6089, suggesting potential in the region of parameter space explored, further trials will aim primarily at refining these parameters.

**Answer: No with confidence score: 0.85**
## Round 10
### Task 1: Analysis of Current Trials

1. **Summarize performance metrics**:
   - The reported Peak Signal-to-Noise Ratio (PSNR) values from the completed trials range from approximately 1.368 to 17.609.
   - The higher PSNR values indicate better image quality or segmentation results, with notable trials showing PSNRs of 17.609, 16.268, and 15.951.

2. **Evaluate performance trends for hyper-parameters**:
   - A notable trend can be observed with the learning rate (lr) and `k2` values. Lower learning rates (e.g., 0.0001 and 0.0005) seem to yield a mix of performance, but trials with a learning rate of 0.001 along with `k2` values of 0.0001 or 0.001 show consistent improvements.
   - The `k2` values of 0.001 and 0.01 seem promising with certain combinations of learning rates, like 0.0001 or 0.001, yielding higher PSNR values.

3. **Highlight promising hyper-parameter combinations**:
   - *Trial 7*: `k2` = 0.001, `lr` = 0.0001 -> PSNR: 17.6089
   - *Trial 11*: `k2` = 0.01, `lr` = 0.0001 -> PSNR: 16.2676
   - *Trial 5*: `k2` = 0.01, `lr` = 0.001 -> PSNR: 15.9517

These combinations yield the highest PSNR and suggest that both `k2` and lr values play critical roles in the segmentation performance.

---

### Task 2: Optimization Recommendation

Based on the analysis, here are the recommendations for the next three trials:

1. **Trial Suggestion 1**: 
   - `k2`: 0.001
   - `lr`: 0.0005
   - Reason: This combination uses a lower `lr`, which performed well in previous trials and has a potential for capturing finer details with `k2` at 0.001, aligning with the best-performing trials.

2. **Trial Suggestion 2**: 
   - `k2`: 0.0005
   - `lr`: 0.01
   - Reason: This learning rate is moderately higher, which has shown promise in earlier trials, combined with `k2` at a value that allows for some degree of flexibility in optimization without repeating prior trials.

3. **Trial Suggestion 3**: 
   - `k2`: 0.1
   - `lr`: 0.0001
   - Reason: Although `k2 = 0.1` has not performed well in earlier trials, using it with a very low learning rate may introduce enough regularization to see different outcomes. This trial explores a different aspect of the parameter space.

---

### Task 3: Experiment Planning

Following the recommendations, here is the YAML representation of the planned trials:

```yaml
trials:
  - name: "Trial 22"
    k2: 0.001
    lr: 0.0005
  - name: "Trial 23"
    k2: 0.0005
    lr: 0.01
  - name: "Trial 24"
    k2: 0.1
    lr: 0.0001
```

---

### Task 4: Stop Optimization

Given the results of the trials, particularly with the highest PSNR being 17.609, a threshold was likely established to determine when to cease optimization. This PSNR is significantly high compared to the lower results.

Answer: Yes with confidence score: 0.85
