----------------------------------------------------------------------------------------------------
Start Optimization: mae_train_qwen2.5:14b
----------------------------------------------------------------------------------------------------
[INFO] Round [3][20], Failed: [0]/[3]
{'description': 'You are a Senior Computer Vision Researcher specializing in ablation study (with grid)', 'model': 'Masked Autoencoder inspired by BERT and GPT', 'task': 'Image Classification', 'basic_idea': 'Masked Autoencoders (MAE) are a self-supervised learning method for vision tasks where a large portion of image patches are randomly masked, and the model learns to reconstruct the missing patches. The encoder processes only visible patches, making it efficient, while a lightweight decoder reconstructs the full image. This approach enables the model to learn rich visual representations without labeled data.', 'straregy': {'linear probing': "the pretrained MAE encoder is frozen and only a linear classifier is trained on top of its features. This tests how well the encoder's learned representations transfer to downstream tasks without further tuning.", 'fine-tuning': 'the entire MAE model, including the encoder, is updated during training on the target task. '}, 'instruction': 'Complete instructions under limited trials', 'link': 'https://openaccess.thecvf.com/content/CVPR2022/papers/He_Masked_Autoencoders_Are_Scalable_Vision_Learners_CVPR_2022_paper.pdf'}
3-find_trials-analyse-cognitive: **Task 1: Analysis of Completed Trials**

- **Step 1: Summarize Performance Metrics for Completed Trials**
The completed trials demonstrate a range of validation accuracies between 83.4% and 84.9%, with an average accuracy of approximately 84.5%. The highest performance was observed in Trial 17, which achieved the best validation accuracy at 84.9%.

- **Step 2: Evaluate Performance Trends for Hyper-Parameters**
The trials indicate that increasing the masking ratio generally leads to higher validation accuracies up to a certain point. Specifically, Trials 13 and 17 with masking ratios of 40% and 75%, respectively, outperformed Trial 11 which used a lower masking ratio of 20%. However, there is no significant drop in performance when the masking ratio increases from 40% to 75%.

- **Step 3: Highlight Promising Hyper-Parameter Combinations**
Promising hyper-parameter combinations include higher masking ratios (e.g., 40% and 75%) paired with fine-tuning strategies. These configurations yield better validation accuracies compared to lower masking ratios, suggesting that a larger proportion of masked patches can enhance the model's ability to learn robust visual representations.

In summary, trials indicate that increasing the masking ratio within the tested range improves performance when using fine-tuning as the strategy. This suggests that higher levels of masking may be beneficial for learning more effective visual features in MAE models.
3-find_trials-stop-cognitive: **Task 1: Review Analysis of Completed Trials**

**Step 1: Summarize Performance Metrics for Completed Trials**
The completed trials demonstrate validation accuracies ranging from 83.4% to 84.9%, with an average accuracy of approximately 84.5%. The highest performance was observed in Trial 17, achieving a validation accuracy of 84.9%.

**Step 2: Evaluate Performance Trends for Hyper-Parameters**
Increasing the masking ratio generally improves validation accuracies up to a certain point. Trials 13 and 17 with higher masking ratios (40% and 75%) outperformed Trial 11, which used a lower masking ratio of 20%. There is no significant drop in performance when increasing from 40% to 75%.

**Step 3: Highlight Promising Hyper-Parameter Combinations**
Promising configurations include higher masking ratios (e.g., 40%, 75%) paired with fine-tuning strategies, yielding better validation accuracies compared to lower ratios. This suggests that higher levels of masking may enhance the model's ability to learn robust visual features.

**Task 2: Analysis of Search Space**

The search space includes unexplored configurations for both linear probing and fine-tuning strategies across various masking ratios. Notably, there are several promising configurations within the range of 40% to 75% masking ratio that have not been tested with linear probing strategy.

**Task 3: Decide Whether to Stop Optimization**

**Step 1: Analyze Criteria**
- **Are all promising configurations already tested?**: No, higher masking ratios (e.g., 40%, 75%) in the context of linear probing are unexplored.
- **Are no unexplored options likely to yield better results?**: Unlikely, given that higher masking ratios have shown promise with fine-tuning and could potentially improve performance further with linear probing.
- **Has the metric validation accuracy improved significantly over the first three trials?**: Yes, there has been a consistent improvement in validation accuracy across tested configurations.

**Step 2: Decide Whether All Conditions Are Met**
Based on the analysis, not all promising configurations have been tested. Additionally, unexplored options are likely to yield better results given the observed trends.

Answer: No with confidence score: 0.8

Justification: There are still untested configurations within the search space that could potentially improve validation accuracy further, particularly those involving higher masking ratios in linear probing strategy. Therefore, it is advisable to continue optimization.
3-find_trials-cognitive: Based on the analysis from Task 1, we can identify promising trials that align with the trends observed in the completed trials. Here are three recommended trials from the provided search space:

1. **Trial Number: 3**
   - **Params**: `{'masking_ratio': 40, 'strategy': 'linear probing'}`
   - **Reasoning**: The analysis showed that higher masking ratios (e.g., 40%) paired with fine-tuning strategies yield better performance. Although this trial uses linear probing instead of fine-tuning, it is still a promising configuration given the trend observed in trials with similar masking ratios.

2. **Trial Number: 17**
   - **Params**: `{'masking_ratio': 75, 'strategy': 'fine-tuning'}`
   - **Reasoning**: This trial has already been completed and achieved high validation accuracy (84.9%). Given the trend that higher masking ratios improve performance when fine-tuning is used, this configuration is highly promising.

3. **Trial Number: 19**
   - **Params**: `{'masking_ratio': 90, 'strategy': 'fine-tuning'}`
   - **Reasoning**: The analysis indicated that increasing the masking ratio generally leads to better performance when fine-tuning is applied. This trial extends this trend by using an even higher masking ratio (90%), which could potentially yield further improvements in validation accuracy.

## JSON Format:

```json
[
    {"number": 3, "params": {"masking_ratio": 40, "strategy": "linear probing"}},
    {"number": 17, "params": {"masking_ratio": 75, "strategy": "fine-tuning"}},
    {"number": 19, "params": {"masking_ratio": 90, "strategy": "fine-tuning"}}
]
```
- [difflib] amnbious matches: ['masking_ratio:40_strategy:linear probing'], raw output: masking_ratio:40_strategy:linear probing_
- [difflib] amnbious matches: ['masking_ratio:90_strategy:fine-tuning'], raw output: masking_ratio:90_strategy:fine-tuning_
Number of trials: 3 -> 2, 
Error_trials: [] is non-empty. 
Repeated_trials: 1 is non-empty. 
 [[]]
[INFO] Round [5][20], Failed: [0]/[3]
{'description': 'You are a Senior Computer Vision Researcher specializing in ablation study (with grid)', 'model': 'Masked Autoencoder inspired by BERT and GPT', 'task': 'Image Classification', 'basic_idea': 'Masked Autoencoders (MAE) are a self-supervised learning method for vision tasks where a large portion of image patches are randomly masked, and the model learns to reconstruct the missing patches. The encoder processes only visible patches, making it efficient, while a lightweight decoder reconstructs the full image. This approach enables the model to learn rich visual representations without labeled data.', 'straregy': {'linear probing': "the pretrained MAE encoder is frozen and only a linear classifier is trained on top of its features. This tests how well the encoder's learned representations transfer to downstream tasks without further tuning.", 'fine-tuning': 'the entire MAE model, including the encoder, is updated during training on the target task. '}, 'instruction': 'Complete instructions under limited trials', 'link': 'https://openaccess.thecvf.com/content/CVPR2022/papers/He_Masked_Autoencoders_Are_Scalable_Vision_Learners_CVPR_2022_paper.pdf'}
5-find_trials-analyse-cognitive: ### Task 1: Analysis of Completed Trials

#### Step 1: Summary of Performance Metrics for Completed Trials

The completed trials demonstrate a range of validation accuracies, with the highest accuracy achieved at 84.9% and the lowest at 67.0%. The majority of high-performing models used fine-tuning as their training strategy, while linear probing resulted in lower performance.

#### Step 2: Evaluation of Performance Trends for Hyper-Parameters

**Masking Ratio:** 
- Trials with a masking ratio of 40% and 75% showed strong validation accuracies (84.7% and 84.9%, respectively), indicating that these ratios are effective in training the model.
- A lower masking ratio of 20% also performed well, achieving an accuracy of 83.4%. However, a higher masking ratio of 90% resulted in slightly lower performance (83.0%), suggesting there may be diminishing returns beyond a certain point.

**Training Strategy:**
- Fine-tuning generally yielded better results compared to linear probing. For instance, fine-tuned models achieved accuracies ranging from 83.0% to 84.9%, whereas the best linear probing model only reached 67.0%.

#### Step 3: Highlighting Promising Hyper-Parameter Combinations

Promising hyper-parameter combinations include:
- **Masking Ratio of 40% with Fine-Tuning:** This combination achieved a high validation accuracy of 84.7%, indicating that it effectively leverages the learned representations while allowing for further optimization.
- **Masking Ratio of 75% with Fine-Tuning:** Another strong performer, achieving an even higher accuracy of 84.9%. This suggests that a higher masking ratio can still be beneficial when combined with fine-tuning.

These insights suggest that balancing the masking ratio and employing fine-tuning are key factors in optimizing model performance for image classification tasks using MAE.
5-find_trials-stop-cognitive: ### Task 2: Analysis of Search Space

#### Step 1: Summary of Promising Configurations and Unexplored Trials

From the analysis of completed trials, promising configurations include:
- **Masking Ratio of 40% with Fine-Tuning:** Achieved a high validation accuracy of 84.7%.
- **Masking Ratio of 75% with Fine-Tuning:** Achieved an even higher accuracy of 84.9%.

The unexplored trials in the search space include:
- Linear probing configurations for masking ratios ranging from 10% to 90%.
- Fine-tuning configurations for masking ratios of 30%, 50%, 60%, 70%, and 80%.

#### Step 2: Evaluation of Unexplored Promising Configurations

The unexplored trials include several promising configurations:
- **Masking Ratio of 40% with Linear Probing:** This configuration has not been tested but could potentially yield better results.
- **Fine-Tuning for Masking Ratios of 30%, 50%, 60%, and 70%:** These configurations have not been explored yet, especially the masking ratio of 30% which performed well with linear probing.

#### Step 3: Decision on Stopping Optimization

**Step 1: Analyze Criteria**

- **Are all promising configurations already tested?**
  - No, there are unexplored configurations that could yield better results.
  
- **Are no unexplored options likely to yield better results?**
  - There are several unexplored configurations with masking ratios of 30%, 50%, 60%, and 70% under fine-tuning which might improve validation accuracy.

- **Has the metric `validation accuracy` improved significantly over the first three trials?**
  - The validation accuracy has shown significant improvement, but there are still unexplored configurations that could potentially yield better results.

**Step 2: Decide Whether All Conditions Are Met**

Based on the analysis, not all promising configurations have been tested. Additionally, several unexplored options within the search space might yield better results. Therefore, it is premature to stop optimization.

### Final Decision

Answer: No with confidence score: 0.95

Justification: There are still unexplored configurations that could potentially improve validation accuracy further.
5-find_trials-cognitive: ### Task 2: Optimization Recommendation

Based on the analysis from Task 1, the following trials are recommended for further exploration due to their promising hyper-parameter combinations and potential for high performance.

#### Recommended Trials:

1. **Trial Number 10**
   - **Params**: `{'masking_ratio': 10, 'strategy': 'fine-tuning'}`
   - **Reasoning**: Although the highest performing trials had masking ratios of 40% and 75%, it is worth exploring lower masking ratios with fine-tuning to see if there are diminishing returns or potential improvements. A masking ratio of 10% might still yield good results due to the flexibility provided by fine-tuning.

2. **Trial Number 12**
   - **Params**: `{'masking_ratio': 30, 'strategy': 'fine-tuning'}`
   - **Reasoning**: This trial uses a moderate masking ratio of 30% with fine-tuning. Given that both 40% and 75% masking ratios performed well with fine-tuning, it is reasonable to hypothesize that a lower but still substantial masking ratio like 30% could also yield strong results.

3. **Trial Number 18**
   - **Params**: `{'masking_ratio': 80, 'strategy': 'fine-tuning'}`
   - **Reasoning**: Although the highest masking ratio of 90% did not perform as well as expected, it is still important to explore higher ratios like 80%. This trial could provide insights into whether there is a sweet spot for high masking ratios or if performance continues to decline.

### JSON Format:

```json
[
    {"number": 10, "params": {"masking_ratio": 10, "strategy": "fine-tuning"}},
    {"number": 12, "params": {"masking_ratio": 30, "strategy": "fine-tuning"}},
    {"number": 18, "params": {"masking_ratio": 80, "strategy": "fine-tuning"}}
]
```
- [difflib] amnbious matches: ['masking_ratio:10_strategy:fine-tuning'], raw output: masking_ratio:10_strategy:fine-tuning_
- [difflib] amnbious matches: ['masking_ratio:30_strategy:fine-tuning'], raw output: masking_ratio:30_strategy:fine-tuning_
- [difflib] amnbious matches: ['masking_ratio:80_strategy:fine-tuning'], raw output: masking_ratio:80_strategy:fine-tuning_
Number of trials: 3 -> 3, 
Error_trials: [] is non-empty. 
Repeated_trials: 0 is non-empty. 
 []
[INFO] Round [8][20], Failed: [0]/[3]
{'description': 'You are a Senior Computer Vision Researcher specializing in ablation study (with grid)', 'model': 'Masked Autoencoder inspired by BERT and GPT', 'task': 'Image Classification', 'basic_idea': 'Masked Autoencoders (MAE) are a self-supervised learning method for vision tasks where a large portion of image patches are randomly masked, and the model learns to reconstruct the missing patches. The encoder processes only visible patches, making it efficient, while a lightweight decoder reconstructs the full image. This approach enables the model to learn rich visual representations without labeled data.', 'straregy': {'linear probing': "the pretrained MAE encoder is frozen and only a linear classifier is trained on top of its features. This tests how well the encoder's learned representations transfer to downstream tasks without further tuning.", 'fine-tuning': 'the entire MAE model, including the encoder, is updated during training on the target task. '}, 'instruction': 'Complete instructions under limited trials', 'link': 'https://openaccess.thecvf.com/content/CVPR2022/papers/He_Masked_Autoencoders_Are_Scalable_Vision_Learners_CVPR_2022_paper.pdf'}
8-find_trials-analyse-cognitive: ### Task 1: Analysis of Completed Trials

#### Step 1: Summary of Performance Metrics for Completed Trials

The completed trials demonstrate a range of validation accuracies from 67.0% to 84.9%. The highest accuracy is achieved with fine-tuning strategy and masking ratios between 40% and 80%, while the lowest accuracy (67.0%) is observed when using linear probing with a 40% masking ratio.

#### Step 2: Evaluation of Performance Trends for Hyper-Parameters

**Masking Ratio:**
- **Fine-Tuning Strategy:** Validation accuracies generally increase as the masking ratio increases from 10% to 80%, peaking at around 84.9% with a 75% masking ratio.
- **Linear Probing Strategy:** The performance is significantly lower, indicating that the learned representations are not effectively transferred without further fine-tuning.

**Strategy:**
- **Fine-Tuning:** Achieves higher validation accuracies compared to linear probing across all tested masking ratios. This suggests that updating the entire model during training on downstream tasks leverages richer visual features.
- **Linear Probing:** Results in lower accuracy, indicating limited transferability of pre-trained MAE encoder representations without fine-tuning.

#### Step 3: Highlighting Promising Hyper-Parameter Combinations

**Promising Masking Ratios for Fine-Tuning:**
- A masking ratio between 40% and 80% yields the best validation accuracies, with a peak at 75%. This range suggests that moderate to high levels of masked patches enable the model to learn robust visual representations.

**Optimal Strategy:**
- The fine-tuning strategy consistently outperforms linear probing across all masking ratios. Fine-tuning allows for better adaptation and utilization of pre-trained features, leading to higher validation accuracies.

In summary, trials indicate that a combination of high masking ratios (40% to 80%) with the fine-tuning strategy yields optimal performance in image classification tasks using Masked Autoencoders.
8-find_trials-stop-cognitive: ### Task 2: Analysis of Search Space

#### Step 1: Analyze Promising Configurations and Unexplored Trials

**Promising Configurations:**
- High masking ratios (40% to 80%) with fine-tuning strategy.

**Unexplored but Promising Trials:**
- Linear probing trials with masking ratios from 10% to 90%.

#### Step 2: Evaluate Search Space for Unexplored Options

The search space contains several unexplored configurations, particularly linear probing with various masking ratios. These include:
- Masking ratio of 40%, 50%, 60%, 70%, and 80% with fine-tuning strategy.
- All masking ratios (10% to 90%) with the linear probing strategy.

#### Step 3: Determine if Unexplored Options Are Likely to Yield Better Results

Given that:
- Fine-tuning consistently outperforms linear probing across all tested masking ratios.
- The highest validation accuracy is achieved at a 75% masking ratio with fine-tuning.

It is unlikely that unexplored configurations (especially those using linear probing) will yield better results than the current best configuration of 75% masking ratio and fine-tuning strategy.

### Task 3: Decide Whether to Stop Optimization

#### Step 1: Analyze Criteria for Stopping Optimization

- **Are all promising configurations already tested?**
  - No, as there are unexplored trials with linear probing.
  
- **Are no unexplored options likely to yield better results?**
  - Yes, given the consistent performance trend of fine-tuning over linear probing.

- **Has the metric `validation accuracy` improved significantly over the first three trials?**
  - The validation accuracy has shown significant improvement as masking ratio increased and strategy shifted from linear probing to fine-tuning.

#### Step 2: Decide Whether All Conditions Are Met

Based on the analysis, while there are unexplored configurations with linear probing, it is unlikely they will yield better results than the current best configuration. Therefore, stopping optimization can be justified based on the consistent performance trend and significant improvements observed.

**Answer: Yes**
- **Confidence Score:** 0.95

**Justification:**
The highest validation accuracy has been achieved with a masking ratio of 75% using fine-tuning strategy. Unexplored configurations, particularly those involving linear probing, are unlikely to surpass this performance given the consistent trend observed.

```plaintext
Answer: Yes with confidence score: 0.95
```
