----------------------------------------------------------------------------------------------------
Start Optimization: nnUnet_params_2_train_llama3.3:70b
----------------------------------------------------------------------------------------------------
[INFO] Round [3][18], Failed: [0]/[15]
{'description': 'You are a Senior Computer Vision Researcher specializing in 3D Medical Image Segmentation for Brain Tumor MRI.', 'model': 'nnUNet', 'task': 'Hyperparameter Tuning', 'basic_idea': 'Test the effects of learning rate, weight decay, and oversampling rate on nnUNet performance.', 'instruction': 'Summarize model configurations and validation scores from hyperparameter sweeps.'}
3-find_trials-analyse-cognitive: **Task 1: Analysis of Completed Trials**

### Step 1: Summarize Performance Metrics for Completed Trials

The completed trials show a range of Dice scores, from 60.0 to 81.48, indicating variability in the performance of the nnUNet model across different hyperparameter configurations. The highest achieved Dice score is 81.48, and the lowest is 60.0.

### Step 2: Evaluate Performance Trends for Hyper-parameters

Evaluating the trends:
- **Learning Rate**: Comparing trials with different learning rates (0.0001 vs. 0.01) shows that a higher learning rate (0.01) can lead to better performance, as seen in trial 1 (Dice score of 81.48) compared to trial 16 (Dice score of 79.94).
- **Weight Decay**: The impact of weight decay is observed by comparing trials with the same learning rate but different weight decay values. Trial 1 (weight decay of 0.0003) outperforms trial 5 (weight decay of 0.003), suggesting that a lower weight decay might be beneficial for achieving higher Dice scores.
- **Oversampling Foreground Percent**: All trials have the same oversampling foreground percent (0.5), so its effect cannot be directly evaluated from these results.

### Step 3: Highlight Promising Hyper-parameter Combinations

Based on the trends observed:
- A learning rate of 0.01 appears promising, as it is associated with the highest Dice score in trial 1.
- A weight decay of 0.0003 seems to contribute to better performance when combined with a learning rate of 0.01, as seen in trial 1.
- The oversampling foreground percent of 0.5 is used consistently across trials but lacks comparison to other values.

**Recommendations for Future Trials**:
- Investigate the effect of varying the oversampling foreground percent to determine its optimal value.
- Test learning rates between 0.0001 and 0.01 to find if there's an even better rate within this range.
- Further explore the impact of weight decay by testing values below 0.0003 and above 0.003 to understand its full effect on model performance.
3-find_trials-stop-cognitive: To determine whether to stop the optimization process, we analyze the given criteria. 

The search space includes several unexplored but promising trials, indicating that not all potentially beneficial configurations have been tested.

**Step 1: Analyze the following criteria:**

- Not all promising configurations are already tested, as evidenced by the list of unexplored trials provided.
- There are unexplored options that could potentially yield better results, given the variety of learning rates, weight decays, and oversampling factors yet to be examined.

**Step 2: Decide whether all conditions are met.**

Since not all promising configurations have been tested and there are unexplored options that might lead to improved outcomes, the conditions for stopping the optimization process are not met.

Answer: No with confidence score: 0.8

Justification: The presence of numerous untested configurations within the defined search space suggests that further exploration could lead to better results, warranting continued optimization.
3-find_trials-cognitive: To recommend promising trials based on the analysis of completed trials and performance trends, we need to consider the impact of learning rate, weight decay, and oversampling foreground percent on the model's performance.

1. **Trial 3**: This trial uses a learning rate of 0.01, which is among the highest in the search space and potentially allows for faster convergence to optimal parameters. The weight decay is set to 3e-05, which is relatively low and might help in avoiding over-regularization. The oversampling foreground percent is 0.5, which could provide a good balance between focusing on the foreground (tumor) and considering the background. This combination of parameters could lead to a model that effectively learns from the data without being too heavily regularized.

2. **Trial 8**: With a learning rate of 0.001, this trial strikes a balance between exploration and exploitation. The weight decay is set to 0.0003, which is moderate and likely to prevent overfitting without hindering the model's ability to learn complex patterns. The oversampling foreground percent is also 0.5, similar to Trial 3, suggesting a balanced approach to training data. This trial seems promising because it adjusts the learning rate and weight decay in a way that could facilitate stable and effective learning.

3. **Trial 14**: This trial uses the lowest learning rate (0.0001) among the options, which might lead to more precise convergence but at the risk of slower training. The weight decay is moderate at 0.0003, similar to Trial 8, suggesting an attempt to balance regularization with model capacity. The oversampling foreground percent is set to 0.33, which could be beneficial if the background information is also crucial for the model's performance. This trial is recommended because it explores a more cautious approach to learning and regularization, potentially leading to a more robust model.

```json
[
    {"number": 3, "params": {"model": "nnUNet", "Learning Rate": 0.01, "Weight Decay": 3e-05, "Oversampling Foreground Percent": 0.5, "Epochs": 100}},
    {"number": 8, "params": {"model": "nnUNet", "Learning Rate": 0.001, "Weight Decay": 0.0003, "Oversampling Foreground Percent": 0.5, "Epochs": 100}},
    {"number": 14, "params": {"model": "nnUNet", "Learning Rate": 0.0001, "Weight Decay": 0.0003, "Oversampling Foreground Percent": 0.33, "Epochs": 100}}
]
```
- [difflib] amnbious matches: ['model:nnunet_learning rate:0.01_weight decay:3e-05_oversampling foreground percent:0.5_epochs:100'], raw output: model:nnunet_learning rate:0.01_weight decay:3e-05_oversampling foreground percent:0.5_epochs:100_
- [difflib] amnbious matches: ['model:nnunet_learning rate:0.001_weight decay:0.0003_oversampling foreground percent:0.5_epochs:100'], raw output: model:nnunet_learning rate:0.001_weight decay:0.0003_oversampling foreground percent:0.5_epochs:100_
- [difflib] amnbious matches: ['model:nnunet_learning rate:0.0001_weight decay:0.0003_oversampling foreground percent:0.33_epochs:100'], raw output: model:nnunet_learning rate:0.0001_weight decay:0.0003_oversampling foreground percent:0.33_epochs:100_
Number of trials: 3 -> 3, 
Error_trials: [] is non-empty. 
Repeated_trials: 0 is non-empty. 
 []
[INFO] Round [6][18], Failed: [0]/[12]
{'description': 'You are a Senior Computer Vision Researcher specializing in 3D Medical Image Segmentation for Brain Tumor MRI.', 'model': 'nnUNet', 'task': 'Hyperparameter Tuning', 'basic_idea': 'Test the effects of learning rate, weight decay, and oversampling rate on nnUNet performance.', 'instruction': 'Summarize model configurations and validation scores from hyperparameter sweeps.'}
6-find_trials-analyse-cognitive: **Task 1: Analysis of Completed Trials**

### Step 1: Summarize Performance Metrics for Completed Trials

The completed trials show a range of Dice scores, from 60.0 to 82.27, indicating varying levels of performance in the nnUNet model for 3D medical image segmentation of brain tumors in MRI scans. The average Dice score across all trials is approximately 80.1, suggesting that most configurations yield reasonably good results but with room for improvement.

### Step 2: Evaluate Performance Trends for Hyper-parameters

**Learning Rate (LR) Impact**: 
- Higher learning rates (e.g., 0.01) tend to result in higher Dice scores (up to 82.0) in some trials, suggesting that a moderate to high learning rate can be beneficial.
- Lower learning rates (e.g., 0.0001) also achieve high performance (79.94 and 81.18), indicating that the model can learn effectively even with smaller steps, possibly requiring more epochs or a different optimization strategy.

**Weight Decay (WD) Influence**:
- A moderate weight decay (0.003) is associated with both the highest (82.27 when LR=0.001) and lowest (60.0 when LR=0.01) Dice scores, suggesting that its effect is highly dependent on the learning rate.
- Lower weight decays (e.g., 0.0003) tend to perform well across different learning rates (81.48 with LR=0.01 and 82.27 with LR=0.001), indicating a potential for better generalization.

**Oversampling Foreground Percent Impact**:
- The oversampling foreground percent of 0.5 is used in most trials, achieving a wide range of Dice scores (60.0 to 82.0). This suggests that while oversampling can help, its effectiveness is significantly influenced by other hyperparameters.
- A lower oversampling rate (0.33) with a very low learning rate (0.0001) still achieves a respectable Dice score (81.18), indicating that careful tuning of all parameters together is crucial.

### Step 3: Highlight Promising Hyper-parameter Combinations

Based on the trends observed:
- **Combination 1**: Learning Rate of 0.01, Weight Decay of 3e-05, and Oversampling Foreground Percent of 0.5 yields a high Dice score of 82.0, suggesting that a moderate learning rate with very low regularization can be effective.
- **Combination 2**: Learning Rate of 0.001, Weight Decay of 0.0003, and Oversampling Foreground Percent of 0.5 achieves a Dice score of 82.27, indicating that a balance between learning rate and regularization, coupled with appropriate oversampling, can lead to superior performance.
- **Combination 3**: Learning Rate of 0.0001, Weight Decay of 0.0003, and Oversampling Foreground Percent of 0.33 results in a Dice score of 81.18, showing that even with a very low learning rate, careful selection of other hyperparameters can still yield good results.

These combinations highlight the importance of balancing learning rate, weight decay, and oversampling strategies to optimize nnUNet performance for brain tumor segmentation in MRI images. Further experimentation, potentially including more epochs or different optimizers, could refine these findings and lead to even better outcomes.
6-find_trials-stop-cognitive: To determine whether to stop the optimization process, we analyze the given criteria. 

Firstly, not all promising configurations have been tested, as indicated by the unexplored but potentially beneficial trials listed in the search space. 

Secondly, there are indeed unexplored options that could yield better results, such as various combinations of learning rates, weight decays, and oversampling foreground percentages that have not been evaluated.

Given these considerations, it's clear that not all conditions for stopping the optimization process are met. 

Answer: No with confidence score: 0.8. 

The justification is that untested configurations exist within the defined search space, suggesting potential for improvement in nnUNet performance for brain tumor segmentation in MRI images.
6-find_trials-cognitive: To recommend promising trials based on the analysis of completed trials, we need to consider the performance trends and highlights observed in Task 1. The goal is to identify combinations of hyperparameters that lead to high Dice scores, indicating better segmentation performance.

1. **Trial Number 7**: This trial uses a learning rate of 0.001, weight decay of 3e-05, and an oversampling foreground percent of 0.5. The combination of a moderate learning rate with minimal regularization (low weight decay) and a higher oversampling rate could potentially lead to a good balance between model complexity and the ability to learn from the data, especially since it's focused on segmenting brain tumors where detail is crucial.

2. **Trial Number 10**: With a learning rate of 0.001, weight decay of 0.003, and an oversampling foreground percent of 0.5, this trial introduces a bit more regularization than Trial 7. This could help in preventing overfitting while still allowing for sufficient learning from the data. The moderate learning rate and higher oversampling rate are consistent with observations that these settings can lead to good performance.

3. **Trial Number 13**: This trial has a learning rate of 0.0001, weight decay of 3e-05, and an oversampling foreground percent of 0.5. Although the learning rate is lower than in Trials 7 and 10, which might require more epochs to converge, the minimal regularization (low weight decay) and higher oversampling could facilitate detailed learning from the data without overfitting. This setting could be particularly beneficial for complex datasets where gradual learning is advantageous.

Each of these trials offers a unique balance of hyperparameters that could potentially lead to high performance in segmenting brain tumors in MRI scans, based on the trends observed in Task 1.


```json
[
    {"number": 7, "params": {"model": "nnUNet", "Learning Rate": 0.001, "Weight Decay": 3e-05, "Oversampling Foreground Percent": 0.5, "Epochs": 100}},
    {"number": 10, "params": {"model": "nnUNet", "Learning Rate": 0.001, "Weight Decay": 0.003, "Oversampling Foreground Percent": 0.5, "Epochs": 100}},
    {"number": 13, "params": {"model": "nnUNet", "Learning Rate": 0.0001, "Weight Decay": 3e-05, "Oversampling Foreground Percent": 0.5, "Epochs": 100}}
]
```
- [difflib] amnbious matches: ['model:nnunet_learning rate:0.001_weight decay:3e-05_oversampling foreground percent:0.5_epochs:100'], raw output: model:nnunet_learning rate:0.001_weight decay:3e-05_oversampling foreground percent:0.5_epochs:100_
- [difflib] amnbious matches: ['model:nnunet_learning rate:0.001_weight decay:0.003_oversampling foreground percent:0.5_epochs:100'], raw output: model:nnunet_learning rate:0.001_weight decay:0.003_oversampling foreground percent:0.5_epochs:100_
- [difflib] amnbious matches: ['model:nnunet_learning rate:0.0001_weight decay:3e-05_oversampling foreground percent:0.5_epochs:100'], raw output: model:nnunet_learning rate:0.0001_weight decay:3e-05_oversampling foreground percent:0.5_epochs:100_
Number of trials: 3 -> 3, 
Error_trials: [] is non-empty. 
Repeated_trials: 0 is non-empty. 
 []
[INFO] Round [9][18], Failed: [0]/[9]
{'description': 'You are a Senior Computer Vision Researcher specializing in 3D Medical Image Segmentation for Brain Tumor MRI.', 'model': 'nnUNet', 'task': 'Hyperparameter Tuning', 'basic_idea': 'Test the effects of learning rate, weight decay, and oversampling rate on nnUNet performance.', 'instruction': 'Summarize model configurations and validation scores from hyperparameter sweeps.'}
9-find_trials-analyse-cognitive: **Task 1: Analysis of Completed Trials**

### Step 1: Summarize Performance Metrics for Completed Trials

The completed trials show a range of Dice scores, from 60.0 to 82.41, indicating varying levels of performance in segmenting brain tumors from MRI images using the nnUNet model. The average Dice score across all trials is approximately 80.3, suggesting that most configurations achieve reasonable performance.

### Step 2: Evaluate Performance Trends for Hyper-parameters

**Learning Rate (LR) Impact**: 
- Lower learning rates (0.0001 and 0.001) tend to result in a wider range of Dice scores (from 78.31 to 82.41), indicating that the model's performance can be more sensitive to other hyperparameters when the learning rate is low.
- A higher learning rate of 0.01 yields both one of the highest (82.0) and one of the lowest (60.0) Dice scores, suggesting that its impact can be significantly influenced by the combination with other hyperparameters.

**Weight Decay (WD) Influence**: 
- The weight decay values of 0.0003 and "3e-05" are associated with higher Dice scores (up to 82.41), indicating that lower weight decay might allow for more complex models that better fit the training data without over-regularizing.
- A weight decay of 0.003 is seen in both high (82.32) and low (60.0) performing trials, suggesting its effect is highly dependent on the learning rate and possibly oversampling rate.

**Oversampling Foreground Percent Effect**: 
- The majority of trials use an oversampling foreground percent of 0.5, which achieves a wide range of Dice scores (from 60.0 to 82.41). This suggests that while oversampling can help, its effectiveness is highly dependent on other hyperparameters.
- A lower oversampling rate of 0.33 results in a Dice score of 81.18, indicating that reducing oversampling might not significantly harm performance and could potentially simplify the training process.

### Step 3: Highlight Promising Hyper-parameter Combinations

Based on the trends observed:
- **Combination 1**: Learning Rate = 0.001, Weight Decay = "3e-05", Oversampling Foreground Percent = 0.5 (Dice score of 82.41) appears to be one of the most promising configurations, achieving the highest Dice score.
- **Combination 2**: Learning Rate = 0.01, Weight Decay = "3e-05", Oversampling Foreground Percent = 0.5 (Dice score of 82.0) is another strong performer, suggesting that a higher learning rate can be effective with appropriate weight decay and oversampling settings.
- **Combination 3**: Learning Rate = 0.001, Weight Decay = 0.0003, Oversampling Foreground Percent = 0.5 (Dice score of 82.27) also demonstrates high performance, indicating that slightly higher weight decay can still yield excellent results with the right learning rate and oversampling.

These combinations highlight the importance of balancing learning rate, weight decay, and oversampling foreground percent to achieve optimal performance in brain tumor segmentation using nnUNet. Further refinement and testing of these configurations could lead to even better outcomes.
9-find_trials-stop-cognitive: To determine whether to stop the optimization process, we analyze the given criteria. 

The search space includes several unexplored but promising trials, particularly those with a learning rate of 0.01 and an oversampling foreground percent of 0.33, which have not been tested in combination with all weight decay values.

Answer: No with confidence score: 0.8

Justification: Since there are untested configurations within the defined search space that could potentially yield better results, such as combinations of learning rates and weight decays with an oversampling foreground percent of 0.33, it's reasonable to continue the optimization process to explore these possibilities.
9-find_trials-cognitive: To recommend promising trials based on the analysis of completed trials and performance trends observed in the search space provided, we focus on the key hyperparameters that have shown significant impact on the model's performance: Learning Rate, Weight Decay, and Oversampling Foreground Percent.

1. **Trial Number 6**:
   - **Params**: {'model': 'nnUNet', 'Learning Rate': 0.001, 'Weight Decay': 3e-05, 'Oversampling Foreground Percent': 0.33, 'Epochs': 100}
   - **Reasoning**: This trial combines a moderate learning rate with the lowest weight decay and a lower oversampling foreground percent. The combination of these parameters could lead to a model that learns effectively without overfitting or underfitting, given the balance between exploration (learning rate) and regularization (weight decay).

2. **Trial Number 15**:
   - **Params**: {'model': 'nnUNet', 'Learning Rate': 0.0001, 'Weight Decay': 0.0003, 'Oversampling Foreground Percent': 0.5, 'Epochs': 100}
   - **Reasoning**: This trial uses the lowest learning rate, which might lead to more stable convergence, paired with a moderate weight decay and the highest oversampling foreground percent. The higher oversampling could help in focusing on the foreground (tumors) more effectively, potentially improving segmentation accuracy.

3. **Trial Number 9**:
   - **Params**: {'model': 'nnUNet', 'Learning Rate': 0.001, 'Weight Decay': 0.0003, 'Oversampling Foreground Percent': 0.33, 'Epochs': 100}
   - **Reasoning**: This trial offers a balance with a moderate learning rate and a slightly higher weight decay compared to Trial 6, but still keeps the oversampling foreground percent at 0.33. This combination might provide a good trade-off between model complexity and regularization, potentially leading to robust performance in segmenting brain tumors.

These recommendations are based on the intuition that balancing the learning rate, weight decay, and oversampling strategy can lead to optimal performance in medical image segmentation tasks like this one.


```json
[
    {"number": 6, "params": {'model': 'nnUNet', 'Learning Rate': 0.001, 'Weight Decay': 3e-05, 'Oversampling Foreground Percent': 0.33, 'Epochs': 100}},
    {"number": 15, "params": {'model': 'nnUNet', 'Learning Rate': 0.0001, 'Weight Decay': 0.0003, 'Oversampling Foreground Percent': 0.5, 'Epochs': 100}},
    {"number": 9, "params": {'model': 'nnUNet', 'Learning Rate': 0.001, 'Weight Decay': 0.0003, 'Oversampling Foreground Percent': 0.33, 'Epochs': 100}}
]
```
- [difflib] amnbious matches: ['model:nnunet_learning rate:0.001_weight decay:3e-05_oversampling foreground percent:0.33_epochs:100'], raw output: model:nnunet_learning rate:0.001_weight decay:3e-05_oversampling foreground percent:0.33_epochs:100_
- [difflib] amnbious matches: ['model:nnunet_learning rate:0.0001_weight decay:0.0003_oversampling foreground percent:0.5_epochs:100'], raw output: model:nnunet_learning rate:0.0001_weight decay:0.0003_oversampling foreground percent:0.5_epochs:100_
- [difflib] amnbious matches: ['model:nnunet_learning rate:0.001_weight decay:0.0003_oversampling foreground percent:0.33_epochs:100'], raw output: model:nnunet_learning rate:0.001_weight decay:0.0003_oversampling foreground percent:0.33_epochs:100_
Number of trials: 3 -> 3, 
Error_trials: [] is non-empty. 
Repeated_trials: 0 is non-empty. 
 []
[INFO] Round [12][18], Failed: [0]/[6]
{'description': 'You are a Senior Computer Vision Researcher specializing in 3D Medical Image Segmentation for Brain Tumor MRI.', 'model': 'nnUNet', 'task': 'Hyperparameter Tuning', 'basic_idea': 'Test the effects of learning rate, weight decay, and oversampling rate on nnUNet performance.', 'instruction': 'Summarize model configurations and validation scores from hyperparameter sweeps.'}
12-find_trials-analyse-cognitive: **Task 1: Analysis of Completed Trials**

### Step 1: Summarize Performance Metrics for Completed Trials

The completed trials show a range of Dice scores from 60.0 to 82.41, indicating varying levels of performance in the nnUNet model for 3D medical image segmentation of brain tumors in MRI scans. The average Dice score across all trials is approximately 80.5, suggesting that most configurations yield reasonably good results but with room for improvement.

### Step 2: Evaluate Performance Trends for Hyper-parameters

**Learning Rate (LR):**
- Lower learning rates (0.0001) tend to result in lower Dice scores (ranging from 78.31 to 81.4), suggesting that very small steps in gradient descent might not be optimal for this task.
- Moderate learning rates (0.001) yield some of the highest Dice scores (up to 82.41), indicating a potential sweet spot for balancing exploration and convergence.
- Higher learning rates (0.01) show mixed results, with one trial achieving a high score of 82.0 but another resulting in a significantly lower score of 60.0, highlighting the sensitivity of the model to this parameter.

**Weight Decay (WD):**
- The impact of weight decay is less straightforward, with both low (3e-05) and moderate (0.0003) values associated with high Dice scores. However, a higher weight decay (0.003) sometimes leads to lower performance (60.0 in one instance), suggesting that over-regularization can be detrimental.

**Oversampling Foreground Percent:**
- The oversampling foreground percent seems to have a nuanced effect, with both 0.5 and 0.33 resulting in high Dice scores across different trials. This suggests that the model is somewhat robust to changes in this parameter but may benefit from further exploration of optimal values.

### Step 3: Highlight Promising Hyper-parameter Combinations

Based on the trends observed:
- **Moderate Learning Rate:** A learning rate of 0.001 appears promising, as it is associated with several high Dice scores across different combinations of other hyperparameters.
- **Balanced Weight Decay:** Weight decay values of 0.0003 and 3e-05 are often linked to better performance, suggesting that a moderate level of regularization is beneficial.
- **Oversampling Strategy:** Both 0.5 and 0.33 oversampling foreground percentages show potential, indicating that the optimal strategy might depend on other factors such as the specific dataset characteristics or learning rate.

**Recommendations for Future Trials:**
- Further refine the learning rate around 0.001 to pinpoint the optimal value.
- Explore weight decay values between 3e-05 and 0.0003 to better understand its impact.
- Investigate the interaction between oversampling foreground percent and other hyperparameters more closely, potentially including additional values for a more comprehensive understanding.

By focusing on these promising combinations and trends, future trials can aim to optimize the nnUNet model's performance for 3D medical image segmentation of brain tumors in MRI scans.
12-find_trials-stop-cognitive: To determine whether to stop the optimization process, we analyze the given criteria. 

The search space includes unexplored but promising trials, such as different combinations of learning rates and weight decays that have not been tested yet.

Answer: No with confidence score: 0.8


Justification: Since there are still untested configurations within the defined search space that could potentially yield better results, it's prudent to continue the optimization process to explore these options.
12-find_trials-cognitive: To recommend promising trials based on the analysis of completed trials, we need to consider the performance trends and insights gained from Task 1. Given that the actual performance metrics (e.g., Dice scores) for each trial are not provided in the question, we will rely on general principles of hyperparameter tuning for neural networks like nnUNet.

1. **Trial Number 0**:
   - **Params**: {'model': 'nnUNet', 'Learning Rate': 0.01, 'Weight Decay': 3e-05, 'Oversampling Foreground Percent': 0.33, 'Epochs': 100}
   - **Reasoning**: This trial uses a relatively high learning rate and a low weight decay. High learning rates can lead to faster convergence but might also cause oscillations or missing the optimal solution. A low weight decay reduces regularization, which might be beneficial if the model is not prone to overfitting.

2. **Trial Number 11**:
   - **Params**: {'model': 'nnUNet', 'Learning Rate': 0.001, 'Weight Decay': 0.003, 'Oversampling Foreground Percent': 0.33, 'Epochs': 100}
   - **Reasoning**: This trial employs a moderate learning rate and a higher weight decay compared to Trial 0. The lower learning rate can lead to more stable convergence, potentially avoiding overshooting the optimal solution. The higher weight decay introduces more regularization, which can help prevent overfitting.

3. **Trial Number 12**:
   - **Params**: {'model': 'nnUNet', 'Learning Rate': 0.0001, 'Weight Decay': 3e-05, 'Oversampling Foreground Percent': 0.33, 'Epochs': 100}
   - **Reasoning**: This trial uses the lowest learning rate among the options, which can lead to very slow convergence but might result in a more precise optimization. The low weight decay minimizes regularization, which could be beneficial if the model is underfitting or if the dataset is small and simple.

These trials cover a range of learning rates and weight decays, allowing for an exploration of how these critical hyperparameters affect the performance of the nnUNet model in 3D medical image segmentation tasks.


```json
[
    {"number": 0, "params": {'model': 'nnUNet', 'Learning Rate': 0.01, 'Weight Decay': 3e-05, 'Oversampling Foreground Percent': 0.33, 'Epochs': 100}},
    {"number": 11, "params": {'model': 'nnUNet', 'Learning Rate': 0.001, 'Weight Decay': 0.003, 'Oversampling Foreground Percent': 0.33, 'Epochs': 100}},
    {"number": 12, "params": {'model': 'nnUNet', 'Learning Rate': 0.0001, 'Weight Decay': 3e-05, 'Oversampling Foreground Percent': 0.33, 'Epochs': 100}}
]
```
- [difflib] amnbious matches: ['model:nnunet_learning rate:0.01_weight decay:3e-05_oversampling foreground percent:0.33_epochs:100'], raw output: model:nnunet_learning rate:0.01_weight decay:3e-05_oversampling foreground percent:0.33_epochs:100_
- [difflib] amnbious matches: ['model:nnunet_learning rate:0.001_weight decay:0.003_oversampling foreground percent:0.33_epochs:100'], raw output: model:nnunet_learning rate:0.001_weight decay:0.003_oversampling foreground percent:0.33_epochs:100_
- [difflib] amnbious matches: ['model:nnunet_learning rate:0.0001_weight decay:3e-05_oversampling foreground percent:0.33_epochs:100'], raw output: model:nnunet_learning rate:0.0001_weight decay:3e-05_oversampling foreground percent:0.33_epochs:100_
Number of trials: 3 -> 3, 
Error_trials: [] is non-empty. 
Repeated_trials: 0 is non-empty. 
 []
[INFO] Round [15][18], Failed: [0]/[3]
{'description': 'You are a Senior Computer Vision Researcher specializing in 3D Medical Image Segmentation for Brain Tumor MRI.', 'model': 'nnUNet', 'task': 'Hyperparameter Tuning', 'basic_idea': 'Test the effects of learning rate, weight decay, and oversampling rate on nnUNet performance.', 'instruction': 'Summarize model configurations and validation scores from hyperparameter sweeps.'}
15-find_trials-analyse-cognitive: **Task 1: Analysis of Completed Trials**

### Step 1: Summarize Performance Metrics for Completed Trials

The completed trials show a range of Dice scores from 60.0 to 82.45, indicating varying levels of performance in the nnUNet model for 3D medical image segmentation of brain tumors in MRI scans. The average Dice score across all trials is approximately 80.5, suggesting that most configurations yield reasonably good results but with room for improvement.

### Step 2: Evaluate Performance Trends for Hyper-parameters

**Learning Rate (LR):**
- Higher learning rates (e.g., 0.01) tend to result in slightly higher Dice scores (up to 82.0) in some cases, but also show variability, with one instance scoring as low as 60.0.
- Lower learning rates (e.g., 0.001 and 0.0001) generally yield more consistent results, often above 80, suggesting that these might be safer choices for avoiding significant performance drops.

**Weight Decay (WD):**
- The impact of weight decay is less straightforward, with both higher (0.003) and lower (3e-05, 0.0003) values producing high Dice scores. This suggests that the optimal weight decay might depend on other hyperparameters or the specific characteristics of the dataset.

**Oversampling Foreground Percent:**
- Oversampling at 0.5 tends to produce higher Dice scores more frequently than oversampling at 0.33, although there are exceptions. This indicates that a moderate level of oversampling might be beneficial for segmenting brain tumors effectively.

### Step 3: Highlight Promising Hyper-parameter Combinations

Based on the trends observed:
- **Combination 1:** Learning Rate = 0.001, Weight Decay = 3e-05 or 0.0003, Oversampling Foreground Percent = 0.5 appears promising, as it yields high Dice scores (up to 82.41 and 82.27) consistently.
- **Combination 2:** Learning Rate = 0.01, with careful selection of Weight Decay and Oversampling Foreground Percent, could also be explored further due to its potential for high performance, despite the risk of lower scores in some configurations.

These combinations suggest that a moderate learning rate, combined with appropriate weight decay and oversampling strategies, can lead to improved performance in nnUNet for brain tumor segmentation tasks. Further refinement and testing of these hyperparameters could help in achieving even higher Dice scores.
15-find_trials-stop-cognitive: To determine whether to stop the optimization process, we analyze the given criteria. Since there are unexplored but promising trials within the defined search space, such as those listed with different combinations of learning rate, weight decay, and oversampling foreground percent, it indicates that not all potentially beneficial configurations have been tested.

Answer: No with confidence score: 0.8. 

Justification: The presence of untested, promising configurations suggests that further exploration could yield better results, thus optimization should continue.
15-find_trials-cognitive: To recommend promising trials based on the analysis of completed trials and performance trends observed in Task 1, we need to consider the effects of learning rate, weight decay, and oversampling foreground percent on the model's performance. Given the constraints and the goal to optimize the nnUNet model for brain tumor segmentation, here are three recommendations:

1. **Trial Number 2**: This trial uses a moderate learning rate of 0.01, which can facilitate faster convergence without overshooting optimal solutions too frequently. The weight decay is set at 0.0003, providing a balance between regularization and the risk of underfitting. However, the oversampling foreground percent is at 0.33, which might be on the lower side for effectively capturing tumor features.

2. **Trial Number 4**: Similar to Trial 2, this trial also employs a learning rate of 0.01 but increases the weight decay to 0.003. This higher weight decay could potentially reduce overfitting by penalizing larger weights more severely. Yet, like in Trial 2, the oversampling foreground percent remains at 0.33.

3. **Trial Number 17**: This trial significantly reduces the learning rate to 0.0001, which might lead to slower convergence but could result in a more precise optimization, potentially avoiding local minima. The weight decay is increased to 0.003, similar to Trial 4, aiming for stronger regularization. However, it retains the lower oversampling foreground percent of 0.33.

These recommendations are based on the premise that a balance between learning rate and regularization (weight decay) is crucial, and considering the fixed nature of the oversampling parameter in the provided search space, we focus on the interplay between learning rate and weight decay for optimization.

```json
[
    {"number": 2, "params": {"model": "nnUNet", "Learning Rate": 0.01, "Weight Decay": 0.0003, "Oversampling Foreground Percent": 0.33, "Epochs": 100}},
    {"number": 4, "params": {"model": "nnUNet", "Learning Rate": 0.01, "Weight Decay": 0.003, "Oversampling Foreground Percent": 0.33, "Epochs": 100}},
    {"number": 17, "params": {"model": "nnUNet", "Learning Rate": 0.0001, "Weight Decay": 0.003, "Oversampling Foreground Percent": 0.33, "Epochs": 100}}
]
```
- [difflib] amnbious matches: ['model:nnunet_learning rate:0.01_weight decay:0.0003_oversampling foreground percent:0.33_epochs:100'], raw output: model:nnunet_learning rate:0.01_weight decay:0.0003_oversampling foreground percent:0.33_epochs:100_
- [difflib] amnbious matches: ['model:nnunet_learning rate:0.01_weight decay:0.003_oversampling foreground percent:0.33_epochs:100'], raw output: model:nnunet_learning rate:0.01_weight decay:0.003_oversampling foreground percent:0.33_epochs:100_
- [difflib] amnbious matches: ['model:nnunet_learning rate:0.0001_weight decay:0.003_oversampling foreground percent:0.33_epochs:100'], raw output: model:nnunet_learning rate:0.0001_weight decay:0.003_oversampling foreground percent:0.33_epochs:100_
Number of trials: 3 -> 3, 
Error_trials: [] is non-empty. 
Repeated_trials: 0 is non-empty. 
 []
[INFO] Round [18][18], Failed: [0]/[0]
{'description': 'You are a Senior Computer Vision Researcher specializing in 3D Medical Image Segmentation for Brain Tumor MRI.', 'model': 'nnUNet', 'task': 'Hyperparameter Tuning', 'basic_idea': 'Test the effects of learning rate, weight decay, and oversampling rate on nnUNet performance.', 'instruction': 'Summarize model configurations and validation scores from hyperparameter sweeps.'}
18-find_trials-analyse-cognitive: **Task 1: Analysis of Completed Trials**

### Step 1: Summarize Performance Metrics for Completed Trials

The completed trials show a range of Dice scores from 60.0 to 82.45, indicating varying levels of performance in the nnUNet model for 3D medical image segmentation of brain tumors in MRI scans. The average Dice score across all trials is approximately 80.5, suggesting that most configurations yield reasonably good results but with room for improvement.

### Step 2: Evaluate Performance Trends for Hyper-parameters

1. **Learning Rate (LR)**: Trials with a learning rate of 0.001 tend to perform better (average Dice score around 82.1) compared to those with higher or lower learning rates. For example, trials 7, 8, 9, 10, and 11 all have an LR of 0.001 and achieve high Dice scores. This suggests that a moderate learning rate facilitates better convergence.

2. **Weight Decay (WD)**: The impact of weight decay is less straightforward but indicates that lower values (e.g., 3e-05) might be slightly more beneficial when combined with appropriate learning rates, as seen in trials 3 and 7. However, the difference is not drastic, suggesting that the model is relatively robust to variations in weight decay within the tested range.

3. **Oversampling Foreground Percent (OFP)**: Both 0.5 and 0.33 oversampling percentages show potential, with some of the highest scores achieved at both settings. This suggests that the optimal oversampling strategy might depend on other factors such as learning rate and weight decay. For instance, trials 7 and 11 achieve high Dice scores with different OFP values but share a common learning rate.

### Step 3: Highlight Promising Hyper-parameter Combinations

- **Combination 1**: Learning Rate of 0.001, Weight Decay of 3e-05, and Oversampling Foreground Percent of 0.5 (Trial 7) yields a Dice score of 82.41. This combination is particularly promising as it balances the learning rate with minimal regularization and focuses on the foreground.

- **Combination 2**: Learning Rate of 0.001, Weight Decay of 0.0003, and Oversampling Foreground Percent of 0.33 (Trial 9) achieves a Dice score of 82.33. This suggests that slightly increasing the weight decay while reducing oversampling can also lead to high performance.

- **Combination 3**: Learning Rate of 0.01, Weight Decay of 3e-05, and Oversampling Foreground Percent of 0.5 (Trial 3) results in a Dice score of 82.0. This indicates that even with a higher learning rate, appropriate settings for weight decay and oversampling can lead to competitive performance.

These combinations highlight the importance of balancing hyperparameters to achieve optimal performance in nnUNet for brain tumor segmentation tasks. Further refinement and testing of these combinations could lead to even better results.
18-find_trials-stop-cognitive: Since the search space provided is empty and no information about unexplored trials is given, it's impossible to determine if all promising configurations have been tested. Therefore, without evidence that all potential configurations have been explored and considering the lack of information on untested options, the optimization process should not be stopped.

Answer: No with confidence score: 0.8
18-find_trials-cognitive: Since the Search Space is empty, there are no trials to analyze or recommend. Therefore, I must provide an empty list as the recommendation.


```json
[
]
```
Number of trials: 0 -> 0, 
Error_trials: [] is non-empty. 
Repeated_trials: 0 is non-empty. 
 []
