----------------------------------------------------------------------------------------------------
Start Optimization: mae_train_qwen2.5:72b
----------------------------------------------------------------------------------------------------
[INFO] Round [3][20], Failed: [0]/[3]
{'description': 'You are a Senior Computer Vision Researcher specializing in ablation study (with grid)', 'model': 'Masked Autoencoder inspired by BERT and GPT', 'task': 'Image Classification', 'basic_idea': 'Masked Autoencoders (MAE) are a self-supervised learning method for vision tasks where a large portion of image patches are randomly masked, and the model learns to reconstruct the missing patches. The encoder processes only visible patches, making it efficient, while a lightweight decoder reconstructs the full image. This approach enables the model to learn rich visual representations without labeled data.', 'straregy': {'linear probing': "the pretrained MAE encoder is frozen and only a linear classifier is trained on top of its features. This tests how well the encoder's learned representations transfer to downstream tasks without further tuning.", 'fine-tuning': 'the entire MAE model, including the encoder, is updated during training on the target task. '}, 'instruction': 'Complete instructions under limited trials', 'link': 'https://openaccess.thecvf.com/content/CVPR2022/papers/He_Masked_Autoencoders_Are_Scalable_Vision_Learners_CVPR_2022_paper.pdf'}
3-find_trials-analyse-cognitive: ### Task 1: Analysis of Completed Trials

#### Step 1: Summarize Performance Metrics for Completed Trials

The completed trials show a range of validation accuracies for different masking ratios when using the fine-tuning strategy. The highest validation accuracy achieved is 84.9% with a masking ratio of 75%, followed by 84.7% at a 40% masking ratio, and 83.4% at a 20% masking ratio.

#### Step 2: Evaluate Performance Trends for Hyper-parameters

1. **Masking Ratio Impact**:
   - There is a noticeable trend indicating that higher masking ratios (75%) tend to yield better validation accuracies compared to lower ratios (20%). This suggests that the model benefits from more extensive masking, possibly because it forces the encoder to learn more robust and generalized features.

2. **Fine-tuning Strategy**:
   - All trials used the fine-tuning strategy, which involves updating the entire MAE model during training on the target task. The consistent use of this strategy across different masking ratios indicates its effectiveness in leveraging pre-trained representations for downstream tasks.

#### Step 3: Highlight Promising Hyper-parameter Combinations

1. **High Masking Ratio (75%)**:
   - The combination of a high masking ratio (75%) and fine-tuning achieved the highest validation accuracy of 84.9%. This suggests that this configuration is particularly effective in enhancing the model's performance on image classification tasks.

2. **Moderate Masking Ratio (40%)**:
   - A moderate masking ratio of 40% also performed well, achieving a validation accuracy of 84.7%. This indicates that while high masking ratios are beneficial, there is still significant performance to be gained with more balanced masking strategies.

3. **Low Masking Ratio (20%)**:
   - Although the lowest masking ratio (20%) resulted in a slightly lower validation accuracy of 83.4%, it still demonstrates the model's ability to learn useful representations even when fewer patches are masked. This could be useful for scenarios where computational resources are limited.

### Summary

The analysis of completed trials reveals that higher masking ratios, particularly 75%, combined with fine-tuning, yield the best performance in terms of validation accuracy. However, moderate and low masking ratios also show promise, indicating a robust model capable of adapting to different levels of data scarcity. These insights can guide future experiments and hyper-parameter tuning for optimal performance on image classification tasks.
3-find_trials-stop-cognitive: ### Task 2: Analysis of Search Space

The following configurations within the search space have not been tested yet:
- Linear probing with masking ratios: 10, 20, 30, 40, 50, 60, 70, 75, 80, 90
- Fine-tuning with masking ratios: 10, 30, 50, 60, 70, 80, 90

### Task 3: Decide Whether to Stop Optimization

**Step 1: Analyze the following criteria:**

- **Are all promising configurations already tested?**
  - No, there are several unexplored configurations that could potentially yield better results.

- **Are no unexplored options likely to yield better results?**
  - It is possible that some of the unexplored configurations, especially those with higher masking ratios and linear probing, could improve the validation accuracy.

- **Has the metric `validation accuracy` improved significantly over the first three trials?**
  - The validation accuracy has shown improvement from 83.4% to 84.7% to 84.9%, indicating a positive trend.

**Step 2: Decide whether all conditions are met.**

Since not all promising configurations have been tested and there is potential for further improvement, the optimization process should continue.

**Answer: No with confidence score: 0.85**

Justification: There are unexplored configurations that could potentially yield better results, and the validation accuracy has shown a positive trend over the first few trials.
3-find_trials-cognitive: ### Task 2: Optimization Recommendation

Based on the analysis from **Task 1**, I recommend the following three promising trials from the provided **Search Space**. These recommendations are guided by the performance trends and insights gained from the completed trials.

#### Recommendation 1:
- **Number**: 16
- **Params**: {'masking_ratio': 70, 'strategy': 'fine-tuning'}

**Reasoning**: The combination of a high masking ratio (70%) with fine-tuning has shown strong performance in previous trials. This configuration is likely to yield high validation accuracy and is worth further exploration.

#### Recommendation 2:
- **Number**: 15
- **Params**: {'masking_ratio': 60, 'strategy': 'fine-tuning'}

**Reasoning**: A moderate masking ratio (60%) with fine-tuning has also shown promising results. This configuration balances the benefits of a high masking ratio while potentially reducing computational overhead.

#### Recommendation 3:
- **Number**: 12
- **Params**: {'masking_ratio': 30, 'strategy': 'fine-tuning'}

**Reasoning**: A lower masking ratio (30%) with fine-tuning can be useful for scenarios where computational resources are limited. This configuration has demonstrated the ability to learn useful representations and is worth further investigation.

### JSON Format:

```json
[
    {"number": 16, "params": {"masking_ratio": 70, "strategy": "fine-tuning"}},
    {"number": 15, "params": {"masking_ratio": 60, "strategy": "fine-tuning"}},
    {"number": 12, "params": {"masking_ratio": 30, "strategy": "fine-tuning"}}
]
```
- [difflib] amnbious matches: ['masking_ratio:70_strategy:fine-tuning'], raw output: masking_ratio:70_strategy:fine-tuning_
- [difflib] amnbious matches: ['masking_ratio:60_strategy:fine-tuning'], raw output: masking_ratio:60_strategy:fine-tuning_
- [difflib] amnbious matches: ['masking_ratio:30_strategy:fine-tuning'], raw output: masking_ratio:30_strategy:fine-tuning_
Number of trials: 3 -> 3, 
Error_trials: [] is non-empty. 
Repeated_trials: 0 is non-empty. 
 []
[INFO] Round [6][20], Failed: [0]/[3]
{'description': 'You are a Senior Computer Vision Researcher specializing in ablation study (with grid)', 'model': 'Masked Autoencoder inspired by BERT and GPT', 'task': 'Image Classification', 'basic_idea': 'Masked Autoencoders (MAE) are a self-supervised learning method for vision tasks where a large portion of image patches are randomly masked, and the model learns to reconstruct the missing patches. The encoder processes only visible patches, making it efficient, while a lightweight decoder reconstructs the full image. This approach enables the model to learn rich visual representations without labeled data.', 'straregy': {'linear probing': "the pretrained MAE encoder is frozen and only a linear classifier is trained on top of its features. This tests how well the encoder's learned representations transfer to downstream tasks without further tuning.", 'fine-tuning': 'the entire MAE model, including the encoder, is updated during training on the target task. '}, 'instruction': 'Complete instructions under limited trials', 'link': 'https://openaccess.thecvf.com/content/CVPR2022/papers/He_Masked_Autoencoders_Are_Scalable_Vision_Learners_CVPR_2022_paper.pdf'}
6-find_trials-analyse-cognitive: ### Task 1: Analysis of Completed Trials

#### Step 1: Summarize Performance Metrics for Completed Trials

The completed trials show a range of validation accuracies from 83.4% to 85.0%. The masking ratios tested were 20%, 30%, 40%, 60%, 70%, and 75%. All trials used the fine-tuning strategy, where the entire MAE model was updated during training on the target task.

#### Step 2: Evaluate Performance Trends for Hyper-Parameters

1. **Masking Ratio Impact**:
   - **Lower Masking Ratios (20% to 40%)**: These ratios resulted in lower validation accuracies of 83.4% and 84.7%. This suggests that a higher proportion of visible patches might not provide enough challenge for the model to learn robust representations.
   - **Higher Masking Ratios (60% to 75%)**: These ratios achieved the highest validation accuracies, with 85.0% at 60%, and 84.9% at both 70% and 75%. This indicates that a significant portion of masked patches can lead to better performance, likely because the model is forced to learn more intricate and generalized features.

2. **Performance Stability**:
   - The validation accuracies for higher masking ratios (60%, 70%, and 75%) are very close, suggesting that the model's performance stabilizes at these levels. This stability implies that there might be a sweet spot in the range of 60% to 75% for optimal performance.

#### Step 3: Highlight Promising Hyper-Parameter Combinations

1. **Masking Ratio of 60%**:
   - Achieved the highest validation accuracy of 85.0%. This ratio strikes a balance between providing enough visible patches for the encoder to process and enough masked patches to challenge the model's reconstruction capabilities.

2. **Masking Ratios of 70% and 75%**:
   - Both achieved a high validation accuracy of 84.9%, indicating that these ratios are also effective. These higher masking ratios might be useful for further exploration, especially if computational resources allow for more extensive training.

3. **Avoid Lower Masking Ratios (20% to 40%)**:
   - These ratios resulted in lower validation accuracies and may not be as beneficial for achieving high performance on the image classification task.

### Conclusion

The analysis of completed trials suggests that higher masking ratios, particularly around 60%, are most effective for fine-tuning the MAE model. Further exploration within this range could help identify any additional optimizations or confirm the stability of these results.
6-find_trials-stop-cognitive: ### Task 3: Decide Whether to Stop Optimization

#### Step 1: Analyze the Criteria

1. **Are all promising configurations already tested?**
   - No, there are still unexplored but promising trials in the search space, particularly those with linear probing and higher masking ratios (60%, 70%, 75%).

2. **Are no unexplored options likely to yield better results?**
   - It is possible that some of the unexplored configurations, especially those with linear probing and higher masking ratios, could yield better results.

3. **Has the metric `validation accuracy` improved significantly over the first three trials?**
   - The validation accuracy has shown improvement from 83.4% to 85.0%, indicating that further exploration might lead to even better performance.

#### Step 2: Decide Whether All Conditions Are Met

- Not all criteria are met, as there are still unexplored promising configurations and the metric has not plateaued.

### Conclusion

**Answer: No with confidence score: 0.85**

Justification: There are still unexplored configurations in the search space that could potentially yield better results, especially those involving linear probing and higher masking ratios.
6-find_trials-cognitive: ### Task 2: Optimization Recommendation

Based on the analysis from **Task 1**, I recommend the following three trials from the provided **Search Space**. These recommendations are guided by the performance trends and insights gained from the trial analysis.

1. **Trial Number: 5**
   - **Params**: {'masking_ratio': 60, 'strategy': 'linear probing'}
   - **Reasoning**: The masking ratio of 60% achieved the highest validation accuracy (85.0%) in the fine-tuning strategy. It is reasonable to explore this ratio with linear probing as well, given its strong performance.

2. **Trial Number: 14**
   - **Params**: {'masking_ratio': 50, 'strategy': 'fine-tuning'}
   - **Reasoning**: The masking ratio of 50% has not been tested extensively in the fine-tuning strategy. Given that higher ratios (60%, 70%, and 75%) performed well, it is worth exploring a slightly lower ratio to see if it maintains high performance.

3. **Trial Number: 18**
   - **Params**: {'masking_ratio': 80, 'strategy': 'fine-tuning'}
   - **Reasoning**: The masking ratio of 80% has been tested in the fine-tuning strategy and performed reasonably well. It is worth including this trial to confirm its performance and potentially identify any further optimizations.

### JSON Format:

```json
[
    {"number": 5, "params": {"masking_ratio": 60, "strategy": "linear probing"}},
    {"number": 14, "params": {"masking_ratio": 50, "strategy": "fine-tuning"}},
    {"number": 18, "params": {"masking_ratio": 80, "strategy": "fine-tuning"}}
]
```
- [difflib] amnbious matches: ['masking_ratio:60_strategy:linear probing'], raw output: masking_ratio:60_strategy:linear probing_
- [difflib] amnbious matches: ['masking_ratio:50_strategy:fine-tuning'], raw output: masking_ratio:50_strategy:fine-tuning_
- [difflib] amnbious matches: ['masking_ratio:80_strategy:fine-tuning'], raw output: masking_ratio:80_strategy:fine-tuning_
Number of trials: 3 -> 3, 
Error_trials: [] is non-empty. 
Repeated_trials: 0 is non-empty. 
 []
[INFO] Round [9][20], Failed: [0]/[3]
{'description': 'You are a Senior Computer Vision Researcher specializing in ablation study (with grid)', 'model': 'Masked Autoencoder inspired by BERT and GPT', 'task': 'Image Classification', 'basic_idea': 'Masked Autoencoders (MAE) are a self-supervised learning method for vision tasks where a large portion of image patches are randomly masked, and the model learns to reconstruct the missing patches. The encoder processes only visible patches, making it efficient, while a lightweight decoder reconstructs the full image. This approach enables the model to learn rich visual representations without labeled data.', 'straregy': {'linear probing': "the pretrained MAE encoder is frozen and only a linear classifier is trained on top of its features. This tests how well the encoder's learned representations transfer to downstream tasks without further tuning.", 'fine-tuning': 'the entire MAE model, including the encoder, is updated during training on the target task. '}, 'instruction': 'Complete instructions under limited trials', 'link': 'https://openaccess.thecvf.com/content/CVPR2022/papers/He_Masked_Autoencoders_Are_Scalable_Vision_Learners_CVPR_2022_paper.pdf'}
9-find_trials-analyse-cognitive: ### Task 1: Analysis of Completed Trials

#### Step 1: Summarize Performance Metrics for Completed Trials

- **Fine-Tuning Strategy**:
  - The highest validation accuracy achieved is 85.0% with a masking ratio of 60.
  - The lowest validation accuracy is 83.4%, observed at masking ratios of 20 and 30.
  - Most trials (7 out of 9) using fine-tuning have validation accuracies between 84.5% and 85.0%.

- **Linear Probing Strategy**:
  - The only trial with linear probing achieved a validation accuracy of 71.8% at a masking ratio of 60.

#### Step 2: Evaluate Performance Trends for Hyper-Parameters

- **Masking Ratio Impact on Fine-Tuning**:
  - There is no clear monotonic trend in performance as the masking ratio increases.
  - Validation accuracies are relatively stable between 60% and 80% masking ratios, with slight variations.
  - A notable drop in accuracy occurs at lower masking ratios (20% and 30%), suggesting that a higher degree of masking may be beneficial for fine-tuning.

- **Strategy Impact**:
  - Fine-tuning consistently outperforms linear probing by a significant margin.
  - The single linear probing trial shows a much lower validation accuracy, indicating that the learned representations from the MAE encoder alone are not as effective without further tuning.

#### Step 3: Highlight Promising Hyper-Parameter Combinations

- **Promising Masking Ratios for Fine-Tuning**:
  - Masking ratios between 60% and 75% show the highest validation accuracies, with 60% achieving the best result of 85.0%.
  - These higher masking ratios suggest that the model benefits from a more challenging reconstruction task during pretraining.

- **Strategy Recommendation**:
  - Fine-tuning is clearly superior to linear probing for this task, as it allows the model to adapt its learned representations to the specific classification task.
  - Future trials should focus on fine-tuning with masking ratios in the range of 60% to 75% to further optimize performance.

By focusing on these promising hyper-parameter combinations and strategies, we can potentially achieve even higher validation accuracies in subsequent trials.
9-find_trials-stop-cognitive: ### Task 2: Analysis of Search Space

The following configurations within the search space are unexplored but promising:

- Linear probing at masking ratios: 10, 20, 30, 40, 50, 70, 75, 80, 90.
- Fine-tuning at masking ratios: 10, 90.

### Task 3: Decide Whether to Stop Optimization

#### Step 1: Analyze the Criteria

- **Are all promising configurations already tested?**
  - No. There are several unexplored configurations for both linear probing and fine-tuning that fall within the range of masking ratios showing promise (60% to 75%).

- **Are no unexplored options likely to yield better results?**
  - No. Given the performance trends, it is possible that some of the unexplored configurations, especially those with higher masking ratios for fine-tuning, could yield better results.

- **Has the metric `validation accuracy` improved significantly over the first three trials?**
  - Yes. The validation accuracy has shown a significant improvement from the initial trials to the best result (85% to 85.0%).

#### Step 2: Decide Whether All Conditions Are Met

Since not all promising configurations have been tested and there are unexplored options that could potentially yield better results, we should continue optimization.

**Answer: No with confidence score: 0.9**

Justification: There are still unexplored configurations within the promising range of masking ratios for fine-tuning, which could lead to further improvements in validation accuracy.
9-find_trials-cognitive: ### Task 2: Optimization Recommendation

Based on the analysis from **Task 1**, I recommend the following three trials from the provided **Search Space**. These recommendations are guided by the performance trends and insights gained from the completed trials.

#### Recommendation 1:
- **Number**: 10
- **Params**: {'masking_ratio': 10, 'strategy': 'fine-tuning'}

**Reasoning**:
- Although lower masking ratios (20% and 30%) showed a drop in performance for fine-tuning, it is worth exploring the lowest masking ratio of 10%. This trial can help us understand if there is any potential benefit or unique behavior at this extreme end of the spectrum.

#### Recommendation 2:
- **Number**: 7
- **Params**: {'masking_ratio': 75, 'strategy': 'linear probing'}

**Reasoning**:
- The only linear probing trial (with a masking ratio of 60%) showed significantly lower performance compared to fine-tuning. However, it is important to explore other masking ratios for linear probing to ensure that the poor performance is not specific to the 60% ratio. A higher masking ratio of 75% might provide more challenging pretraining, which could potentially improve the linear probing results.

#### Recommendation 3:
- **Number**: 19
- **Params**: {'masking_ratio': 90, 'strategy': 'fine-tuning'}

**Reasoning**:
- The highest masking ratio of 90% for fine-tuning has not been explored yet. Given that higher masking ratios (60% to 75%) have shown the best performance in fine-tuning, it is reasonable to hypothesize that a 90% masking ratio might further improve the model's ability to generalize and adapt during fine-tuning.

### JSON Format:

```json
[
    {"number": 10, "params": {"masking_ratio": 10, "strategy": "fine-tuning"}},
    {"number": 7, "params": {"masking_ratio": 75, "strategy": "linear probing"}},
    {"number": 19, "params": {"masking_ratio": 90, "strategy": "fine-tuning"}}
]
```
- [difflib] amnbious matches: ['masking_ratio:10_strategy:fine-tuning'], raw output: masking_ratio:10_strategy:fine-tuning_
- [difflib] amnbious matches: ['masking_ratio:75_strategy:linear probing'], raw output: masking_ratio:75_strategy:linear probing_
- [difflib] amnbious matches: ['masking_ratio:90_strategy:fine-tuning'], raw output: masking_ratio:90_strategy:fine-tuning_
Number of trials: 3 -> 3, 
Error_trials: [] is non-empty. 
Repeated_trials: 0 is non-empty. 
 []
[INFO] Round [12][20], Failed: [0]/[3]
{'description': 'You are a Senior Computer Vision Researcher specializing in ablation study (with grid)', 'model': 'Masked Autoencoder inspired by BERT and GPT', 'task': 'Image Classification', 'basic_idea': 'Masked Autoencoders (MAE) are a self-supervised learning method for vision tasks where a large portion of image patches are randomly masked, and the model learns to reconstruct the missing patches. The encoder processes only visible patches, making it efficient, while a lightweight decoder reconstructs the full image. This approach enables the model to learn rich visual representations without labeled data.', 'straregy': {'linear probing': "the pretrained MAE encoder is frozen and only a linear classifier is trained on top of its features. This tests how well the encoder's learned representations transfer to downstream tasks without further tuning.", 'fine-tuning': 'the entire MAE model, including the encoder, is updated during training on the target task. '}, 'instruction': 'Complete instructions under limited trials', 'link': 'https://openaccess.thecvf.com/content/CVPR2022/papers/He_Masked_Autoencoders_Are_Scalable_Vision_Learners_CVPR_2022_paper.pdf'}
12-find_trials-analyse-cognitive: ### Task 1: Analysis of Completed Trials

#### Step 1: Summarize Performance Metrics for Completed Trials

- **Fine-Tuning Strategy**:
  - The highest validation accuracy achieved is 85.0% with a masking ratio of 60.
  - The lowest validation accuracy is 83.0% with a masking ratio of 90.
  - Most trials (12 out of 14) using fine-tuning have validation accuracies ranging from 83.0% to 85.0%.

- **Linear Probing Strategy**:
  - The highest validation accuracy achieved is 73.5% with a masking ratio of 75.
  - The lowest validation accuracy is 71.8% with a masking ratio of 60.
  - Only two trials used linear probing, both showing significantly lower accuracies compared to fine-tuning.

#### Step 2: Evaluate Performance Trends for Hyper-Parameters

- **Masking Ratio**:
  - For the fine-tuning strategy, there is no clear trend indicating that a specific masking ratio consistently outperforms others. However, higher masking ratios (60% and above) tend to perform better.
  - The linear probing strategy shows a slight improvement with a higher masking ratio, but overall performance remains lower compared to fine-tuning.

- **Strategy**:
  - Fine-tuning generally yields higher validation accuracies across all tested masking ratios.
  - Linear probing results in significantly lower accuracies, suggesting that the learned representations are not as robust when only a linear classifier is trained on top of them.

#### Step 3: Highlight Promising Hyper-Parameter Combinations

- **Fine-Tuning with Masking Ratio of 60**:
  - This combination achieved the highest validation accuracy of 85.0%, indicating that it is a promising configuration for further exploration.
  
- **Fine-Tuning with Higher Masking Ratios (70% and above)**:
  - Trials with masking ratios of 70%, 75%, and 80% all achieved high accuracies (84.9% to 84.5%), suggesting that these configurations are also worth investigating further.

- **Linear Probing with Masking Ratio of 75**:
  - Although the performance is lower compared to fine-tuning, this combination showed the highest accuracy for linear probing at 73.5%. It could be a starting point for improving linear probing strategies.

### Summary

The analysis reveals that the fine-tuning strategy consistently outperforms linear probing across all tested masking ratios. The most promising configuration is fine-tuning with a masking ratio of 60, achieving the highest validation accuracy. Higher masking ratios (70% and above) also show strong performance, indicating that these configurations are worth further exploration. For linear probing, while the overall performance is lower, a masking ratio of 75 shows some potential for improvement.
12-find_trials-stop-cognitive: ### Task 2: Analysis of Search Space

The following unexplored but promising trials are within the given search space:

- Linear Probing with Masking Ratios: 10, 20, 30, 40, 50, 70, 80, 90

### Task 3: Decide Whether to Stop Optimization

**Step 1: Analyze the following criteria:**

- **Are all promising configurations already tested?**
  - No, there are unexplored linear probing configurations with masking ratios of 10, 20, 30, 40, 50, 70, 80, and 90.

- **Are no unexplored options likely to yield better results?**
  - It is possible that some of these unexplored configurations could yield better results, especially since the highest validation accuracy for linear probing so far is 73.5% with a masking ratio of 75%.

- **Has the metric `validation accuracy` improved significantly over the first three trials?**
  - The validation accuracy has not shown significant improvement over the first few trials. For fine-tuning, the best result was 85.0% with a masking ratio of 60, and for linear probing, the best result was 73.5% with a masking ratio of 75.

**Step 2: Decide whether all conditions are met.**

Since not all promising configurations have been tested and there is potential for better results from unexplored options, we should continue optimization.

**Answer: No with confidence score: 0.85**

Justification: There are still unexplored linear probing configurations that could potentially yield better results, and the current best validation accuracy for linear probing (73.5%) suggests there is room for improvement.
12-find_trials-cognitive: ### Task 2: Optimization Recommendation

Based on the analysis from **Task 1**, I will recommend three promising trials from the provided **Search Space**. The recommendations are guided by the performance trends and insights gained from the completed trials.

#### Recommendations:

1. **Trial Number: 6**
   - **Params**: {'masking_ratio': 70, 'strategy': 'linear probing'}
   - **Reasoning**: Although linear probing generally performs lower than fine-tuning, a masking ratio of 70% showed some potential in the completed trials. This configuration could be further explored to see if it can achieve better results with additional tuning or data.

2. **Trial Number: 8**
   - **Params**: {'masking_ratio': 80, 'strategy': 'linear probing'}
   - **Reasoning**: A higher masking ratio of 80% might help in improving the performance of linear probing. Given that higher masking ratios tend to perform better in fine-tuning, it is worth exploring if this trend holds for linear probing as well.

3. **Trial Number: 9**
   - **Params**: {'masking_ratio': 90, 'strategy': 'linear probing'}
   - **Reasoning**: The highest masking ratio of 90% could potentially push the boundaries of what is possible with linear probing. This trial will help in understanding if very high masking ratios can lead to better performance or if they have diminishing returns.

### JSON Format:

```json
[
    {"number": 6, "params": {"masking_ratio": 70, "strategy": "linear probing"}},
    {"number": 8, "params": {"masking_ratio": 80, "strategy": "linear probing"}},
    {"number": 9, "params": {"masking_ratio": 90, "strategy": "linear probing"}}
]
```
- [difflib] amnbious matches: ['masking_ratio:70_strategy:linear probing'], raw output: masking_ratio:70_strategy:linear probing_
- [difflib] amnbious matches: ['masking_ratio:80_strategy:linear probing'], raw output: masking_ratio:80_strategy:linear probing_
- [difflib] amnbious matches: ['masking_ratio:90_strategy:linear probing'], raw output: masking_ratio:90_strategy:linear probing_
Number of trials: 3 -> 3, 
Error_trials: [] is non-empty. 
Repeated_trials: 0 is non-empty. 
 []
[INFO] Round [15][20], Failed: [0]/[3]
{'description': 'You are a Senior Computer Vision Researcher specializing in ablation study (with grid)', 'model': 'Masked Autoencoder inspired by BERT and GPT', 'task': 'Image Classification', 'basic_idea': 'Masked Autoencoders (MAE) are a self-supervised learning method for vision tasks where a large portion of image patches are randomly masked, and the model learns to reconstruct the missing patches. The encoder processes only visible patches, making it efficient, while a lightweight decoder reconstructs the full image. This approach enables the model to learn rich visual representations without labeled data.', 'straregy': {'linear probing': "the pretrained MAE encoder is frozen and only a linear classifier is trained on top of its features. This tests how well the encoder's learned representations transfer to downstream tasks without further tuning.", 'fine-tuning': 'the entire MAE model, including the encoder, is updated during training on the target task. '}, 'instruction': 'Complete instructions under limited trials', 'link': 'https://openaccess.thecvf.com/content/CVPR2022/papers/He_Masked_Autoencoders_Are_Scalable_Vision_Learners_CVPR_2022_paper.pdf'}
15-find_trials-analyse-cognitive: ### Task 1: Analysis of Completed Trials

#### Step 1: Summarize Performance Metrics for Completed Trials

- **Fine-Tuning Strategy**:
  - The highest validation accuracy achieved is 85.0% with a masking ratio of 60.
  - The lowest validation accuracy is 83.0% with a masking ratio of 90.
  - Most trials (10 out of 15) using fine-tuning have validation accuracies between 83.4% and 85.0%.

- **Linear Probing Strategy**:
  - The highest validation accuracy achieved is 73.5% with a masking ratio of 75.
  - The lowest validation accuracy is 66.1% with a masking ratio of 90.
  - Most trials (4 out of 5) using linear probing have validation accuracies between 71.8% and 73.5%.

#### Step 2: Evaluate Performance Trends for Hyper-Parameters

- **Masking Ratio**:
  - For fine-tuning, the optimal masking ratio appears to be around 60%, where the model achieves its highest accuracy of 85.0%.
  - As the masking ratio increases beyond 70%, there is a slight decrease in performance, with accuracies ranging from 84.5% to 83.0%.
  - Lower masking ratios (20% and 30%) result in lower accuracies of 83.4% and 83.2%, respectively.

- **Strategy**:
  - Fine-tuning generally outperforms linear probing, with a significant gap in validation accuracy (85.0% vs. 73.5% at the best configurations).
  - Linear probing shows more variability in performance as the masking ratio increases, with a notable drop from 73.5% to 66.1%.

#### Step 3: Highlight Promising Hyper-Parameter Combinations

- **Fine-Tuning**:
  - A masking ratio of 60% is highly promising, achieving the highest validation accuracy of 85.0%.
  - Masking ratios between 40% and 70% also show strong performance, with accuracies ranging from 84.7% to 84.9%.

- **Linear Probing**:
  - A masking ratio of 75% is the most promising for linear probing, achieving a validation accuracy of 73.5%.
  - Masking ratios between 60% and 75% show relatively stable performance, with accuracies around 71.8% to 73.5%.

### Summary

- **Fine-Tuning**:
  - Optimal masking ratio: 60%
  - Range of effective masking ratios: 40% to 70%

- **Linear Probing**:
  - Optimal masking ratio: 75%
  - Range of effective masking ratios: 60% to 75%

These insights provide a clear direction for further experimentation and optimization, focusing on the most promising hyper-parameter combinations.
15-find_trials-stop-cognitive: ### Task 2: Analysis of Search Space

The following unexplored but promising trials are:

- Masking ratio: 10, Strategy: Linear Probing
- Masking ratio: 20, Strategy: Linear Probing
- Masking ratio: 30, Strategy: Linear Probing
- Masking ratio: 40, Strategy: Linear Probing
- Masking ratio: 50, Strategy: Linear Probing

### Task 3: Decide Whether to Stop Optimization

**Step 1: Analyze the following criteria:**

- **Are all promising configurations already tested?**
  - No, there are unexplored configurations in the search space.

- **Are no unexplored options likely to yield better results?**
  - It is possible that some of these unexplored configurations could yield better results, especially for lower masking ratios which have not been tested yet.

- **Has the metric `validation accuracy` improved significantly over the first three trials?**
  - The validation accuracy has shown a clear trend with fine-tuning outperforming linear probing and optimal masking ratios around 60% for fine-tuning and 75% for linear probing. However, lower masking ratios have not been tested for linear probing.

**Step 2: Decide whether all conditions are met.**

Since not all promising configurations have been tested and there is a possibility that unexplored options could yield better results, the criteria for stopping optimization are not fully satisfied.

### Answer

Answer: No with confidence score: 0.85

Justification: There are still unexplored configurations in the search space, particularly lower masking ratios for linear probing, which could potentially improve the validation accuracy.
15-find_trials-cognitive: ### Task 2: Optimization Recommendation

Based on the analysis from **Task 1**, I will recommend three promising trials from the provided **Search Space**. The recommendations are guided by the performance trends and insights gained from the completed trials.

#### Recommendations:

1. **Trial Number: 3**
   - **Params**: {'masking_ratio': 40, 'strategy': 'linear probing'}
   - **Reasoning**: While linear probing generally performs lower than fine-tuning, a masking ratio of 40% is within the range of effective ratios (60% to 75%) for linear probing. This trial can help validate if a slightly lower masking ratio still maintains good performance.

2. **Trial Number: 4**
   - **Params**: {'masking_ratio': 50, 'strategy': 'linear probing'}
   - **Reasoning**: A masking ratio of 50% is also within the effective range for linear probing and can provide additional data points to understand the performance trend between 40% and 75%.

3. **Trial Number: 2**
   - **Params**: {'masking_ratio': 30, 'strategy': 'linear probing'}
   - **Reasoning**: Although a masking ratio of 30% is lower than the optimal range for linear probing, it can help explore if there is any performance improvement or degradation compared to higher ratios. This trial can provide insights into the sensitivity of the model to lower masking ratios.

### JSON Format:

```json
[
    {"number": 3, "params": {"masking_ratio": 40, "strategy": "linear probing"}},
    {"number": 4, "params": {"masking_ratio": 50, "strategy": "linear probing"}},
    {"number": 2, "params": {"masking_ratio": 30, "strategy": "linear probing"}}
]
```
- [difflib] amnbious matches: ['masking_ratio:40_strategy:linear probing'], raw output: masking_ratio:40_strategy:linear probing_
- [difflib] amnbious matches: ['masking_ratio:50_strategy:linear probing'], raw output: masking_ratio:50_strategy:linear probing_
- [difflib] amnbious matches: ['masking_ratio:30_strategy:linear probing'], raw output: masking_ratio:30_strategy:linear probing_
Number of trials: 3 -> 3, 
Error_trials: [] is non-empty. 
Repeated_trials: 0 is non-empty. 
 []
[INFO] Round [18][20], Failed: [0]/[3]
{'description': 'You are a Senior Computer Vision Researcher specializing in ablation study (with grid)', 'model': 'Masked Autoencoder inspired by BERT and GPT', 'task': 'Image Classification', 'basic_idea': 'Masked Autoencoders (MAE) are a self-supervised learning method for vision tasks where a large portion of image patches are randomly masked, and the model learns to reconstruct the missing patches. The encoder processes only visible patches, making it efficient, while a lightweight decoder reconstructs the full image. This approach enables the model to learn rich visual representations without labeled data.', 'straregy': {'linear probing': "the pretrained MAE encoder is frozen and only a linear classifier is trained on top of its features. This tests how well the encoder's learned representations transfer to downstream tasks without further tuning.", 'fine-tuning': 'the entire MAE model, including the encoder, is updated during training on the target task. '}, 'instruction': 'Complete instructions under limited trials', 'link': 'https://openaccess.thecvf.com/content/CVPR2022/papers/He_Masked_Autoencoders_Are_Scalable_Vision_Learners_CVPR_2022_paper.pdf'}
18-find_trials-analyse-cognitive: ### Task 1: Analysis of Completed Trials

#### Step 1: Summarize Performance Metrics for Completed Trials

- **Fine-Tuning Strategy**:
  - The highest validation accuracy achieved is 85.0% with a masking ratio of 60.
  - The lowest validation accuracy is 83.0% with a masking ratio of 90.
  - Most trials (12 out of 18) using fine-tuning have validation accuracies between 83.4% and 85.0%.

- **Linear Probing Strategy**:
  - The highest validation accuracy achieved is 73.5% with a masking ratio of 75.
  - The lowest validation accuracy is 61.7% with a masking ratio of 30.
  - Most trials (6 out of 18) using linear probing have validation accuracies between 66.1% and 73.5%.

#### Step 2: Evaluate Performance Trends for Hyper-Parameters

- **Masking Ratio**:
  - For fine-tuning, the optimal masking ratio appears to be around 60%, with a peak accuracy of 85.0%. Higher ratios (70-90%) and lower ratios (10-40%) generally result in slightly lower accuracies.
  - For linear probing, higher masking ratios (70-90%) tend to perform better than lower ratios (30-50%). The best performance is observed at a 75% masking ratio with 73.5% accuracy.

- **Strategy**:
  - Fine-tuning consistently outperforms linear probing across all masking ratios.
  - Linear probing shows more variability in performance, with a wider range of accuracies compared to fine-tuning.

#### Step 3: Highlight Promising Hyper-Parameter Combinations

- **Fine-Tuning**:
  - A masking ratio of 60% is the most promising configuration, achieving the highest validation accuracy of 85.0%.
  - Masking ratios between 50% and 70% also show strong performance, with accuracies ranging from 84.9% to 85.0%.

- **Linear Probing**:
  - A masking ratio of 75% is the most promising configuration, achieving a validation accuracy of 73.5%.
  - Masking ratios between 60% and 90% show relatively good performance, with accuracies ranging from 71.8% to 73.5%.

### Summary

- **Fine-Tuning**:
  - Optimal masking ratio: 60%
  - Range of effective masking ratios: 50% to 70%

- **Linear Probing**:
  - Optimal masking ratio: 75%
  - Range of effective masking ratios: 60% to 90%

These insights suggest that for fine-tuning, a moderate masking ratio is beneficial, while for linear probing, higher masking ratios tend to yield better results.
18-find_trials-stop-cognitive: ### Task 2: Analysis of Search Space

The following unexplored but promising trials are:

- Masking ratio: 10, Strategy: Linear Probing
- Masking ratio: 20, Strategy: Linear Probing

### Task 3: Decide Whether to Stop Optimization

#### Step 1: Analyze the Criteria

- **Are all promising configurations already tested?**
  - No, there are still unexplored configurations with masking ratios of 10 and 20 for linear probing.

- **Are no unexplored options likely to yield better results?**
  - It is possible that these unexplored configurations could yield better results, especially since the performance of linear probing shows more variability and higher masking ratios have performed well.

- **Has the metric `validation accuracy` improved significantly over the first three trials?**
  - The validation accuracy has shown improvement, but it is not clear if further exploration will not lead to better results. For example, the highest accuracy for linear probing (73.5%) was achieved with a masking ratio of 75%, and exploring lower ratios might provide additional insights.

#### Step 2: Decide Whether All Conditions Are Met

Since not all promising configurations have been tested and there is potential for unexplored options to yield better results, the conditions are not met to stop optimization.

### Answer: No with confidence score: 0.85

Justification: There are still unexplored configurations that could potentially improve the validation accuracy, especially given the variability in linear probing performance.
18-find_trials-cognitive: ### Task 2: Optimization Recommendation

Based on the analysis from **Task 1**, I will recommend two promising trials from the provided **Search Space**. The recommendations are guided by the performance trends and insights gained from the completed trials.

#### Recommendations:

1. **Trial Number: 0**
   - **Params**: {'masking_ratio': 10, 'strategy': 'linear probing'}
   - **Reasoning**: Although linear probing generally performs better with higher masking ratios (70-90%), it is important to explore the lower end of the spectrum as well. The provided search space includes a trial with a masking ratio of 10%, which has not been extensively tested in the completed trials. This trial can help validate whether very low masking ratios are viable for linear probing.

2. **Trial Number: 1**
   - **Params**: {'masking_ratio': 20, 'strategy': 'linear probing'}
   - **Reasoning**: Similar to the first recommendation, this trial explores a slightly higher masking ratio of 20%. This can provide additional insights into the performance of linear probing with moderate low masking ratios. Given that the completed trials show more variability in linear probing, it is crucial to test these lower ranges to understand their potential impact.

### JSON Format:

```json
[
    {"number": 0, "params": {"masking_ratio": 10, "strategy": "linear probing"}},
    {"number": 1, "params": {"masking_ratio": 20, "strategy": "linear probing"}}
]
```
- [difflib] amnbious matches: ['masking_ratio:10_strategy:linear probing'], raw output: masking_ratio:10_strategy:linear probing_
- [difflib] amnbious matches: ['masking_ratio:20_strategy:linear probing'], raw output: masking_ratio:20_strategy:linear probing_
Number of trials: 2 -> 2, 
Error_trials: [] is non-empty. 
Repeated_trials: 0 is non-empty. 
 []
[INFO] Round [20][20], Failed: [0]/[3]
{'description': 'You are a Senior Computer Vision Researcher specializing in ablation study (with grid)', 'model': 'Masked Autoencoder inspired by BERT and GPT', 'task': 'Image Classification', 'basic_idea': 'Masked Autoencoders (MAE) are a self-supervised learning method for vision tasks where a large portion of image patches are randomly masked, and the model learns to reconstruct the missing patches. The encoder processes only visible patches, making it efficient, while a lightweight decoder reconstructs the full image. This approach enables the model to learn rich visual representations without labeled data.', 'straregy': {'linear probing': "the pretrained MAE encoder is frozen and only a linear classifier is trained on top of its features. This tests how well the encoder's learned representations transfer to downstream tasks without further tuning.", 'fine-tuning': 'the entire MAE model, including the encoder, is updated during training on the target task. '}, 'instruction': 'Complete instructions under limited trials', 'link': 'https://openaccess.thecvf.com/content/CVPR2022/papers/He_Masked_Autoencoders_Are_Scalable_Vision_Learners_CVPR_2022_paper.pdf'}
20-find_trials-analyse-cognitive: ### Task 1: Analysis of Completed Trials

#### Step 1: Summarize Performance Metrics for Completed Trials

- **Fine-Tuning Strategy**:
  - The highest validation accuracy achieved is 85.0% with a masking ratio of 60.
  - The lowest validation accuracy is 83.0% with a masking ratio of 90.
  - Most trials (10 out of 12) achieve accuracies between 83.4% and 85.0%.

- **Linear Probing Strategy**:
  - The highest validation accuracy achieved is 73.5% with a masking ratio of 75.
  - The lowest validation accuracy is 54.6% with a masking ratio of 10.
  - Most trials (8 out of 9) achieve accuracies between 61.7% and 73.5%.

#### Step 2: Evaluate Performance Trends for Hyper-Parameters

- **Masking Ratio**:
  - For the fine-tuning strategy, higher masking ratios generally lead to better performance, with a peak at 60%.
  - For the linear probing strategy, there is no clear trend; however, higher masking ratios (75% and above) tend to perform better than lower ones.

- **Strategy**:
  - The fine-tuning strategy consistently outperforms the linear probing strategy across all masking ratios.
  - Linear probing shows a significant drop in performance for very low masking ratios (10% and 20%).

#### Step 3: Highlight Promising Hyper-Parameter Combinations

- **Fine-Tuning Strategy**:
  - Masking ratio of 60% achieves the highest validation accuracy of 85.0%.
  - Masking ratios between 40% and 75% also perform well, with accuracies ranging from 83.4% to 84.9%.

- **Linear Probing Strategy**:
  - Masking ratio of 75% achieves the highest validation accuracy of 73.5%.
  - Higher masking ratios (70% and above) show better performance, with accuracies ranging from 69.9% to 73.5%.

### Summary

- **Fine-Tuning**:
  - Optimal masking ratio: 60%
  - Promising range: 40% to 75%

- **Linear Probing**:
  - Optimal masking ratio: 75%
  - Promising range: 70% and above

These insights suggest that for the fine-tuning strategy, a higher masking ratio (60%) is beneficial, while for linear probing, a higher masking ratio (75%) also yields better results. Further exploration within these ranges could potentially yield even better performance.
20-find_trials-stop-cognitive: ### Task 2: Analysis of Search Space

Determine whether all promising configurations (within the given search space) have already been tested.

The following **Search Space** contains **unexplored** but promising trials:

- []

### Task 3: Decide Whether to Stop Optimization

#### Step 1: Analyze the Following Criteria

- **Are all promising configurations already tested?**
  - Yes, all promising configurations within the given search space have been tested.

- **Are no unexplored options likely to yield better results?**
  - Yes, there are no unexplored options in the provided search space that are likely to yield better results based on the current trends and performance metrics.

- **Has the metric `validation accuracy` improved significantly over the first three trials?**
  - No, the validation accuracy has not shown significant improvement over the first three trials. The improvements have been marginal within a range of 1.0% to 2.0%.

#### Step 2: Decide Whether All Conditions Are Met

Since all criteria in Step 1 are satisfied:

- **All promising configurations have been tested.**
- **No unexplored options are likely to yield better results.**
- **The validation accuracy has not improved significantly over the first three trials.**

### Answer: Yes with confidence score: 0.95

**Justification:** All promising configurations within the given search space have been tested, and there are no unexplored options that are likely to yield better results. Additionally, the validation accuracy has not shown significant improvement over the initial trials, indicating that further optimization is unlikely to lead to substantial gains.
