siren_cat_me3_FH_train_qwen2.5:32b - 2025-02-15 18:59:29, 0:0:00:00.000027 - ----------------------------------------------------------------------------------------------------
siren_cat_me3_FH_train_qwen2.5:32b - 2025-02-15 18:59:29, 0:0:00:00.001511 - ## Round 1
siren_cat_me3_FH_train_qwen2.5:32b - 2025-02-15 18:59:29, 0:0:00:16.294134 - ### Analysis of Current Trials

1. **Summarize Performance Metrics**:
   - Trial 1 (`k2`: 0.001, `lr`: 0.01): PSNR = 1.4
   - Trial 2 (`k2`: 0.1, `lr`: 0.1): PSNR = 3.75
   - Trial 3 (`k2`: 0.1, `lr`: 0.0001): PSNR = 15.59

2. **Evaluate Performance Trends for Hyper-Parameters**:
   - When comparing different learning rates with a fixed `k2` value (e.g., `k2`=0.1), we see that lower learning rates lead to better performance (`lr`: 0.0001 vs `lr`: 0.1 gives an increase in PSNR from 3.75 to 15.59).
   - With a fixed low learning rate, varying `k2` can have significant impacts on the outcome (though we only have one data point for this).

3. **Highlight Promising Hyper-Parameter Combinations**:
   - The combination of (`k2`: 0.1, `lr`: 0.0001) seems to be promising as it has yielded the highest PSNR so far.

### Optimization Recommendation

Based on our analysis:

1. To explore the impact of lower learning rates further and also check other combinations within the given search space:
   - **Trial 4**: (`k2`: 0.1, `lr`: 0.01) – Lowering the learning rate from 0.0001 to 0.01 could test if there's a performance drop or an improvement.
   - **Trial 5**: (`k2`: 0.01, `lr`: 0.0001) – This tests another lower `k2` value with the best performing learning rate so far.
   - **Trial 6**: (`k2`: 0.0005, `lr`: 0.01) – Combining a very low `k2` and a moderate learning rate to see if we can get better performance than the current top combination.

### Experiment Planning

```yaml
trials:
- k2: 0.1
  lr: 0.01
- k2: 0.01
  lr: 0.0001
- k2: 0.0005
  lr: 0.01
```

### Stop Optimization

Answer: No with confidence score: 0.75

(The recommendation to continue optimization comes from the fact that there's room for improvement and exploration, especially given the jump in PSNR when the learning rate was lowered significantly.)


siren_cat_me3_FH_train_qwen2.5:32b - 2025-02-15 18:59:29, 0:0:00:16.304113 - ## Round 2
siren_cat_me3_FH_train_qwen2.5:32b - 2025-02-15 18:59:29, 0:0:00:30.447667 - ### Analysis of Current Trials

1. **Summarize Performance Metrics**:
   - The highest PSNR value observed so far is 15.59, which corresponds to the hyper-parameter combination `k2=0.1` and `lr=0.0001`.
   - Other notable values include: 
     - `PSNR = 3.75` for `k2=0.1` and `lr=0.1`
     - `PSNR = 1.42` for `k2=0.1` and `lr=0.01`
   
2. **Evaluate Performance Trends for Hyper-Parameters**:
   - The learning rate (`lr`) appears to have a significant impact on performance, especially at lower values.
   - Higher values of `k2` seem to yield better results compared to lower ones.

3. **Highlight Promising Hyper-Parameter Combinations**:
   - `k2=0.1`, `lr=0.0001` has the best PSNR value (15.59).
   - Other promising combinations include: 
     - `k2=0.1, lr=0.1`
     - `k2=0.1, lr=0.01`

### Optimization Recommendation

Based on the analysis of completed trials:

- Suggested trial 1:
  - `k2 = 0.0005`, `lr = 0.001`: This combination is not yet tested and might show a performance boost given that lower learning rates seem to be performing well.
  
- Suggested trial 2: 
  - `k2 = 0.01`, `lr = 0.01`: Testing the effect of a higher value for `k2` while keeping a relatively low `lr`.
  
- Suggested trial 3:
  - `k2 = 0.01`, `lr = 0.1`: To further explore the impact of a high learning rate combined with an intermediate `k2`.

### Experiment Planning

```yaml
trials:
- k2: 0.0005
  lr: 0.001
- k2: 0.01
  lr: 0.01
- k2: 0.01
  lr: 0.1
```

### Stop Optimization

Answer: No with confidence score: 60


siren_cat_me3_FH_train_qwen2.5:32b - 2025-02-15 18:59:29, 0:0:00:30.456603 - ## Round 3
siren_cat_me3_FH_train_qwen2.5:32b - 2025-02-15 18:59:29, 0:0:00:47.308292 - ### Analysis of Current Trials

1. **Summarize Performance Metrics**:
   - The PSNR values range from 1.37 to 15.59, indicating significant variability in performance across different hyper-parameter settings.

2. **Evaluate Performance Trends for Hyper-Parameters**:
   - For `k2` set at 0.1 and learning rate (`lr`) at 0.0001, the PSNR value is 15.59, which appears to be an outlier.
   - The combination of `k2=0.1` with `lr` values around 0.1 yields relatively high PSNR scores (3.75 and 3.82).
   - Lower `k2` values (like 0.0005) tend to perform better when paired with a learning rate of 0.001, as seen in the trial where PSNR was 7.33.

3. **Highlight Promising Hyper-Parameter Combinations**:
   - The combination of `k2=0.1` and `lr=0.0001` seems particularly promising due to its high PSNR value.
   - Another strong performance is seen with `k2=0.0005` paired with `lr=0.001`.

### Optimization Recommendation

Based on the current trial analysis, for the next 3 trials, we recommend focusing on combinations that have not been tested but are likely to yield high PSNR values given the trends observed.

- Trial 1: `k2=0.0005`, `lr=0.0001`
  - Reasoning: Testing lower `k2` with a very low learning rate might result in better performance.
  
- Trial 2: `k2=0.01`, `lr=0.001`
  - Reasoning: A middle ground for both hyperparameters, this combination has not been tested yet and could potentially yield high PSNR values given the trend seen with lower learning rates.

- Trial 3: `k2=0.001`, `lr=0.1`
  - Reasoning: Testing a very low `k2` value but with a higher learning rate to see if there is any performance improvement in this unexplored combination.

### Experiment Planning

```yaml
trials:
- k2: 0.0005
  lr: 0.0001
- k2: 0.01
  lr: 0.001
- k2: 0.001
  lr: 0.1
```

### Stop Optimization

Answer: No with confidence score: 35%

The performance improvement seen does not yet indicate a peak in PSNR values that would warrant stopping the optimization process, especially considering the wide variability and promising trends seen with certain hyperparameter combinations.


siren_cat_me3_FH_train_qwen2.5:32b - 2025-02-15 18:59:29, 0:0:00:47.318489 - ## Round 4
siren_cat_me3_FH_train_qwen2.5:32b - 2025-02-15 18:59:29, 0:0:01:04.057002 - ### Analysis of Current Trials

1. **Summarize performance metrics**:
   - The highest PSNR value observed so far is 15.59, which corresponds to the combination `k2=0.1` and `lr=0.0001`.
   - The lowest PSNR values are around 1.37 to 1.47 for different combinations of `k2` and `lr`.

2. **Evaluate performance trends for hyper-parameters**:
   - Higher learning rates (e.g., 0.1) tend to result in lower PSNR values, but this isn't consistent across all tested combinations.
   - The parameter `k2=0.1` seems to perform better in several cases compared to smaller `k2` values.

3. **Highlight promising hyper-parameter combinations**:
   - `k2: 0.1`, `lr: 0.0001` yields the highest PSNR of 15.59.
   - Other potentially strong candidates are:
     - `k2=0.0005, lr=0.0001`: with a PSNR of 8.11
     - `k2=0.0005, lr=0.001`: with a PSNR of 7.33

### Optimization Recommendation

Based on the hyper-parameter analysis:
- Recommend trials that have not been tested yet and focus on areas where promising results were observed.

#### Next Trials
1. `k2: 0.1`, `lr: 0.001`
   - This combination is close to a known good setting (`k2=0.1, lr=0.0001`), but with a slightly larger learning rate.
   
2. `k2: 0.0005`, `lr: 0.1`
   - Testing this could help understand if the performance is sensitive to large learning rates while keeping `k2` at an interesting setting.

3. `k2: 0.001`, `lr: 0.0001`
   - This aims to find out if reducing both `k2` and increasing the precision in `lr` can yield a significant improvement, following the trend of small learning rates with good performance observed.

### Experiment Planning

```yaml
trials:
- k2: 0.1
  lr: 0.001
- k2: 0.0005
  lr: 0.1
- k2: 0.001
  lr: 0.0001
```

### Stop Optimization

Answer: No with confidence score: 68
- There is still room for improvement and testing new combinations could yield better results than the current highest PSNR of 15.59.


siren_cat_me3_FH_train_qwen2.5:32b - 2025-02-15 18:59:29, 0:0:01:04.066354 - ## Round 5
siren_cat_me3_FH_train_qwen2.5:32b - 2025-02-15 18:59:29, 0:0:01:17.465315 - ### Analysis of Current Trials

1. **Performance Metrics Summary**: The highest PSNR achieved among the 15 trials is 15.59, which corresponds to the trial where `k2` = 0.1 and `lr` = 0.0001. Conversely, lower values for PSNR indicate poorer performance.

2. **Performance Trends**:
   - For `k2`, when set at a higher value (like 0.1), there seems to be more variability in the outcome, with both very high and low PSNR scores.
   - The learning rate (`lr`) tends to perform better at lower values such as 0.0001 for achieving higher PSNRs.

3. **Promising Combinations**:
   - Trials that used `k2` = 0.1 with `lr` = 0.0001 showed significant potential.
   - Lower learning rates (e.g., 0.0001) seem to produce more consistent high PSNRs, irrespective of the value of `k2`.

### Optimization Recommendation

Based on these insights:

- **Trial 1**: Use `k2` = 0.01 and `lr` = 0.001. This combination has not been tested yet but lies in a region where lower `k2` values have shown moderate success.
  
- **Trial 2**: Utilize `k2` = 0.0005 and `lr` = 0.1. While the choice of `k2` is conservative, testing with a higher learning rate could reveal interesting results.

- **Trial 3**: Test `k2` = 0.0001 and `lr` = 0.01. This aims to explore if even smaller values for both hyperparameters can lead to improved performance.

### Experiment Planning

```yaml
trials:
- k2: 0.01
  lr: 0.001
- k2: 0.0005
  lr: 0.1
- k2: 0.0001
  lr: 0.01
```

### Stop Optimization

Answer: No with confidence score: 67


siren_cat_me3_FH_train_qwen2.5:32b - 2025-02-15 18:59:29, 0:0:01:17.473658 - ## Round 6
siren_cat_me3_FH_train_qwen2.5:32b - 2025-02-15 18:59:29, 0:0:01:31.326005 - ### Analysis of Current Trials

#### 1. Summarize performance metrics:
- The best PSNR value achieved so far is **15.59** when `k2=0.1` and `lr=0.0001`.
- The worst PSNR value achieved is **1.37**, which occurred in several trials.
  
#### 2. Evaluate performance trends for hyper-parameters:
- Increasing the learning rate (`lr`) from small values (e.g., 0.0001) to larger ones often leads to a decrease in PSNR, with some exceptions.
- The value of `k2` seems to be less influential compared to `lr`. However, very high or very low values for `k2` do not appear beneficial, as the best results are observed with moderate values.

#### 3. Highlight promising hyper-parameter combinations:
- A learning rate (`lr`) around **0.0001** shows potential when combined with a `k2` of **0.1**, yielding the highest PSNR value.
  
### Optimization Recommendation

Based on the analysis:

1) Suggested trial: 
   - `k2=0.01`
   - `lr=0.001`
   *Reason:* This combination is not yet tested and based on trends, smaller learning rates have shown better results than larger ones.

2) Suggested trial:
   - `k2=0.0001`
   - `lr=0.001`
   *Reason:* To explore a smaller value of `k2` with a learning rate that has not been tested at this combination, as it might lead to better performance.

3) Suggested trial:
   - `k2=0.1`
   - `lr=0.01`
   *Reason:* This combination is not yet explored and could potentially improve upon the already decent performance seen with similar combinations of parameters.

### Experiment Planning

```yaml
trials:
- k2: 0.01
  lr: 0.001
- k2: 0.0001
  lr: 0.001
- k2: 0.1
  lr: 0.01
```

### Stop Optimization

Answer: No with confidence score: 0.4


siren_cat_me3_FH_train_qwen2.5:32b - 2025-02-15 18:59:29, 0:0:01:31.335002 - ## Round 7
siren_cat_me3_FH_train_qwen2.5:32b - 2025-02-15 18:59:29, 0:0:01:45.278851 - ### Analysis of Current Trials

1. **Summarize Performance Metrics**:
   - The PSNR values range from 1.37 to 15.59.
   - A few trials have notably high PSNR values (greater than 10), indicating relatively good performance.

2. **Evaluate Performance Trends for Hyper-Parameters**:
   - For `lr`, the higher learning rates (like 0.1 and 0.01) often result in lower PSNR values.
   - Lower learning rates (like 0.0001) seem to perform better, particularly when paired with `k2` at 0.0005 or 0.01.
   
3. **Highlight Promising Hyper-Parameter Combinations**:
   - The combination of `lr=0.0001`, `k2=0.0005` and `k2=0.1` stands out with high PSNR values (15.59, 8.11).
   
### Optimization Recommendation

Based on the analysis:
- Suggested Trials: 
   - **Trial 1**: `lr=0.0001`, `k2=0.001`. This combination is promising due to similar values that performed well (`k2=0.0005` and `k2=0.1`) but not yet tested.
   - **Trial 2**: `lr=0.001`, `k2=0.1`. Considering the trend where lower learning rates work better, testing a higher `k2` value can provide insights into how it affects performance at moderate learning rates.
   - **Trial 3**: `lr=0.001`, `k2=0.01`. This combination aims to bridge gaps in the data and test a slightly lower `k2` compared to previous trials, with a moderate learning rate.

### Experiment Planning

```yaml
trials:
- k2: 0.001
  lr: 0.0001
- k2: 0.1
  lr: 0.001
- k2: 0.01
  lr: 0.001
```

### Stop Optimization

Answer: No with confidence score: 65


siren_cat_me3_FH_train_qwen2.5:32b - 2025-02-15 18:59:29, 0:0:01:45.287578 - ## Round 8
siren_cat_me3_FH_train_qwen2.5:32b - 2025-02-15 18:59:29, 0:0:01:59.366553 - ### Analysis of Current Trials

**1. Summary of Performance Metrics**

- The PSNR values range from 1.37 to 15.59, indicating varying levels of performance across different hyperparameter configurations.
  
**2. Evaluation of Performance Trends for Hyperparameters**

- **Learning Rate (lr):**
  - Higher learning rates generally lead to lower PSNR values when paired with higher k2 values.
  - Lower learning rates seem to improve performance significantly, especially in conjunction with smaller k2 values.

- **k2:**
  - Smaller k2 values tend to correlate with better PSNR results compared to larger ones, except for a few exceptions where very small k2 (0.0001) and higher learning rates yielded high PSNR scores.
  
**3. Promising Hyperparameter Combinations**

- The combination of lr=0.0001 and k2=0.1 has shown the highest PSNR score so far at 15.59, indicating this could be a very promising area to explore further.

### Optimization Recommendation

Based on the analysis:

**Trial 1:**
- **k2**: 0.0005
- **lr**: 0.0001
- **Reasoning:** This combination has not been tested yet, and with smaller k2 values showing better results when paired with very low learning rates (like lr=0.0001), it is likely to perform well.

**Trial 2:**
- **k2**: 0.001
- **lr**: 0.001
- **Reasoning:** Both these values have shown some positive results in previous trials, and this specific combination has not been tested yet.

**Trial 3:**
- **k2**: 0.0001
- **lr**: 0.0001
- **Reasoning:** Given the strong performance of very low learning rates (especially with smaller k2 values like 0.0005), it’s worth testing this combination for even better results.

### Experiment Planning

```yaml
trials:
- k2: 0.0005
  lr: 0.0001
- k2: 0.001
  lr: 0.001
- k2: 0.0001
  lr: 0.0001
```

### Stop Optimization

Answer: No with confidence score: 35


siren_cat_me3_FH_train_qwen2.5:32b - 2025-02-15 18:59:29, 0:0:01:59.377150 - ## Round 9
siren_cat_me3_FH_train_qwen2.5:32b - 2025-02-15 18:59:29, 0:0:02:14.939529 - ### Task 1: Analysis of Current Trials

#### Summary of Performance Metrics:
The PSNR metric has been used as the performance indicator across trials, ranging from a low value of 1.37 to a high value of 15.59.

#### Evaluation of Performance Trends for Hyper-Parameters:
- **Learning Rate (lr):** A higher learning rate (e.g., lr = 0.1) seems to correlate with slightly better PSNR values in some trials, but this trend is not consistent across all parameter combinations.
- **k2:** The hyperparameter k2 appears to have a more significant impact on performance variability than the learning rate. Lower values of k2 (e.g., k2 = 0.0005 or k2 = 0.0001) are generally associated with better PSNR scores.

#### Highlighting Promising Hyper-Parameter Combinations:
The trials that produced higher PSNR values (above the average range) seem to have lower learning rates and very low k2 values, such as:
- lr: 0.0001, k2: 0.1 -> PSNR = 15.59
- lr: 0.0001, k2: 0.0005 -> PSNR = 8.11
- lr: 0.001, k2: 0.0001 -> PSNR = 15.36

### Task 2: Optimization Recommendation

Based on the analysis:
1) **Trial 1:** k2: 0.0001, lr: 0.1 - Testing a lower k2 with an intermediate learning rate.
2) **Trial 2:** k2: 0.0005, lr: 0.001 - Further refinement of the optimal range suggested by previous trials.
3) **Trial 3:** k2: 0.0001, lr: 0.01 - Testing a higher learning rate within the promising k2 value.

These combinations aim to refine our understanding of how these hyperparameters interact and potentially identify an even better PSNR score.

### Task 3: Experiment Planning

trials:
- k2: 0.0001
  lr: 0.1
- k2: 0.0005
  lr: 0.001
- k2: 0.0001
  lr: 0.01

### Task 4: Stop Optimization

Answer: No with confidence score: 67%


siren_cat_me3_FH_train_qwen2.5:32b - 2025-02-15 18:59:29, 0:0:02:14.948234 - ## Round 10
siren_cat_me3_FH_train_qwen2.5:32b - 2025-02-15 18:59:29, 0:0:02:30.695221 - ### Analysis of Current Trials

1. **Summarize Performance Metrics**:
    - The highest PSNR value observed so far is 15.59, achieved twice at (k2=0.1, lr=0.0001) and (k2=0.0001, lr=0.0001).
    - Low PSNR values are mostly associated with higher learning rates or k2 values.

2. **Evaluate Performance Trends for Hyper-parameters**:
    - Lower learning rates (lr) tend to produce better results, particularly when combined with lower values of k2.
    - The parameter space exploration shows that high PSNR values can be achieved at smaller values of lr and k2, indicating a strong sensitivity towards these parameters.

3. **Promising Hyper-parameter Combinations**:
    - Combinations of (k2=0.1, lr=0.0001), (k2=0.0005, lr=0.0001), and (k2=0.0001, lr=0.0001) have shown the best performance.

### Optimization Recommendation

Based on the analysis, the following hyper-parameter combinations are recommended for the next trials to explore further optimization:

- Trial 1: k2 = 0.0005, lr = 0.001
    - This combination has yielded good results previously (PSNR=7.33), and exploring nearby values might lead to even better outcomes.
    
- Trial 2: k2 = 0.0001, lr = 0.001
    - Previously produced the highest PSNR value seen so far (PSNR=15.36). Exploring slightly different lr values within this range may yield further improvements.

- Trial 3: k2 = 0.0001, lr = 0.00001
    - A new exploration of even smaller learning rates in combination with the best performing k2 value to see if there is a threshold where performance peaks or begins to drop off.
    
### Experiment Planning

```yaml
trials:
- k2: 0.0005
  lr: 0.001
- k2: 0.0001
  lr: 0.001
- k2: 0.0001
  lr: 0.00001
```

### Stop Optimization

Answer: No with confidence score: 3.5/5  
- The PSNR values have peaked, but given the search space and the potential for further optimization in unexplored regions, it might be premature to stop the optimization process without fully exploring smaller lr and k2 combinations.


siren_cat_me3_FH_train_qwen2.5:32b - 2025-02-15 18:59:29, 0:0:02:30.704692 - ## Round 11
siren_cat_me3_FH_train_qwen2.5:32b - 2025-02-15 18:59:29, 0:0:02:42.972231 - ### Analysis of Current Trials

1. **Performance Metrics Summary**: The performance metric PSNR ranges widely from 1.37 to 15.59. High values indicate better performance.

2. **Evaluation of Performance Trends**:
   - Higher learning rates (lr) seem to have varied effects, with some configurations achieving high PSNR scores and others lower.
   - Lower k2 values, particularly 0.0001 and 0.0005, appear more frequently in trials with higher PSNR.

3. **Promising Hyper-Parameter Combinations**: Trials with `k2=0.0001` or `0.0005`, paired with lower learning rates (`lr <= 0.01`) seem to yield the best results so far, particularly for the combination of `k2=0.0001` and `lr=0.0001`.

### Optimization Recommendation

Based on the observed trends:
- **Trial 1**: `{k2: 0.0005, lr: 0.001}`: This combination is promising due to previous high PSNR scores.
- **Trial 2**: `{k2: 0.0001, lr: 0.001}`: Another likely candidate for good performance based on observed trends.
- **Trial 3**: `{k2: 0.0001, lr: 0.0005}`: This is a logical next step to explore the effectiveness of very low k2 values with moderate learning rates.

### Experiment Planning

```yaml
trials:
- k2: 0.0005
  lr: 0.001
- k2: 0.0001
  lr: 0.001
- k2: 0.0001
  lr: 0.0005
```

### Stop Optimization

Answer: No with confidence score: 35. The observed performance indicates that further exploration could still yield better results, especially considering the variability in PSNR scores and potential for optimization within the provided hyperparameter space.


siren_cat_me3_FH_train_qwen2.5:32b - 2025-02-15 18:59:29, 0:0:02:42.980417 - ## Round 12
siren_cat_me3_FH_train_qwen2.5:32b - 2025-02-15 18:59:29, 0:0:02:56.952505 - ### Analysis of Current Trials

**1. Summarize performance metrics**

The trials show a wide range in PSNR values, from as low as 1.37 to as high as 15.66.

**2. Evaluate performance trends for hyper-parameters**

From the provided data:
- Lower learning rates (lr) seem to correlate with higher PSNR values.
- Smaller `k2` values also appear to yield better results, especially when combined with smaller learning rates.

**3. Highlight promising hyper-parameter combinations**

The most promising combinations based on high PSNR scores are:
- `k2: 0.0005`, `lr: 0.0001`
- `k2: 0.0001`, `lr: 0.001` and `k2: 0.0001`, `lr: 0.0001`

### Optimization Recommendation

Based on the analysis, the next trials should focus on combinations that have not yet been tested but are within close proximity to the promising values found.

**Recommendations for Next Trials**

1. **k2: 0.0005**, **lr: 0.001**
   - This combination is a middle ground between smaller and larger `k2` and learning rates that have shown promise.
   
2. **k2: 0.001**, **lr: 0.0005**
   - A new combination aiming to test slightly larger `k2` with lower `lr`, based on trends where lower `lr` has been beneficial.

3. **k2: 0.0001**, **lr: 0.01**
   - Testing a larger learning rate paired with the smallest `k2` value, to see if there's any improvement or to set an upper bound for this combination.

### Experiment Planning

```yaml
trials:
- k2: 0.0005
  lr: 0.001
- k2: 0.001
  lr: 0.0005
- k2: 0.0001
  lr: 0.01
```

### Stop Optimization

Answer: No with confidence score: 67.3


siren_cat_me3_FH_train_qwen2.5:32b - 2025-02-15 18:59:29, 0:0:02:56.960767 - ## Round 13
siren_cat_me3_FH_train_qwen2.5:32b - 2025-02-15 18:59:29, 0:0:03:15.476692 - ### Analysis of Current Trials

1. **Summarize Performance Metrics**:
   - The range of PSNR values observed so far is from 1.37 to 15.66.
   - The highest PSNR value achieved was 15.66 with the parameters `k2=0.0001` and `lr=0.0005`.
   
2. **Evaluate Performance Trends for Hyper-Parameters**:
   - Higher values of `k2` (like 0.1) generally lead to higher PSNR values compared to lower `k2` values like 0.0001.
   - Among the learning rates, `lr=0.0005` and `lr=0.0001` have produced the highest PSNR scores, suggesting a trend towards smaller learning rates improving performance.

3. **Highlight Promising Hyper-Parameter Combinations**:
   - The combination of `k2=0.0001` with both `lr=0.0005` and `lr=0.0001` resulted in very high PSNR values (15.66 and 15.59, respectively).
   - Another notable combination is `k2=0.1`, `lr=0.0001`, which also produced a high value of 15.59.

### Optimization Recommendation

Based on the analysis:
- We should focus on the smaller values for both `k2` and `lr` as they are showing promising results.
  
#### Next Trials
1. **Trial Suggestion** - k2=0.1, lr=0.0005 (Not yet tested)
   - Reason: High PSNR has been seen with `k2=0.1`, and combining it with a smaller learning rate could further improve results.
   
2. **Trial Suggestion** - k2=0.0001, lr=0.001
   - Reason: While this combination is not yet tested, given the success of both small `k2` values and mid-range learning rates elsewhere in the experiment.

3. **Trial Suggestion** - k2=0.0005, lr=0.0001 (Not yet tested)
   - Reason: Combining a very low `k2` with a very low learning rate might yield even better performance due to the trend towards smaller values improving PSNR.

### Experiment Planning

```yaml
trials:
- k2: 0.1
  lr: 0.0005
- k2: 0.0001
  lr: 0.001
- k2: 0.0005
  lr: 0.0001
```

### Stop Optimization

Answer: No with confidence score: 0.67

The current best results are strong, but there is still potential for improvement given the trends observed and the large variation in PSNR scores across different trials. Further exploration of parameter combinations could yield even better performance.


siren_cat_me3_FH_train_qwen2.5:32b - 2025-02-15 18:59:29, 0:0:03:15.486457 - ## Round 14
siren_cat_me3_FH_train_qwen2.5:32b - 2025-02-15 18:59:29, 0:0:03:32.383426 - ### Analysis of Current Trials

1. **Summarize Performance Metrics**:
   - The PSNR values range from a minimum of 1.37 to a maximum of 15.66.
   
2. **Evaluate Performance Trends for Hyper-parameters**:
   - Lower learning rates seem to have higher potential for achieving better PSNR scores, especially when paired with lower `k2` values.
   - Specifically, extremely low `lr` (0.0001) and small `k2` values (0.0005 and 0.0001) appear to yield the best results.

3. **Highlight Promising Hyper-parameter Combinations**:
   - The combination of `k2 = 0.0001`, `lr = 0.0001` achieved a PSNR score of 15.59.
   - Another promising combination is `k2 = 0.0001`, `lr = 0.0005` with a PSNR score of 15.66.

### Optimization Recommendation

Based on the current analysis, I recommend focusing on configurations that have not yet been tested but are similar to the promising combinations noted above:

1. **Suggested Trial 1**: `k2 = 0.0001`, `lr = 0.001`
   - Reason: This configuration has a low learning rate and is close to the values of successful trials, which suggests it could yield good results.

2. **Suggested Trial 2**: `k2 = 0.0005`, `lr = 0.0001`
   - Reason: Testing this intermediate combination between already tested configurations with a focus on low learning rates might offer an insight into whether further reductions in `k2` or `lr` improve performance.

3. **Suggested Trial 3**: `k2 = 0.0005`, `lr = 0.1`
   - Reason: This trial explores the interaction between a moderate `k2` value and a higher learning rate, which may reveal whether there's an optimal balance point in terms of learning speed and stability.

### Experiment Planning

```yaml
trials:
- k2: 0.0001
  lr: 0.001
- k2: 0.0005
  lr: 0.0001
- k2: 0.0005
  lr: 0.1
```

### Stop Optimization

Answer: No with confidence score: 0.7
   - Justification: The highest PSNR scores are still relatively low compared to the potential for improvement in hyper-parameter tuning, and there's a possibility that further optimization could lead to even better performance metrics.


siren_cat_me3_FH_train_qwen2.5:32b - 2025-02-15 18:59:29, 0:0:03:32.392250 - ## Round 15
siren_cat_me3_FH_train_qwen2.5:32b - 2025-02-15 18:59:29, 0:0:03:47.622970 - ### Analysis of Current Trials

1. **Summarize Performance Metrics**: The PSNR values range from 1.37 to 15.66, indicating that some hyperparameter combinations yield much better performance than others.
2. **Evaluate Performance Trends for Hyper-parameters**:
   - **Learning Rate (lr)**: Higher learning rates seem to perform worse overall except when `k2` is set to higher values such as 0.1 or 0.01 at high learning rates like 0.1, but this does not generalize well across the board.
   - **k2**: Lower values of `k2`, especially 0.0005 and 0.0001, seem to perform better with lower learning rates, while higher `k2` values (like 0.1) might require higher learning rates for good performance but are not consistent across the board.
3. **Highlight Promising Hyper-parameter Combinations**: The best PSNR scores were achieved at lower learning rates (mainly 0.0005 and 0.0001) with `k2` set to 0.0001 or 0.0005.

### Optimization Recommendation

Based on the analysis, for the next three trials:
- **Trial 1**: Use `lr = 0.001`, `k2 = 0.001`. This is a middle ground in terms of learning rate and still within the promising range observed from previous high-performing combinations.
- **Trial 2**: Use `lr = 0.001`, `k2 = 0.0005`. This combination hasn't been tested yet, but since `k2` at 0.0005 has performed well with lower learning rates, this might be a good test point.
- **Trial 3**: Use `lr = 0.01`, `k2 = 0.0001`. Testing a higher `lr` while keeping `k2` low to see if performance can improve.

### Experiment Planning

```yaml
trials:
- k2: 0.001
  lr: 0.001
- k2: 0.0005
  lr: 0.001
- k2: 0.0001
  lr: 0.01
```

### Stop Optimization

Answer: No with confidence score: 67%

This indicates that while some promising results have been found, there is still room for improvement and exploration of the parameter space, particularly around combinations not yet tested but expected to perform well based on trends observed.


siren_cat_me3_FH_train_qwen2.5:32b - 2025-02-15 18:59:29, 0:0:03:47.632131 - ## Round 16
siren_cat_me3_FH_train_qwen2.5:32b - 2025-02-15 18:59:29, 0:0:04:00.350325 - ### Analysis of Current Trials

#### 1. Summarize Performance Metrics:
- The PSNR values range from approximately 1.37 to 15.66.
- There are significant differences in performance based on the hyper-parameter combinations.

#### 2. Evaluate Performance Trends for Hyper-Parameters:
- Lower learning rates generally perform better than higher ones, with notable exceptions.
- Higher k2 values (like 0.1) seem to lead to high PSNR only when paired with specific learning rates; otherwise, lower k2 values are preferable.

#### 3. Highlight Promising Hyper-Parameter Combinations:
- The combination `k2: 0.0001`, `lr: 0.0005` has shown the best performance (`PSNR = 15.66`).
- Other good combinations include `k2: 0.0001, lr: 0.0001` and `k2: 0.0001, lr: 0.001`.

### Optimization Recommendation

Based on the trends observed:

#### Trial Suggestions:
1. **k2: 0.0005, lr: 0.0001** - This combination has not been tested yet and is based on the trend that lower learning rates combined with k2 values around `0.0005` or smaller can lead to high PSNR.
2. **k2: 0.0001, lr: 0.1** - Testing a higher learning rate with a low k2 value might uncover better performance.
3. **k2: 0.001, lr: 0.0005** - Another untested combination based on previous successful pairs but with adjusted values to explore the space further.

### Experiment Planning
```yaml
trials:
- k2: 0.0005
  lr: 0.0001
- k2: 0.0001
  lr: 0.1
- k2: 0.001
  lr: 0.0005
```

### Stop Optimization
Answer: No with confidence score: 0.6


siren_cat_me3_FH_train_qwen2.5:32b - 2025-02-15 18:59:29, 0:0:04:00.358586 - ## Round 17
siren_cat_me3_FH_train_qwen2.5:32b - 2025-02-15 18:59:29, 0:0:04:14.356311 - ### Analysis of Current Trials

1. **Summarize performance metrics**: The highest PSNR values are 15.66, achieved with the combination `k2=0.0001` and `lr=0.0005`. This is followed closely by another high value of 15.59 for both combinations `k2=0.0001`, `lr=0.0001` and `k2=0.1`, `lr=0.0001`.

2. **Evaluate performance trends for hyper-parameters**:
    - For `lr`, lower values seem to perform better generally.
    - For `k2`, very low values like 0.0005 and 0.0001 show the highest PSNR, suggesting these may be optimal.

3. **Highlight promising hyper-parameter combinations**: The best combinations so far are those with a learning rate (`lr`) of 0.0001 or 0.0005 paired with `k2` values of 0.0001 and 0.0005, respectively.

### Optimization Recommendation

Given the analysis:
- **Trial #1**: Suggest using `k2=0.001`, `lr=0.001`. This combination has not been tested yet but is close to promising ranges.
- **Trial #2**: Consider testing `k2=0.0005`, `lr=0.01` since it’s an untested area with a higher learning rate that could yield interesting results given its proximity to successful combinations.
- **Trial #3**: Try `k2=0.1`, `lr=0.01`. This combination is another unexplored point, which might help determine if high values of `k2` perform well with low `lr`.

### Experiment Planning

```yaml
trials:
- k2: 0.001
  lr: 0.001
- k2: 0.0005
  lr: 0.01
- k2: 0.1
  lr: 0.01
```

### Stop Optimization

Answer: No with confidence score: 0.68


siren_cat_me3_FH_train_qwen2.5:32b - 2025-02-15 18:59:29, 0:0:04:14.365042 - ## Round 18
siren_cat_me3_FH_train_qwen2.5:32b - 2025-02-15 18:59:29, 0:0:04:29.986263 - ### Analysis of Current Trials

1. **Summarize performance metrics**: The PSNR values range from approximately 1.37 to 15.66, indicating a wide disparity in the model's performance across different hyper-parameters settings.

2. **Evaluate performance trends for hyper-parameters**:
   - `lr`: Higher learning rates (0.1 and 0.01) tend to yield lower PSNR values, whereas lower learning rates like 0.0001 lead to much higher PSNR scores.
   - `k2`: There is no clear trend with respect to the value of `k2`. However, very low `k2` values (like 0.0005 and 0.0001) seem to perform better in some cases.

3. **Highlight promising hyper-parameter combinations**:
   - A combination of a very small learning rate (`lr = 0.0001`) and a slightly larger `k2` value (around 0.0005 or 0.0001) seems to yield the best PSNR scores.

### Optimization Recommendation

Based on these insights, we recommend exploring the following hyper-parameter combinations for the next trials:

1. **Trial Configuration**:
   - `lr`: 0.001
   - `k2`: 0.001
   
   This combination has not been tested yet and lies between a low learning rate that performed well (0.0001) and slightly higher, which might improve upon the results seen with similar configurations.

2. **Trial Configuration**:
   - `lr`: 0.0005
   - `k2`: 0.0005
   
   This configuration has not been tested in this exact form but lies within the range of settings that yielded high PSNR values, making it a potentially good candidate for further exploration.

3. **Trial Configuration**:
   - `lr`: 0.001
   - `k2`: 0.0005
   
   This combination is also untested and could potentially offer improvements given the trend seen with lower learning rates performing well.

### Experiment Planning

```yaml
trials:
- k2: 0.001
  lr: 0.001
- k2: 0.0005
  lr: 0.0005
- k2: 0.0005
  lr: 0.001
```

### Stop Optimization

Answer: No with confidence score: 0.6

Given the current trends and promising results from lower learning rates, continuing exploration is recommended to ensure we have thoroughly tested all potentially optimal configurations within the given search space.


siren_cat_me3_FH_train_qwen2.5:32b - 2025-02-15 18:59:29, 0:0:04:29.995808 - ## Round 19
siren_cat_me3_FH_train_qwen2.5:32b - 2025-02-15 18:59:29, 0:0:04:43.353903 - ### Analysis of Current Trials

1. **Summarize Performance Metrics**:
   - The highest PSNR value recorded is 15.66, and the lowest is 1.37.
   
2. **Evaluate Performance Trends for Hyper-Parameters**:
   - `k2` with values 0.0001 generally has better PSNR results across different learning rates.
   - Higher learning rates (e.g., lr=0.1) generally perform worse compared to lower rates, except in specific cases where they still achieve a relatively high score.
   
3. **Highlight Promising Hyper-Parameter Combinations**:
   - The best combination is `k2: 0.0005` and `lr: 0.0005`, with the PSNR value of 7.82. 
   - Other promising combinations include `k2: 0.0001` paired with various learning rates, as they show high PSNR scores.

### Optimization Recommendation

Based on the above analysis:
- **Trial 1**: `k2: 0.0005`, `lr: 0.01`
- **Trial 2**: `k2: 0.1`, `lr: 0.01`
- **Trial 3**: `k2: 0.01`, `lr: 0.001`

The rationale is:
1) To explore the interaction of `k2` at 0.0005 with a slightly higher learning rate.
2) Testing `k2` at its highest value to see if it can perform well at an intermediate learning rate.
3) Exploring the effect of reducing `lr` when `k2` is set to a moderate level.

### Experiment Planning

```yaml
trials:
- k2: 0.0005
  lr: 0.01
- k2: 0.1
  lr: 0.01
- k2: 0.01
  lr: 0.001
```

### Stop Optimization

Answer: No with confidence score: 0.65


siren_cat_me3_FH_train_qwen2.5:32b - 2025-02-15 18:59:29, 0:0:04:43.362117 - ## Round 20
siren_cat_me3_FH_train_qwen2.5:32b - 2025-02-15 18:59:29, 0:0:04:59.502994 - ### Analysis of Current Trials

#### Performance Metrics Summary:
The trials have been conducted using two hyperparameters, `lr` (learning rate) and `k2`, to optimize the PSNR metric. The range for `lr` is from 1 to 0.0001, while `k2` ranges from 0.1 down to 0.0001.

#### Performance Trends:
- Generally, higher learning rates (e.g., lr = 0.1) tend to produce lower PSNR values unless k2 is very small.
- Lower learning rates (e.g., lr = 0.0001) generally result in better PSNR scores when paired with smaller `k2` values.

#### Promising Hyper-parameter Combinations:
The best performing trials have been observed at lower learning rate and specific `k2` configurations, particularly:
- k2: 0.0005, lr: 0.0001 (PSNR: 7.82)
- k2: 0.0001, lr: 0.0001 (PSNR: 15.59)
- k2: 0.0001, lr: 0.0005 (PSNR: 15.66)

### Optimization Recommendation

Based on the analysis of completed trials and to meet the requirements specified:
- Avoid repeating hyperparameters from previous trials.
- Ensure new suggestions come from the given search space.

The following three trials are recommended for their potential to yield high PSNR values, based on observed trends:

1. **Trial 1**: k2 = 0.0001 and lr = 0.001
   - Reason: A combination of a very small `k2` value with a low learning rate that has not been tested together.
   
2. **Trial 2**: k2 = 0.001 and lr = 0.0005
   - Reason: The middle-ground values for both hyperparameters, which can potentially yield improved PSNR scores given their proximity to successful configurations.

3. **Trial 3**: k2 = 0.0005 and lr = 0.01
   - Reason: A small `k2` value with a higher learning rate that could explore the performance space between high learning rates and low PSNR values seen earlier.

### Experiment Planning

```yaml
trials:
- k2: 0.0001
  lr: 0.001
- k2: 0.001
  lr: 0.0005
- k2: 0.0005
  lr: 0.01
```

### Stop Optimization

Answer: No with confidence score: 0.6


siren_cat_me3_FH_train_qwen2.5:32b - 2025-02-15 18:59:29, 0:0:04:59.512633 - ## Round 21
siren_cat_me3_FH_train_qwen2.5:32b - 2025-02-15 18:59:29, 0:0:05:15.939397 - ### Analysis of Current Trials

1. **Summarize Performance Metrics**:
   - The highest PSNR value obtained is 15.66, followed by two other high values of 15.59 and 15.36.
   
2. **Evaluate Performance Trends for Hyper-Parameters**:
   - It seems that smaller learning rates (lr) tend to yield higher PSNR scores.
   - Among the 'k2' values tested, 0.0001 appears to perform well with several high PSNR results.

3. **Highlight Promising Hyper-parameter Combinations**:
   - The combination of `lr=0.0001` and `k2=0.0005`, as well as `lr=0.0001` with `k2=0.0001` produced the highest PSNR values.

### Optimization Recommendation

Based on the current trends observed in the trials, we recommend focusing on smaller learning rates and specific 'k2' values that have shown promise so far:

- **Trial 1**: `{lr: 0.0005, k2: 0.0001}`
  - Reasoning: The `lr=0.0005` has yielded reasonable results when paired with other 'k2' values and has not been tested specifically with `k2=0.0001`. This combination might yield a high PSNR given the trend of success with smaller learning rates.
  
- **Trial 2**: `{lr: 0.0001, k2: 0.0005}`
  - Reasoning: Although this exact combination has been tested and yielded a very good result (`PSNR=8.11`), a slight adjustment in 'k2' or another small variation in learning rate could potentially uncover further improvements.
  
- **Trial 3**: `{lr: 0.0005, k2: 0.0005}`
  - Reasoning: This combination is new and has not been tested yet. Given the potential for 'k2=0.0005' to work well with smaller learning rates (as seen in other combinations), this could be another promising test.

### Experiment Planning

```yaml
trials:
- k2: 0.0001
  lr: 0.0005
- k2: 0.0005
  lr: 0.0001
- k2: 0.0005
  lr: 0.0005
```

### Stop Optimization

Answer: No with confidence score: 70

The results show a trend of improvement but do not definitively indicate that the optimal solution has been found yet, especially given the high variance in PSNR values across different hyper-parameter settings.


siren_cat_me3_FH_train_qwen2.5:32b - 2025-02-15 18:59:29, 0:0:05:15.948551 - ## Round 22
siren_cat_me3_FH_train_qwen2.5:32b - 2025-02-15 18:59:29, 0:0:05:32.587489 - ### Analysis of Current Trials

1. **Performance Metrics Summary**:
   - The highest PSNR value observed is 15.66, corresponding to the combination `k2: 0.0001`, `lr: 0.0005`.
   - Several combinations yielded a PSNR close to or greater than 15 (e.g., `k2: 0.1`, `lr: 0.0001` with PSNR of 15.59 and `k2: 0.0001`, `lr: 0.001` with a PSNR of 15.36).

2. **Evaluation of Performance Trends**:
   - The performance metric (PSNR) seems to be highly sensitive to the value of `lr` and `k2`.
   - Lower values of both parameters generally lead to higher PSNR scores, indicating that smaller learning rates (`lr`) and smaller `k2` might yield better results.

3. **Promising Hyper-parameter Combinations**:
   - The most promising combinations are those with very low `k2` (like 0.0001) and lower `lr` values (e.g., 0.0005).

### Optimization Recommendation

For the next trials, we should focus on testing combinations that have not yet been tested while adhering to conditions:

- **Trial 1**: `k2: 0.0001`, `lr: 0.001` - Already seen with a PSNR of 15.36.
- **Trial 2**: `k2: 0.0001`, `lr: 0.0001` - Already seen with a PSNR of 15.59.
- **Trial 3**: `k2: 0.0001`, `lr: 0.1` - Not yet tested, but we expect it to perform well based on previous trends.

Given the requirement that suggested trials must be unique and from within the search space:

1. `k2: 0.0005`, `lr: 0.001` (Not previously tried)
2. `k2: 0.001`, `lr: 0.0005` (Not previously tried)
3. `k2: 0.001`, `lr: 0.0001` (Not previously tried)

### Experiment Planning

```yaml
trials:
- k2: 0.0005
  lr: 0.001
- k2: 0.001
  lr: 0.0005
- k2: 0.001
  lr: 0.0001
```

### Stop Optimization

Answer: No with confidence score: 75%


siren_cat_me3_FH_train_qwen2.5:32b - 2025-02-15 18:59:29, 0:0:05:32.597106 - ## Round 23
siren_cat_me3_FH_train_qwen2.5:32b - 2025-02-15 18:59:29, 0:0:05:46.284163 - ### Analysis of Current Trials

#### 1. Summarize Performance Metrics:
The PSNR values observed range from approximately 1.37 to 15.66, indicating a wide variability in the model's performance under different hyperparameters.

#### 2. Evaluate Performance Trends for Hyper-Parameters:
From the trials, there appears to be no clear trend regarding how changes in `k2` and `lr` directly affect PSNR values. However, it seems that lower learning rates (`lr`) tend to have higher PSNR values when paired with smaller `k2` values.

#### 3. Highlight Promising Hyper-Parameter Combinations:
The most promising combinations seem to be those with low learning rates (0.0001 and 0.0005) and very small `k2` values (around 0.0005 and below). These configurations produced some of the highest PSNR results, such as `(lr=0.0001, k2=0.0001)` with a PSNR of 15.59 and `(lr=0.0005, k2=0.0001)` with a PSNR of 15.66.

### Optimization Recommendation

Based on the current trials' analysis, it is recommended to explore new combinations of `k2` and `lr` that have not yet been tested but could potentially yield higher PSNR values given the observed trends:

- **Trial 1**: k2: 0.001, lr: 0.0005
- **Trial 2**: k2: 0.0001, lr: 0.001
- **Trial 3**: k2: 0.0005, lr: 0.0001

### Experiment Planning

```yaml
trials:
- k2: 0.001
  lr: 0.0005
- k2: 0.0001
  lr: 0.001
- k2: 0.0005
  lr: 0.0001
```

### Stop Optimization

Answer: No with confidence score: 65

The PSNR values observed do not consistently exceed a high threshold across all trials, and there's variability suggesting further exploration might yield better results.


siren_cat_me3_FH_train_qwen2.5:32b - 2025-02-15 18:59:29, 0:0:05:46.292539 - ## Round 24
siren_cat_me3_FH_train_qwen2.5:32b - 2025-02-15 18:59:29, 0:0:06:02.674503 - ### Analysis of Current Trials

**Performance Metrics Summary:**
- The highest PSNR value observed is 15.66, achieved by the combination (k2=0.0001, lr=0.0005).
- Other notable high values include:
    - k2=0.0001 and lr=0.0001: PSNR = 15.59
    - k2=0.1 and lr=0.0001: PSNR = 15.59

**Performance Trends for Hyper-parameters:**
- The learning rate (lr) value of 0.0001 seems to consistently produce high PSNR values across different k2 settings.
- k2 setting at 0.0001 and 0.1 tends to have the best outcomes, especially with lr set very low.

**Promising Hyper-parameter Combinations:**
- (k2=0.0001, lr=0.0005): PSNR = 15.66
- (k2=0.0001, lr=0.0001): PSNR = 15.59
- (k2=0.1, lr=0.0001): PSNR = 15.59

### Optimization Recommendation

Based on the analysis above:

**Next 3 Trials:**
1. k2: 0.0005, lr: 0.0001
   - Reason: This combination has not been tested and is in line with previous successful configurations where both parameters are set very low.
   
2. k2: 0.0001, lr: 0.001
   - Reason: Similar to the high-performing trial (k2=0.0001, lr=0.0005), but with a slightly higher learning rate to see if this improves performance further.

3. k2: 0.0001, lr: 1
   - Reason: Testing an extreme configuration where the learning rate is set very high while keeping k2 at one of its most effective settings. This could yield unexpected results due to the vast difference from previous trials.

### Experiment Planning

```yaml
trials:
- k2: 0.0005
  lr: 0.0001
- k2: 0.0001
  lr: 0.001
- k2: 0.0001
  lr: 1
```

### Stop Optimization

Answer: No with confidence score: 75

The current PSNR values indicate that we are on the right track, but there's still room for optimization and testing more combinations to ensure we have explored all possibilities within our search space.


siren_cat_me3_FH_train_qwen2.5:32b - 2025-02-15 18:59:29, 0:0:06:02.683686 - ## Round 25
siren_cat_me3_FH_train_qwen2.5:32b - 2025-02-15 18:59:29, 0:0:06:17.429146 - ### Analysis of Current Trials

**1. Summarize Performance Metrics**

The performance metric used here is PSNR (Peak Signal-to-Noise Ratio). The highest PSNR value achieved so far is **15.66**, and the lowest is **1.37**.

**2. Evaluate Performance Trends for Hyper-Parameters**

From the data, we observe that:
- Lower values of `lr` tend to yield higher PSNR results.
- Among different values tested for `k2`, very low values (0.0005 and 0.0001) often correlate with high PSNR scores, but this is not universally true.

**3. Highlight Promising Hyper-Parameter Combinations**

Promising combinations include:
- `lr=0.0001` paired with `k2=0.0001`
- `lr=0.0005` and `k2=0.0001`
- `lr=0.0001` along with `k2=0.0005`

### Optimization Recommendation

**Recommendations for Next 3 Trials**

Based on the analysis:
1. **Trial:** `k2: 0.0001`, `lr: 0.001`
   - Reasoning: This combination has not been tested yet and both hyper-parameters have shown promising results in other trials.
   
2. **Trial:** `k2: 0.0005`, `lr: 0.001`
   - Reasoning: Both values have yielded high PSNR scores, and this specific combination hasn't been explored.

3. **Trial:** `k2: 0.0001`, `lr: 0.0005`
   - Reasoning: This particular combination has not been tested but both parameters individually show promising trends towards achieving higher PSNR values.

### Experiment Planning

```yaml
trials:
- k2: 0.0001
  lr: 0.001
- k2: 0.0005
  lr: 0.001
- k2: 0.0001
  lr: 0.0005
```

### Stop Optimization

**Answer:** No  
**Confidence Score:** 70%  

The current best PSNR values are in the range of around 15.6, but there is still room for improvement given that not all parameter combinations have been explored yet. Therefore, continuing optimization seems prudent at this stage.


siren_cat_me3_FH_train_qwen2.5:32b - 2025-02-15 18:59:29, 0:0:06:17.438192 - ## Round 26
siren_cat_me3_FH_train_qwen2.5:32b - 2025-02-15 18:59:29, 0:0:06:32.598225 - ### Analysis of Current Trials

1. **Summarize Performance Metrics**:
   - The performance metric being used is PSNR (Peak Signal-to-Noise Ratio), which ranges from 1.37 to 15.66 across the different trials.
   
2. **Evaluate Performance Trends for Hyper-Parameters**:
   - Generally, lower learning rates (lr) seem to correlate with higher PSNR values.
   - Among k2 values, 0.0001 and 0.0005 have shown some of the highest PSNR values when paired with specific learning rates.

3. **Highlight Promising Hyper-Parameter Combinations**:
   - A few promising combinations include `k2: 0.0001, lr: 0.0005` (PSNR = 15.66), `k2: 0.0001, lr: 0.0001` (PSNR = 15.59), and `k2: 0.1, lr: 0.0001` (PSNR = 15.59).

### Optimization Recommendation

Based on the analysis:

- **Trial 1**: Suggest `k2: 0.0005`, `lr: 0.01`
   - Reasoning: While there is a high PSNR for `k2: 0.0005` and `lr: 0.0005`, testing with `lr: 0.01` (a lower learning rate than the maximum) could offer better performance.
   
- **Trial 2**: Suggest `k2: 0.0001`, `lr: 0.001`
   - Reasoning: This combination is already showing very high PSNR values, and slightly adjusting to a less extreme learning rate might optimize further.

- **Trial 3**: Suggest `k2: 0.0005`, `lr: 0.0001`
   - Reasoning: The previous trial with this k2 value at a higher lr has shown decent PSNR values, and testing it at an even lower learning rate could yield improvements.

### Experiment Planning

```yaml
trials:
- k2: 0.0005
  lr: 0.01
- k2: 0.0001
  lr: 0.001
- k2: 0.0005
  lr: 0.0001
```

### Stop Optimization

Answer: No with confidence score: 0.7


siren_cat_me3_FH_train_qwen2.5:32b - 2025-02-15 18:59:29, 0:0:06:32.607008 - ## Round 27
siren_cat_me3_FH_train_qwen2.5:32b - 2025-02-15 18:59:29, 0:0:06:47.651170 - ### Analysis of Current Trials

#### Performance Metrics Summary:
The current trial data includes 24 different combinations of hyperparameters (`k2` and `lr`) and their respective PSNR (Peak Signal-to-Noise Ratio) values. The highest PSNR value observed is **15.66**, and the lowest is **1.37**.

#### Performance Trends:
- **Learning Rate (lr):**
  - Higher learning rates generally lead to lower PSNR, but this isn't a strict trend.
  - There are instances where very low learning rates (like `0.0001`) yield high PSNR values.
  
- **k2:**
  - Lower k2 values tend to result in higher PSNR values.
  - For instance, the highest PSNR was achieved with `k2` set to `0.0005`.

#### Promising Hyper-Parameter Combinations:
The most promising combinations seem to include low learning rates (`lr=0.0001`) and very small `k2` values (like `0.0005`). These combinations have produced the highest PSNR scores in multiple trials.

### Optimization Recommendation
Based on the current performance trends, here are three recommended hyper-parameter settings for future trials:

1. **Trial 1:** 
   - `lr`: 0.0005
   - `k2`: 0.0001
   - **Reasoning**: This combination has not been tested yet and is likely to yield a high PSNR value given the trend that smaller values of both parameters perform well.

2. **Trial 2:** 
   - `lr`: 0.0005
   - `k2`: 0.1
   - **Reasoning**: Testing with a larger `k2` to explore if there's an optimal range where the PSNR remains high despite higher `k2`.

3. **Trial 3:** 
   - `lr`: 0.001
   - `k2`: 0.0005
   - **Reasoning**: This is a middle-ground trial, testing with slightly higher learning rate but still maintaining a very low `k2` to balance between exploration and exploitation.

### Experiment Planning

```yaml
trials:
- k2: 0.0001
  lr: 0.0005
- k2: 0.1
  lr: 0.0005
- k2: 0.0005
  lr: 0.001
```

### Stop Optimization

Answer: No with confidence score: 75


siren_cat_me3_FH_train_qwen2.5:32b - 2025-02-15 18:59:29, 0:0:06:47.661746 - ## Round 28
siren_cat_me3_FH_train_qwen2.5:32b - 2025-02-15 18:59:29, 0:0:07:03.265892 - ### Analysis of Current Trials

**1. Summarize Performance Metrics:**  
The PSNR values range from a low of 1.37 to a high of 15.66, indicating significant variation in model performance across different hyper-parameter combinations.

**2. Evaluate Performance Trends for Hyper-Parameters:**  
- **Learning Rate (lr):** Higher learning rates generally yield lower PSNRs, but this trend is not uniform.
- **k2:** There appears to be no clear trend with k2; the best performances are seen at both high and low ends of its range.

**3. Highlight Promising Hyper-Parameter Combinations:**
The highest PSNR values come from combinations where `lr` is 0.0001 or 0.0005, particularly when paired with specific k2 values. The top three are:
1. `{k2: 0.0001, lr: 0.0005, PSNR: 15.66}`
2. `{k2: 0.0001, lr: 0.0001, PSNR: 15.59}`
3. `{k2: 0.1, lr: 0.0001, PSNR: 15.59}`

### Optimization Recommendation

**Recommendations for Next Trials:**  
Based on the performance trends and the highest-performing combinations, I recommend testing these new hyper-parameter sets next:

- **Trial 1:** `{k2: 0.0001, lr: 0.001}`
  - Reasoning: This combination hasn't been tested yet but is in line with successful low learning rate and very small k2 values.
  
- **Trial 2:** `{k2: 0.0005, lr: 0.0001}`
  - Reasoning: Explores the intersection of high performing k2 values (0.0005) with a successful learning rate (0.0001).

- **Trial 3:** `{k2: 0.1, lr: 0.0005}`
  - Reasoning: High-end k2 value paired with a promising low learning rate to see if this combination can achieve high PSNR.

### Experiment Planning

```yaml
trials:
- k2: 0.0001
  lr: 0.001
- k2: 0.0005
  lr: 0.0001
- k2: 0.1
  lr: 0.0005
```

### Stop Optimization

Answer: No with confidence score: 0.68


siren_cat_me3_FH_train_qwen2.5:32b - 2025-02-15 18:59:29, 0:0:07:03.274850 - ## Round 29
siren_cat_me3_FH_train_qwen2.5:32b - 2025-02-15 18:59:29, 0:0:07:17.144615 - ### Analysis of Current Trials

1. **Summarize Performance Metrics**: The PSNR metric was used to evaluate the performance across different combinations of `lr` (learning rate) and `k2`. The highest PSNR achieved is 15.66, while the lowest is 1.37.

2. **Evaluate Performance Trends for Hyper-Parameters**:
   - Learning Rate (`lr`): Higher learning rates generally led to lower PSNR values except in cases where `k2` was also high.
   - k2: There seems to be no clear trend with `k2`. High or low values of `k2` can result in both high and low PSNR, depending on the corresponding value of `lr`.

3. **Promising Hyper-Parameter Combinations**:
   - The most promising combinations are those where `k2 = 0.0005` with lower learning rates (`lr = 0.001`, `lr = 0.0005`) and a combination of `k2 = 0.0001` with lower learning rates (`lr = 0.001`, `lr = 0.0005`, `lr = 0.0001`). These combinations resulted in PSNR values around 15, which are the highest observed.

### Optimization Recommendation

Based on the analysis above, three new trials with promising hyper-parameter settings can be suggested:

- Trial 1: k2=0.0001, lr=0.01
- Trial 2: k2=0.0005, lr=0.1
- Trial 3: k2=0.0001, lr=0.001

The rationale for these suggestions is to explore further in areas where we haven't fully tested combinations that could potentially yield high PSNR values.

### Experiment Planning

trials:
- k2: 0.0001
  lr: 0.01
- k2: 0.0005
  lr: 0.1
- k2: 0.0001
  lr: 0.001

### Stop Optimization

Answer: No with confidence score: 70

The optimization process should continue as there's still room to explore the hyper-parameter space and potentially find even better PSNR values, given that not all combinations have been tested yet.


siren_cat_me3_FH_train_qwen2.5:32b - 2025-02-15 18:59:29, 0:0:07:17.152905 - ## Round 30
siren_cat_me3_FH_train_qwen2.5:32b - 2025-02-15 18:59:29, 0:0:07:28.642671 - ### Analysis of Current Trials

1. **Summarize Performance Metrics**
   - The highest PSNR values are 15.66, followed by 15.59 and 15.36.
   
2. **Evaluate Performance Trends for Hyper-Parameters**
   - Generally, smaller learning rates (lr) result in higher PSNR scores.
   - k2 values of 0.0001 or 0.0005 can yield high PSNR when paired with a low lr value.

3. **Highlight Promising Hyper-Parameter Combinations**
   - The most promising combinations are those where `k2` is 0.0001 and `lr` is either 0.0005 or 0.0001.
   
### Optimization Recommendation

Based on the analysis, I recommend the following hyper-parameter combinations for the next three trials:

- Trial 1: k2=0.0001, lr=0.001
   - Reasoning: High PSNR values have been observed with this combination or similar ones.
   
- Trial 2: k2=0.0005, lr=0.01
   - Reasoning: While not tested in the exact configuration, this mix of moderate k2 and slightly higher learning rate has shown some potential.

- Trial 3: k2=0.0001, lr=0.01
   - Reasoning: Similar to above, but with a different learning rate that might also yield good results given the high PSNR observed with similar configurations.
   
### Experiment Planning

```yaml
trials:
- k2: 0.0001
  lr: 0.001
- k2: 0.0005
  lr: 0.01
- k2: 0.0001
  lr: 0.01
```

### Stop Optimization

Answer: No with confidence score: 60


siren_cat_me3_FH_train_qwen2.5:32b - 2025-02-15 18:59:29, 0:0:07:28.650508 - ## Round 31
siren_cat_me3_FH_train_qwen2.5:32b - 2025-02-15 18:59:29, 0:0:07:43.191813 - ### Analysis of Current Trials

1. **Summarize performance metrics**: The PSNR values range from 1.37 to 15.66, indicating that some parameter combinations lead to much better results than others.

2. **Evaluate performance trends for hyper-parameters**:
   - Lower learning rates (lr) generally lead to higher PSNR values.
   - A similar trend is observed with the k2 parameter; lower values tend to correlate with higher PSNRs, but this isn't as clear-cut as with lr.

3. **Highlight promising hyper-parameter combinations**: The highest PSNR was 15.66 for `k2: 0.0001` and `lr: 0.0005`, followed closely by other low k2/lr combinations such as `(k2=0.0001, lr=0.0001)` with a PSNR of 15.59.

### Optimization Recommendation

Based on the analysis:
- Recommend exploring more combinations around the promising low `lr` and `k2` values that haven’t been tested yet.
  
**Recommended next trials:**
1. **Trial 1**: `k2 = 0.0001`, `lr = 0.001`
   - Reasoning: This combination has not been tried, but given the trend towards lower parameters yielding higher PSNR values, it is expected to perform well.
   
2. **Trial 2**: `k2 = 0.001`, `lr = 0.0005`
   - Reasoning: Similar rationale as above; it's a low combination that has not been tested before.
   
3. **Trial 3**: `k2 = 0.0005`, `lr = 0.001`
   - Reasoning: Again, this is another untested but likely promising combination based on previous trends.

### Experiment Planning

```yaml
trials:
- k2: 0.0001
  lr: 0.001
- k2: 0.001
  lr: 0.0005
- k2: 0.0005
  lr: 0.001
```

### Stop Optimization

Answer: No with confidence score: 4/10
- Reasoning: While there are some high PSNR values, exploring more combinations in the promising low parameter space is advisable to ensure we have thoroughly covered possible high-performing regions of the search space.


siren_cat_me3_FH_train_qwen2.5:32b - 2025-02-15 18:59:29, 0:0:07:43.205395 - ## Round 32
siren_cat_me3_FH_train_qwen2.5:32b - 2025-02-15 18:59:29, 0:0:07:58.941677 - ### Analysis of Current Trials

**1. Summarize performance metrics**
- The current highest PSNR value is 15.66, which was achieved when `k2` = 0.0001 and `lr` = 0.0005.
- There are multiple low PSNR values ranging from 1.37 to 1.47 for various combinations where the learning rate (`lr`) is 0.0001 or smaller.

**2. Evaluate performance trends for hyper-parameters**
- The parameter `k2` seems less influential than `lr`. Higher `k2` values such as 0.1 do not necessarily correlate with higher PSNR values.
- Lower learning rates (e.g., `lr`=0.0005, 0.0001) generally yield better performance in terms of PSNR.

**3. Highlight promising hyper-parameter combinations**
- Combinations where `k2` = 0.0001 and `lr` = {0.0005, 0.0001} are the most promising.
- Additionally, a combination of `k2` = 0.0005 with `lr` = 0.0005 also shows significant performance.

### Optimization Recommendation

Based on the analysis:

1. **Trial 1**: 
   - **Hyperparameters**: `k2`=0.0005, `lr`=0.0001
   - **Reasoning**: This combination has not been tested yet and given that smaller learning rates have shown high PSNR values with `k2` = 0.0005 or close to it.

2. **Trial 2**:
   - **Hyperparameters**: `k2`=0.01, `lr`=0.0001
   - **Reasoning**: A test on a slightly higher `k2` value with the smallest learning rate that has shown good results might yield interesting performance.

3. **Trial 3**:
   - **Hyperparameters**: `k2`=0.001, `lr`=0.0005
   - **Reasoning**: Testing another intermediate `k2` value (not yet tested) with a smaller learning rate that has proven effective might uncover new performance trends.

### Experiment Planning

```yaml
trials:
- k2: 0.0005
  lr: 0.0001
- k2: 0.01
  lr: 0.0001
- k2: 0.001
  lr: 0.0005
```

### Stop Optimization

Answer: No with confidence score: 60%


siren_cat_me3_FH_train_qwen2.5:32b - 2025-02-15 18:59:29, 0:0:07:58.950316 - ## Round 33
siren_cat_me3_FH_train_qwen2.5:32b - 2025-02-15 18:59:29, 0:0:08:12.782293 - ### Analysis of Current Trials

**1. Summarize performance metrics**
- The highest PSNR observed is 15.66, achieved when `k2` was set to 0.0001 and `lr` was 0.0005.
- There are multiple configurations achieving high PSNR scores, indicating several promising regions in the hyperparameter space.

**2. Evaluate performance trends for hyper-parameters**
- The learning rate (`lr`) seems to have a strong impact on the model's performance: lower values of `lr` generally correlate with higher PSNRs.
- For `k2`, very low values like 0.0001 and 0.0005 seem to result in better PSNRs compared to higher values.

**3. Highlight promising hyper-parameter combinations**
- Combinations such as `{'k2': 0.0001, 'lr': 0.0005}`, `{'k2': 0.0001, 'lr': 0.0001}`, and `{'k2': 0.0005, 'lr': 0.0005}` are among the best performers based on PSNR.

### Optimization Recommendation

Given the observed trends:

- **Trial 1**: Recommend trying `k2=0.0001` with `lr=0.01`. This combination has not been tested yet and lies at an intersection of promising values for both hyperparameters.
- **Trial 2**: Suggest testing `k2=0.005` with `lr=0.001`, which is another untested but potentially effective pair given the trend observed in PSNR improvements as learning rate decreases.
- **Trial 3**: Consider the combination of `k2=0.01` and `lr=0.0005`. This selection is based on the idea that a moderate value for `k2` could work well when paired with a low `lr`.

### Experiment Planning

```yaml
trials:
- k2: 0.0001
  lr: 0.01
- k2: 0.005
  lr: 0.001
- k2: 0.01
  lr: 0.0005
```

### Stop Optimization

Answer: No with confidence score: 37%


siren_cat_me3_FH_train_qwen2.5:32b - 2025-02-15 18:59:29, 0:0:08:12.791387 - ## Round 34
siren_cat_me3_FH_train_qwen2.5:32b - 2025-02-15 18:59:29, 0:0:08:29.534103 - ### Analysis of Current Trials

1. **Summarize Performance Metrics**:
   - The highest PSNR value observed is 15.66 when `k2` = 0.0001 and `lr` = 0.0005.
   - The lowest PSNR values are generally around 1.37-1.47 for combinations where both `k2` and `lr` have relatively higher values (like 0.1, 0.01).
   
2. **Evaluate Performance Trends for Hyperparameters**:
   - Lower learning rates (`lr`) seem to yield better PSNR results.
   - For very low values of `k2`, particularly around 0.0001 and 0.0005, the performance is generally higher compared to larger values.

3. **Highlight Promising Hyperparameter Combinations**:
   - The combinations with `k2` = 0.0001 yielded some of the highest PSNR scores.
   - Similarly, lower learning rates around 0.0001 also contributed significantly to high PSNR results.

### Optimization Recommendation

Based on the above analysis and within the given search space, here are recommended hyperparameters for next trials:

1. **Trial Combination**:
   - `k2` = 0.0001
   - `lr` = 0.001
   
   **Reason**: While (0.0001, 0.0005) is already tested and showed a very high PSNR of 15.66, the combination with slightly higher learning rate but still low might explore different performance levels.

2. **Trial Combination**:
   - `k2` = 0.0005
   - `lr` = 0.0001
   
   **Reason**: Testing a middle-ground between already high performing values and exploring further the effect of learning rates slightly higher than 0.0001.

3. **Trial Combination**:
   - `k2` = 0.0005
   - `lr` = 0.0005
   
   **Reason**: A combination that explores another point in between already tested parameters to see if there is any improvement or confirm the trend observed at these specific values.

### Experiment Planning

```yaml
trials:
- k2: 0.0001
  lr: 0.001
- k2: 0.0005
  lr: 0.0001
- k2: 0.0005
  lr: 0.0005
```

### Stop Optimization

Answer: No with confidence score: 0.75


siren_cat_me3_FH_train_qwen2.5:32b - 2025-02-15 20:52:03, 0:0:00:00.000071 - ----------------------------------------------------------------------------------------------------
siren_cat_me3_FH_train_qwen2.5:32b - 2025-02-15 20:52:03, 0:0:00:00.005476 - ## Round 1
siren_cat_me3_FH_train_qwen2.5:32b - 2025-02-15 20:52:03, 0:0:00:20.039998 - ### Analysis of Current Trials

1. **Performance Metrics Summary**:
   - The PSNR values range from 1.37 to 15.66.
   - Higher PSNR scores indicate better performance.

2. **Evaluation of Performance Trends for Hyper-Parameters**:
   - A notable trend is that the learning rate (lr) set at 0.0001 and k2 in the range [0.0001, 0.1] tends to produce higher PSNR scores.
   - Lower learning rates tend to yield better results compared to higher ones.

3. **Promising Hyper-Parameter Combinations**:
   - Combinations with lr=0.0001 and k2 in [0.0005, 0.0001] show the best PSNR values.
   - Notably, combinations such as {lr: 0.0001, k2: 0.0005} and {lr: 0.0001, k2: 0.0001} have produced high scores.

### Optimization Recommendation

Based on the above analysis:
- The next three trials should focus on exploring untested combinations with lr=0.0001 and other values of k2 to further refine the hyper-parameter settings.
  
**Recommendations for Next Trials:**
1. {lr: 0.0001, k2: 0.1}
2. {lr: 0.0001, k2: 0.01}
3. {lr: 0.0001, k2: 0.05}

**Reasons for Choices**:
- These combinations are within the given search space.
- They have not been tested yet and fall into the promising range of values based on previous trials.

### Experiment Planning

```yaml
trials:
- k2: 0.1
  lr: 0.0001
- k2: 0.01
  lr: 0.0001
- k2: 0.05
  lr: 0.0001
```

### Stop Optimization

Answer: No with confidence score: 78


siren_cat_me3_FH_train_qwen2.5:32b - 2025-02-15 20:52:03, 0:0:00:20.046137 - ### Analysis of Current Trials

1. **Performance Metrics Summary**:
   - The PSNR values range from 1.37 to 15.66.
   - Higher PSNR scores indicate better performance.

2. **Evaluation of Performance Trends for Hyper-Parameters**:
   - A notable trend is that the learning rate (lr) set at 0.0001 and k2 in the range [0.0001, 0.1] tends to produce higher PSNR scores.
   - Lower learning rates tend to yield better results compared to higher ones.

3. **Promising Hyper-Parameter Combinations**:
   - Combinations with lr=0.0001 and k2 in [0.0005, 0.0001] show the best PSNR values.
   - Notably, combinations such as {lr: 0.0001, k2: 0.0005} and {lr: 0.0001, k2: 0.0001} have produced high scores.

### Optimization Recommendation

Based on the above analysis:
- The next three trials should focus on exploring untested combinations with lr=0.0001 and other values of k2 to further refine the hyper-parameter settings.
  
**Recommendations for Next Trials:**
1. {lr: 0.0001, k2: 0.1}
2. {lr: 0.0001, k2: 0.01}
3. {lr: 0.0001, k2: 0.05}

**Reasons for Choices**:
- These combinations are within the given search space.
- They have not been tested yet and fall into the promising range of values based on previous trials.

### Experiment Planning

```yaml
trials:
- k2: 0.1
  lr: 0.0001
- k2: 0.01
  lr: 0.0001
- k2: 0.05
  lr: 0.0001
```

### Stop Optimization

Answer: No with confidence score: 78


siren_cat_me3_FH_train_qwen2.5:32b - 2025-02-15 20:53:11, 0:0:00:00.000068 - ----------------------------------------------------------------------------------------------------
siren_cat_me3_FH_train_qwen2.5:32b - 2025-02-15 20:53:11, 0:0:00:00.004090 - ## Round 1
siren_cat_me3_FH_train_qwen2.5:32b - 2025-02-15 20:53:11, 0:0:00:16.037499 - ### Analysis of Current Trials

1. **Summarize Performance Metrics**: 
   - The metric used for evaluation is PSNR (Peak Signal-to-Noise Ratio), which indicates the quality of an image reconstruction. Higher values are better.

2. **Evaluate Performance Trends for Hyperparameters**:
   - `lr`: The results show that extremely low learning rates like 0.0001 and 0.0005 can lead to higher PSNR values compared to other choices, particularly when paired with specific `k2` values.
   - `k2`: Lower values of `k2`, especially around 0.0001 and 0.0005 seem to correlate with better performance.

3. **Highlight Promising Hyper-parameter Combinations**:
   - The combination of `lr: 0.0001` and `k2: 0.0001` resulted in the highest PSNR value (15.59), suggesting that extremely low values for both parameters could be highly effective.
   - Other high-performing combinations include `lr: 0.0005` with `k2: 0.0001`, and `lr: 0.0005` with `k2: 0.0005`.

### Optimization Recommendation

Based on the analysis, here are three promising hyper-parameter combinations for future trials:

1. **Trial Combination**:
   - `lr`: 0.0001
   - `k2`: 0.0005
   - **Reason**: This combination hasn't been tested yet and based on trends observed with other extremely low values, it is likely to perform well.

2. **Trial Combination**:
   - `lr`: 0.001
   - `k2`: 0.0001
   - **Reason**: Although a higher learning rate compared to the top-performing ones, combining it with an extremely low `k2` value might yield unexpected high PSNR values.

3. **Trial Combination**:
   - `lr`: 0.0005
   - `k2`: 0.01
   - **Reason**: Testing a middle ground for `k2`, which has not shown the highest performance but could be an interesting point to explore given its proximity to better-performing lower values.

### Experiment Planning

```yaml
trials:
- k2: 0.0005
  lr: 0.0001
- k2: 0.0001
  lr: 0.001
- k2: 0.01
  lr: 0.0005
```

### Stop Optimization

Answer: No with confidence score: 65%


siren_cat_me3_FH_train_qwen2.5:32b - 2025-02-15 20:53:11, 0:0:00:16.047474 - ### Analysis of Current Trials

1. **Summarize Performance Metrics**: 
   - The metric used for evaluation is PSNR (Peak Signal-to-Noise Ratio), which indicates the quality of an image reconstruction. Higher values are better.

2. **Evaluate Performance Trends for Hyperparameters**:
   - `lr`: The results show that extremely low learning rates like 0.0001 and 0.0005 can lead to higher PSNR values compared to other choices, particularly when paired with specific `k2` values.
   - `k2`: Lower values of `k2`, especially around 0.0001 and 0.0005 seem to correlate with better performance.

3. **Highlight Promising Hyper-parameter Combinations**:
   - The combination of `lr: 0.0001` and `k2: 0.0001` resulted in the highest PSNR value (15.59), suggesting that extremely low values for both parameters could be highly effective.
   - Other high-performing combinations include `lr: 0.0005` with `k2: 0.0001`, and `lr: 0.0005` with `k2: 0.0005`.

### Optimization Recommendation

Based on the analysis, here are three promising hyper-parameter combinations for future trials:

1. **Trial Combination**:
   - `lr`: 0.0001
   - `k2`: 0.0005
   - **Reason**: This combination hasn't been tested yet and based on trends observed with other extremely low values, it is likely to perform well.

2. **Trial Combination**:
   - `lr`: 0.001
   - `k2`: 0.0001
   - **Reason**: Although a higher learning rate compared to the top-performing ones, combining it with an extremely low `k2` value might yield unexpected high PSNR values.

3. **Trial Combination**:
   - `lr`: 0.0005
   - `k2`: 0.01
   - **Reason**: Testing a middle ground for `k2`, which has not shown the highest performance but could be an interesting point to explore given its proximity to better-performing lower values.

### Experiment Planning

```yaml
trials:
- k2: 0.0005
  lr: 0.0001
- k2: 0.0001
  lr: 0.001
- k2: 0.01
  lr: 0.0005
```

### Stop Optimization

Answer: No with confidence score: 65%


siren_cat_me3_FH_train_qwen2.5:32b - 2025-02-15 20:55:30, 0:0:00:00.000202 - ----------------------------------------------------------------------------------------------------
siren_cat_me3_FH_train_qwen2.5:32b - 2025-02-15 20:55:30, 0:0:00:00.047721 - ## Round 1
siren_cat_me3_FH_train_qwen2.5:32b - 2025-02-15 20:55:30, 0:0:00:14.371096 - ### Analysis of Current Trials

1. **Summarize performance metrics**:
   - The highest PSNR value obtained is 15.66, which was achieved with a learning rate (lr) of `0.0005` and k2 set to `0.0001`. 
   - Low values for PSNR are mostly associated with higher learning rates or k2 values.

2. **Evaluate performance trends for hyper-parameters**:
   - Lower learning rates generally seem to result in better PSNR scores.
   - Very low values of k2 (e.g., 0.0001) appear to be more effective, especially when paired with very low learning rates.
   
3. **Highlight promising hyper-parameter combinations**:
   - Combinations with lr set at `0.0005` and k2 between `0.0001` and `0.0005` have shown the most promise.

### Optimization Recommendation

Based on the analysis, I recommend focusing on lower learning rates and very low values for k2 in order to maximize PSNR:

- **Trial 1**: lr = 0.0001, k2 = 0.0001
  - This combination has not been tried yet and given that similar configurations have shown high performance.
  
- **Trial 2**: lr = 0.0005, k2 = 0.0005
  - Similar to the highest PSNR score but with slightly different values to explore this region of the search space further.

- **Trial 3**: lr = 0.001, k2 = 0.0001
  - A slight increase in learning rate from previously high-performing configurations while maintaining a very low k2 value.
  
These choices aim to exploit the promising areas of the hyper-parameter space while ensuring not to repeat previous configurations.

### Experiment Planning

```yaml
trials:
- k2: 0.0001
  lr: 0.0001
- k2: 0.0005
  lr: 0.0005
- k2: 0.0001
  lr: 0.001
```

### Stop Optimization

Answer: No with confidence score: 0.67

The results are showing potential but not yet reaching a definitive high value that would justify stopping the optimization process early. Further trials could still reveal better configurations.


siren_cat_me3_FH_train_qwen2.5:32b - 2025-02-15 20:55:30, 0:0:00:14.425946 - ### Analysis of Current Trials

1. **Summarize performance metrics**:
   - The highest PSNR value obtained is 15.66, which was achieved with a learning rate (lr) of `0.0005` and k2 set to `0.0001`. 
   - Low values for PSNR are mostly associated with higher learning rates or k2 values.

2. **Evaluate performance trends for hyper-parameters**:
   - Lower learning rates generally seem to result in better PSNR scores.
   - Very low values of k2 (e.g., 0.0001) appear to be more effective, especially when paired with very low learning rates.
   
3. **Highlight promising hyper-parameter combinations**:
   - Combinations with lr set at `0.0005` and k2 between `0.0001` and `0.0005` have shown the most promise.

### Optimization Recommendation

Based on the analysis, I recommend focusing on lower learning rates and very low values for k2 in order to maximize PSNR:

- **Trial 1**: lr = 0.0001, k2 = 0.0001
  - This combination has not been tried yet and given that similar configurations have shown high performance.
  
- **Trial 2**: lr = 0.0005, k2 = 0.0005
  - Similar to the highest PSNR score but with slightly different values to explore this region of the search space further.

- **Trial 3**: lr = 0.001, k2 = 0.0001
  - A slight increase in learning rate from previously high-performing configurations while maintaining a very low k2 value.
  
These choices aim to exploit the promising areas of the hyper-parameter space while ensuring not to repeat previous configurations.

### Experiment Planning

```yaml
trials:
- k2: 0.0001
  lr: 0.0001
- k2: 0.0005
  lr: 0.0005
- k2: 0.0001
  lr: 0.001
```

### Stop Optimization

Answer: No with confidence score: 0.67

The results are showing potential but not yet reaching a definitive high value that would justify stopping the optimization process early. Further trials could still reveal better configurations.


siren_cat_me3_FH_train_qwen2.5:32b - 2025-02-15 20:56:54, 0:0:00:00.000237 - ----------------------------------------------------------------------------------------------------
siren_cat_me3_FH_train_qwen2.5:32b - 2025-02-15 20:56:54, 0:0:00:00.053454 - ## Round 1
siren_cat_me3_FH_train_qwen2.5:32b - 2025-02-15 20:56:54, 0:0:00:13.272740 - ### Analysis of Current Trials

1. **Summarize Performance Metrics**: The PSNR values range from approximately 1.37 to 15.66, indicating significant variability in the performance across different combinations of `k2` and `lr`.

2. **Evaluate Performance Trends for Hyper-Parameters**:
    - High PSNR is often associated with lower learning rates (`lr`) and specific `k2` values.
    - Lower `k2` values around 0.0001 to 0.0005 seem to correlate with higher PSNR when combined with certain `lr`.

3. **Highlight Promising Hyper-Parameter Combinations**:
    - The combination of `k2: 0.0001, lr: 0.0005` produced the highest PSNR at 15.66.
    - Other high-performing combinations include `k2: 0.0001, lr: 0.0001` and `k2: 0.0001, lr: 0.001`.

### Optimization Recommendation

Based on the analysis above:

- Trial 1: **{k2: 0.0005, lr: 0.0001}**
    - Reason: Combining `k2` value that yielded high PSNR with another low learning rate.
    
- Trial 2: **{k2: 0.0005, lr: 0.001}** 
    - Reason: Testing the same `k2` from a high-performing combination but changing the `lr`.
    
- Trial 3: **{k2: 0.0001, lr: 0.001}**
    - Reason: Revisiting a promising `lr` with another potentially effective `k2`.

### Experiment Planning

```yaml
trials:
- k2: 0.0005
  lr: 0.0001
- k2: 0.0005
  lr: 0.001
- k2: 0.0001
  lr: 0.001
```

### Stop Optimization

Answer: No with confidence score: 67


siren_cat_me3_FH_train_qwen2.5:32b - 2025-02-15 20:56:54, 0:0:00:13.322295 - ### Analysis of Current Trials

1. **Summarize Performance Metrics**: The PSNR values range from approximately 1.37 to 15.66, indicating significant variability in the performance across different combinations of `k2` and `lr`.

2. **Evaluate Performance Trends for Hyper-Parameters**:
    - High PSNR is often associated with lower learning rates (`lr`) and specific `k2` values.
    - Lower `k2` values around 0.0001 to 0.0005 seem to correlate with higher PSNR when combined with certain `lr`.

3. **Highlight Promising Hyper-Parameter Combinations**:
    - The combination of `k2: 0.0001, lr: 0.0005` produced the highest PSNR at 15.66.
    - Other high-performing combinations include `k2: 0.0001, lr: 0.0001` and `k2: 0.0001, lr: 0.001`.

### Optimization Recommendation

Based on the analysis above:

- Trial 1: **{k2: 0.0005, lr: 0.0001}**
    - Reason: Combining `k2` value that yielded high PSNR with another low learning rate.
    
- Trial 2: **{k2: 0.0005, lr: 0.001}** 
    - Reason: Testing the same `k2` from a high-performing combination but changing the `lr`.
    
- Trial 3: **{k2: 0.0001, lr: 0.001}**
    - Reason: Revisiting a promising `lr` with another potentially effective `k2`.

### Experiment Planning

```yaml
trials:
- k2: 0.0005
  lr: 0.0001
- k2: 0.0005
  lr: 0.001
- k2: 0.0001
  lr: 0.001
```

### Stop Optimization

Answer: No with confidence score: 67


siren_cat_me3_FH_train_qwen2.5:32b - 2025-02-15 20:58:04, 0:0:00:00.000204 - ----------------------------------------------------------------------------------------------------
siren_cat_me3_FH_train_qwen2.5:32b - 2025-02-15 20:58:04, 0:0:00:00.047773 - ## Round 1
siren_cat_me3_FH_train_qwen2.5:32b - 2025-02-15 20:58:04, 0:0:00:14.897064 - ### Analysis of Current Trials

1. **Performance Metrics Summary**:
   - The PSNR values range from approximately 1.37 to 15.66.
   - High PSNR values indicate better performance, so combinations achieving higher PSNR are more favorable.

2. **Trends for Hyper-parameters**:
   - Higher learning rates (lr) do not necessarily correlate with higher PSNRs; instead, lower lr values seem to perform better.
   - The hyper-parameter `k2` also shows that smaller values like 0.0001 or 0.0005 are associated with higher PSNR.

3. **Promising Combinations**:
   - The combination of k2: 0.0005 and lr: 0.0005 achieved a PSNR of 7.82.
   - Another notable combination is k2: 0.0001 with lr: 0.0001, achieving the highest PSNR value of 15.66.
   
### Optimization Recommendation

Based on the above observations:
- The next trials should focus on lower learning rates and smaller `k2` values.
- Avoid re-testing combinations that have already been tried.

#### Suggested Trials
1. **Trial 1**: k2: 0.0001, lr: 0.001
   - Reason: Combining the very small k2 with a slightly higher lr than the optimal (0.0001) to see if performance degrades or improves.
   
2. **Trial 2**: k2: 0.0005, lr: 0.0001
   - Reason: Testing another pair of small values to ensure that smaller `k2` paired with optimal learning rates could lead to high PSNRs.

3. **Trial 3**: k2: 0.0001, lr: 0.0005
   - Reason: This combination hasn't been tested yet and combines both small values for k2 and a slightly higher but still very low learning rate which could lead to optimal performance.

### Experiment Planning

```yaml
trials:
- k2: 0.0001
  lr: 0.001
- k2: 0.0005
  lr: 0.0001
- k2: 0.0001
  lr: 0.0005
```

### Stop Optimization

Answer: No with confidence score: 60


siren_cat_me3_FH_train_qwen2.5:32b - 2025-02-15 20:58:04, 0:0:00:14.950638 - ### Analysis of Current Trials

1. **Performance Metrics Summary**:
   - The PSNR values range from approximately 1.37 to 15.66.
   - High PSNR values indicate better performance, so combinations achieving higher PSNR are more favorable.

2. **Trends for Hyper-parameters**:
   - Higher learning rates (lr) do not necessarily correlate with higher PSNRs; instead, lower lr values seem to perform better.
   - The hyper-parameter `k2` also shows that smaller values like 0.0001 or 0.0005 are associated with higher PSNR.

3. **Promising Combinations**:
   - The combination of k2: 0.0005 and lr: 0.0005 achieved a PSNR of 7.82.
   - Another notable combination is k2: 0.0001 with lr: 0.0001, achieving the highest PSNR value of 15.66.
   
### Optimization Recommendation

Based on the above observations:
- The next trials should focus on lower learning rates and smaller `k2` values.
- Avoid re-testing combinations that have already been tried.

#### Suggested Trials
1. **Trial 1**: k2: 0.0001, lr: 0.001
   - Reason: Combining the very small k2 with a slightly higher lr than the optimal (0.0001) to see if performance degrades or improves.
   
2. **Trial 2**: k2: 0.0005, lr: 0.0001
   - Reason: Testing another pair of small values to ensure that smaller `k2` paired with optimal learning rates could lead to high PSNRs.

3. **Trial 3**: k2: 0.0001, lr: 0.0005
   - Reason: This combination hasn't been tested yet and combines both small values for k2 and a slightly higher but still very low learning rate which could lead to optimal performance.

### Experiment Planning

```yaml
trials:
- k2: 0.0001
  lr: 0.001
- k2: 0.0005
  lr: 0.0001
- k2: 0.0001
  lr: 0.0005
```

### Stop Optimization

Answer: No with confidence score: 60


siren_cat_me3_FH_train_qwen2.5:32b - 2025-02-15 20:59:25, 0:0:00:00.000204 - ----------------------------------------------------------------------------------------------------
siren_cat_me3_FH_train_qwen2.5:32b - 2025-02-15 20:59:25, 0:0:00:00.050265 - ## Round 1
siren_cat_me3_FH_train_qwen2.5:32b - 2025-02-15 20:59:25, 0:0:00:13.580832 - ### Analysis of Current Trials

1. **Performance Metrics Summary**:
   - The highest PSNR value obtained is 15.66.
   - The lowest PSNR value obtained is 1.37.

2. **Evaluating Performance Trends for Hyper-parameters**:
   - For the `k2` hyperparameter, values around or below 0.001 tend to yield higher PSNR scores, while values above 0.01 lead to lower scores.
   - For the learning rate (`lr`), smaller values (e.g., 0.0001) generally produce better results than larger ones.

3. **Promising Hyper-parameter Combinations**:
   - A combination of `k2 = 0.0005 or 0.0001` with `lr = 0.0001` seems to be very promising, as seen from the PSNR values around 8 and above.

### Optimization Recommendation

Based on the analysis:
- The next trials should focus on testing combinations that have not been explored yet while still within the identified beneficial range of hyperparameters.
  
Suggested Trials for Next 3:
1. `k2 = 0.0005` with `lr = 0.0005`: This combination is not tested but based on previous results, it could yield a high PSNR score given that similar configurations have performed well.

2. `k2 = 0.0001` with `lr = 0.0005`: Another unexplored combination within the beneficial range where smaller values of both hyperparameters produced good results in previous trials.

3. `k2 = 0.0001` with `lr = 0.001`: This is based on a slightly larger learning rate but still within the low value range, with a very small k2 value that has shown promising performance before.

### Experiment Planning

```yaml
trials:
- k2: 0.0005
  lr: 0.0005
- k2: 0.0001
  lr: 0.0005
- k2: 0.0001
  lr: 0.001
```

### Stop Optimization

Answer: No with confidence score: 65


siren_cat_me3_FH_train_qwen2.5:32b - 2025-02-15 21:00:29, 0:0:00:00.000219 - ----------------------------------------------------------------------------------------------------
siren_cat_me3_FH_train_qwen2.5:32b - 2025-02-15 21:00:29, 0:0:00:00.047725 - ## Round 1
siren_cat_me3_FH_train_qwen2.5:32b - 2025-02-15 21:00:29, 0:0:00:13.705469 - ### Analysis of Current Trials

1. **Performance Metrics Summary**:
   - The highest PSNR observed is 15.66, which is achieved with `k2 = 0.0001` and `lr = 0.0005`.
   - The lowest PSNR is 1.37, achieved multiple times at different combinations.

2. **Evaluation of Performance Trends**:
   - Higher learning rates (0.1) seem to perform better when paired with higher values of k2 (like 0.1).
   - Lower learning rates (0.0001 and below) tend to give higher PSNR values, particularly with `k2` values less than or equal to 0.0005.

3. **Promising Hyper-Parameter Combinations**:
   - The combination of low `lr` (0.0001 or lower) paired with very low `k2` values (like 0.0005 and below) shows the most promising PSNR scores.
   
### Optimization Recommendation

Based on the trend analysis, here are three new hyper-parameter combinations that can be explored:

1. **Trial 1**: `k2 = 0.0001`, `lr = 0.001` - This combination is similar to an existing high performer but with a slightly higher learning rate.
   
2. **Trial 2**: `k2 = 0.0005`, `lr = 0.0001` - Combining the very low `k2` value with the lowest `lr` not yet tested at this specific combination.

3. **Trial 3**: `k2 = 0.001`, `lr = 0.0005` - This pair is in a promising region but hasn't been tried yet, especially since adjacent combinations showed good performance.
   
### Experiment Planning

```yaml
trials:
- k2: 0.0001
  lr: 0.001
- k2: 0.0005
  lr: 0.0001
- k2: 0.001
  lr: 0.0005
```

### Stop Optimization

Answer: No with confidence score: 0.6


siren_cat_me3_FH_train_qwen2.5:32b - 2025-02-15 21:01:25, 0:0:00:00.000212 - ----------------------------------------------------------------------------------------------------
siren_cat_me3_FH_train_qwen2.5:32b - 2025-02-15 21:01:25, 0:0:00:00.048095 - ## Round 1
siren_cat_me3_FH_train_qwen2.5:32b - 2025-02-15 21:01:25, 0:0:00:14.460756 - ### Analysis of Current Trials

1. **Summarize Performance Metrics**:
   - The highest PSNR is 15.66, achieved when k2 = 0.0001 and lr = 0.0005.
   - The lowest PSNR is 1.37, which appears at several combinations (e.g., k2=0.01 and lr=0.0001).
   
2. **Evaluate Performance Trends**:
   - A higher learning rate does not necessarily lead to a better PSNR; in fact, the highest performing trials have relatively lower learning rates.
   - The parameter `k2` at 0.0005 appears more frequently among high-performing trials than other values.

3. **Highlight Promising Hyper-parameter Combinations**:
   - Combinations with k2 = 0.0001 and low lr (like 0.0001 or 0.0005) seem to perform well.
   - Another promising combination is found when k2=0.0005 and lr=0.0005.

### Optimization Recommendation

Based on the hyper-parameter analysis, here are three suggested trials:

- **Trial 1**: k2 = 0.0001 and lr = 0.001
   - Reason: The combination of a very low learning rate with k2 at its lowest value has shown high performance in previous trials.
   
- **Trial 2**: k2 = 0.0005 and lr = 0.001
   - Reason: This trial explores the middle range for `lr` while maintaining a promisingly low `k2` setting.

- **Trial 3**: k2 = 0.001 and lr = 0.0001
   - Reason: To further explore a combination where both parameters are set to lower values but not at their minimum, aiming for potentially better performance than seen in previous trials with similar settings.

### Experiment Planning

```yaml
trials:
- k2: 0.0001
  lr: 0.001
- k2: 0.0005
  lr: 0.001
- k2: 0.001
  lr: 0.0001
```

### Stop Optimization

Answer: No with confidence score: 68


siren_cat_me3_FH_train_qwen2.5:32b - 2025-02-15 21:02:46, 0:0:00:00.000056 - ----------------------------------------------------------------------------------------------------
siren_cat_me3_FH_train_qwen2.5:32b - 2025-02-15 21:02:46, 0:0:00:00.003608 - ## Round 1
siren_cat_me3_FH_train_qwen2.5:32b - 2025-02-15 21:02:46, 0:0:00:13.495043 - ### Analysis of Current Trials

1. **Summarize Performance Metrics**: The PSNR values range from 1.37 to 15.66, indicating a wide variance in performance across different hyperparameter combinations.

2. **Evaluate Performance Trends for Hyper-parameters**:
   - Lower learning rates (lr) often result in higher PSNR values.
   - When k2 is set to smaller values such as 0.0001 or 0.0005, there tends to be an improvement in the PSNR metric compared to higher values like 0.1 or 0.01.

3. **Highlight Promising Hyper-parameter Combinations**:
   - The most promising combinations appear when k2 is set to its minimum value (0.0001), and lr ranges from smaller to intermediate values such as 0.001 and 0.0005.
   - Specifically, the combination of `k2: 0.0001` with `lr: 0.0005` has yielded a PSNR value of 15.66.

### Optimization Recommendation

Based on the analysis above, it appears that smaller values for both k2 and lr are likely to yield higher PSNR scores. However, we need to ensure that our suggestions do not duplicate previous trials:

- Trial 1: `k2: 0.001`, `lr: 0.005` (Not in the completed list)
- Trial 2: `k2: 0.0005`, `lr: 0.01`
- Trial 3: `k2: 0.0001`, `lr: 0.001`

### Experiment Planning

```yaml
trials:
- k2: 0.001
  lr: 0.005
- k2: 0.0005
  lr: 0.01
- k2: 0.0001
  lr: 0.001
```

### Stop Optimization

Answer: No with confidence score: 0.8

The optimization process should continue since there are still potential parameter combinations that have not been tested and could potentially yield even higher PSNR values.


siren_cat_me3_FH_train_qwen2.5:32b - 2025-02-15 21:03:01, 0:0:00:00.000233 - ----------------------------------------------------------------------------------------------------
siren_cat_me3_FH_train_qwen2.5:32b - 2025-02-15 21:03:01, 0:0:00:00.047849 - ## Round 1
siren_cat_me3_FH_train_qwen2.5:32b - 2025-02-15 21:03:01, 0:0:00:11.778149 - ### Analysis of Current Trials

**1. Summarize Performance Metrics**
- The highest PSNR value recorded is 15.66, achieved with k2 = 0.0001 and lr = 0.0005.
- The lowest PSNR value recorded is 1.37, which has multiple occurrences.

**2. Evaluate Performance Trends for Hyper-parameters**
- Higher values of `lr` tend to result in lower PSNR scores unless paired with a very low `k2`.
- Lower values of `lr`, such as 0.0001 and 0.0005, generally lead to higher PSNR scores when paired with smaller values of `k2`.

**3. Highlight Promising Hyper-parameter Combinations**
- Combinations like k2 = 0.0001 and lr in [0.0001, 0.0005] have shown the highest performance.

### Optimization Recommendation

Based on the analysis:
1. **k2: 0.0001, lr: 0.001**: This combination has not been tested but is near a high-performing area.
2. **k2: 0.0005, lr: 0.0001**: A slight adjustment from the highest performing trial might offer further improvements.
3. **k2: 0.0001, lr: 0.00005**: Although not in the search space provided, a suggestion for exploration within the given range towards even smaller learning rates could be beneficial.

### Experiment Planning

```yaml
trials:
- k2: 0.0001
  lr: 0.001
- k2: 0.0005
  lr: 0.0001
- k2: 0.0001
  lr: 0.0005
```

### Stop Optimization

Answer: No with confidence score: 7/10


siren_cat_me3_FH_train_qwen2.5:32b - 2025-02-15 21:03:30, 0:0:00:00.000055 - ----------------------------------------------------------------------------------------------------
siren_cat_me3_FH_train_qwen2.5:32b - 2025-02-15 21:03:30, 0:0:00:00.003679 - ## Round 1
siren_cat_me3_FH_train_qwen2.5:32b - 2025-02-15 21:03:30, 0:0:00:17.096689 - ### Analysis of Current Trials

#### Performance Metrics Summary:
The trials have produced PSNR values ranging from 1.37 to 15.66.

#### Performance Trends for Hyper-Parameters:
1. **Learning Rate (lr):** 
   - Higher learning rates tend to result in lower PSNR, suggesting a need for careful tuning.
   - Lower learning rates are associated with higher PSNR values, indicating better performance when the model learns more gradually.

2. **k2:**
   - Smaller k2 values seem to correlate with higher PSNR scores. This suggests that smaller values of k2 might lead to better image reconstruction or quality metrics in this scenario.
   
#### Promising Hyper-Parameter Combinations:
- Trials with `lr = 0.0001` generally have the highest PSNR when paired with small `k2` values such as `0.0005`, `0.0001`.
- Another promising combination is `lr = 0.001` and `k2 = 0.0001`.

### Optimization Recommendation

Based on the analysis, here are three hyper-parameter combinations for future trials:
1. **Trial 1:** `lr = 0.0005`, `k2 = 0.0001`
   - Reason: We aim to test a learning rate that lies between the most successful ones (`0.0001` and `0.001`). The k2 value is kept at its smallest possible setting to see if this combination further improves PSNR.
   
2. **Trial 2:** `lr = 0.001`, `k2 = 0.0005`
   - Reason: To evaluate how increasing the learning rate slightly from our most successful trial (`lr=0.0001, k2=0.0001`) affects performance while keeping a small value for `k2`.
   
3. **Trial 3:** `lr = 0.001`, `k2 = 0.0001`
   - Reason: This trial tests if keeping the learning rate at `0.001` and reducing `k2` to its smallest value can yield higher PSNR, building on the success of previous trials with these parameters.

### Experiment Planning

```yaml
trials:
- k2: 0.0001
  lr: 0.0005
- k2: 0.0005
  lr: 0.001
- k2: 0.0001
  lr: 0.001
```

### Stop Optimization

Answer: No with confidence score: 0.6
The current results suggest that further exploration of the search space could yield even higher PSNR values, especially around smaller `k2` and `lr` values. Therefore, stopping now would not be advisable given there's still room for potentially better performance.


